
===== train: /usr/local/bin/python /workspace/LinearTuring/arc_analysis/train_arc_s.py --data /workspace/LinearTuring/data/arc_s10_aug8 --out-dir /workspace/LinearTuring/runs/arc_s10/base_aug8 --model base --max-steps 20000 --encoding frame --batch-size 128 --seed 0 --eval-every 2000 --eval-max-augmentations 32 --save-every 1000 --log-every 100 --lr-warmup-steps 2000
[ARC-S] canvas 10×10 = 100 tokens; model=base encoding=frame; coupling carry 39.1 MiB (train_arc's own line below assumes 900)
[ARC] device=cuda tokens=900 IDs=2647 batch=128 loops=16 blocks=8 stop_step=20000
[ARC] coupling carry alone=3164.1 MiB; activations/gradients require extra memory
[ARC train] {"step": 1, "loss": 2.461022386582975, "halted": 0, "seconds": 0.943104456178844}
[ARC train] {"step": 100, "loss": 1.8122727530403338, "halted": 0, "seconds": 36.17201199941337}
[ARC train] {"step": 200, "loss": 1.0668513707240332, "halted": 0, "seconds": 71.70831647142768}
[ARC train] {"step": 300, "loss": 0.787066233216483, "halted": 0, "seconds": 107.49354754667729}
[ARC train] {"step": 400, "loss": 0.7007579451622679, "halted": 128, "seconds": 143.27053951658309, "exact": 0.0234375}
[ARC train] {"step": 500, "loss": 0.8970339303381171, "halted": 0, "seconds": 178.85370784346014}
[ARC train] {"step": 600, "loss": 0.5608640270536215, "halted": 0, "seconds": 214.496009089984}
[ARC train] {"step": 700, "loss": 0.48383319040721595, "halted": 0, "seconds": 250.3154258588329}
[ARC train] {"step": 800, "loss": 0.43562083316388883, "halted": 128, "seconds": 286.07356166653335, "exact": 0.203125}
[ARC train] {"step": 900, "loss": 0.5618606063234364, "halted": 0, "seconds": 321.9228005539626}
[ARC train] {"step": 1000, "loss": 0.4243645331047983, "halted": 0, "seconds": 357.5658093979582}
[ARC train] {"step": 1100, "loss": 0.4329865766292825, "halted": 0, "seconds": 393.4496580744162}
[ARC train] {"step": 1200, "loss": 0.31794382605415894, "halted": 128, "seconds": 429.2625338891521, "exact": 0.171875}
[ARC train] {"step": 1300, "loss": 0.5299670684464706, "halted": 0, "seconds": 464.82501832488924}
[ARC train] {"step": 1400, "loss": 0.34072868986204796, "halted": 0, "seconds": 500.4926308337599}
[ARC train] {"step": 1500, "loss": 0.4726424220083482, "halted": 0, "seconds": 536.2885706089437}
[ARC train] {"step": 1600, "loss": 0.30124263630887627, "halted": 128, "seconds": 572.0988829666749, "exact": 0.2109375}
[ARC train] {"step": 1700, "loss": 0.5096907108150563, "halted": 0, "seconds": 607.9232616648078}
[ARC train] {"step": 1800, "loss": 0.2979260873570755, "halted": 0, "seconds": 643.697905450128}
[ARC train] {"step": 1900, "loss": 0.1880223905356258, "halted": 0, "seconds": 679.3273706324399}
[ARC train] {"step": 2000, "loss": 0.23246091436668714, "halted": 128, "seconds": 714.8659923961386, "exact": 0.3984375}
[ARC eval] {"ARC/pass@1": 0.0, "ARC/pass@2": 0.006493506493506494, "ARC/pass@5": 0.006493506493506494, "ARC/pass@10": 0.006493506493506494, "ARC/tasks": 77, "ARC/queries": 88, "token_accuracy": 0.5798450720430625, "sequence_exact": 0.0, "evaluated_augmented_examples": 792, "eval_segments": 16, "max_augmentations_per_task": 32, "total_available_tasks": 77, "seconds": 12.52167613338679, "exact_hit_count": 0, "exact_hits": [], "step": 2000, "weights": "ema_parameters_raw_puzzle_embeddings"}
[ARC train] {"step": 2100, "loss": 0.4891479154896128, "halted": 0, "seconds": 763.1813838612288}
[ARC train] {"step": 2200, "loss": 0.20169351809104796, "halted": 0, "seconds": 798.7719615614042}
[ARC train] {"step": 2300, "loss": 0.21467021505762773, "halted": 0, "seconds": 834.5420976979658}
[ARC train] {"step": 2400, "loss": 0.18027581815925903, "halted": 128, "seconds": 870.1308629214764, "exact": 0.3203125}
[ARC train] {"step": 2500, "loss": 0.34415793616340884, "halted": 0, "seconds": 905.713862830773}
[ARC train] {"step": 2600, "loss": 0.27874713290253816, "halted": 0, "seconds": 941.2500620754436}
[ARC train] {"step": 2700, "loss": 0.18384281396674976, "halted": 0, "seconds": 976.8949013072997}
[ARC train] {"step": 2800, "loss": 0.12117808003275085, "halted": 128, "seconds": 1012.554367932491, "exact": 0.59375}
[ARC train] {"step": 2900, "loss": 0.33860867500954583, "halted": 0, "seconds": 1048.0318259485066}
[ARC train] {"step": 3000, "loss": 0.2715260013552547, "halted": 0, "seconds": 1083.644328450784}
[ARC train] {"step": 3100, "loss": 0.1682684674485448, "halted": 0, "seconds": 1119.2555329259485}
[ARC train] {"step": 3200, "loss": 0.12496081424986691, "halted": 128, "seconds": 1154.9292433392256, "exact": 0.6015625}
[ARC train] {"step": 3300, "loss": 0.2797086881985611, "halted": 0, "seconds": 1190.5394448060542}
[ARC train] {"step": 3400, "loss": 0.19413243341412972, "halted": 0, "seconds": 1226.197416305542}
[ARC train] {"step": 3500, "loss": 0.11131322538450954, "halted": 0, "seconds": 1261.8920326624066}
[ARC train] {"step": 3600, "loss": 0.09034351480222987, "halted": 128, "seconds": 1297.535088866949, "exact": 0.6796875}
[ARC train] {"step": 3700, "loss": 0.29976810826705297, "halted": 0, "seconds": 1333.126697614789}
[ARC train] {"step": 3800, "loss": 0.13391227883122614, "halted": 0, "seconds": 1368.9002874009311}
[ARC train] {"step": 3900, "loss": 0.08533996492590111, "halted": 0, "seconds": 1404.7161356434226}
[ARC train] {"step": 4000, "loss": 0.10865001891729495, "halted": 128, "seconds": 1440.418793127872, "exact": 0.6171875}
[ARC eval] {"ARC/pass@1": 0.006493506493506494, "ARC/pass@2": 0.006493506493506494, "ARC/pass@5": 0.006493506493506494, "ARC/pass@10": 0.012987012987012988, "ARC/tasks": 77, "ARC/queries": 88, "token_accuracy": 0.6461195030597725, "sequence_exact": 0.003787878787878788, "evaluated_augmented_examples": 792, "eval_segments": 16, "max_augmentations_per_task": 32, "total_available_tasks": 77, "seconds": 12.53121339622885, "exact_hit_count": 3, "exact_hits": [{"identifier": "6ea4a07e|||t7|||0796283451", "input": [10, 2, 2, 1, 0, 0, 0, 0, 0, 0, 2, 10, 10, 1, 0, 0, 0, 0, 0, 0, 2, 10, 2, 1, 0, 0, 0, 0, 0, 0, 1, 1, 1, 1, 0, 0, 0, 0, 0, 0, 0, 0, 0, 0, 0, 0, 0, 0, 0, 0, 0, 0, 0, 0, 0, 0, 0, 0, 0, 0, 0, 0, 0, 0, 0, 0, 0, 0, 0, 0, 0, 0, 0, 0, 0, 0, 0, 0, 0, 0, 0, 0, 0, 0, 0, 0, 0, 0, 0, 0, 0, 0, 0, 0, 0, 0, 0, 0, 0, 0], "prediction": [2, 4, 4, 1, 4, 4, 1, 4, 1, 1, 4, 2, 2, 1, 4, 4, 1, 4, 1, 1, 4, 2, 4, 1, 4, 1, 1, 1, 1, 1, 1, 1, 1, 1, 1, 4, 1, 1, 1, 1, 4, 4, 4, 4, 4, 4, 4, 1, 1, 1, 4, 4, 4, 4, 4, 4, 1, 1, 1, 1, 1, 1, 1, 1, 4, 2, 1, 1, 1, 1, 4, 4, 4, 2, 2, 4, 6, 2, 1, 1, 4, 4, 4, 4, 4, 4, 11, 11, 2, 1, 1, 1, 1, 1, 1, 1, 1, 1, 1, 1]}, {"identifier": "bbb1b8b6", "input": [3, 3, 2, 2, 7, 2, 2, 5, 5, 1, 3, 2, 2, 3, 7, 2, 5, 5, 2, 1, 2, 2, 2, 3, 7, 5, 5, 5, 2, 1, 2, 3, 3, 3, 7, 5, 2, 2, 2, 1, 1, 1, 1, 1, 1, 1, 1, 1, 1, 1, 0, 0, 0, 0, 0, 0, 0, 0, 0, 0, 0, 0, 0, 0, 0, 0, 0, 0, 0, 0, 0, 0, 0, 0, 0, 0, 0, 0, 0, 0, 0, 0, 0, 0, 0, 0, 0, 0, 0, 0, 0, 0, 0, 0, 0, 0, 0, 0, 0, 0], "prediction": [3, 3, 5, 5, 1, 5, 5, 1, 5, 1, 3, 5, 5, 3, 1, 1, 1, 5, 5, 1, 5, 5, 5, 3, 1, 5, 5, 5, 5, 1, 5, 3, 3, 3, 1, 5, 5, 2, 5, 1, 1, 1, 1, 1, 1, 1, 1, 1, 1, 1, 5, 5, 5, 3, 1, 1, 5, 5, 5, 1, 1, 1, 1, 1, 1, 1, 5, 5, 5, 1, 1, 1, 1, 1, 1, 1, 1, 1, 1, 1, 1, 1, 1, 1, 1, 1, 1, 1, 1, 1, 5, 1, 1, 1, 1, 1, 1, 1, 1, 1]}, {"identifier": "bbb1b8b6|||t5|||0198263574", "input": [2, 3, 3, 3, 8, 10, 2, 2, 2, 1, 2, 2, 2, 3, 8, 10, 10, 10, 2, 1, 3, 2, 2, 3, 8, 2, 10, 10, 2, 1, 3, 3, 2, 2, 8, 2, 2, 10, 10, 1, 1, 1, 1, 1, 1, 1, 1, 1, 1, 1, 0, 0, 0, 0, 0, 0, 0, 0, 0, 0, 0, 0, 0, 0, 0, 0, 0, 0, 0, 0, 0, 0, 0, 0, 0, 0, 0, 0, 0, 0, 0, 0, 0, 0, 0, 0, 0, 0, 0, 0, 0, 0, 0, 0, 0, 0, 0, 0, 0, 0], "prediction": [10, 3, 3, 3, 1, 10, 10, 10, 10, 1, 10, 10, 10, 3, 1, 10, 10, 10, 1, 1, 3, 10, 10, 3, 1, 10, 10, 10, 2, 1, 3, 3, 10, 10, 1, 10, 2, 10, 10, 1, 1, 1, 1, 1, 1, 1, 1, 1, 1, 1, 1, 3, 3, 1, 1, 1, 10, 10, 1, 1, 1, 10, 1, 1, 1, 1, 10, 10, 1, 1, 1, 1, 1, 1, 1, 1, 10, 10, 1, 1, 1, 1, 10, 10, 1, 1, 10, 10, 10, 1, 1, 1, 10, 10, 10, 1, 10, 10, 10, 1]}], "step": 4000, "weights": "ema_parameters_raw_puzzle_embeddings"}
[ARC train] {"step": 4100, "loss": 0.23986547390607993, "halted": 0, "seconds": 1488.8140567047521}
[ARC train] {"step": 4200, "loss": 0.1344875561311375, "halted": 0, "seconds": 1524.4406330697238}
[ARC train] {"step": 4300, "loss": 0.07949082342617844, "halted": 0, "seconds": 1559.9910017699003}
[ARC train] {"step": 4400, "loss": 0.05210055584177685, "halted": 128, "seconds": 1595.6257254891098, "exact": 0.78125}
[ARC train] {"step": 4500, "loss": 0.21389994872276327, "halted": 0, "seconds": 1634.3445026967674}
[ARC train] {"step": 4600, "loss": 0.09866415390272623, "halted": 0, "seconds": 1686.0162559421733}
[ARC train] {"step": 4700, "loss": 0.0630969087921088, "halted": 0, "seconds": 1737.7309409631416}
[ARC train] {"step": 4800, "loss": 0.05251581514257047, "halted": 128, "seconds": 1789.5623613381758, "exact": 0.78125}
[ARC train] {"step": 4900, "loss": 0.2661676010244607, "halted": 0, "seconds": 1843.576853866689}
[ARC train] {"step": 5000, "loss": 0.12282229326449269, "halted": 0, "seconds": 1897.7076652348042}
[ARC train] {"step": 5100, "loss": 0.06203110837027293, "halted": 0, "seconds": 1948.0604677880183}
[ARC train] {"step": 5200, "loss": 0.05276341132234157, "halted": 128, "seconds": 1998.5754675352946, "exact": 0.734375}
[ARC train] {"step": 5300, "loss": 0.15914131599884257, "halted": 0, "seconds": 2052.1626912560314}
[ARC train] {"step": 5400, "loss": 0.14583677482523524, "halted": 0, "seconds": 2103.6274504149333}
[ARC train] {"step": 5500, "loss": 0.05071851467764834, "halted": 0, "seconds": 2157.2990659903735}
[ARC train] {"step": 5600, "loss": 0.02849220351686195, "halted": 128, "seconds": 2210.9404095197096, "exact": 0.875}
[ARC train] {"step": 5700, "loss": 0.14619945610104423, "halted": 0, "seconds": 2249.3004856668413}
[ARC train] {"step": 5800, "loss": 0.10104600314600029, "halted": 0, "seconds": 2284.8336113588884}
[ARC train] {"step": 5900, "loss": 0.049410083990356984, "halted": 0, "seconds": 2320.58736092411}
[ARC train] {"step": 6000, "loss": 0.03187164442341396, "halted": 128, "seconds": 2356.2012287853286, "exact": 0.8984375}
[ARC eval] {"ARC/pass@1": 0.006493506493506494, "ARC/pass@2": 0.006493506493506494, "ARC/pass@5": 0.006493506493506494, "ARC/pass@10": 0.012987012987012988, "ARC/tasks": 77, "ARC/queries": 88, "token_accuracy": 0.689958697617656, "sequence_exact": 0.005050505050505051, "evaluated_augmented_examples": 792, "eval_segments": 16, "max_augmentations_per_task": 32, "total_available_tasks": 77, "seconds": 12.636250904761255, "exact_hit_count": 4, "exact_hits": [{"identifier": "bbb1b8b6|||t2|||0972513486", "input": [2, 2, 2, 4, 3, 11, 11, 11, 2, 1, 2, 4, 4, 4, 3, 11, 2, 2, 2, 1, 2, 4, 4, 2, 3, 11, 2, 2, 11, 1, 4, 4, 2, 2, 3, 2, 2, 11, 11, 1, 1, 1, 1, 1, 1, 1, 1, 1, 1, 1, 0, 0, 0, 0, 0, 0, 0, 0, 0, 0, 0, 0, 0, 0, 0, 0, 0, 0, 0, 0, 0, 0, 0, 0, 0, 0, 0, 0, 0, 0, 0, 0, 0, 0, 0, 0, 0, 0, 0, 0, 0, 0, 0, 0, 0, 0, 0, 0, 0, 0], "prediction": [11, 11, 11, 4, 1, 1, 1, 11, 11, 1, 11, 4, 4, 4, 1, 1, 1, 1, 2, 1, 11, 4, 4, 11, 1, 1, 1, 2, 11, 1, 4, 4, 11, 11, 1, 11, 11, 11, 11, 1, 1, 1, 1, 1, 1, 1, 1, 1, 1, 1, 11, 4, 4, 1, 1, 1, 1, 11, 11, 1, 1, 1, 1, 11, 1, 1, 11, 11, 11, 1, 1, 4, 1, 11, 1, 1, 1, 11, 11, 1, 1, 1, 1, 1, 1, 1, 1, 11, 11, 1, 1, 1, 1, 1, 1, 1, 1, 1, 1, 1]}, {"identifier": "bbb1b8b6|||t5|||0918254673", "input": [2, 11, 11, 11, 7, 10, 2, 2, 2, 1, 2, 2, 2, 11, 7, 10, 10, 10, 2, 1, 11, 2, 2, 11, 7, 2, 10, 10, 2, 1, 11, 11, 2, 2, 7, 2, 2, 10, 10, 1, 1, 1, 1, 1, 1, 1, 1, 1, 1, 1, 0, 0, 0, 0, 0, 0, 0, 0, 0, 0, 0, 0, 0, 0, 0, 0, 0, 0, 0, 0, 0, 0, 0, 0, 0, 0, 0, 0, 0, 0, 0, 0, 0, 0, 0, 0, 0, 0, 0, 0, 0, 0, 0, 0, 0, 0, 0, 0, 0, 0], "prediction": [10, 11, 11, 11, 1, 1, 1, 1, 2, 1, 10, 10, 10, 11, 1, 1, 1, 10, 2, 1, 11, 10, 10, 11, 1, 1, 10, 10, 10, 1, 11, 11, 10, 10, 1, 2, 2, 10, 10, 1, 1, 1, 1, 1, 1, 1, 1, 1, 1, 1, 1, 11, 1, 1, 1, 1, 1, 10, 1, 1, 1, 1, 1, 1, 1, 1, 10, 10, 1, 1, 1, 1, 1, 1, 1, 1, 1, 1, 1, 1, 1, 1, 1, 1, 1, 1, 1, 1, 1, 1, 1, 1, 1, 1, 1, 1, 1, 1, 1, 1]}, {"identifier": "bbb1b8b6|||t5|||0198263574", "input": [2, 3, 3, 3, 8, 10, 2, 2, 2, 1, 2, 2, 2, 3, 8, 10, 10, 10, 2, 1, 3, 2, 2, 3, 8, 2, 10, 10, 2, 1, 3, 3, 2, 2, 8, 2, 2, 10, 10, 1, 1, 1, 1, 1, 1, 1, 1, 1, 1, 1, 0, 0, 0, 0, 0, 0, 0, 0, 0, 0, 0, 0, 0, 0, 0, 0, 0, 0, 0, 0, 0, 0, 0, 0, 0, 0, 0, 0, 0, 0, 0, 0, 0, 0, 0, 0, 0, 0, 0, 0, 0, 0, 0, 0, 0, 0, 0, 0, 0, 0], "prediction": [10, 3, 3, 3, 1, 1, 1, 1, 1, 1, 10, 10, 10, 3, 1, 1, 10, 10, 1, 1, 3, 10, 10, 3, 1, 1, 10, 10, 2, 1, 3, 3, 10, 10, 1, 1, 2, 10, 10, 1, 1, 1, 1, 1, 1, 1, 1, 1, 1, 1, 1, 3, 3, 1, 1, 1, 1, 1, 1, 1, 1, 1, 1, 1, 1, 1, 1, 1, 1, 1, 1, 1, 1, 1, 1, 1, 10, 10, 1, 1, 1, 1, 1, 1, 1, 1, 10, 10, 10, 1, 1, 1, 1, 1, 1, 1, 9, 1, 1, 1]}, {"identifier": "3b4c2228|||t7|||0851269473", "input": [7, 7, 2, 3, 2, 2, 2, 2, 1, 0, 7, 7, 2, 2, 2, 2, 2, 2, 1, 0, 2, 2, 2, 2, 2, 3, 3, 2, 1, 0, 2, 3, 3, 2, 2, 3, 3, 2, 1, 0, 2, 3, 3, 2, 7, 2, 2, 2, 1, 0, 1, 1, 1, 1, 1, 1, 1, 1, 1, 0, 0, 0, 0, 0, 0, 0, 0, 0, 0, 0, 0, 0, 0, 0, 0, 0, 0, 0, 0, 0, 0, 0, 0, 0, 0, 0, 0, 0, 0, 0, 0, 0, 0, 0, 0, 0, 0, 0, 0, 0], "prediction": [2, 2, 2, 1, 1, 1, 1, 1, 1, 2, 2, 10, 2, 1, 1, 1, 1, 2, 1, 1, 2, 2, 10, 1, 1, 1, 3, 2, 1, 2, 1, 1, 1, 1, 1, 3, 3, 2, 1, 2, 1, 1, 1, 1, 1, 2, 2, 2, 1, 1, 1, 1, 1, 1, 1, 1, 1, 1, 1, 1, 2, 2, 2, 2, 1, 2, 10, 2, 1, 3, 1, 2, 2, 2, 10, 3, 10, 10, 1, 1, 1, 1, 1, 1, 1, 1, 1, 1, 1, 1, 1, 1, 1, 1, 1, 1, 1, 1, 1, 1]}], "step": 6000, "weights": "ema_parameters_raw_puzzle_embeddings"}
[ARC train] {"step": 6100, "loss": 0.18923545271514106, "halted": 0, "seconds": 2404.6737554101273}
[ARC train] {"step": 6200, "loss": 0.07597719950841504, "halted": 0, "seconds": 2440.4109742511064}
[ARC train] {"step": 6300, "loss": 0.041479790906292016, "halted": 0, "seconds": 2476.140511676669}
[ARC train] {"step": 6400, "loss": 0.032964890156044424, "halted": 128, "seconds": 2511.7674965849146, "exact": 0.8203125}
[ARC train] {"step": 6500, "loss": 0.19400992151353588, "halted": 0, "seconds": 2547.354090033099}
[ARC train] {"step": 6600, "loss": 0.07920475366951182, "halted": 0, "seconds": 2582.9468974312767}
[ARC train] {"step": 6700, "loss": 0.04673355654599626, "halted": 0, "seconds": 2618.604967063293}
[ARC train] {"step": 6800, "loss": 0.020426660751780255, "halted": 128, "seconds": 2654.1268119625747, "exact": 0.90625}
[ARC train] {"step": 6900, "loss": 0.20804189279512156, "halted": 0, "seconds": 2689.862373883836}
[ARC train] {"step": 7000, "loss": 0.050105365639863994, "halted": 0, "seconds": 2725.629323062487}
[ARC train] {"step": 7100, "loss": 0.043226215340256474, "halted": 0, "seconds": 2761.1888206377625}
[ARC train] {"step": 7200, "loss": 0.021203790868522032, "halted": 128, "seconds": 2796.6796835120767, "exact": 0.8828125}
[ARC train] {"step": 7300, "loss": 0.1760746593103087, "halted": 0, "seconds": 2832.403259659186}
[ARC train] {"step": 7400, "loss": 0.06944484925398706, "halted": 0, "seconds": 2868.1739809671417}
[ARC] stop requested; completing the current step before checkpointing
[ARC] checkpoint -> /workspace/LinearTuring/runs/arc_s10/base_aug8/latest.pt
[ARC-S] canvas 10×10 = 100 tokens; model=base encoding=frame stdp=True; coupling carry 0.6 MiB (train_arc's own line below assumes 900)
[ARC] resumed step 7487; model/optimizer/sampler/carry restored
[ARC] device=cuda tokens=900 IDs=2647 batch=128 loops=16 blocks=8 stop_step=20000
[ARC] coupling carry alone=3164.1 MiB; activations/gradients require extra memory
Traceback (most recent call last):
  File "/workspace/LinearTuring/arc_analysis/train_arc_s.py", line 251, in <module>
    main()
  File "/workspace/LinearTuring/arc_analysis/train_arc_s.py", line 247, in main
    train_arc.main(rest)
  File "/workspace/LinearTuring/lt/train_arc.py", line 538, in main
    carry, loss, metrics, _, _ = model(carry=carry, batch=batch, return_keys=set())
                                 ^^^^^^^^^^^^^^^^^^^^^^^^^^^^^^^^^^^^^^^^^^^^^^^^^^
  File "/usr/local/lib/python3.12/dist-packages/torch/nn/modules/module.py", line 1773, in _wrapped_call_impl
    return self._call_impl(*args, **kwargs)
           ^^^^^^^^^^^^^^^^^^^^^^^^^^^^^^^^
  File "/usr/local/lib/python3.12/dist-packages/torch/nn/modules/module.py", line 1784, in _call_impl
    return forward_call(*args, **kwargs)
           ^^^^^^^^^^^^^^^^^^^^^^^^^^^^^
  File "/workspace/LinearTuring/lt/train.py", line 621, in forward
    new_carry, outputs = self.model(**model_kwargs)
                         ^^^^^^^^^^^^^^^^^^^^^^^^^^
  File "/usr/local/lib/python3.12/dist-packages/torch/nn/modules/module.py", line 1773, in _wrapped_call_impl
    return self._call_impl(*args, **kwargs)
           ^^^^^^^^^^^^^^^^^^^^^^^^^^^^^^^^
  File "/usr/local/lib/python3.12/dist-packages/torch/nn/modules/module.py", line 1784, in _call_impl
    return forward_call(*args, **kwargs)
           ^^^^^^^^^^^^^^^^^^^^^^^^^^^^^
  File "/workspace/LinearTuring/lt/train.py", line 563, in forward
    inner, logits = self.inner(inner, data)
                    ^^^^^^^^^^^^^^^^^^^^^^^
  File "/usr/local/lib/python3.12/dist-packages/torch/nn/modules/module.py", line 1773, in _wrapped_call_impl
    return self._call_impl(*args, **kwargs)
           ^^^^^^^^^^^^^^^^^^^^^^^^^^^^^^^^
  File "/usr/local/lib/python3.12/dist-packages/torch/nn/modules/module.py", line 1784, in _call_impl
    return forward_call(*args, **kwargs)
           ^^^^^^^^^^^^^^^^^^^^^^^^^^^^^
  File "/workspace/LinearTuring/lt/train.py", line 448, in forward
    nc, logits = self._forward(carry, batch)
                 ^^^^^^^^^^^^^^^^^^^^^^^^^^^
  File "/workspace/LinearTuring/lt/train.py", line 532, in _forward
    h, w, ztr = self.step(L, h, AB, kc, w, fresh, kcb, ztr, apply_phi=pre)
                ^^^^^^^^^^^^^^^^^^^^^^^^^^^^^^^^^^^^^^^^^^^^^^^^^^^^^^^^^^
  File "/workspace/LinearTuring/lt/train.py", line 497, in step
    agree = torch.einsum('bthc,bnhc->bhtn', vv, vv)
            ^^^^^^^^^^^^^^^^^^^^^^^^^^^^^^^^^^^^^^^
  File "/usr/local/lib/python3.12/dist-packages/torch/functional.py", line 422, in einsum
    return _VF.einsum(equation, operands)  # type: ignore[attr-defined]
           ^^^^^^^^^^^^^^^^^^^^^^^^^^^^^^
torch.OutOfMemoryError: CUDA out of memory. Tried to allocate 20.00 MiB. GPU 0 has a total capacity of 23.52 GiB of which 448.00 KiB is free. Process 43401 has 16.16 GiB memory in use. Including non-PyTorch memory, this process has 7.35 GiB memory in use. Of the allocated memory 6.48 GiB is allocated by PyTorch, and 388.88 MiB is reserved by PyTorch but unallocated. If reserved but unallocated memory is large try setting PYTORCH_CUDA_ALLOC_CONF=expandable_segments:True to avoid fragmentation.  See documentation for Memory Management  (https://pytorch.org/docs/stable/notes/cuda.html#environment-variables)
