[EXTRAP] start step=61150 weights=raw segs=128 global_n=512
# step=61150 weights=raw segs=128 global_n=512 elapsed=56.5s partial=False
# lt-kv-stdp-fast-weight-v1:research-pairangle_phase_tau2_r2_unrotated_dca1_qkl2_sum; per segment 0+8 blocks (no-grad+grad); train segments=16
# seg acc exact n exact_percent churn
   1 0.700183     13    512 2.5391 0.000000
   2 0.754461     50    512 9.7656 0.204451
   3 0.781901    143    512 27.9297 0.133198
   4 0.794006    196    512 38.2812 0.108796
   5 0.801987    213    512 41.6016 0.100936
   6 0.808280    229    512 44.7266 0.098958
   7 0.811511    241    512 47.0703 0.091749
   8 0.814236    247    512 48.2422 0.089313
   9 0.818914    251    512 49.0234 0.088976
  10 0.819469    255    512 49.8047 0.086564
  11 0.820385    259    512 50.5859 0.085262
  12 0.823761    263    512 51.3672 0.083526
  13 0.825979    264    512 51.5625 0.081380
  14 0.824532    265    512 51.7578 0.084250
  15 0.821904    266    512 51.9531 0.082031
  16 0.824556    267    512 52.1484 0.083960  <-train
  17 0.822676    269    512 52.5391 0.082827
  18 0.824918    271    512 52.9297 0.081549
  19 0.827281    272    512 53.1250 0.079861
  20 0.826100    274    512 53.5156 0.080874
  21 0.829958    274    512 53.5156 0.078776
  22 0.827739    274    512 53.5156 0.077378
  23 0.828752    276    512 53.9062 0.077836
  24 0.828487    277    512 54.1016 0.075328
  25 0.830464    279    512 54.4922 0.075979
  26 0.831718    281    512 54.8828 0.076992
  27 0.833309    281    512 54.8828 0.076558
  28 0.830343    282    512 55.0781 0.077522
  29 0.832996    284    512 55.4688 0.078197
  30 0.833864    285    512 55.6641 0.073134
  31 0.833165    285    512 55.6641 0.074990
  32 0.835552    286    512 55.8594 0.075039
  33 0.834539    287    512 56.0547 0.073230
  34 0.834877    288    512 56.2500 0.077112
  35 0.838686    289    512 56.4453 0.073351
  36 0.837215    289    512 56.4453 0.071494
  37 0.836733    290    512 56.6406 0.073857
  38 0.835045    291    512 56.8359 0.076461
  39 0.836106    291    512 56.8359 0.071108
  40 0.838325    291    512 56.8359 0.069903
  41 0.834828    292    512 57.0312 0.072820
  42 0.835311    292    512 57.0312 0.074195
  43 0.835769    292    512 57.0312 0.074846
  44 0.838035    292    512 57.0312 0.071976
  45 0.834756    292    512 57.0312 0.071373
  46 0.836733    292    512 57.0312 0.077016
  47 0.837939    292    512 57.0312 0.072434
  48 0.838397    292    512 57.0312 0.072386
  49 0.836613    292    512 57.0312 0.072579
  50 0.836058    292    512 57.0312 0.076100
  51 0.835817    292    512 57.0312 0.074605
  52 0.836203    292    512 57.0312 0.070819
  53 0.837215    293    512 57.2266 0.071783
  54 0.836082    294    512 57.4219 0.071880
  55 0.839024    294    512 57.4219 0.072073
  56 0.839386    295    512 57.6172 0.072459
  57 0.839771    295    512 57.6172 0.070433
  58 0.838542    295    512 57.6172 0.072483
  59 0.836661    295    512 57.6172 0.070023
  60 0.839144    296    512 57.8125 0.070385
  61 0.838903    295    512 57.6172 0.071904
  62 0.837240    295    512 57.6172 0.072338
  63 0.840591    296    512 57.8125 0.072820
  64 0.839289    297    512 58.0078 0.070915
  65 0.838903    297    512 58.0078 0.071807
  66 0.837553    297    512 58.0078 0.070361
  67 0.840302    297    512 58.0078 0.071398
  68 0.839217    297    512 58.0078 0.072651
  69 0.839530    297    512 58.0078 0.073254
  70 0.839241    297    512 58.0078 0.073158
  71 0.839361    297    512 58.0078 0.069782
  72 0.839675    297    512 58.0078 0.069444
  73 0.840639    297    512 58.0078 0.070939
  74 0.839940    297    512 58.0078 0.071084
  75 0.840181    297    512 58.0078 0.072169
  76 0.837891    297    512 58.0078 0.073616
  77 0.837505    297    512 58.0078 0.072844
  78 0.843292    297    512 58.0078 0.071590
  79 0.840085    298    512 58.2031 0.072627
  80 0.839627    298    512 58.2031 0.071590
  81 0.838493    298    512 58.2031 0.071422
  82 0.839458    298    512 58.2031 0.072266
  83 0.840567    298    512 58.2031 0.072820
  84 0.840808    298    512 58.2031 0.070312
  85 0.838445    298    512 58.2031 0.072627
  86 0.839482    298    512 58.2031 0.067949
  87 0.841580    298    512 58.2031 0.070795
  88 0.841411    298    512 58.2031 0.070674
  89 0.838927    298    512 58.2031 0.071446
  90 0.841942    299    512 58.3984 0.070505
  91 0.840037    299    512 58.3984 0.070409
  92 0.840712    299    512 58.3984 0.070843
  93 0.841098    299    512 58.3984 0.072121
  94 0.841073    300    512 58.5938 0.068866
  95 0.840905    300    512 58.5938 0.071132
  96 0.841122    300    512 58.5938 0.069372
  97 0.843871    301    512 58.7891 0.073302
  98 0.842617    301    512 58.7891 0.070264
  99 0.843629    301    512 58.7891 0.068335
 100 0.839579    301    512 58.7891 0.073471
 101 0.839940    301    512 58.7891 0.070602
 102 0.842568    301    512 58.7891 0.068818
 103 0.841073    301    512 58.7891 0.067491
 104 0.840591    301    512 58.7891 0.069083
 105 0.840471    301    512 58.7891 0.067974
 106 0.841773    301    512 58.7891 0.069541
 107 0.841122    301    512 58.7891 0.069396
 108 0.840591    301    512 58.7891 0.069083
 109 0.843244    301    512 58.7891 0.071229
 110 0.840639    301    512 58.7891 0.069059
 111 0.844088    301    512 58.7891 0.067853
 112 0.841604    301    512 58.7891 0.069010
 113 0.840519    301    512 58.7891 0.073134
 114 0.843726    301    512 58.7891 0.072169
 115 0.841628    301    512 58.7891 0.069035
 116 0.840157    301    512 58.7891 0.070264
 117 0.843846    301    512 58.7891 0.068456
 118 0.843244    302    512 58.9844 0.069010
 119 0.846571    302    512 58.9844 0.071373
 120 0.843943    303    512 59.1797 0.068818
 121 0.842834    303    512 59.1797 0.068142
 122 0.844739    303    512 59.1797 0.067250
 123 0.841942    303    512 59.1797 0.067202
 124 0.843605    304    512 59.3750 0.065803
 125 0.844546    304    512 59.3750 0.068625
 126 0.841990    304    512 59.3750 0.066069
 127 0.844377    304    512 59.3750 0.066840
 128 0.842761    304    512 59.3750 0.067057

# train: seg16 acc=0.824556 exact=267/512 (52.1484%) churn=0.083960
# best_acc [same n=512]: seg119 acc=0.846571 exact=302/512 (58.9844%) churn=0.071373
# best_exact [same n=512]: seg124 acc=0.843605 exact=304/512 (59.3750%) churn=0.065803
# final: seg128 acc=0.842761 exact=304/512 (59.3750%) churn=0.067057
# best-train: exact=+37 percentage_points=+7.2266
[EXTRAP] step 61150 weights=raw -> /workspace/something/runs/pairangle_unrotated_dca1_tau2_r2_qkl2_sum_20261009/diagnostics/extrap_step61150_ema_n512_seg128.txt, /workspace/something/runs/pairangle_unrotated_dca1_tau2_r2_qkl2_sum_20261009/diagnostics/extrap_step61150_ema_n512_seg128.json, /workspace/something/runs/pairangle_unrotated_dca1_tau2_r2_qkl2_sum_20261009/diagnostics/extrap_results.jsonl
WROTE /workspace/something/runs/pairangle_unrotated_dca1_tau2_r2_qkl2_sum_20261009/diagnostics/extrap_step61150_ema_n512_seg128.txt (ema)
[EXTRAP] start step=61150 weights=raw segs=128 global_n=2048
# step=61150 weights=raw segs=128 global_n=2048 elapsed=225.3s partial=False
# lt-kv-stdp-fast-weight-v1:research-pairangle_phase_tau2_r2_unrotated_dca1_qkl2_sum; per segment 0+8 blocks (no-grad+grad); train segments=16
# seg acc exact n exact_percent churn
   1 0.713301     53   2048 2.5879 0.000000
   2 0.773642    210   2048 10.2539 0.200430
   3 0.800468    640   2048 31.2500 0.132855
   4 0.815381    833   2048 40.6738 0.107687
   5 0.823025    911   2048 44.4824 0.098554
   6 0.829216    971   2048 47.4121 0.093907
   7 0.831211   1013   2048 49.4629 0.089265
   8 0.833960   1034   2048 50.4883 0.086155
   9 0.836233   1055   2048 51.5137 0.083912
  10 0.839169   1073   2048 52.3926 0.081676
  11 0.840091   1091   2048 53.2715 0.080349
  12 0.841411   1101   2048 53.7598 0.079891
  13 0.842303   1108   2048 54.1016 0.078095
  14 0.844021   1120   2048 54.6875 0.079132
  15 0.842870   1131   2048 55.2246 0.076992
  16 0.845161   1137   2048 55.5176 0.077281  <-train
  17 0.844582   1141   2048 55.7129 0.075647
  18 0.845468   1145   2048 55.9082 0.076883
  19 0.846155   1148   2048 56.0547 0.075394
  20 0.847608   1155   2048 56.3965 0.076142
  21 0.848554   1160   2048 56.6406 0.073694
  22 0.848494   1162   2048 56.7383 0.073441
  23 0.847891   1165   2048 56.8848 0.074122
  24 0.848964   1167   2048 56.9824 0.072844
  25 0.848217   1171   2048 57.1777 0.073556
  26 0.849857   1173   2048 57.2754 0.073110
  27 0.849778   1174   2048 57.3242 0.073966
  28 0.849356   1178   2048 57.5195 0.073266
  29 0.850707   1184   2048 57.8125 0.073393
  30 0.851948   1188   2048 58.0078 0.070403
  31 0.851538   1191   2048 58.1543 0.071458
  32 0.854263   1193   2048 58.2520 0.071217
  33 0.851870   1198   2048 58.4961 0.070337
  34 0.852141   1200   2048 58.5938 0.071301
  35 0.853715   1202   2048 58.6914 0.070680
  36 0.852859   1202   2048 58.6914 0.069667
  37 0.853473   1204   2048 58.7891 0.069360
  38 0.853088   1205   2048 58.8379 0.071428
  39 0.852123   1206   2048 58.8867 0.069239
  40 0.854878   1208   2048 58.9844 0.067732
  41 0.852985   1210   2048 59.0820 0.069378
  42 0.853383   1211   2048 59.1309 0.069053
  43 0.853064   1211   2048 59.1309 0.069770
  44 0.853974   1212   2048 59.1797 0.069306
  45 0.854818   1213   2048 59.2285 0.069571
  46 0.855469   1213   2048 59.2285 0.070439
  47 0.854763   1215   2048 59.3262 0.069173
  48 0.854076   1215   2048 59.3262 0.069276
  49 0.855662   1215   2048 59.3262 0.069517
  50 0.853630   1220   2048 59.5703 0.070596
  51 0.854185   1220   2048 59.5703 0.068625
  52 0.854438   1220   2048 59.5703 0.068040
  53 0.855288   1222   2048 59.6680 0.069499
  54 0.855252   1223   2048 59.7168 0.067955
  55 0.856409   1224   2048 59.7656 0.068040
  56 0.855812   1228   2048 59.9609 0.068824
  57 0.857313   1228   2048 59.9609 0.068118
  58 0.857356   1228   2048 59.9609 0.069758
  59 0.855571   1230   2048 60.0586 0.067588
  60 0.856789   1231   2048 60.1074 0.066647
  61 0.856102   1231   2048 60.1074 0.067256
  62 0.857554   1231   2048 60.1074 0.067244
  63 0.856590   1232   2048 60.1562 0.067654
  64 0.856879   1233   2048 60.2051 0.068118
  65 0.856729   1233   2048 60.2051 0.067648
  66 0.856421   1233   2048 60.2051 0.067781
  67 0.857247   1233   2048 60.2051 0.068444
  68 0.857114   1233   2048 60.2051 0.068329
  69 0.856457   1233   2048 60.2051 0.066913
  70 0.856355   1234   2048 60.2539 0.067714
  71 0.856964   1234   2048 60.2539 0.066822
  72 0.856940   1234   2048 60.2539 0.066828
  73 0.855987   1234   2048 60.2539 0.067479
  74 0.857404   1234   2048 60.2539 0.066424
  75 0.857765   1236   2048 60.3516 0.068136
  76 0.856005   1236   2048 60.3516 0.068426
  77 0.857404   1236   2048 60.3516 0.067859
  78 0.858597   1238   2048 60.4492 0.067238
  79 0.856246   1239   2048 60.4980 0.068281
  80 0.858501   1240   2048 60.5469 0.068323
  81 0.857139   1240   2048 60.5469 0.067274
  82 0.856656   1240   2048 60.5469 0.067093
  83 0.857982   1240   2048 60.5469 0.068522
  84 0.857675   1242   2048 60.6445 0.067341
  85 0.858398   1243   2048 60.6934 0.067130
  86 0.857579   1243   2048 60.6934 0.065526
  87 0.858917   1243   2048 60.6934 0.066189
  88 0.858893   1243   2048 60.6934 0.066575
  89 0.858109   1244   2048 60.7422 0.066364
  90 0.859092   1246   2048 60.8398 0.066442
  91 0.858772   1248   2048 60.9375 0.065822
  92 0.858857   1248   2048 60.9375 0.066111
  93 0.858664   1248   2048 60.9375 0.066370
  94 0.860032   1249   2048 60.9863 0.065815
  95 0.858410   1252   2048 61.1328 0.066033
  96 0.859779   1253   2048 61.1816 0.065906
  97 0.859731   1254   2048 61.2305 0.066298
  98 0.860382   1254   2048 61.2305 0.066213
  99 0.860261   1254   2048 61.2305 0.065834
 100 0.858869   1254   2048 61.2305 0.066864
 101 0.859604   1254   2048 61.2305 0.066039
 102 0.860810   1254   2048 61.2305 0.064610
 103 0.858923   1254   2048 61.2305 0.066141
 104 0.860436   1254   2048 61.2305 0.065840
 105 0.859134   1254   2048 61.2305 0.065231
 106 0.860273   1254   2048 61.2305 0.065466
 107 0.860617   1254   2048 61.2305 0.065237
 108 0.859725   1254   2048 61.2305 0.065122
 109 0.859893   1254   2048 61.2305 0.065912
 110 0.859315   1254   2048 61.2305 0.065357
 111 0.859972   1254   2048 61.2305 0.065508
 112 0.860333   1255   2048 61.2793 0.066467
 113 0.859664   1255   2048 61.2793 0.065659
 114 0.860701   1256   2048 61.3281 0.064815
 115 0.859845   1256   2048 61.3281 0.064773
 116 0.860924   1256   2048 61.3281 0.065605
 117 0.860834   1258   2048 61.4258 0.064254
 118 0.860056   1259   2048 61.4746 0.064568
 119 0.862853   1259   2048 61.4746 0.065773
 120 0.861955   1261   2048 61.5723 0.064110
 121 0.861298   1262   2048 61.6211 0.065671
 122 0.860924   1262   2048 61.6211 0.064435
 123 0.860918   1263   2048 61.6699 0.064308
 124 0.861286   1264   2048 61.7188 0.064495
 125 0.861413   1264   2048 61.7188 0.063651
 126 0.861419   1264   2048 61.7188 0.064037
 127 0.862353   1264   2048 61.7188 0.064146
 128 0.861153   1264   2048 61.7188 0.063742

# train: seg16 acc=0.845161 exact=1137/2048 (55.5176%) churn=0.077281
# best_acc [same n=2048]: seg119 acc=0.862853 exact=1259/2048 (61.4746%) churn=0.065773
# best_exact [same n=2048]: seg124 acc=0.861286 exact=1264/2048 (61.7188%) churn=0.064495
# final: seg128 acc=0.861153 exact=1264/2048 (61.7188%) churn=0.063742
# best-train: exact=+127 percentage_points=+6.2012
[EXTRAP] step 61150 weights=raw -> /workspace/something/runs/pairangle_unrotated_dca1_tau2_r2_qkl2_sum_20261009/diagnostics/extrap_step61150_ema_n2048_seg128.txt, /workspace/something/runs/pairangle_unrotated_dca1_tau2_r2_qkl2_sum_20261009/diagnostics/extrap_step61150_ema_n2048_seg128.json, /workspace/something/runs/pairangle_unrotated_dca1_tau2_r2_qkl2_sum_20261009/diagnostics/extrap_results.jsonl
WROTE /workspace/something/runs/pairangle_unrotated_dca1_tau2_r2_qkl2_sum_20261009/diagnostics/extrap_step61150_ema_n2048_seg128.txt (ema)
[EXTRAP] start step=61150 weights=raw segs=128 global_n=512
# step=61150 weights=raw segs=128 global_n=512 elapsed=56.2s partial=False
# lt-kv-stdp-fast-weight-v1:research-pairangle_phase_tau2_r2_unrotated_dca1_qkl2_sum; per segment 0+8 blocks (no-grad+grad); train segments=16
# seg acc exact n exact_percent churn
   1 0.679229     13    512 2.5391 0.000000
   2 0.714675     40    512 7.8125 0.196518
   3 0.735966     92    512 17.9688 0.134404
   4 0.743297    131    512 25.5859 0.107277
   5 0.752387    144    512 28.1250 0.105107
   6 0.751881    162    512 31.6406 0.102406
   7 0.755642    168    512 32.8125 0.096282
   8 0.755377    171    512 33.3984 0.092810
   9 0.759669    176    512 34.3750 0.094136
  10 0.758873    178    512 34.7656 0.093195
  11 0.756293    180    512 35.1562 0.091411
  12 0.761044    182    512 35.5469 0.094112
  13 0.762153    186    512 36.3281 0.088276
  14 0.764419    187    512 36.5234 0.089482
  15 0.768567    187    512 36.5234 0.092761
  16 0.763768    189    512 36.9141 0.090013  <-train
  17 0.763286    190    512 37.1094 0.087915
  18 0.764154    190    512 37.1094 0.087770
  19 0.763792    192    512 37.5000 0.086854
  20 0.765480    192    512 37.5000 0.086806
  21 0.768663    193    512 37.6953 0.090109
  22 0.768109    193    512 37.6953 0.089603
  23 0.768904    194    512 37.8906 0.090422
  24 0.769965    196    512 38.2812 0.090109
  25 0.768663    198    512 38.6719 0.085986
  26 0.771099    199    512 38.8672 0.087191
  27 0.770351    199    512 38.8672 0.087794
  28 0.772377    200    512 39.0625 0.087336
  29 0.771147    201    512 39.2578 0.084250
  30 0.769049    201    512 39.2578 0.087432
  31 0.770640    201    512 39.2578 0.085889
  32 0.770182    201    512 39.2578 0.086420
  33 0.769676    202    512 39.4531 0.089554
  34 0.773196    203    512 39.6484 0.086589
  35 0.770882    203    512 39.6484 0.084008
  36 0.772690    204    512 39.8438 0.084467
  37 0.773172    204    512 39.8438 0.086444
  38 0.771557    204    512 39.8438 0.086082
  39 0.774016    205    512 40.0391 0.086058
  40 0.771291    205    512 40.0391 0.087794
  41 0.771943    206    512 40.2344 0.086179
  42 0.774740    206    512 40.2344 0.083406
  43 0.773944    206    512 40.2344 0.087312
  44 0.772690    206    512 40.2344 0.085913
  45 0.771726    206    512 40.2344 0.085286
  46 0.774064    206    512 40.2344 0.082972
  47 0.774957    206    512 40.2344 0.085552
  48 0.768663    206    512 40.2344 0.084563
  49 0.770423    206    512 40.2344 0.085696
  50 0.773655    206    512 40.2344 0.084250
  51 0.772642    206    512 40.2344 0.084443
  52 0.773510    206    512 40.2344 0.085938
  53 0.774740    206    512 40.2344 0.085479
  54 0.773052    206    512 40.2344 0.086540
  55 0.773052    209    512 40.8203 0.086564
  56 0.774691    209    512 40.8203 0.086155
  57 0.776500    209    512 40.8203 0.085962
  58 0.774691    209    512 40.8203 0.081163
  59 0.773413    209    512 40.8203 0.085503
  60 0.774619    209    512 40.8203 0.081766
  61 0.773389    209    512 40.8203 0.083454
  62 0.773968    209    512 40.8203 0.081742
  63 0.773823    209    512 40.8203 0.084515
  64 0.772401    209    512 40.8203 0.085094
  65 0.773775    209    512 40.8203 0.083237
  66 0.773558    209    512 40.8203 0.086516
  67 0.775439    210    512 41.0156 0.083888
  68 0.777030    210    512 41.0156 0.083285
  69 0.775752    210    512 41.0156 0.082321
  70 0.777971    210    512 41.0156 0.082514
  71 0.776717    210    512 41.0156 0.082779
  72 0.776837    210    512 41.0156 0.081477
  73 0.776958    211    512 41.2109 0.083020
  74 0.776042    211    512 41.2109 0.082923
  75 0.775439    211    512 41.2109 0.085455
  76 0.777296    212    512 41.4062 0.082562
  77 0.776572    212    512 41.4062 0.084322
  78 0.777874    212    512 41.4062 0.084756
  79 0.777296    212    512 41.4062 0.084660
  80 0.778525    212    512 41.4062 0.082658
  81 0.778284    212    512 41.4062 0.084105
  82 0.777561    213    512 41.6016 0.083647
  83 0.777079    213    512 41.6016 0.084129
  84 0.776500    213    512 41.6016 0.083840
  85 0.778549    213    512 41.6016 0.081260
  86 0.777344    213    512 41.6016 0.081549
  87 0.778188    213    512 41.6016 0.081838
  88 0.775511    213    512 41.6016 0.081477
  89 0.777464    213    512 41.6016 0.083189
  90 0.778019    213    512 41.6016 0.084153
  91 0.777971    213    512 41.6016 0.078101
  92 0.776886    213    512 41.6016 0.080367
  93 0.779948    214    512 41.7969 0.086854
  94 0.778863    214    512 41.7969 0.086010
  95 0.779538    214    512 41.7969 0.081284
  96 0.776910    214    512 41.7969 0.082731
  97 0.778525    214    512 41.7969 0.081428
  98 0.777947    214    512 41.7969 0.082779
  99 0.778791    214    512 41.7969 0.081477
 100 0.778260    215    512 41.9922 0.078704
 101 0.776644    215    512 41.9922 0.078463
 102 0.777488    215    512 41.9922 0.083550
 103 0.778356    215    512 41.9922 0.083261
 104 0.777633    215    512 41.9922 0.080295
 105 0.777730    215    512 41.9922 0.082152
 106 0.777103    215    512 41.9922 0.082658
 107 0.778935    216    512 42.1875 0.081163
 108 0.778887    216    512 42.1875 0.080850
 109 0.777874    216    512 42.1875 0.079620
 110 0.779803    216    512 42.1875 0.079379
 111 0.779562    216    512 42.1875 0.080946
 112 0.779948    216    512 42.1875 0.080898
 113 0.779273    216    512 42.1875 0.081067
 114 0.779321    216    512 42.1875 0.082634
 115 0.779321    216    512 42.1875 0.081862
 116 0.778646    216    512 42.1875 0.081549
 117 0.779707    216    512 42.1875 0.080102
 118 0.779683    216    512 42.1875 0.080584
 119 0.776910    216    512 42.1875 0.081428
 120 0.777971    216    512 42.1875 0.078728
 121 0.778091    216    512 42.1875 0.081573
 122 0.779707    216    512 42.1875 0.079234
 123 0.782022    216    512 42.1875 0.078728
 124 0.778429    216    512 42.1875 0.079041
 125 0.779273    216    512 42.1875 0.080584
 126 0.780141    217    512 42.3828 0.078655
 127 0.779538    217    512 42.3828 0.081139
 128 0.778188    217    512 42.3828 0.078704

# train: seg16 acc=0.763768 exact=189/512 (36.9141%) churn=0.090013
# best_acc [same n=512]: seg123 acc=0.782022 exact=216/512 (42.1875%) churn=0.078728
# best_exact [same n=512]: seg126 acc=0.780141 exact=217/512 (42.3828%) churn=0.078655
# final: seg128 acc=0.778188 exact=217/512 (42.3828%) churn=0.078704
# best-train: exact=+28 percentage_points=+5.4688
[EXTRAP] step 61150 weights=raw -> /workspace/something/runs/pairangle_unrotated_dca1_tau2_r2_qkl2_sum_20261009/diagnostics/extrap_step61150_raw_n512_seg128.txt, /workspace/something/runs/pairangle_unrotated_dca1_tau2_r2_qkl2_sum_20261009/diagnostics/extrap_step61150_raw_n512_seg128.json, /workspace/something/runs/pairangle_unrotated_dca1_tau2_r2_qkl2_sum_20261009/diagnostics/extrap_results.jsonl
WROTE /workspace/something/runs/pairangle_unrotated_dca1_tau2_r2_qkl2_sum_20261009/diagnostics/extrap_step61150_raw_n512_seg128.txt (raw)
[EXTRAP] start step=61150 weights=raw segs=128 global_n=2048
# step=61150 weights=raw segs=128 global_n=2048 elapsed=223.4s partial=False
# lt-kv-stdp-fast-weight-v1:research-pairangle_phase_tau2_r2_unrotated_dca1_qkl2_sum; per segment 0+8 blocks (no-grad+grad); train segments=16
# seg acc exact n exact_percent churn
   1 0.687199     52   2048 2.5391 0.000000
   2 0.729088    152   2048 7.4219 0.198845
   3 0.749204    389   2048 18.9941 0.132493
   4 0.760049    549   2048 26.8066 0.107976
   5 0.768247    635   2048 31.0059 0.101345
   6 0.768681    688   2048 33.5938 0.094871
   7 0.772358    719   2048 35.1074 0.093461
   8 0.773787    738   2048 36.0352 0.090507
   9 0.776108    759   2048 37.0605 0.089789
  10 0.776235    773   2048 37.7441 0.088252
  11 0.777115    782   2048 38.1836 0.087505
  12 0.778127    791   2048 38.6230 0.087475
  13 0.779701    804   2048 39.2578 0.086528
  14 0.779888    811   2048 39.5996 0.084364
  15 0.781636    813   2048 39.6973 0.085793
  16 0.781732    819   2048 39.9902 0.083972  <-train
  17 0.780852    821   2048 40.0879 0.085063
  18 0.781588    826   2048 40.3320 0.084720
  19 0.782070    831   2048 40.5762 0.083743
  20 0.782016    833   2048 40.6738 0.084654
  21 0.784312    836   2048 40.8203 0.083804
  22 0.783077    838   2048 40.9180 0.083828
  23 0.785283    841   2048 41.0645 0.084376
  24 0.786476    845   2048 41.2598 0.083032
  25 0.785940    853   2048 41.6504 0.081893
  26 0.786452    855   2048 41.7480 0.082411
  27 0.787176    856   2048 41.7969 0.083014
  28 0.787555    859   2048 41.9434 0.082664
  29 0.785500    862   2048 42.0898 0.081368
  30 0.787152    862   2048 42.0898 0.082357
  31 0.785819    862   2048 42.0898 0.082477
  32 0.787646    863   2048 42.1387 0.082399
  33 0.787429    866   2048 42.2852 0.082718
  34 0.788628    869   2048 42.4316 0.081694
  35 0.787561    871   2048 42.5293 0.080964
  36 0.787983    873   2048 42.6270 0.079849
  37 0.789448    873   2048 42.6270 0.081236
  38 0.788122    875   2048 42.7246 0.080597
  39 0.789032    876   2048 42.7734 0.080482
  40 0.788785    878   2048 42.8711 0.080428
  41 0.787694    879   2048 42.9199 0.079994
  42 0.790105    879   2048 42.9199 0.080156
  43 0.789436    881   2048 43.0176 0.080771
  44 0.788743    881   2048 43.0176 0.079704
  45 0.788586    881   2048 43.0176 0.081712
  46 0.789545    884   2048 43.1641 0.079704
  47 0.789804    884   2048 43.1641 0.081501
  48 0.788918    884   2048 43.1641 0.080729
  49 0.787646    884   2048 43.1641 0.081525
  50 0.790063    884   2048 43.1641 0.079560
  51 0.789183    884   2048 43.1641 0.078915
  52 0.788182    884   2048 43.1641 0.078655
  53 0.790823    884   2048 43.1641 0.079047
  54 0.789816    885   2048 43.2129 0.081031
  55 0.788888    889   2048 43.4082 0.078957
  56 0.789852    890   2048 43.4570 0.079873
  57 0.790630    891   2048 43.5059 0.080609
  58 0.790726    891   2048 43.5059 0.077052
  59 0.788779    891   2048 43.5059 0.079632
  60 0.790467    891   2048 43.5059 0.078903
  61 0.790750    891   2048 43.5059 0.079499
  62 0.789605    892   2048 43.5547 0.077215
  63 0.790437    892   2048 43.5547 0.079307
  64 0.790148    892   2048 43.5547 0.079204
  65 0.790304    892   2048 43.5547 0.079011
  66 0.789575    892   2048 43.5547 0.079958
  67 0.791293    893   2048 43.6035 0.079343
  68 0.790105    893   2048 43.6035 0.078276
  69 0.790829    893   2048 43.6035 0.078300
  70 0.790401    893   2048 43.6035 0.078029
  71 0.790479    893   2048 43.6035 0.078149
  72 0.790443    893   2048 43.6035 0.078475
  73 0.791781    894   2048 43.6523 0.077709
  74 0.790509    895   2048 43.7012 0.078945
  75 0.790805    896   2048 43.7500 0.080428
  76 0.790467    897   2048 43.7988 0.077781
  77 0.790377    897   2048 43.7988 0.079397
  78 0.791594    897   2048 43.7988 0.079397
  79 0.791884    897   2048 43.7988 0.079319
  80 0.791757    898   2048 43.8477 0.079313
  81 0.791624    899   2048 43.8965 0.077818
  82 0.792004    900   2048 43.9453 0.078812
  83 0.791498    900   2048 43.9453 0.079650
  84 0.791233    900   2048 43.9453 0.078246
  85 0.791558    900   2048 43.9453 0.078276
  86 0.790961    901   2048 43.9941 0.078125
  87 0.792077    901   2048 43.9941 0.077510
  88 0.791040    901   2048 43.9941 0.077751
  89 0.792179    902   2048 44.0430 0.078294
  90 0.792089    902   2048 44.0430 0.078842
  91 0.792462    902   2048 44.0430 0.077763
  92 0.791829    903   2048 44.0918 0.078185
  93 0.792257    904   2048 44.1406 0.079355
  94 0.792577    904   2048 44.1406 0.078318
  95 0.793632    904   2048 44.1406 0.077480
  96 0.792227    904   2048 44.1406 0.077998
  97 0.792444    904   2048 44.1406 0.076956
  98 0.792414    904   2048 44.1406 0.078071
  99 0.791600    904   2048 44.1406 0.077673
 100 0.792589    905   2048 44.1895 0.077619
 101 0.792456    905   2048 44.1895 0.077510
 102 0.791426    906   2048 44.2383 0.078674
 103 0.792553    906   2048 44.2383 0.077504
 104 0.791341    906   2048 44.2383 0.076515
 105 0.791835    906   2048 44.2383 0.077106
 106 0.791522    907   2048 44.2871 0.077824
 107 0.792957    908   2048 44.3359 0.076323
 108 0.792263    908   2048 44.3359 0.077480
 109 0.792728    908   2048 44.3359 0.077251
 110 0.793210    909   2048 44.3848 0.077100
 111 0.792420    909   2048 44.3848 0.078282
 112 0.793312    909   2048 44.3848 0.077920
 113 0.792704    909   2048 44.3848 0.077504
 114 0.792384    910   2048 44.4336 0.078276
 115 0.792523    910   2048 44.4336 0.078023
 116 0.793596    910   2048 44.4336 0.077914
 117 0.793005    910   2048 44.4336 0.076419
 118 0.793065    910   2048 44.4336 0.076853
 119 0.792046    910   2048 44.4336 0.076883
 120 0.791673    910   2048 44.4336 0.076491
 121 0.792384    910   2048 44.4336 0.078264
 122 0.793493    910   2048 44.4336 0.076606
 123 0.794000    910   2048 44.4336 0.077167
 124 0.792957    910   2048 44.4336 0.077426
 125 0.793095    910   2048 44.4336 0.078378
 126 0.793306    911   2048 44.4824 0.076793
 127 0.792227    911   2048 44.4824 0.076907
 128 0.793578    911   2048 44.4824 0.077968

# train: seg16 acc=0.781732 exact=819/2048 (39.9902%) churn=0.083972
# best_acc [same n=2048]: seg123 acc=0.794000 exact=910/2048 (44.4336%) churn=0.077167
# best_exact [same n=2048]: seg126 acc=0.793306 exact=911/2048 (44.4824%) churn=0.076793
# final: seg128 acc=0.793578 exact=911/2048 (44.4824%) churn=0.077968
# best-train: exact=+92 percentage_points=+4.4922
[EXTRAP] step 61150 weights=raw -> /workspace/something/runs/pairangle_unrotated_dca1_tau2_r2_qkl2_sum_20261009/diagnostics/extrap_step61150_raw_n2048_seg128.txt, /workspace/something/runs/pairangle_unrotated_dca1_tau2_r2_qkl2_sum_20261009/diagnostics/extrap_step61150_raw_n2048_seg128.json, /workspace/something/runs/pairangle_unrotated_dca1_tau2_r2_qkl2_sum_20261009/diagnostics/extrap_results.jsonl
WROTE /workspace/something/runs/pairangle_unrotated_dca1_tau2_r2_qkl2_sum_20261009/diagnostics/extrap_step61150_raw_n2048_seg128.txt (raw)
