[EXTRAP] start step=150000 weights=raw segs=128 global_n=512
# step=150000 weights=raw segs=128 global_n=512 elapsed=59.2s partial=False
# lt-kv-stdp-fast-weight-v1:research-pairangle_phase_tau2_r2_unrotated_dca1_qkl2_sum; per segment 0+8 blocks (no-grad+grad); train segments=16
# seg acc exact n exact_percent churn
   1 0.713108     13    512 2.5391 0.000000
   2 0.768519     73    512 14.2578 0.184703
   3 0.797140    168    512 32.8125 0.121190
   4 0.814091    216    512 42.1875 0.097246
   5 0.827715    253    512 49.4141 0.088252
   6 0.836347    271    512 52.9297 0.081380
   7 0.836926    280    512 54.6875 0.073785
   8 0.838373    286    512 55.8594 0.068215
   9 0.842014    291    512 56.8359 0.070312
  10 0.847295    293    512 57.2266 0.071952
  11 0.848235    298    512 58.2031 0.068359
  12 0.847295    301    512 58.7891 0.065707
  13 0.849923    305    512 59.5703 0.067491
  14 0.850911    307    512 59.9609 0.068335
  15 0.850429    308    512 60.1562 0.063850
  16 0.852551    310    512 60.5469 0.064525  <-train
  17 0.854866    313    512 61.1328 0.066237
  18 0.853757    314    512 61.3281 0.062910
  19 0.856096    317    512 61.9141 0.062042
  20 0.856867    318    512 62.1094 0.063465
  21 0.856337    318    512 62.1094 0.060065
  22 0.859037    319    512 62.3047 0.064646
  23 0.860315    320    512 62.5000 0.063416
  24 0.859062    322    512 62.8906 0.060330
  25 0.859544    322    512 62.8906 0.059944
  26 0.859086    322    512 62.8906 0.060137
  27 0.862582    325    512 63.4766 0.057919
  28 0.862389    327    512 63.8672 0.057364
  29 0.861955    329    512 64.2578 0.057292
  30 0.863402    330    512 64.4531 0.059775
  31 0.864270    332    512 64.8438 0.059004
  32 0.863595    331    512 64.6484 0.058907
  33 0.866078    333    512 65.0391 0.058859
  34 0.863860    332    512 64.8438 0.058329
  35 0.863450    332    512 64.8438 0.056327
  36 0.864704    332    512 64.8438 0.057243
  37 0.864897    333    512 65.0391 0.055917
  38 0.864897    334    512 65.2344 0.055990
  39 0.866078    333    512 65.0391 0.058618
  40 0.865234    333    512 65.0391 0.058473
  41 0.864439    334    512 65.2344 0.057147
  42 0.866440    333    512 65.0391 0.058859
  43 0.865717    334    512 65.2344 0.056737
  44 0.865162    334    512 65.2344 0.054760
  45 0.864439    334    512 65.2344 0.057026
  46 0.866223    334    512 65.2344 0.055845
  47 0.865741    333    512 65.0391 0.054567
  48 0.864945    333    512 65.0391 0.055748
  49 0.864463    335    512 65.4297 0.058859
  50 0.867501    334    512 65.2344 0.056761
  51 0.867043    336    512 65.6250 0.057316
  52 0.865548    336    512 65.6250 0.055025
  53 0.868321    337    512 65.8203 0.053868
  54 0.867043    338    512 66.0156 0.055531
  55 0.869454    337    512 65.8203 0.052493
  56 0.867380    338    512 66.0156 0.053602
  57 0.867573    338    512 66.0156 0.055556
  58 0.867766    337    512 65.8203 0.054085
  59 0.867983    338    512 66.0156 0.055604
  60 0.869334    338    512 66.0156 0.050709
  61 0.868080    339    512 66.2109 0.051432
  62 0.869406    341    512 66.6016 0.052662
  63 0.869092    339    512 66.2109 0.051698
  64 0.869141    340    512 66.4062 0.053361
  65 0.869309    340    512 66.4062 0.053193
  66 0.870250    340    512 66.4062 0.052927
  67 0.869647    341    512 66.6016 0.053217
  68 0.870346    340    512 66.4062 0.053506
  69 0.869502    341    512 66.6016 0.054012
  70 0.870202    341    512 66.6016 0.053024
  71 0.868948    341    512 66.6016 0.053144
  72 0.869044    341    512 66.6016 0.054567
  73 0.868417    341    512 66.6016 0.053096
  74 0.869309    341    512 66.6016 0.052180
  75 0.868393    341    512 66.6016 0.052614
  76 0.868803    341    512 66.6016 0.054591
  77 0.869141    341    512 66.6016 0.053024
  78 0.871648    341    512 66.6016 0.053217
  79 0.871672    341    512 66.6016 0.054302
  80 0.870901    342    512 66.7969 0.051264
  81 0.869864    341    512 66.6016 0.051866
  82 0.871769    341    512 66.6016 0.051481
  83 0.870033    341    512 66.6016 0.051360
  84 0.871624    342    512 66.7969 0.052783
  85 0.870443    342    512 66.7969 0.053482
  86 0.871190    341    512 66.6016 0.054278
  87 0.871046    342    512 66.7969 0.051143
  88 0.872299    342    512 66.7969 0.051963
  89 0.872179    342    512 66.7969 0.053627
  90 0.871166    342    512 66.7969 0.051722
  91 0.872058    342    512 66.7969 0.051794
  92 0.871962    342    512 66.7969 0.052590
  93 0.870660    342    512 66.7969 0.050950
  94 0.872299    342    512 66.7969 0.049889
  95 0.870443    342    512 66.7969 0.052903
  96 0.870419    342    512 66.7969 0.053627
  97 0.873529    342    512 66.7969 0.052686
  98 0.871889    342    512 66.7969 0.052807
  99 0.870250    341    512 66.6016 0.050444
 100 0.870226    342    512 66.7969 0.051746
 101 0.870804    342    512 66.7969 0.053096
 102 0.871624    342    512 66.7969 0.052517
 103 0.872806    343    512 66.9922 0.054157
 104 0.871287    343    512 66.9922 0.052059
 105 0.872396    344    512 67.1875 0.050974
 106 0.872131    345    512 67.3828 0.054085
 107 0.873167    344    512 67.1875 0.051698
 108 0.874132    346    512 67.5781 0.051046
 109 0.873867    346    512 67.5781 0.052469
 110 0.871841    346    512 67.5781 0.050492
 111 0.873481    346    512 67.5781 0.051143
 112 0.873336    345    512 67.3828 0.051360
 113 0.872999    346    512 67.5781 0.053554
 114 0.872541    346    512 67.5781 0.052469
 115 0.872999    346    512 67.5781 0.053651
 116 0.872878    346    512 67.5781 0.049576
 117 0.874228    347    512 67.7734 0.051046
 118 0.873384    347    512 67.7734 0.050564
 119 0.873023    348    512 67.9688 0.050130
 120 0.872227    347    512 67.7734 0.050733
 121 0.872444    347    512 67.7734 0.051264
 122 0.873264    346    512 67.5781 0.051866
 123 0.873963    348    512 67.9688 0.049769
 124 0.875096    348    512 67.9688 0.053000
 125 0.876471    347    512 67.7734 0.052300
 126 0.875747    349    512 68.1641 0.050588
 127 0.874807    349    512 68.1641 0.051071
 128 0.875940    348    512 67.9688 0.050902

# train: seg16 acc=0.852551 exact=310/512 (60.5469%) churn=0.064525
# best_acc [same n=512]: seg125 acc=0.876471 exact=347/512 (67.7734%) churn=0.052300
# best_exact [same n=512]: seg126 acc=0.875747 exact=349/512 (68.1641%) churn=0.050588
# final: seg128 acc=0.875940 exact=348/512 (67.9688%) churn=0.050902
# best-train: exact=+39 percentage_points=+7.6172
[EXTRAP] step 150000 weights=raw -> /workspace/something/runs/pairangle_unrotated_dca1_tau2_r2_qkl2_sum_20261009/diagnostics/extrap_step150000_ema_n512_seg128.txt, /workspace/something/runs/pairangle_unrotated_dca1_tau2_r2_qkl2_sum_20261009/diagnostics/extrap_step150000_ema_n512_seg128.json, /workspace/something/runs/pairangle_unrotated_dca1_tau2_r2_qkl2_sum_20261009/diagnostics/extrap_results.jsonl
WROTE /workspace/something/runs/pairangle_unrotated_dca1_tau2_r2_qkl2_sum_20261009/diagnostics/extrap_step150000_ema_n512_seg128.txt (ema)
[EXTRAP] start step=150000 weights=raw segs=128 global_n=2048
# step=150000 weights=raw segs=128 global_n=2048 elapsed=225.5s partial=False
# lt-kv-stdp-fast-weight-v1:research-pairangle_phase_tau2_r2_unrotated_dca1_qkl2_sum; per segment 0+8 blocks (no-grad+grad); train segments=16
# seg acc exact n exact_percent churn
   1 0.725417     53   2048 2.5879 0.000000
   2 0.786054    280   2048 13.6719 0.184787
   3 0.814284    717   2048 35.0098 0.122239
   4 0.835956    925   2048 45.1660 0.098946
   5 0.846234   1061   2048 51.8066 0.085546
   6 0.855005   1141   2048 55.7129 0.077420
   7 0.857934   1186   2048 57.9102 0.071868
   8 0.860978   1213   2048 59.2285 0.068998
   9 0.863926   1235   2048 60.3027 0.066810
  10 0.865572   1250   2048 61.0352 0.067811
  11 0.865686   1262   2048 61.6211 0.065888
  12 0.866802   1268   2048 61.9141 0.062874
  13 0.868399   1276   2048 62.3047 0.064085
  14 0.870618   1285   2048 62.7441 0.063157
  15 0.871100   1295   2048 63.2324 0.060975
  16 0.872450   1300   2048 63.4766 0.061017  <-train
  17 0.873131   1308   2048 63.8672 0.061650
  18 0.873680   1312   2048 64.0625 0.059721
  19 0.874789   1323   2048 64.5996 0.060239
  20 0.875880   1327   2048 64.7949 0.059582
  21 0.876453   1332   2048 65.0391 0.057418
  22 0.878171   1335   2048 65.1855 0.058111
  23 0.878044   1341   2048 65.4785 0.056882
  24 0.878448   1345   2048 65.6738 0.056852
  25 0.878098   1349   2048 65.8691 0.055260
  26 0.877785   1348   2048 65.8203 0.056930
  27 0.879141   1352   2048 66.0156 0.054868
  28 0.879817   1355   2048 66.1621 0.055628
  29 0.879612   1358   2048 66.3086 0.055140
  30 0.880058   1357   2048 66.2598 0.056870
  31 0.881022   1362   2048 66.5039 0.055399
  32 0.881438   1364   2048 66.6016 0.054706
  33 0.882047   1365   2048 66.6504 0.054995
  34 0.881770   1368   2048 66.7969 0.054314
  35 0.881052   1369   2048 66.8457 0.053482
  36 0.881878   1371   2048 66.9434 0.053566
  37 0.881932   1373   2048 67.0410 0.052861
  38 0.882113   1375   2048 67.1387 0.052746
  39 0.883753   1376   2048 67.1875 0.053584
  40 0.883379   1379   2048 67.3340 0.053223
  41 0.883439   1383   2048 67.5293 0.053223
  42 0.883970   1382   2048 67.4805 0.054615
  43 0.883656   1384   2048 67.5781 0.053271
  44 0.883723   1385   2048 67.6270 0.052330
  45 0.883668   1386   2048 67.6758 0.052252
  46 0.884476   1389   2048 67.8223 0.052686
  47 0.884259   1388   2048 67.7734 0.051372
  48 0.884735   1389   2048 67.8223 0.051884
  49 0.884235   1389   2048 67.8223 0.053319
  50 0.885833   1390   2048 67.8711 0.053090
  51 0.885121   1393   2048 68.0176 0.052728
  52 0.885356   1397   2048 68.2129 0.051824
  53 0.885501   1399   2048 68.3105 0.051824
  54 0.886230   1402   2048 68.4570 0.051493
  55 0.886924   1403   2048 68.5059 0.050872
  56 0.886863   1405   2048 68.6035 0.051053
  57 0.886502   1406   2048 68.6523 0.050884
  58 0.886900   1406   2048 68.6523 0.051022
  59 0.887334   1406   2048 68.6523 0.050691
  60 0.887207   1406   2048 68.6523 0.049184
  61 0.887557   1407   2048 68.7012 0.049503
  62 0.887117   1408   2048 68.7500 0.050190
  63 0.887062   1407   2048 68.7012 0.049322
  64 0.887297   1409   2048 68.7988 0.049642
  65 0.886966   1408   2048 68.7500 0.050625
  66 0.887364   1409   2048 68.7988 0.049973
  67 0.887635   1411   2048 68.8965 0.049781
  68 0.888208   1409   2048 68.7988 0.049805
  69 0.888172   1412   2048 68.9453 0.050426
  70 0.887768   1412   2048 68.9453 0.049431
  71 0.887352   1413   2048 68.9941 0.049298
  72 0.888274   1415   2048 69.0918 0.050637
  73 0.887683   1414   2048 69.0430 0.050673
  74 0.887930   1414   2048 69.0430 0.050022
  75 0.887074   1415   2048 69.0918 0.050040
  76 0.887955   1415   2048 69.0918 0.051257
  77 0.887665   1415   2048 69.0918 0.050829
  78 0.888383   1416   2048 69.1406 0.049545
  79 0.888431   1414   2048 69.0430 0.049865
  80 0.888340   1417   2048 69.1895 0.049533
  81 0.888346   1415   2048 69.0918 0.049503
  82 0.888123   1414   2048 69.0430 0.049943
  83 0.888081   1415   2048 69.0918 0.049268
  84 0.887822   1417   2048 69.1895 0.050691
  85 0.889166   1416   2048 69.1406 0.050227
  86 0.888744   1417   2048 69.1895 0.050854
  87 0.889642   1420   2048 69.3359 0.049558
  88 0.889076   1420   2048 69.3359 0.049425
  89 0.888871   1420   2048 69.3359 0.050468
  90 0.889323   1419   2048 69.2871 0.049998
  91 0.889468   1421   2048 69.3848 0.049992
  92 0.888708   1422   2048 69.4336 0.049057
  93 0.889456   1421   2048 69.3848 0.049576
  94 0.890239   1423   2048 69.4824 0.048014
  95 0.888925   1423   2048 69.4824 0.049268
  96 0.889896   1424   2048 69.5312 0.048466
  97 0.890167   1425   2048 69.5801 0.049075
  98 0.890957   1425   2048 69.5801 0.048641
  99 0.889064   1425   2048 69.5801 0.047237
 100 0.889793   1425   2048 69.5801 0.048466
 101 0.890541   1426   2048 69.6289 0.048539
 102 0.890444   1426   2048 69.6289 0.048581
 103 0.889588   1428   2048 69.7266 0.050052
 104 0.890438   1428   2048 69.7266 0.049238
 105 0.891035   1431   2048 69.8730 0.048280
 106 0.890908   1435   2048 70.0684 0.048677
 107 0.891083   1434   2048 70.0195 0.048786
 108 0.890782   1435   2048 70.0684 0.048509
 109 0.891650   1436   2048 70.1172 0.048714
 110 0.891348   1436   2048 70.1172 0.047815
 111 0.891722   1437   2048 70.1660 0.048304
 112 0.890920   1437   2048 70.1660 0.048521
 113 0.891837   1438   2048 70.2148 0.047683
 114 0.892005   1439   2048 70.2637 0.047803
 115 0.892385   1438   2048 70.2148 0.048647
 116 0.891583   1438   2048 70.2148 0.047695
 117 0.892090   1439   2048 70.2637 0.048780
 118 0.892005   1439   2048 70.2637 0.048316
 119 0.890981   1441   2048 70.3613 0.046984
 120 0.891680   1438   2048 70.2148 0.048587
 121 0.890643   1439   2048 70.2637 0.048014
 122 0.891752   1438   2048 70.2148 0.048497
 123 0.891831   1440   2048 70.3125 0.046941
 124 0.892210   1440   2048 70.3125 0.049226
 125 0.892301   1440   2048 70.3125 0.048153
 126 0.892247   1442   2048 70.4102 0.048900
 127 0.892030   1442   2048 70.4102 0.048231
 128 0.893428   1440   2048 70.3125 0.048334

# train: seg16 acc=0.872450 exact=1300/2048 (63.4766%) churn=0.061017
# best_acc [same n=2048]: seg128 acc=0.893428 exact=1440/2048 (70.3125%) churn=0.048334
# best_exact [same n=2048]: seg126 acc=0.892247 exact=1442/2048 (70.4102%) churn=0.048900
# final: seg128 acc=0.893428 exact=1440/2048 (70.3125%) churn=0.048334
# best-train: exact=+142 percentage_points=+6.9336
[EXTRAP] step 150000 weights=raw -> /workspace/something/runs/pairangle_unrotated_dca1_tau2_r2_qkl2_sum_20261009/diagnostics/extrap_step150000_ema_n2048_seg128.txt, /workspace/something/runs/pairangle_unrotated_dca1_tau2_r2_qkl2_sum_20261009/diagnostics/extrap_step150000_ema_n2048_seg128.json, /workspace/something/runs/pairangle_unrotated_dca1_tau2_r2_qkl2_sum_20261009/diagnostics/extrap_results.jsonl
WROTE /workspace/something/runs/pairangle_unrotated_dca1_tau2_r2_qkl2_sum_20261009/diagnostics/extrap_step150000_ema_n2048_seg128.txt (ema)
[EXTRAP] start step=150000 weights=raw segs=128 global_n=512
# step=150000 weights=raw segs=128 global_n=512 elapsed=56.3s partial=False
# lt-kv-stdp-fast-weight-v1:research-pairangle_phase_tau2_r2_unrotated_dca1_qkl2_sum; per segment 0+8 blocks (no-grad+grad); train segments=16
# seg acc exact n exact_percent churn
   1 0.688730     13    512 2.5391 0.000000
   2 0.729215     39    512 7.6172 0.183594
   3 0.755088    102    512 19.9219 0.121190
   4 0.766879    149    512 29.1016 0.095221
   5 0.774957    183    512 35.7422 0.082562
   6 0.779417    196    512 38.2812 0.075907
   7 0.783661    204    512 39.8438 0.074653
   8 0.785952    212    512 41.4062 0.068408
   9 0.786820    215    512 41.9922 0.069469
  10 0.789159    219    512 42.7734 0.068070
  11 0.787760    219    512 42.7734 0.068408
  12 0.793210    222    512 43.3594 0.066961
  13 0.791643    223    512 43.5547 0.067395
  14 0.790075    226    512 44.1406 0.066020
  15 0.788845    226    512 44.1406 0.066864
  16 0.791739    226    512 44.1406 0.068480  <-train
  17 0.792896    226    512 44.1406 0.064670
  18 0.793789    227    512 44.3359 0.065466
  19 0.792848    229    512 44.7266 0.064791
  20 0.791546    230    512 44.9219 0.063754
  21 0.793861    231    512 45.1172 0.064550
  22 0.794271    231    512 45.1172 0.065659
  23 0.797381    233    512 45.5078 0.064984
  24 0.795693    235    512 45.8984 0.064260
  25 0.796369    236    512 46.0938 0.063874
  26 0.796706    236    512 46.0938 0.064043
  27 0.795886    237    512 46.2891 0.063127
  28 0.796031    237    512 46.2891 0.065008
  29 0.797840    237    512 46.2891 0.061487
  30 0.799407    237    512 46.2891 0.059269
  31 0.799142    239    512 46.6797 0.060523
  32 0.796730    239    512 46.6797 0.059896
  33 0.800251    241    512 47.0703 0.060354
  34 0.801963    242    512 47.2656 0.060764
  35 0.800854    243    512 47.4609 0.061584
  36 0.801191    243    512 47.4609 0.057726
  37 0.800781    244    512 47.6562 0.059221
  38 0.800371    244    512 47.6562 0.061560
  39 0.802252    244    512 47.6562 0.061945
  40 0.799696    244    512 47.6562 0.059124
  41 0.801095    244    512 47.6562 0.059172
  42 0.801553    244    512 47.6562 0.059727
  43 0.800516    244    512 47.6562 0.059944
  44 0.801239    244    512 47.6562 0.058618
  45 0.800516    244    512 47.6562 0.058449
  46 0.801866    244    512 47.6562 0.060523
  47 0.800757    244    512 47.6562 0.062211
  48 0.800926    245    512 47.8516 0.059655
  49 0.802035    245    512 47.8516 0.059823
  50 0.802566    246    512 48.0469 0.060643
  51 0.802493    246    512 48.0469 0.059389
  52 0.802903    247    512 48.2422 0.059606
  53 0.801818    247    512 48.2422 0.063537
  54 0.804760    248    512 48.4375 0.061029
  55 0.803265    248    512 48.4375 0.057991
  56 0.802566    248    512 48.4375 0.063151
  57 0.801215    248    512 48.4375 0.058811
  58 0.805411    248    512 48.4375 0.061318
  59 0.800709    248    512 48.4375 0.060041
  60 0.803024    248    512 48.4375 0.058497
  61 0.802927    248    512 48.4375 0.056665
  62 0.804157    248    512 48.4375 0.060667
  63 0.803265    248    512 48.4375 0.060788
  64 0.805652    249    512 48.6328 0.061728
  65 0.802710    249    512 48.6328 0.059606
  66 0.804446    249    512 48.6328 0.058256
  67 0.802541    249    512 48.6328 0.059486
  68 0.802517    249    512 48.6328 0.061126
  69 0.805073    249    512 48.6328 0.058835
  70 0.803675    249    512 48.6328 0.060499
  71 0.802397    249    512 48.6328 0.058136
  72 0.802614    249    512 48.6328 0.056351
  73 0.802035    249    512 48.6328 0.057726
  74 0.803168    249    512 48.6328 0.060137
  75 0.804133    249    512 48.6328 0.058015
  76 0.805001    249    512 48.6328 0.059462
  77 0.803048    249    512 48.6328 0.056496
  78 0.803675    249    512 48.6328 0.059052
  79 0.803385    249    512 48.6328 0.058160
  80 0.802783    249    512 48.6328 0.059389
  81 0.802156    249    512 48.6328 0.061849
  82 0.802927    249    512 48.6328 0.060089
  83 0.802373    249    512 48.6328 0.057822
  84 0.802903    249    512 48.6328 0.058087
  85 0.801963    249    512 48.6328 0.059197
  86 0.802590    249    512 48.6328 0.059414
  87 0.803506    249    512 48.6328 0.057292
  88 0.802566    249    512 48.6328 0.059269
  89 0.804495    249    512 48.6328 0.059534
  90 0.802807    249    512 48.6328 0.060016
  91 0.802879    249    512 48.6328 0.057388
  92 0.801215    249    512 48.6328 0.059317
  93 0.802373    249    512 48.6328 0.059920
  94 0.804012    249    512 48.6328 0.057919
  95 0.801384    249    512 48.6328 0.057485
  96 0.800878    249    512 48.6328 0.057292
  97 0.802373    249    512 48.6328 0.056906
  98 0.804205    249    512 48.6328 0.058497
  99 0.803482    249    512 48.6328 0.060450
 100 0.802807    249    512 48.6328 0.058594
 101 0.803964    249    512 48.6328 0.058690
 102 0.804302    249    512 48.6328 0.058618
 103 0.804880    249    512 48.6328 0.058039
 104 0.805580    249    512 48.6328 0.057653
 105 0.801987    249    512 48.6328 0.059028
 106 0.803892    249    512 48.6328 0.057702
 107 0.801698    249    512 48.6328 0.058497
 108 0.803168    249    512 48.6328 0.058835
 109 0.802590    249    512 48.6328 0.059655
 110 0.804422    249    512 48.6328 0.058208
 111 0.804157    249    512 48.6328 0.061126
 112 0.803313    249    512 48.6328 0.058401
 113 0.804760    249    512 48.6328 0.060378
 114 0.804856    249    512 48.6328 0.059679
 115 0.802397    249    512 48.6328 0.058473
 116 0.803940    249    512 48.6328 0.057340
 117 0.802300    249    512 48.6328 0.059751
 118 0.803144    249    512 48.6328 0.058618
 119 0.805363    249    512 48.6328 0.059269
 120 0.802927    249    512 48.6328 0.062500
 121 0.803988    249    512 48.6328 0.059414
 122 0.803482    249    512 48.6328 0.057147
 123 0.804760    249    512 48.6328 0.057557
 124 0.805025    249    512 48.6328 0.059510
 125 0.801770    249    512 48.6328 0.059076
 126 0.803120    249    512 48.6328 0.058353
 127 0.803819    249    512 48.6328 0.057894
 128 0.803120    249    512 48.6328 0.057002

# train: seg16 acc=0.791739 exact=226/512 (44.1406%) churn=0.068480
# best_acc [same n=512]: seg64 acc=0.805652 exact=249/512 (48.6328%) churn=0.061728
# best_exact [same n=512]: seg64 acc=0.805652 exact=249/512 (48.6328%) churn=0.061728
# final: seg128 acc=0.803120 exact=249/512 (48.6328%) churn=0.057002
# best-train: exact=+23 percentage_points=+4.4922
[EXTRAP] step 150000 weights=raw -> /workspace/something/runs/pairangle_unrotated_dca1_tau2_r2_qkl2_sum_20261009/diagnostics/extrap_step150000_raw_n512_seg128.txt, /workspace/something/runs/pairangle_unrotated_dca1_tau2_r2_qkl2_sum_20261009/diagnostics/extrap_step150000_raw_n512_seg128.json, /workspace/something/runs/pairangle_unrotated_dca1_tau2_r2_qkl2_sum_20261009/diagnostics/extrap_results.jsonl
WROTE /workspace/something/runs/pairangle_unrotated_dca1_tau2_r2_qkl2_sum_20261009/diagnostics/extrap_step150000_raw_n512_seg128.txt (raw)
[EXTRAP] start step=150000 weights=raw segs=128 global_n=2048
# step=150000 weights=raw segs=128 global_n=2048 elapsed=231.1s partial=False
# lt-kv-stdp-fast-weight-v1:research-pairangle_phase_tau2_r2_unrotated_dca1_qkl2_sum; per segment 0+8 blocks (no-grad+grad); train segments=16
# seg acc exact n exact_percent churn
   1 0.700943     53   2048 2.5879 0.000000
   2 0.742947    168   2048 8.2031 0.184534
   3 0.770592    432   2048 21.0938 0.123077
   4 0.785614    636   2048 31.0547 0.093696
   5 0.795157    761   2048 37.1582 0.080416
   6 0.800745    825   2048 40.2832 0.074918
   7 0.804006    876   2048 42.7734 0.072856
   8 0.805531    903   2048 44.0918 0.068166
   9 0.807026    915   2048 44.6777 0.067280
  10 0.809757    930   2048 45.4102 0.067347
  11 0.808485    939   2048 45.8496 0.064586
  12 0.811144    951   2048 46.4355 0.066454
  13 0.813223    962   2048 46.9727 0.064978
  14 0.813254    973   2048 47.5098 0.063223
  15 0.812783    977   2048 47.7051 0.063947
  16 0.814718    982   2048 47.9492 0.063187  <-train
  17 0.814375    987   2048 48.1934 0.061994
  18 0.815183    990   2048 48.3398 0.061656
  19 0.815852    998   2048 48.7305 0.062090
  20 0.816111   1003   2048 48.9746 0.061638
  21 0.816635   1006   2048 49.1211 0.061011
  22 0.816557   1010   2048 49.3164 0.059697
  23 0.818588   1015   2048 49.5605 0.060511
  24 0.818818   1021   2048 49.8535 0.060420
  25 0.818709   1028   2048 50.1953 0.059998
  26 0.819734   1033   2048 50.4395 0.058479
  27 0.820536   1035   2048 50.5371 0.058889
  28 0.820108   1036   2048 50.5859 0.058377
  29 0.819463   1037   2048 50.6348 0.057617
  30 0.819885   1039   2048 50.7324 0.056936
  31 0.821572   1041   2048 50.8301 0.057907
  32 0.820777   1043   2048 50.9277 0.057201
  33 0.821108   1045   2048 51.0254 0.057448
  34 0.821964   1049   2048 51.2207 0.057002
  35 0.823405   1052   2048 51.3672 0.058347
  36 0.822742   1053   2048 51.4160 0.056273
  37 0.822127   1056   2048 51.5625 0.056496
  38 0.822471   1058   2048 51.6602 0.056749
  39 0.823104   1060   2048 51.7578 0.057491
  40 0.823152   1061   2048 51.8066 0.056158
  41 0.823658   1062   2048 51.8555 0.055519
  42 0.822742   1062   2048 51.8555 0.055242
  43 0.822501   1062   2048 51.8555 0.056502
  44 0.824430   1063   2048 51.9043 0.056086
  45 0.823417   1064   2048 51.9531 0.057069
  46 0.823586   1065   2048 52.0020 0.056840
  47 0.823393   1065   2048 52.0020 0.056906
  48 0.824954   1066   2048 52.0508 0.056074
  49 0.824345   1066   2048 52.0508 0.055357
  50 0.823327   1068   2048 52.1484 0.055682
  51 0.824888   1068   2048 52.1484 0.055351
  52 0.824948   1069   2048 52.1973 0.055851
  53 0.824363   1070   2048 52.2461 0.056882
  54 0.824942   1071   2048 52.2949 0.056406
  55 0.824291   1071   2048 52.2949 0.057268
  56 0.824846   1073   2048 52.3926 0.058232
  57 0.824267   1073   2048 52.3926 0.056683
  58 0.824677   1073   2048 52.3926 0.056357
  59 0.823996   1074   2048 52.4414 0.056032
  60 0.824472   1074   2048 52.4414 0.055339
  61 0.825864   1075   2048 52.4902 0.055706
  62 0.825256   1075   2048 52.4902 0.055935
  63 0.824695   1075   2048 52.4902 0.055748
  64 0.825400   1077   2048 52.5879 0.055471
  65 0.825786   1078   2048 52.6367 0.056110
  66 0.825659   1078   2048 52.6367 0.056074
  67 0.825370   1079   2048 52.6855 0.055357
  68 0.825340   1079   2048 52.6855 0.056122
  69 0.826244   1080   2048 52.7344 0.054380
  70 0.824785   1081   2048 52.7832 0.054844
  71 0.824333   1081   2048 52.7832 0.055399
  72 0.824647   1081   2048 52.7832 0.054543
  73 0.825961   1081   2048 52.7832 0.054971
  74 0.826178   1082   2048 52.8320 0.055417
  75 0.825852   1082   2048 52.8320 0.055128
  76 0.826558   1082   2048 52.8320 0.055097
  77 0.826648   1083   2048 52.8809 0.053675
  78 0.826431   1083   2048 52.8809 0.053789
  79 0.826763   1083   2048 52.8809 0.053277
  80 0.826087   1083   2048 52.8809 0.054519
  81 0.825509   1084   2048 52.9297 0.055911
  82 0.826877   1084   2048 52.9297 0.053922
  83 0.826311   1086   2048 53.0273 0.054326
  84 0.826323   1088   2048 53.1250 0.054386
  85 0.826431   1088   2048 53.1250 0.054820
  86 0.825937   1088   2048 53.1250 0.055405
  87 0.826232   1089   2048 53.1738 0.054603
  88 0.827130   1089   2048 53.1738 0.056062
  89 0.827064   1089   2048 53.1738 0.055399
  90 0.827516   1089   2048 53.1738 0.055616
  91 0.826455   1090   2048 53.2227 0.053488
  92 0.826304   1090   2048 53.2227 0.054675
  93 0.825497   1090   2048 53.2227 0.054097
  94 0.827106   1090   2048 53.2227 0.054097
  95 0.826250   1090   2048 53.2227 0.053150
  96 0.826937   1091   2048 53.2715 0.053633
  97 0.827239   1091   2048 53.2715 0.053289
  98 0.827631   1092   2048 53.3203 0.053645
  99 0.827233   1093   2048 53.3691 0.053560
 100 0.827775   1094   2048 53.4180 0.053168
 101 0.826925   1094   2048 53.4180 0.053205
 102 0.826937   1094   2048 53.4180 0.053126
 103 0.828143   1094   2048 53.4180 0.053235
 104 0.828083   1094   2048 53.4180 0.054398
 105 0.827414   1094   2048 53.4180 0.053434
 106 0.826895   1094   2048 53.4180 0.054458
 107 0.826757   1094   2048 53.4180 0.054513
 108 0.827558   1094   2048 53.4180 0.055013
 109 0.827613   1094   2048 53.4180 0.054898
 110 0.828240   1094   2048 53.4180 0.053621
 111 0.826678   1094   2048 53.4180 0.054953
 112 0.827679   1094   2048 53.4180 0.054585
 113 0.828668   1094   2048 53.4180 0.054507
 114 0.827468   1095   2048 53.4668 0.054651
 115 0.826431   1095   2048 53.4668 0.053530
 116 0.828378   1095   2048 53.4668 0.054181
 117 0.827986   1095   2048 53.4668 0.054796
 118 0.828722   1096   2048 53.5156 0.054018
 119 0.827920   1096   2048 53.5156 0.053982
 120 0.827739   1096   2048 53.5156 0.055254
 121 0.828221   1097   2048 53.5645 0.054151
 122 0.827378   1098   2048 53.6133 0.053976
 123 0.828764   1098   2048 53.6133 0.053832
 124 0.829017   1098   2048 53.6133 0.053777
 125 0.827492   1098   2048 53.6133 0.053850
 126 0.828396   1098   2048 53.6133 0.052650
 127 0.828221   1099   2048 53.6621 0.053572
 128 0.828065   1099   2048 53.6621 0.053114

# train: seg16 acc=0.814718 exact=982/2048 (47.9492%) churn=0.063187
# best_acc [same n=2048]: seg124 acc=0.829017 exact=1098/2048 (53.6133%) churn=0.053777
# best_exact [same n=2048]: seg127 acc=0.828221 exact=1099/2048 (53.6621%) churn=0.053572
# final: seg128 acc=0.828065 exact=1099/2048 (53.6621%) churn=0.053114
# best-train: exact=+117 percentage_points=+5.7129
[EXTRAP] step 150000 weights=raw -> /workspace/something/runs/pairangle_unrotated_dca1_tau2_r2_qkl2_sum_20261009/diagnostics/extrap_step150000_raw_n2048_seg128.txt, /workspace/something/runs/pairangle_unrotated_dca1_tau2_r2_qkl2_sum_20261009/diagnostics/extrap_step150000_raw_n2048_seg128.json, /workspace/something/runs/pairangle_unrotated_dca1_tau2_r2_qkl2_sum_20261009/diagnostics/extrap_results.jsonl
WROTE /workspace/something/runs/pairangle_unrotated_dca1_tau2_r2_qkl2_sum_20261009/diagnostics/extrap_step150000_raw_n2048_seg128.txt (raw)
