[EXTRAP] start step=100000 weights=raw segs=128 global_n=512
# step=100000 weights=raw segs=128 global_n=512 elapsed=56.6s partial=False
# lt-kv-stdp-fast-weight-v1:research-pairangle_phase_tau2_r2_unrotated_dca1_qkl2_sum; per segment 0+8 blocks (no-grad+grad); train segments=16
# seg acc exact n exact_percent churn
   1 0.710094     13    512 2.5391 0.000000
   2 0.768060     72    512 14.0625 0.184510
   3 0.800781    171    512 33.3984 0.122541
   4 0.819589    225    512 43.9453 0.091459
   5 0.826751    258    512 50.3906 0.081019
   6 0.830536    270    512 52.7344 0.076582
   7 0.835455    276    512 53.9062 0.075617
   8 0.839916    283    512 55.2734 0.073134
   9 0.842448    289    512 56.4453 0.072483
  10 0.845221    294    512 57.4219 0.070843
  11 0.844136    297    512 58.0078 0.067274
  12 0.849730    299    512 58.3984 0.066262
  13 0.850429    304    512 59.3750 0.067660
  14 0.850670    309    512 60.3516 0.065273
  15 0.851466    312    512 60.9375 0.064646
  16 0.853636    313    512 61.1328 0.064284  <-train
  17 0.854625    317    512 61.9141 0.061849
  18 0.856457    320    512 62.5000 0.061463
  19 0.856988    321    512 62.6953 0.061005
  20 0.860098    325    512 63.4766 0.059920
  21 0.858796    326    512 63.6719 0.056062
  22 0.859881    327    512 63.8672 0.059631
  23 0.860267    328    512 64.0625 0.056665
  24 0.861256    328    512 64.0625 0.057822
  25 0.860267    329    512 64.2578 0.056424
  26 0.861087    329    512 64.2578 0.057026
  27 0.861232    329    512 64.2578 0.057629
  28 0.862413    329    512 64.2578 0.057268
  29 0.864969    332    512 64.8438 0.055845
  30 0.862799    333    512 65.0391 0.058136
  31 0.862293    333    512 65.0391 0.055459
  32 0.864632    334    512 65.2344 0.057195
  33 0.864390    335    512 65.4297 0.056399
  34 0.864487    336    512 65.6250 0.054639
  35 0.865741    336    512 65.6250 0.054036
  36 0.865403    337    512 65.8203 0.054663
  37 0.863257    337    512 65.8203 0.054302
  38 0.867380    337    512 65.8203 0.056351
  39 0.865041    337    512 65.8203 0.059245
  40 0.865693    337    512 65.8203 0.054856
  41 0.862654    337    512 65.8203 0.055748
  42 0.864800    337    512 65.8203 0.054085
  43 0.864125    337    512 65.8203 0.053168
  44 0.865162    337    512 65.8203 0.054036
  45 0.865813    337    512 65.8203 0.057894
  46 0.865090    337    512 65.8203 0.054229
  47 0.867501    337    512 65.8203 0.053819
  48 0.864704    337    512 65.8203 0.054663
  49 0.865258    338    512 66.0156 0.054133
  50 0.864198    338    512 66.0156 0.053289
  51 0.865114    338    512 66.0156 0.056520
  52 0.866247    338    512 66.0156 0.054495
  53 0.864511    338    512 66.0156 0.052951
  54 0.864583    338    512 66.0156 0.054157
  55 0.865885    338    512 66.0156 0.052156
  56 0.865066    338    512 66.0156 0.055290
  57 0.865596    338    512 66.0156 0.053723
  58 0.865548    338    512 66.0156 0.057123
  59 0.865668    338    512 66.0156 0.054832
  60 0.867887    339    512 66.2109 0.055363
  61 0.866054    340    512 66.4062 0.051119
  62 0.867477    340    512 66.4062 0.052204
  63 0.865403    341    512 66.6016 0.052059
  64 0.867380    341    512 66.6016 0.056978
  65 0.868224    342    512 66.7969 0.055170
  66 0.869575    342    512 66.7969 0.051866
  67 0.867284    342    512 66.7969 0.052397
  68 0.867043    342    512 66.7969 0.051963
  69 0.866247    342    512 66.7969 0.051553
  70 0.865837    342    512 66.7969 0.052614
  71 0.867477    342    512 66.7969 0.052927
  72 0.868827    342    512 66.7969 0.055290
  73 0.867959    342    512 66.7969 0.054374
  74 0.868200    342    512 66.7969 0.052132
  75 0.866802    342    512 66.7969 0.052011
  76 0.867911    342    512 66.7969 0.053723
  77 0.866344    342    512 66.7969 0.050227
  78 0.866826    342    512 66.7969 0.053024
  79 0.868345    342    512 66.7969 0.051794
  80 0.869020    342    512 66.7969 0.052011
  81 0.866512    342    512 66.7969 0.052807
  82 0.868682    343    512 66.9922 0.052276
  83 0.867091    343    512 66.9922 0.053241
  84 0.867646    343    512 66.9922 0.050034
  85 0.868634    343    512 66.9922 0.051939
  86 0.867067    343    512 66.9922 0.054688
  87 0.866922    343    512 66.9922 0.052156
  88 0.869044    343    512 66.9922 0.051866
  89 0.869816    343    512 66.9922 0.051987
  90 0.871648    343    512 66.9922 0.050178
  91 0.870732    343    512 66.9922 0.051264
  92 0.868007    343    512 66.9922 0.052373
  93 0.866970    343    512 66.9922 0.051770
  94 0.868248    343    512 66.9922 0.052590
  95 0.867188    343    512 66.9922 0.053000
  96 0.868851    343    512 66.9922 0.053120
  97 0.870804    343    512 66.9922 0.052349
  98 0.869623    343    512 66.9922 0.051481
  99 0.870829    344    512 67.1875 0.050757
 100 0.870780    344    512 67.1875 0.050612
 101 0.870997    345    512 67.3828 0.053120
 102 0.869358    345    512 67.3828 0.047984
 103 0.870419    346    512 67.5781 0.050854
 104 0.869454    346    512 67.5781 0.051239
 105 0.870057    346    512 67.5781 0.051770
 106 0.870443    346    512 67.5781 0.049889
 107 0.868297    347    512 67.7734 0.047815
 108 0.868972    347    512 67.7734 0.048852
 109 0.870250    347    512 67.7734 0.049479
 110 0.870973    347    512 67.7734 0.051722
 111 0.871359    347    512 67.7734 0.051625
 112 0.870877    347    512 67.7734 0.050878
 113 0.870925    347    512 67.7734 0.052397
 114 0.871793    347    512 67.7734 0.049841
 115 0.870997    347    512 67.7734 0.051794
 116 0.873457    347    512 67.7734 0.052373
 117 0.870298    347    512 67.7734 0.051577
 118 0.870105    347    512 67.7734 0.052276
 119 0.869816    347    512 67.7734 0.050998
 120 0.871118    347    512 67.7734 0.052541
 121 0.872468    347    512 67.7734 0.053410
 122 0.874855    347    512 67.7734 0.052638
 123 0.871311    348    512 67.9688 0.052204
 124 0.870226    348    512 67.9688 0.050395
 125 0.871383    348    512 67.9688 0.050130
 126 0.870105    349    512 68.1641 0.049793
 127 0.871889    349    512 68.1641 0.053265
 128 0.871624    349    512 68.1641 0.050420

# train: seg16 acc=0.853636 exact=313/512 (61.1328%) churn=0.064284
# best_acc [same n=512]: seg122 acc=0.874855 exact=347/512 (67.7734%) churn=0.052638
# best_exact [same n=512]: seg126 acc=0.870105 exact=349/512 (68.1641%) churn=0.049793
# final: seg128 acc=0.871624 exact=349/512 (68.1641%) churn=0.050420
# best-train: exact=+36 percentage_points=+7.0312
[EXTRAP] step 100000 weights=raw -> /workspace/something/runs/pairangle_unrotated_dca1_tau2_r2_qkl2_sum_20261009/diagnostics/extrap_step100000_ema_n512_seg128.txt, /workspace/something/runs/pairangle_unrotated_dca1_tau2_r2_qkl2_sum_20261009/diagnostics/extrap_step100000_ema_n512_seg128.json, /workspace/something/runs/pairangle_unrotated_dca1_tau2_r2_qkl2_sum_20261009/diagnostics/extrap_results.jsonl
WROTE /workspace/something/runs/pairangle_unrotated_dca1_tau2_r2_qkl2_sum_20261009/diagnostics/extrap_step100000_ema_n512_seg128.txt (ema)
[EXTRAP] start step=100000 weights=raw segs=128 global_n=2048
# step=100000 weights=raw segs=128 global_n=2048 elapsed=225.3s partial=False
# lt-kv-stdp-fast-weight-v1:research-pairangle_phase_tau2_r2_unrotated_dca1_qkl2_sum; per segment 0+8 blocks (no-grad+grad); train segments=16
# seg acc exact n exact_percent churn
   1 0.721885     53   2048 2.5879 0.000000
   2 0.781588    284   2048 13.8672 0.181291
   3 0.812482    720   2048 35.1562 0.120382
   4 0.830645    930   2048 45.4102 0.094504
   5 0.839838   1040   2048 50.7812 0.083074
   6 0.846475   1102   2048 53.8086 0.079005
   7 0.850285   1142   2048 55.7617 0.073809
   8 0.854655   1176   2048 57.4219 0.072579
   9 0.856463   1202   2048 58.6914 0.070976
  10 0.858869   1219   2048 59.5215 0.070813
  11 0.860255   1233   2048 60.2051 0.067449
  12 0.861376   1244   2048 60.7422 0.065514
  13 0.863637   1259   2048 61.4746 0.065484
  14 0.863613   1272   2048 62.1094 0.065321
  15 0.864439   1281   2048 62.5488 0.063772
  16 0.865500   1286   2048 62.7930 0.063651  <-train
  17 0.866313   1291   2048 63.0371 0.063049
  18 0.866488   1299   2048 63.4277 0.061083
  19 0.868484   1303   2048 63.6230 0.061126
  20 0.869448   1312   2048 64.0625 0.060125
  21 0.870786   1318   2048 64.3555 0.060010
  22 0.870871   1322   2048 64.5508 0.060444
  23 0.873053   1327   2048 64.7949 0.058714
  24 0.873101   1331   2048 64.9902 0.059040
  25 0.871956   1336   2048 65.2344 0.058799
  26 0.872812   1337   2048 65.2832 0.057491
  27 0.872745   1338   2048 65.3320 0.058757
  28 0.874512   1339   2048 65.3809 0.058075
  29 0.873288   1345   2048 65.6738 0.057780
  30 0.873276   1351   2048 65.9668 0.057189
  31 0.874108   1352   2048 66.0156 0.057183
  32 0.874011   1354   2048 66.1133 0.057298
  33 0.874916   1356   2048 66.2109 0.056755
  34 0.875747   1357   2048 66.2598 0.056942
  35 0.876194   1358   2048 66.3086 0.056201
  36 0.876109   1362   2048 66.5039 0.056261
  37 0.875971   1363   2048 66.5527 0.055953
  38 0.877924   1365   2048 66.6504 0.056062
  39 0.876200   1369   2048 66.8457 0.056448
  40 0.876368   1370   2048 66.8945 0.055754
  41 0.876175   1371   2048 66.9434 0.054790
  42 0.877134   1371   2048 66.9434 0.055676
  43 0.877104   1373   2048 67.0410 0.054519
  44 0.877194   1374   2048 67.0898 0.055357
  45 0.877960   1374   2048 67.0898 0.055791
  46 0.877472   1374   2048 67.0898 0.054748
  47 0.879129   1377   2048 67.2363 0.055459
  48 0.877056   1377   2048 67.2363 0.054374
  49 0.878315   1378   2048 67.2852 0.054127
  50 0.877857   1380   2048 67.3828 0.053367
  51 0.877833   1380   2048 67.3828 0.054808
  52 0.877622   1382   2048 67.4805 0.055091
  53 0.878725   1384   2048 67.5781 0.053138
  54 0.878677   1384   2048 67.5781 0.054145
  55 0.879027   1384   2048 67.5781 0.053042
  56 0.879660   1387   2048 67.7246 0.052879
  57 0.879431   1387   2048 67.7246 0.052457
  58 0.880468   1388   2048 67.7734 0.053548
  59 0.879961   1388   2048 67.7734 0.053174
  60 0.880100   1390   2048 67.8711 0.053211
  61 0.879979   1392   2048 67.9688 0.053066
  62 0.880118   1393   2048 68.0176 0.052994
  63 0.880142   1395   2048 68.1152 0.052523
  64 0.881830   1396   2048 68.1641 0.053024
  65 0.881426   1399   2048 68.3105 0.053096
  66 0.881842   1399   2048 68.3105 0.052638
  67 0.881908   1400   2048 68.3594 0.053066
  68 0.882433   1400   2048 68.3594 0.052855
  69 0.880136   1404   2048 68.5547 0.052379
  70 0.881161   1404   2048 68.5547 0.051487
  71 0.882210   1407   2048 68.7012 0.052523
  72 0.882228   1409   2048 68.7988 0.053548
  73 0.882861   1409   2048 68.7988 0.052300
  74 0.882547   1409   2048 68.7988 0.050679
  75 0.882023   1411   2048 68.8965 0.051282
  76 0.882409   1411   2048 68.8965 0.051649
  77 0.882228   1412   2048 68.9453 0.050190
  78 0.882457   1412   2048 68.9453 0.051270
  79 0.883753   1412   2048 68.9453 0.051034
  80 0.883970   1412   2048 68.9453 0.050661
  81 0.882861   1413   2048 68.9941 0.051523
  82 0.883512   1415   2048 69.0918 0.050878
  83 0.883699   1415   2048 69.0918 0.052324
  84 0.883753   1416   2048 69.1406 0.050890
  85 0.883271   1417   2048 69.1895 0.051209
  86 0.882993   1418   2048 69.2383 0.051806
  87 0.884543   1418   2048 69.2383 0.050661
  88 0.885356   1418   2048 69.2383 0.051257
  89 0.883940   1420   2048 69.3359 0.050721
  90 0.884681   1421   2048 69.3848 0.049654
  91 0.885435   1423   2048 69.4824 0.051264
  92 0.884537   1423   2048 69.4824 0.050408
  93 0.884754   1423   2048 69.4824 0.050649
  94 0.886050   1424   2048 69.5312 0.051848
  95 0.884844   1425   2048 69.5801 0.050341
  96 0.885061   1426   2048 69.6289 0.048973
  97 0.887129   1427   2048 69.6777 0.049943
  98 0.885411   1428   2048 69.7266 0.049678
  99 0.886387   1429   2048 69.7754 0.050329
 100 0.885248   1429   2048 69.7754 0.049099
 101 0.886357   1431   2048 69.8730 0.049383
 102 0.884916   1431   2048 69.8730 0.048286
 103 0.885163   1433   2048 69.9707 0.049172
 104 0.884922   1433   2048 69.9707 0.049835
 105 0.886640   1433   2048 69.9707 0.049154
 106 0.886026   1433   2048 69.9707 0.049564
 107 0.886001   1434   2048 70.0195 0.048563
 108 0.885923   1434   2048 70.0195 0.048726
 109 0.886447   1434   2048 70.0195 0.049359
 110 0.886411   1435   2048 70.0684 0.049618
 111 0.887092   1435   2048 70.0684 0.049558
 112 0.886429   1435   2048 70.0684 0.048738
 113 0.887141   1435   2048 70.0684 0.049889
 114 0.886381   1436   2048 70.1172 0.048762
 115 0.886851   1437   2048 70.1660 0.049823
 116 0.887261   1437   2048 70.1660 0.049413
 117 0.886809   1438   2048 70.2148 0.049594
 118 0.887249   1438   2048 70.2148 0.050570
 119 0.885893   1438   2048 70.2148 0.050016
 120 0.886833   1438   2048 70.2148 0.049913
 121 0.887623   1438   2048 70.2148 0.049931
 122 0.888654   1439   2048 70.2637 0.049684
 123 0.887671   1441   2048 70.3613 0.049648
 124 0.887665   1441   2048 70.3613 0.048557
 125 0.887111   1441   2048 70.3613 0.048961
 126 0.886972   1442   2048 70.4102 0.048732
 127 0.887358   1442   2048 70.4102 0.049310
 128 0.887394   1442   2048 70.4102 0.049178

# train: seg16 acc=0.865500 exact=1286/2048 (62.7930%) churn=0.063651
# best_acc [same n=2048]: seg122 acc=0.888654 exact=1439/2048 (70.2637%) churn=0.049684
# best_exact [same n=2048]: seg126 acc=0.886972 exact=1442/2048 (70.4102%) churn=0.048732
# final: seg128 acc=0.887394 exact=1442/2048 (70.4102%) churn=0.049178
# best-train: exact=+156 percentage_points=+7.6172
[EXTRAP] step 100000 weights=raw -> /workspace/something/runs/pairangle_unrotated_dca1_tau2_r2_qkl2_sum_20261009/diagnostics/extrap_step100000_ema_n2048_seg128.txt, /workspace/something/runs/pairangle_unrotated_dca1_tau2_r2_qkl2_sum_20261009/diagnostics/extrap_step100000_ema_n2048_seg128.json, /workspace/something/runs/pairangle_unrotated_dca1_tau2_r2_qkl2_sum_20261009/diagnostics/extrap_results.jsonl
WROTE /workspace/something/runs/pairangle_unrotated_dca1_tau2_r2_qkl2_sum_20261009/diagnostics/extrap_step100000_ema_n2048_seg128.txt (ema)
[EXTRAP] start step=100000 weights=raw segs=128 global_n=512
# step=100000 weights=raw segs=128 global_n=512 elapsed=55.8s partial=False
# lt-kv-stdp-fast-weight-v1:research-pairangle_phase_tau2_r2_unrotated_dca1_qkl2_sum; per segment 0+8 blocks (no-grad+grad); train segments=16
# seg acc exact n exact_percent churn
   1 0.689718     13    512 2.5391 0.000000
   2 0.729866     35    512 6.8359 0.182677
   3 0.745346     95    512 18.5547 0.114125
   4 0.753713    129    512 25.1953 0.090326
   5 0.759452    150    512 29.2969 0.085455
   6 0.762731    161    512 31.4453 0.080609
   7 0.764130    168    512 32.8125 0.081694
   8 0.765601    173    512 33.7891 0.080199
   9 0.769772    175    512 34.1797 0.077956
  10 0.771508    177    512 34.5703 0.080777
  11 0.769893    180    512 35.1562 0.078438
  12 0.768036    181    512 35.3516 0.077329
  13 0.773896    182    512 35.5469 0.079813
  14 0.773341    183    512 35.7422 0.077546
  15 0.771701    185    512 36.1328 0.078294
  16 0.774402    185    512 36.1328 0.079355  <-train
  17 0.772401    186    512 36.3281 0.078921
  18 0.771436    188    512 36.7188 0.078294
  19 0.776114    189    512 36.9141 0.077426
  20 0.777199    189    512 36.9141 0.080729
  21 0.777368    192    512 37.5000 0.077522
  22 0.775077    192    512 37.5000 0.075593
  23 0.773823    192    512 37.5000 0.079138
  24 0.776958    193    512 37.6953 0.078342
  25 0.776355    193    512 37.6953 0.072314
  26 0.774619    193    512 37.6953 0.076871
  27 0.776452    193    512 37.6953 0.073688
  28 0.776524    193    512 37.6953 0.075039
  29 0.777199    193    512 37.6953 0.075714
  30 0.776524    193    512 37.6953 0.076534
  31 0.777440    194    512 37.8906 0.079668
  32 0.777175    195    512 38.0859 0.075810
  33 0.773823    195    512 38.0859 0.077257
  34 0.778284    195    512 38.0859 0.077474
  35 0.777657    195    512 38.0859 0.076919
  36 0.774691    195    512 38.0859 0.075039
  37 0.776114    195    512 38.0859 0.076943
  38 0.777850    195    512 38.0859 0.076317
  39 0.776307    195    512 38.0859 0.074339
  40 0.776235    195    512 38.0859 0.076871
  41 0.775921    195    512 38.0859 0.076365
  42 0.777537    195    512 38.0859 0.075473
  43 0.776162    195    512 38.0859 0.075207
  44 0.777754    196    512 38.2812 0.073954
  45 0.778115    195    512 38.0859 0.073375
  46 0.778091    195    512 38.0859 0.077667
  47 0.777513    196    512 38.2812 0.073399
  48 0.777561    197    512 38.4766 0.079524
  49 0.778863    197    512 38.4766 0.075304
  50 0.776861    197    512 38.4766 0.075280
  51 0.777995    197    512 38.4766 0.074653
  52 0.778911    197    512 38.4766 0.076509
  53 0.777440    197    512 38.4766 0.074990
  54 0.778139    197    512 38.4766 0.076968
  55 0.779659    197    512 38.4766 0.078438
  56 0.777296    197    512 38.4766 0.076413
  57 0.777778    197    512 38.4766 0.077233
  58 0.778863    197    512 38.4766 0.074749
  59 0.777947    197    512 38.4766 0.074870
  60 0.779755    197    512 38.4766 0.075111
  61 0.778091    197    512 38.4766 0.077185
  62 0.778043    198    512 38.6719 0.074122
  63 0.781925    198    512 38.6719 0.074894
  64 0.777922    198    512 38.6719 0.075135
  65 0.778525    198    512 38.6719 0.076968
  66 0.778453    198    512 38.6719 0.076172
  67 0.779200    198    512 38.6719 0.073351
  68 0.780575    198    512 38.6719 0.072121
  69 0.777922    198    512 38.6719 0.072555
  70 0.778212    198    512 38.6719 0.077353
  71 0.778959    198    512 38.6719 0.075183
  72 0.779200    198    512 38.6719 0.076799
  73 0.778043    198    512 38.6719 0.074918
  74 0.779345    198    512 38.6719 0.074460
  75 0.778598    198    512 38.6719 0.073568
  76 0.778067    198    512 38.6719 0.071832
  77 0.779466    198    512 38.6719 0.073278
  78 0.778670    198    512 38.6719 0.074267
  79 0.778164    198    512 38.6719 0.074508
  80 0.778091    199    512 38.8672 0.070578
  81 0.777151    199    512 38.8672 0.074460
  82 0.780551    199    512 38.8672 0.075207
  83 0.779851    199    512 38.8672 0.074918
  84 0.778139    199    512 38.8672 0.076244
  85 0.777922    199    512 38.8672 0.077812
  86 0.776837    200    512 39.0625 0.075641
  87 0.778332    200    512 39.0625 0.075207
  88 0.781443    200    512 39.0625 0.073351
  89 0.778887    200    512 39.0625 0.075256
  90 0.778694    200    512 39.0625 0.075955
  91 0.777079    200    512 39.0625 0.074870
  92 0.780358    200    512 39.0625 0.076220
  93 0.782094    200    512 39.0625 0.072386
  94 0.778188    200    512 39.0625 0.073761
  95 0.779731    201    512 39.2578 0.072844
  96 0.779514    201    512 39.2578 0.074291
  97 0.779490    201    512 39.2578 0.073954
  98 0.781612    201    512 39.2578 0.075328
  99 0.780888    201    512 39.2578 0.076148
 100 0.779803    201    512 39.2578 0.073712
 101 0.778887    201    512 39.2578 0.075931
 102 0.780503    201    512 39.2578 0.073037
 103 0.780454    201    512 39.2578 0.073929
 104 0.779032    201    512 39.2578 0.072965
 105 0.777537    201    512 39.2578 0.072603
 106 0.779369    202    512 39.4531 0.075955
 107 0.781371    202    512 39.4531 0.073134
 108 0.779345    202    512 39.4531 0.077932
 109 0.781226    202    512 39.4531 0.077329
 110 0.780237    202    512 39.4531 0.076485
 111 0.782239    202    512 39.4531 0.073471
 112 0.782263    202    512 39.4531 0.072169
 113 0.781443    203    512 39.6484 0.073881
 114 0.779948    203    512 39.6484 0.072676
 115 0.780310    203    512 39.6484 0.076003
 116 0.780358    203    512 39.6484 0.073230
 117 0.779128    203    512 39.6484 0.073688
 118 0.782817    203    512 39.6484 0.074412
 119 0.782432    203    512 39.6484 0.072073
 120 0.780840    203    512 39.6484 0.072145
 121 0.778139    203    512 39.6484 0.073881
 122 0.779442    203    512 39.6484 0.074677
 123 0.782841    203    512 39.6484 0.074749
 124 0.782022    203    512 39.6484 0.073110
 125 0.779586    203    512 39.6484 0.072772
 126 0.778043    203    512 39.6484 0.072603
 127 0.783420    203    512 39.6484 0.071976
 128 0.782022    203    512 39.6484 0.072169

# train: seg16 acc=0.774402 exact=185/512 (36.1328%) churn=0.079355
# best_acc [same n=512]: seg127 acc=0.783420 exact=203/512 (39.6484%) churn=0.071976
# best_exact [same n=512]: seg113 acc=0.781443 exact=203/512 (39.6484%) churn=0.073881
# final: seg128 acc=0.782022 exact=203/512 (39.6484%) churn=0.072169
# best-train: exact=+18 percentage_points=+3.5156
[EXTRAP] step 100000 weights=raw -> /workspace/something/runs/pairangle_unrotated_dca1_tau2_r2_qkl2_sum_20261009/diagnostics/extrap_step100000_raw_n512_seg128.txt, /workspace/something/runs/pairangle_unrotated_dca1_tau2_r2_qkl2_sum_20261009/diagnostics/extrap_step100000_raw_n512_seg128.json, /workspace/something/runs/pairangle_unrotated_dca1_tau2_r2_qkl2_sum_20261009/diagnostics/extrap_results.jsonl
WROTE /workspace/something/runs/pairangle_unrotated_dca1_tau2_r2_qkl2_sum_20261009/diagnostics/extrap_step100000_raw_n512_seg128.txt (raw)
[EXTRAP] start step=100000 weights=raw segs=128 global_n=2048
# step=100000 weights=raw segs=128 global_n=2048 elapsed=224.0s partial=False
# lt-kv-stdp-fast-weight-v1:research-pairangle_phase_tau2_r2_unrotated_dca1_qkl2_sum; per segment 0+8 blocks (no-grad+grad); train segments=16
# seg acc exact n exact_percent churn
   1 0.699412     53   2048 2.5879 0.000000
   2 0.740192    141   2048 6.8848 0.181333
   3 0.758277    399   2048 19.4824 0.117959
   4 0.766445    546   2048 26.6602 0.092309
   5 0.771478    621   2048 30.3223 0.086106
   6 0.774535    662   2048 32.3242 0.083460
   7 0.776747    689   2048 33.6426 0.080361
   8 0.777621    712   2048 34.7656 0.080705
   9 0.780165    725   2048 35.4004 0.079276
  10 0.781449    737   2048 35.9863 0.078541
  11 0.782016    748   2048 36.5234 0.078668
  12 0.781563    753   2048 36.7676 0.077329
  13 0.783197    762   2048 37.2070 0.077510
  14 0.784879    768   2048 37.5000 0.075726
  15 0.785084    773   2048 37.7441 0.075732
  16 0.784367    775   2048 37.8418 0.076039  <-train
  17 0.785325    777   2048 37.9395 0.076323
  18 0.786036    780   2048 38.0859 0.075840
  19 0.785524    782   2048 38.1836 0.074394
  20 0.786724    785   2048 38.3301 0.076311
  21 0.787700    790   2048 38.5742 0.075183
  22 0.786796    790   2048 38.5742 0.075364
  23 0.785548    791   2048 38.6230 0.075382
  24 0.788405    793   2048 38.7207 0.075720
  25 0.787561    793   2048 38.7207 0.073833
  26 0.787055    793   2048 38.7207 0.075424
  27 0.786416    794   2048 38.7695 0.074315
  28 0.787899    795   2048 38.8184 0.076166
  29 0.788182    797   2048 38.9160 0.075352
  30 0.788574    799   2048 39.0137 0.074695
  31 0.787676    800   2048 39.0625 0.075702
  32 0.788291    801   2048 39.1113 0.073592
  33 0.786880    801   2048 39.1113 0.074623
  34 0.787688    801   2048 39.1113 0.074508
  35 0.788562    801   2048 39.1113 0.073972
  36 0.788532    802   2048 39.1602 0.074635
  37 0.788454    803   2048 39.2090 0.073857
  38 0.788375    803   2048 39.2090 0.073706
  39 0.786410    804   2048 39.2578 0.072862
  40 0.787435    805   2048 39.3066 0.076274
  41 0.787507    805   2048 39.3066 0.074213
  42 0.788610    805   2048 39.3066 0.074044
  43 0.787658    805   2048 39.3066 0.073899
  44 0.788146    806   2048 39.3555 0.073495
  45 0.788098    805   2048 39.3066 0.073248
  46 0.788749    805   2048 39.3066 0.075105
  47 0.789195    806   2048 39.3555 0.074044
  48 0.789177    808   2048 39.4531 0.075286
  49 0.788701    809   2048 39.5020 0.075804
  50 0.788586    809   2048 39.5020 0.073507
  51 0.788659    810   2048 39.5508 0.073857
  52 0.790365    810   2048 39.5508 0.073990
  53 0.789280    811   2048 39.5996 0.074635
  54 0.789267    811   2048 39.5996 0.075087
  55 0.789123    811   2048 39.5996 0.073966
  56 0.788815    813   2048 39.6973 0.074327
  57 0.789888    814   2048 39.7461 0.075153
  58 0.789280    814   2048 39.7461 0.072404
  59 0.790756    814   2048 39.7461 0.073664
  60 0.790503    815   2048 39.7949 0.072887
  61 0.788960    815   2048 39.7949 0.074285
  62 0.789352    816   2048 39.8438 0.074755
  63 0.789689    816   2048 39.8438 0.074466
  64 0.789135    816   2048 39.8438 0.073984
  65 0.789653    817   2048 39.8926 0.072784
  66 0.790238    817   2048 39.8926 0.074098
  67 0.790853    817   2048 39.8926 0.072085
  68 0.790063    817   2048 39.8926 0.073465
  69 0.789539    818   2048 39.9414 0.072718
  70 0.789123    818   2048 39.9414 0.073381
  71 0.789888    818   2048 39.9414 0.073712
  72 0.789955    819   2048 39.9902 0.073598
  73 0.789828    819   2048 39.9902 0.072856
  74 0.790455    820   2048 40.0391 0.072700
  75 0.789780    820   2048 40.0391 0.073724
  76 0.790021    820   2048 40.0391 0.073712
  77 0.791142    821   2048 40.0879 0.072489
  78 0.790214    821   2048 40.0879 0.072290
  79 0.788936    821   2048 40.0879 0.072235
  80 0.790762    822   2048 40.1367 0.072495
  81 0.791341    822   2048 40.1367 0.072507
  82 0.789912    822   2048 40.1367 0.072332
  83 0.791848    822   2048 40.1367 0.072507
  84 0.790256    822   2048 40.1367 0.073393
  85 0.791172    822   2048 40.1367 0.072163
  86 0.790136    823   2048 40.1855 0.073085
  87 0.789973    823   2048 40.1855 0.073706
  88 0.791395    824   2048 40.2344 0.071482
  89 0.791872    826   2048 40.3320 0.073140
  90 0.790919    827   2048 40.3809 0.071910
  91 0.790033    827   2048 40.3809 0.072356
  92 0.791504    827   2048 40.3809 0.072344
  93 0.792209    827   2048 40.3809 0.072181
  94 0.790600    827   2048 40.3809 0.073079
  95 0.791052    828   2048 40.4297 0.072772
  96 0.790774    828   2048 40.4297 0.072320
  97 0.791926    828   2048 40.4297 0.072862
  98 0.791769    828   2048 40.4297 0.072181
  99 0.791992    828   2048 40.4297 0.072772
 100 0.791763    828   2048 40.4297 0.072615
 101 0.791516    828   2048 40.4297 0.072760
 102 0.791142    828   2048 40.4297 0.072621
 103 0.791257    828   2048 40.4297 0.072862
 104 0.791178    828   2048 40.4297 0.072850
 105 0.790811    828   2048 40.4297 0.072513
 106 0.791552    829   2048 40.4785 0.072742
 107 0.791841    829   2048 40.4785 0.072465
 108 0.791263    830   2048 40.5273 0.073321
 109 0.791848    831   2048 40.5762 0.073296
 110 0.791709    831   2048 40.5762 0.073743
 111 0.792203    831   2048 40.5762 0.072537
 112 0.791811    831   2048 40.5762 0.072217
 113 0.793132    832   2048 40.6250 0.072483
 114 0.791848    833   2048 40.6738 0.073146
 115 0.791299    833   2048 40.6738 0.072591
 116 0.791480    833   2048 40.6738 0.072422
 117 0.791576    833   2048 40.6738 0.072055
 118 0.792486    833   2048 40.6738 0.072459
 119 0.792872    833   2048 40.6738 0.072772
 120 0.792095    833   2048 40.6738 0.071832
 121 0.790931    833   2048 40.6738 0.072296
 122 0.791317    833   2048 40.6738 0.071964
 123 0.793529    833   2048 40.6738 0.071928
 124 0.790925    833   2048 40.6738 0.072000
 125 0.791172    833   2048 40.6738 0.072790
 126 0.791365    833   2048 40.6738 0.072308
 127 0.792728    833   2048 40.6738 0.071584
 128 0.792330    833   2048 40.6738 0.071512

# train: seg16 acc=0.784367 exact=775/2048 (37.8418%) churn=0.076039
# best_acc [same n=2048]: seg123 acc=0.793529 exact=833/2048 (40.6738%) churn=0.071928
# best_exact [same n=2048]: seg114 acc=0.791848 exact=833/2048 (40.6738%) churn=0.073146
# final: seg128 acc=0.792330 exact=833/2048 (40.6738%) churn=0.071512
# best-train: exact=+58 percentage_points=+2.8320
[EXTRAP] step 100000 weights=raw -> /workspace/something/runs/pairangle_unrotated_dca1_tau2_r2_qkl2_sum_20261009/diagnostics/extrap_step100000_raw_n2048_seg128.txt, /workspace/something/runs/pairangle_unrotated_dca1_tau2_r2_qkl2_sum_20261009/diagnostics/extrap_step100000_raw_n2048_seg128.json, /workspace/something/runs/pairangle_unrotated_dca1_tau2_r2_qkl2_sum_20261009/diagnostics/extrap_results.jsonl
WROTE /workspace/something/runs/pairangle_unrotated_dca1_tau2_r2_qkl2_sum_20261009/diagnostics/extrap_step100000_raw_n2048_seg128.txt (raw)
