{
 "checkpoint": "runs/pairangle_unrotated_dca1_tau2_r2_qkl2_sum_20261009/step_100000.pt",
 "segments": [
  1,
  2,
  4,
  8,
  16
 ],
 "groups": [
  "solved",
  "unsolved"
 ],
 "solved": 1286,
 "official_exact": 1286.0,
 "rho": {
  "K": [
   [
    0.7615206774900646,
    0.7593424452305564,
    0.7607321341148976,
    0.7632355599007148,
    0.7638086359516706
   ],
   [
    0.7630675393814437,
    0.7594411490909477,
    0.7551154241629416,
    0.7548365995035397,
    0.7577494057503223
   ]
  ],
  "K_rotated": [
   [
    0.10227948457506635,
    0.0998499161523666,
    0.1069481272566367,
    0.11033356093109052,
    0.11168508536930266
   ],
   [
    0.10127100001101313,
    0.09697230440694286,
    0.09575638739222725,
    0.09523523363229773,
    0.09487747548211271
   ]
  ],
  "V": [
   [
    0.6071605198737384,
    0.6048545225817613,
    0.6040718870578948,
    0.6067863000485649,
    0.6072310431386915
   ],
   [
    0.611541385596682,
    0.6078871978998581,
    0.5983049297019304,
    0.5967254803370081,
    0.6026949606225007
   ]
  ],
  "K_random_phase": [
   [
    0.10566904812199868,
    0.10575936064247277,
    0.10574886593642044,
    0.10553146750407871,
    0.10563789277322534
   ],
   [
    0.10574905529779119,
    0.10568842708473392,
    0.10587128058336907,
    0.10591429251446205,
    0.10586411974693982
   ]
  ],
  "V_random_phase": [
   [
    0.11164484236169757,
    0.11173267741917477,
    0.11323792536261733,
    0.11384301709461946,
    0.11406268851233084
   ],
   [
    0.11198152454181327,
    0.11139528464691512,
    0.1116234328426393,
    0.11144287264817955,
    0.1113162836427091
   ]
  ]
 },
 "rho_per_head_K": [
  [
   [
    0.740538734445126,
    0.7588176227834192,
    0.7432330564784345,
    0.7559700476467475,
    0.7684675825241692,
    0.7600863129663549,
    0.7636189809177327,
    0.7962077558968322
   ],
   [
    0.7488442219408712,
    0.7521565389005509,
    0.7468700567496273,
    0.7495501076828837,
    0.7646851629618053,
    0.754171901780216,
    0.7748799489105325,
    0.7773987889436762
   ],
   [
    0.737178707860607,
    0.7071250549477065,
    0.8115983356015022,
    0.7142304807212256,
    0.7391239877859394,
    0.7437565168459236,
    0.8388520491358896,
    0.7594683873654777
   ],
   [
    0.731487144141283,
    0.6889393822343046,
    0.8454334170359028,
    0.7002392741689983,
    0.728793940670931,
    0.7411529089290105,
    0.8674053211813225,
    0.7559384124838917
   ],
   [
    0.7297636958801248,
    0.6822741850466791,
    0.8582879050824729,
    0.6952720765475546,
    0.7248675422705183,
    0.7398584741863579,
    0.8774804946624072,
    0.7523745993267449
   ]
  ],
  [
   [
    0.7404172528414753,
    0.762953383086109,
    0.7425604504692394,
    0.7613031025839888,
    0.7700419805300264,
    0.7624591542714266,
    0.7588607916353635,
    0.8020751858452839
   ],
   [
    0.74340049121719,
    0.7604567365944714,
    0.7350283793897445,
    0.7574063616165222,
    0.7672301560197303,
    0.7568175870612833,
    0.7582436561937549,
    0.7938536636660227
   ],
   [
    0.7415845395933898,
    0.7555186802567615,
    0.7281833222148628,
    0.7484241139453908,
    0.7636948126167994,
    0.7507640265950377,
    0.7523117060238889,
    0.7948867172393879
   ],
   [
    0.7390678569769784,
    0.7555734592728462,
    0.7245921059739925,
    0.7460104392572684,
    0.7646424176808133,
    0.7507177337531894,
    0.7486212224598796,
    0.80234711117277
   ],
   [
    0.7415384103209638,
    0.7604901475131086,
    0.7237910309767409,
    0.7506344047574737,
    0.7694662290596436,
    0.754958644276758,
    0.7471321340577797,
    0.8079875238305985
   ]
  ]
 ],
 "rho_per_head_V": [
  [
   [
    0.6100508885580576,
    0.66450423758504,
    0.5518436734068637,
    0.6573969521724522,
    0.679571078127801,
    0.6490249653527994,
    0.3847036626070196,
    0.7232677839027225
   ],
   [
    0.6266383772322038,
    0.6587705767885219,
    0.5427004137187879,
    0.6548960709610262,
    0.6646282194107903,
    0.638258349541297,
    0.39556074986753675,
    0.7250238909537307
   ],
   [
    0.5910621892189825,
    0.6056812784339815,
    0.577199711833859,
    0.608614379376966,
    0.686877575279799,
    0.6189224191386303,
    0.4405332473761358,
    0.7656244728772715
   ],
   [
    0.5758247573594725,
    0.5847862395842622,
    0.5964919289363959,
    0.5916103838541177,
    0.7022950144887141,
    0.6155719245208011,
    0.45755376296869044,
    0.7842339788506906
   ],
   [
    0.5698345093395776,
    0.5770059135442945,
    0.6027577589230683,
    0.5851080623244304,
    0.7070773784799945,
    0.6138882326073727,
    0.46327006381688507,
    0.7898879369168011
   ]
  ],
  [
   [
    0.6125514565696634,
    0.6737163453347231,
    0.548953373663512,
    0.6591167441611653,
    0.6773139444316644,
    0.6547787690939557,
    0.39040678717998667,
    0.7325014195152304
   ],
   [
    0.6343696104626781,
    0.6721081915445455,
    0.5383082232057363,
    0.6628217596758479,
    0.6571683314286153,
    0.6447689168412877,
    0.39424310235682886,
    0.7201491718233042
   ],
   [
    0.6341870042221367,
    0.6605758833793022,
    0.5247084642757641,
    0.6566460772824839,
    0.6391503227215792,
    0.6335971418415488,
    0.38561009632687915,
    0.7141380449275541
   ],
   [
    0.6332306051013218,
    0.6584544925517739,
    0.5216139270896013,
    0.6559842921054405,
    0.6368996086860389,
    0.6310955355856647,
    0.38183880888256105,
    0.7159622713259685
   ],
   [
    0.6385850807898361,
    0.6656958819000373,
    0.5236375583717531,
    0.6611558829870853,
    0.6451093453386768,
    0.6364265781222692,
    0.38631944297787973,
    0.7202063979417579
   ]
  ]
 ],
 "across_puzzles": {
  "K": [
   [
    [
     0.9894084908650256,
     0.9918637323161767,
     0.9957753625838807,
     0.9908916020964885,
     0.991173206520173,
     0.9920063278370658,
     0.9943490824626906,
     0.9930873299441059
    ],
    [
     0.982793030791623,
     0.984422902732449,
     0.990280616625295,
     0.9799930479330288,
     0.9821876761486417,
     0.9829588702701432,
     0.9909640774677758,
     0.9820531793422961
    ],
    [
     0.9593431048621343,
     0.9550172650269851,
     0.973331005505949,
     0.9464453498200578,
     0.9525153321248444,
     0.9521401434103991,
     0.9889708193541492,
     0.9514939554166095
    ],
    [
     0.9842177990462917,
     0.9831048944628916,
     0.9896530548760368,
     0.9798011315292986,
     0.9829533639412182,
     0.9837798455885857,
     0.9966966230066753,
     0.98112090794081
    ],
    [
     0.9993664040419785,
     0.9992237336548343,
     0.9996832896399348,
     0.9993108256318313,
     0.999504890138094,
     0.9994833222268897,
     0.9998754431363135,
     0.9994248352898707
    ]
   ],
   [
    [
     0.9903979698514402,
     0.9932259797603572,
     0.9966129316734842,
     0.9919691812641195,
     0.9920096347985481,
     0.9934418481909397,
     0.9957269196241484,
     0.9944804545408314
    ],
    [
     0.9937062507580996,
     0.9948210636743258,
     0.9970596168168637,
     0.9933666487281912,
     0.9928350856573209,
     0.994563030842094,
     0.9961642929811572,
     0.9946952706754036
    ],
    [
     0.9943459666506146,
     0.9946878645523861,
     0.9968495764433108,
     0.9919407726057164,
     0.9919592378607176,
     0.9945139107757465,
     0.9962063078724785,
     0.9954213089361957
    ],
    [
     0.9935354277861445,
     0.9943472597152813,
     0.9965638614728157,
     0.9909570157086736,
     0.9920381989949965,
     0.9942267798422908,
     0.9959498840818072,
     0.9954895990432473
    ],
    [
     0.9928840226014058,
     0.9942401768114297,
     0.9963184430238536,
     0.9906236164340092,
     0.9918588317613202,
     0.9940533205625504,
     0.9956950148380277,
     0.995237178658357
    ]
   ]
  ],
  "V": [
   [
    [
     0.9740169438551746,
     0.987853810389606,
     0.9753994597314235,
     0.9838140508029206,
     0.9827837001562175,
     0.9814583387212876,
     0.9310894896761049,
     0.9689487945759026
    ],
    [
     0.9549243554358477,
     0.9749115308686526,
     0.9589649800905106,
     0.9749239409567555,
     0.9526551312878996,
     0.974600723780869,
     0.911533940386517,
     0.9464846061465984
    ],
    [
     0.89907429342443,
     0.9048486087888044,
     0.9126702144993184,
     0.9170906987913032,
     0.896252815300728,
     0.9334861893411659,
     0.8813539335899092,
     0.9247965681949315
    ],
    [
     0.9547006962678922,
     0.9668216254342018,
     0.9687696288777882,
     0.9643286371550532,
     0.9655977407441736,
     0.9755852172356063,
     0.9640962770829146,
     0.9750908180439807
    ],
    [
     0.9961544117062856,
     0.9986900544879745,
     0.9973683719077321,
     0.9986965810379772,
     0.9989852575373198,
     0.9989793468059581,
     0.9975596511501514,
     0.9986530272853418
    ]
   ],
   [
    [
     0.9741136785021627,
     0.9906392700873187,
     0.979165946989851,
     0.985772003097038,
     0.9846090423226916,
     0.9849767831509934,
     0.9481886561273021,
     0.9798402867328216
    ],
    [
     0.9844192040632762,
     0.9921821327467957,
     0.98432877583191,
     0.9918056103520866,
     0.984989190144663,
     0.9881189324137184,
     0.9599146423140729,
     0.9823799194284841
    ],
    [
     0.9859951170249531,
     0.9915483985584874,
     0.983960689693047,
     0.9925699443129299,
     0.9849168480594747,
     0.9896682266392183,
     0.9646416468826002,
     0.9836729750084113
    ],
    [
     0.984823179171488,
     0.9905576398786522,
     0.9820696807261199,
     0.9917237203451044,
     0.9829401167735443,
     0.988655633006828,
     0.962944126599488,
     0.9817977746921625
    ],
    [
     0.9832957646026913,
     0.9905591647696035,
     0.9805477892328988,
     0.9909832393438319,
     0.9807757561389959,
     0.9877327015156216,
     0.9589398294323221,
     0.9805195636021078
    ]
   ]
  ]
 },
 "hidden_common_mode": [
  [
   0.29004330924982974,
   0.2632504165821461,
   0.3147762747565473,
   0.34311884984628965,
   0.3526716405412828
  ],
  [
   0.30506048678100267,
   0.2642214278106301,
   0.24531277124415546,
   0.24466990744035075,
   0.2523874966452128
  ]
 ],
 "residual_GS": {
  "token_mean_mask": [
   [
    0.6876699051504608,
    0.659569344290541,
    0.6362065535128121,
    0.632150750374324,
    0.631045248583637
   ],
   [
    0.7029063049048356,
    0.6907973295674463,
    0.6948728965452478,
    0.6917747437101053,
    0.6835252065551493
   ]
  ],
  "best_mask": [
   [
    0.5401685690477468,
    0.511447786238557,
    0.4511482927440125,
    0.4355130742474364,
    0.4310854562102889
   ],
   [
    0.5509498520026818,
    0.5454986333461562,
    0.5512229088805017,
    0.5502712888839428,
    0.543777032820507
   ]
  ]
 },
 "read_share": {
  "stdp": [
   [
    1.2370618532888122,
    1.1058805618422627,
    0.9280147066401657,
    0.9106204479559885,
    0.907167690616647
   ],
   [
    1.2517060189430698,
    1.1678639131984263,
    1.1036114381746216,
    1.0761664427233237,
    1.0714676467741042
   ]
  ],
  "residual_token_mean_mask": [
   [
    0.8846538575313735,
    0.7358232223500886,
    0.4131088219616769,
    0.3672260615029228,
    0.35571155937487176
   ],
   [
    0.9108637905021632,
    0.888795622162186,
    0.870089668692399,
    0.8534866224027698,
    0.8457140615920785
   ]
  ],
  "residual_best_mask": [
   [
    0.687360301771448,
    0.5820546902567031,
    0.31268905670644753,
    0.26745901149367024,
    0.2554599963985842
   ],
   [
    0.699503272478288,
    0.701929022062431,
    0.7072945212447366,
    0.7059850122486931,
    0.7004325538116242
   ]
  ]
 }
}
