[ARC-S] canvas 10×10 = 100 tokens; model=d4 encoding=frame stdp=False; coupling carry 39.1 MiB (train_arc's own line below assumes 900)
[ARC] device=cuda tokens=900 IDs=2647 batch=128 loops=16 blocks=8 stop_step=20000
[ARC] coupling carry alone=3164.1 MiB; activations/gradients require extra memory
[ARC train] {"step": 1, "loss": 3.396563119705613, "halted": 0, "seconds": 0.9220898579806089}
[ARC train] {"step": 100, "loss": 2.2250060529213433, "halted": 0, "seconds": 24.019217199645936}
[ARC train] {"step": 200, "loss": 1.1105578942574073, "halted": 0, "seconds": 47.33907977398485}
[ARC train] {"step": 300, "loss": 0.6868285384702335, "halted": 0, "seconds": 70.65787698887289}
[ARC train] {"step": 400, "loss": 0.5493928394080748, "halted": 128, "seconds": 93.97203043103218, "exact": 0.109375}
[ARC train] {"step": 500, "loss": 0.8935379499606175, "halted": 0, "seconds": 117.29953610990196}
[ARC train] {"step": 600, "loss": 0.5255588500869465, "halted": 0, "seconds": 140.60416283831}
[ARC train] {"step": 700, "loss": 0.39793482290969073, "halted": 0, "seconds": 163.85893665160984}
[ARC train] {"step": 800, "loss": 0.3287968256112699, "halted": 128, "seconds": 187.19432766363025, "exact": 0.3828125}
[ARC train] {"step": 900, "loss": 0.5565002436931021, "halted": 0, "seconds": 210.48848055209965}
[ARC train] {"step": 1000, "loss": 0.3622450727857388, "halted": 0, "seconds": 233.74897709861398}
[ARC train] {"step": 1100, "loss": 0.33106729349769176, "halted": 0, "seconds": 257.1780453240499}
[ARC train] {"step": 1200, "loss": 0.2145070856646157, "halted": 128, "seconds": 280.49243184458464, "exact": 0.453125}
[ARC train] {"step": 1300, "loss": 0.5234023200163638, "halted": 0, "seconds": 303.7996438490227}
[ARC train] {"step": 1400, "loss": 0.29356834348363103, "halted": 0, "seconds": 327.13633075915277}
[ARC train] {"step": 1500, "loss": 0.3275355463828708, "halted": 0, "seconds": 350.439077607356}
[ARC train] {"step": 1600, "loss": 0.1914946879968846, "halted": 128, "seconds": 373.7707311399281, "exact": 0.46875}
[ARC train] {"step": 1700, "loss": 0.4422186614929409, "halted": 0, "seconds": 397.1034299619496}
[ARC train] {"step": 1800, "loss": 0.229624897359085, "halted": 0, "seconds": 420.4124565143138}
[ARC train] {"step": 1900, "loss": 0.12310508863762751, "halted": 0, "seconds": 443.7340354723856}
[ARC train] {"step": 2000, "loss": 0.14524642234665594, "halted": 128, "seconds": 467.0457613542676, "exact": 0.578125}
[ARC eval] {"ARC/pass@1": 0.0, "ARC/pass@2": 0.0, "ARC/pass@5": 0.0, "ARC/pass@10": 0.0, "ARC/tasks": 77, "ARC/queries": 88, "token_accuracy": 0.5597349032007083, "sequence_exact": 0.0, "evaluated_augmented_examples": 792, "eval_segments": 16, "max_augmentations_per_task": 32, "total_available_tasks": 77, "seconds": 8.263008557260036, "exact_hit_count": 0, "exact_hits": [], "step": 2000, "weights": "ema_parameters_raw_puzzle_embeddings"}
[ARC train] {"step": 2100, "loss": 0.422181497058413, "halted": 0, "seconds": 498.8305783458054}
[ARC train] {"step": 2200, "loss": 0.17658797457351, "halted": 0, "seconds": 521.9894239930436}
[ARC train] {"step": 2300, "loss": 0.16757543997858976, "halted": 0, "seconds": 545.3445797003806}
[ARC train] {"step": 2400, "loss": 0.11211348364770479, "halted": 128, "seconds": 568.6494863079861, "exact": 0.546875}
[ARC train] {"step": 2500, "loss": 0.3300011983386454, "halted": 0, "seconds": 591.9433644767851}
[ARC train] {"step": 2600, "loss": 0.23515620017180072, "halted": 0, "seconds": 615.275543699041}
[ARC train] {"step": 2700, "loss": 0.10431137819975105, "halted": 0, "seconds": 638.567616851069}
[ARC train] {"step": 2800, "loss": 0.08806211087368528, "halted": 128, "seconds": 662.6263905707747, "exact": 0.65625}
[ARC train] {"step": 2900, "loss": 0.32482322989519663, "halted": 0, "seconds": 686.8311529094353}
[ARC train] {"step": 3000, "loss": 0.20250414926434812, "halted": 0, "seconds": 716.0819640951231}
[ARC train] {"step": 3100, "loss": 0.12483428061826965, "halted": 0, "seconds": 739.6597982477397}
[ARC train] {"step": 3200, "loss": 0.09276784317309883, "halted": 128, "seconds": 762.952903884463, "exact": 0.71875}
[ARC train] {"step": 3300, "loss": 0.30353698735867174, "halted": 0, "seconds": 786.2434931965545}
[ARC train] {"step": 3400, "loss": 0.16566596073014123, "halted": 0, "seconds": 809.5306496620178}
[ARC train] {"step": 3500, "loss": 0.08491380711551216, "halted": 0, "seconds": 832.85024943389}
[ARC train] {"step": 3600, "loss": 0.07253512226564811, "halted": 128, "seconds": 856.1827289862558, "exact": 0.734375}
[ARC train] {"step": 3700, "loss": 0.24901185237299678, "halted": 0, "seconds": 879.3945841388777}
[ARC train] {"step": 3800, "loss": 0.15169422636299107, "halted": 0, "seconds": 902.7395719960332}
[ARC train] {"step": 3900, "loss": 0.07949426877492052, "halted": 0, "seconds": 926.0423830933869}
[ARC train] {"step": 4000, "loss": 0.06579049726060379, "halted": 128, "seconds": 949.3640695232898, "exact": 0.75}
[ARC eval] {"ARC/pass@1": 0.0, "ARC/pass@2": 0.006493506493506494, "ARC/pass@5": 0.006493506493506494, "ARC/pass@10": 0.012987012987012988, "ARC/tasks": 77, "ARC/queries": 88, "token_accuracy": 0.6403416334980666, "sequence_exact": 0.0025252525252525255, "evaluated_augmented_examples": 792, "eval_segments": 16, "max_augmentations_per_task": 32, "total_available_tasks": 77, "seconds": 8.11413965281099, "exact_hit_count": 2, "exact_hits": [{"identifier": "bbb1b8b6|||t5|||0198263574", "input": [2, 2, 2, 2, 8, 2, 2, 2, 2, 1, 2, 3, 3, 2, 8, 11, 2, 2, 2, 1, 2, 3, 3, 2, 8, 11, 11, 11, 11, 1, 3, 3, 3, 3, 8, 11, 2, 2, 2, 1, 1, 1, 1, 1, 1, 1, 1, 1, 1, 1, 0, 0, 0, 0, 0, 0, 0, 0, 0, 0, 0, 0, 0, 0, 0, 0, 0, 0, 0, 0, 0, 0, 0, 0, 0, 0, 0, 0, 0, 0, 0, 0, 0, 0, 0, 0, 0, 0, 0, 0, 0, 0, 0, 0, 0, 0, 0, 0, 0, 0], "prediction": [2, 2, 2, 2, 1, 1, 2, 2, 2, 1, 2, 3, 3, 2, 1, 1, 2, 2, 3, 1, 2, 3, 3, 2, 1, 11, 11, 3, 3, 1, 3, 3, 3, 3, 1, 11, 2, 3, 11, 1, 1, 1, 1, 1, 1, 1, 1, 1, 1, 1, 3, 3, 3, 3, 1, 3, 3, 3, 1, 1, 1, 3, 3, 3, 3, 3, 2, 2, 1, 1, 1, 11, 3, 3, 1, 3, 2, 2, 3, 1, 1, 3, 3, 1, 1, 1, 11, 2, 1, 1, 1, 1, 1, 1, 1, 1, 1, 1, 1, 1]}, {"identifier": "e345f17b", "input": [8, 2, 8, 8, 7, 2, 2, 7, 1, 0, 2, 2, 2, 8, 7, 7, 7, 7, 1, 0, 2, 8, 8, 2, 7, 7, 2, 7, 1, 0, 8, 8, 2, 2, 7, 7, 7, 2, 1, 0, 1, 1, 1, 1, 1, 1, 1, 1, 1, 0, 0, 0, 0, 0, 0, 0, 0, 0, 0, 0, 0, 0, 0, 0, 0, 0, 0, 0, 0, 0, 0, 0, 0, 0, 0, 0, 0, 0, 0, 0, 0, 0, 0, 0, 0, 0, 0, 0, 0, 0, 0, 0, 0, 0, 0, 0, 0, 0, 0, 0], "prediction": [2, 6, 2, 2, 1, 2, 2, 2, 1, 7, 2, 2, 2, 2, 1, 2, 2, 2, 1, 7, 2, 2, 2, 2, 1, 1, 2, 2, 1, 7, 2, 2, 2, 6, 1, 1, 2, 2, 1, 7, 1, 1, 1, 1, 1, 1, 1, 1, 1, 1, 2, 2, 8, 2, 2, 2, 2, 2, 2, 2, 2, 2, 2, 2, 2, 2, 2, 2, 2, 2, 2, 2, 2, 2, 2, 2, 6, 1, 1, 2, 2, 2, 2, 1, 1, 6, 6, 1, 1, 1, 1, 1, 1, 1, 1, 1, 1, 1, 1, 1]}], "step": 4000, "weights": "ema_parameters_raw_puzzle_embeddings"}
[ARC train] {"step": 4100, "loss": 0.2589350662794211, "halted": 0, "seconds": 980.8993330756202}
[ARC train] {"step": 4200, "loss": 0.1141628024628114, "halted": 0, "seconds": 1004.2689221389592}
[ARC train] {"step": 4300, "loss": 0.05457812281556516, "halted": 0, "seconds": 1027.6181091917679}
[ARC train] {"step": 4400, "loss": 0.05062852644540039, "halted": 128, "seconds": 1051.7620068509132, "exact": 0.8203125}
[ARC train] {"step": 4500, "loss": 0.22824978380591043, "halted": 0, "seconds": 1075.106971276924}
[ARC train] {"step": 4600, "loss": 0.1040144155973091, "halted": 0, "seconds": 1098.4563952898607}
[ARC train] {"step": 4700, "loss": 0.05262694340505827, "halted": 0, "seconds": 1121.792700033635}
[ARC train] {"step": 4800, "loss": 0.027732874530996845, "halted": 128, "seconds": 1145.0895414687693, "exact": 0.8671875}
[ARC train] {"step": 4900, "loss": 0.30174489561901763, "halted": 0, "seconds": 1168.4071371266618}
[ARC train] {"step": 5000, "loss": 0.08619833632597179, "halted": 0, "seconds": 1191.726204530336}
[ARC train] {"step": 5100, "loss": 0.049412781221423334, "halted": 0, "seconds": 1215.1363739129156}
[ARC train] {"step": 5200, "loss": 0.028894813085740524, "halted": 128, "seconds": 1238.3343794699758, "exact": 0.8828125}
[ARC train] {"step": 5300, "loss": 0.17344448546310764, "halted": 0, "seconds": 1261.6714624520391}
[ARC train] {"step": 5400, "loss": 0.15128511895958158, "halted": 0, "seconds": 1284.9895457476377}
[ARC train] {"step": 5500, "loss": 0.04877861838189983, "halted": 0, "seconds": 1308.29529918544}
[ARC train] {"step": 5600, "loss": 0.020272527337131203, "halted": 128, "seconds": 1331.6192016070709, "exact": 0.9296875}
[ARC train] {"step": 5700, "loss": 0.14592328766118973, "halted": 0, "seconds": 1354.9866384202614}
[ARC train] {"step": 5800, "loss": 0.07729897248944137, "halted": 0, "seconds": 1378.2947028633207}
[ARC train] {"step": 5900, "loss": 0.04452461684130937, "halted": 0, "seconds": 1404.7659170338884}
[ARC train] {"step": 6000, "loss": 0.017789928404543433, "halted": 128, "seconds": 1438.0194574929774, "exact": 0.9453125}
[ARC eval] {"ARC/pass@1": 0.0, "ARC/pass@2": 0.0, "ARC/pass@5": 0.006493506493506494, "ARC/pass@10": 0.012987012987012988, "ARC/tasks": 77, "ARC/queries": 88, "token_accuracy": 0.6866042902975371, "sequence_exact": 0.0025252525252525255, "evaluated_augmented_examples": 792, "eval_segments": 16, "max_augmentations_per_task": 32, "total_available_tasks": 77, "seconds": 12.441216446459293, "exact_hit_count": 2, "exact_hits": [{"identifier": "6ea4a07e|||t4|||0736825419", "input": [2, 2, 8, 1, 0, 0, 0, 0, 0, 0, 8, 8, 8, 1, 0, 0, 0, 0, 0, 0, 8, 2, 2, 1, 0, 0, 0, 0, 0, 0, 1, 1, 1, 1, 0, 0, 0, 0, 0, 0, 0, 0, 0, 0, 0, 0, 0, 0, 0, 0, 0, 0, 0, 0, 0, 0, 0, 0, 0, 0, 0, 0, 0, 0, 0, 0, 0, 0, 0, 0, 0, 0, 0, 0, 0, 0, 0, 0, 0, 0, 0, 0, 0, 0, 0, 0, 0, 0, 0, 0, 0, 0, 0, 0, 0, 0, 0, 0, 0, 0], "prediction": [9, 9, 2, 1, 2, 1, 1, 2, 1, 1, 2, 2, 2, 1, 2, 1, 2, 2, 2, 1, 2, 9, 9, 1, 2, 1, 2, 2, 2, 1, 1, 1, 1, 1, 1, 1, 1, 1, 1, 1, 8, 2, 2, 1, 1, 1, 1, 1, 1, 1, 1, 1, 1, 1, 2, 2, 1, 2, 1, 1, 1, 2, 1, 1, 1, 1, 1, 1, 1, 1, 1, 2, 1, 1, 1, 1, 1, 2, 1, 1, 1, 1, 1, 1, 1, 1, 1, 1, 1, 1, 1, 1, 1, 1, 1, 1, 1, 1, 1, 1]}, {"identifier": "6ea4a07e|||t2|||0692347518", "input": [6, 2, 2, 1, 0, 0, 0, 0, 0, 0, 2, 6, 6, 1, 0, 0, 0, 0, 0, 0, 2, 6, 2, 1, 0, 0, 0, 0, 0, 0, 1, 1, 1, 1, 0, 0, 0, 0, 0, 0, 0, 0, 0, 0, 0, 0, 0, 0, 0, 0, 0, 0, 0, 0, 0, 0, 0, 0, 0, 0, 0, 0, 0, 0, 0, 0, 0, 0, 0, 0, 0, 0, 0, 0, 0, 0, 0, 0, 0, 0, 0, 0, 0, 0, 0, 0, 0, 0, 0, 0, 0, 0, 0, 0, 0, 0, 0, 0, 0, 0], "prediction": [2, 5, 5, 1, 2, 2, 1, 1, 1, 1, 5, 2, 2, 1, 2, 1, 1, 1, 1, 1, 5, 2, 5, 1, 2, 1, 1, 1, 2, 1, 1, 1, 1, 1, 1, 1, 1, 1, 1, 1, 2, 2, 1, 1, 1, 2, 1, 1, 1, 1, 2, 6, 1, 1, 2, 2, 1, 1, 1, 1, 2, 1, 1, 1, 1, 1, 1, 1, 1, 1, 1, 2, 1, 1, 1, 1, 1, 1, 1, 1, 1, 1, 1, 1, 1, 1, 1, 1, 1, 1, 1, 1, 1, 1, 1, 1, 1, 1, 1, 1]}], "step": 6000, "weights": "ema_parameters_raw_puzzle_embeddings"}
[ARC train] {"step": 6100, "loss": 0.16004860937381377, "halted": 0, "seconds": 1483.8030322259292}
[ARC train] {"step": 6200, "loss": 0.06942371693885878, "halted": 0, "seconds": 1519.2078407658264}
[ARC train] {"step": 6300, "loss": 0.021269269342727323, "halted": 0, "seconds": 1547.6634424775839}
[ARC train] {"step": 6400, "loss": 0.020176190229691894, "halted": 128, "seconds": 1570.9842362450436, "exact": 0.953125}
[ARC train] {"step": 6500, "loss": 0.17779180873220238, "halted": 0, "seconds": 1594.3072749851272}
[ARC train] {"step": 6600, "loss": 0.07038653417271445, "halted": 0, "seconds": 1617.6839846223593}
[ARC train] {"step": 6700, "loss": 0.049738948050326255, "halted": 0, "seconds": 1640.9160688482225}
[ARC train] {"step": 6800, "loss": 0.015033223645087187, "halted": 128, "seconds": 1664.2469501197338, "exact": 0.9609375}
[ARC train] {"step": 6900, "loss": 0.2177117151990477, "halted": 0, "seconds": 1687.5362679352984}
[ARC train] {"step": 7000, "loss": 0.045978761056051656, "halted": 0, "seconds": 1710.8699786523357}
[ARC train] {"step": 7100, "loss": 0.03229847218521516, "halted": 0, "seconds": 1734.2667134162039}
[ARC train] {"step": 7200, "loss": 0.018412374921757416, "halted": 128, "seconds": 1757.622269266285, "exact": 0.9453125}
[ARC train] {"step": 7300, "loss": 0.12207595846128699, "halted": 0, "seconds": 1780.9645121097565}
[ARC train] {"step": 7400, "loss": 0.061961429017915404, "halted": 0, "seconds": 1804.3107370333746}
[ARC train] {"step": 7500, "loss": 0.03238872831371435, "halted": 0, "seconds": 1827.6449001459405}
[ARC train] {"step": 7600, "loss": 0.018370882317389287, "halted": 128, "seconds": 1850.9891711557284, "exact": 0.9140625}
[ARC train] {"step": 7700, "loss": 0.11744598866590432, "halted": 0, "seconds": 1874.330591140315}
[ARC train] {"step": 7800, "loss": 0.06046326214932632, "halted": 0, "seconds": 1897.6689255377278}
[ARC train] {"step": 7900, "loss": 0.01830000563793338, "halted": 0, "seconds": 1920.9925813609734}
[ARC train] {"step": 8000, "loss": 0.012263455924332953, "halted": 128, "seconds": 1944.3259682049975, "exact": 0.9765625}
[ARC eval] {"ARC/pass@1": 0.0, "ARC/pass@2": 0.0, "ARC/pass@5": 0.01948051948051948, "ARC/pass@10": 0.032467532467532464, "ARC/tasks": 77, "ARC/queries": 88, "token_accuracy": 0.7130692631307275, "sequence_exact": 0.006313131313131313, "evaluated_augmented_examples": 792, "eval_segments": 16, "max_augmentations_per_task": 32, "total_available_tasks": 77, "seconds": 8.116972889751196, "exact_hit_count": 5, "exact_hits": [{"identifier": "6ea4a07e|||t3|||0762938541", "input": [2, 5, 2, 1, 0, 0, 0, 0, 0, 0, 2, 5, 5, 1, 0, 0, 0, 0, 0, 0, 5, 2, 2, 1, 0, 0, 0, 0, 0, 0, 1, 1, 1, 1, 0, 0, 0, 0, 0, 0, 0, 0, 0, 0, 0, 0, 0, 0, 0, 0, 0, 0, 0, 0, 0, 0, 0, 0, 0, 0, 0, 0, 0, 0, 0, 0, 0, 0, 0, 0, 0, 0, 0, 0, 0, 0, 0, 0, 0, 0, 0, 0, 0, 0, 0, 0, 0, 0, 0, 0, 0, 0, 0, 0, 0, 0, 0, 0, 0, 0], "prediction": [11, 2, 11, 1, 1, 1, 1, 1, 1, 1, 11, 2, 2, 1, 2, 1, 1, 1, 1, 1, 2, 11, 11, 1, 1, 1, 1, 1, 1, 1, 1, 1, 1, 1, 1, 1, 1, 1, 1, 1, 11, 11, 11, 1, 1, 1, 1, 1, 1, 1, 1, 1, 1, 1, 1, 1, 1, 1, 1, 1, 1, 1, 1, 1, 1, 1, 1, 1, 1, 1, 1, 1, 1, 1, 1, 1, 1, 1, 1, 1, 1, 1, 1, 1, 1, 1, 1, 1, 1, 1, 1, 1, 1, 1, 1, 1, 1, 1, 1, 1]}, {"identifier": "6ea4a07e|||t4|||0736825419", "input": [2, 2, 8, 1, 0, 0, 0, 0, 0, 0, 8, 8, 8, 1, 0, 0, 0, 0, 0, 0, 8, 2, 2, 1, 0, 0, 0, 0, 0, 0, 1, 1, 1, 1, 0, 0, 0, 0, 0, 0, 0, 0, 0, 0, 0, 0, 0, 0, 0, 0, 0, 0, 0, 0, 0, 0, 0, 0, 0, 0, 0, 0, 0, 0, 0, 0, 0, 0, 0, 0, 0, 0, 0, 0, 0, 0, 0, 0, 0, 0, 0, 0, 0, 0, 0, 0, 0, 0, 0, 0, 0, 0, 0, 0, 0, 0, 0, 0, 0, 0], "prediction": [9, 9, 2, 1, 2, 1, 1, 2, 1, 1, 2, 2, 2, 1, 2, 1, 2, 2, 2, 2, 2, 9, 9, 1, 2, 1, 2, 2, 2, 1, 1, 1, 1, 1, 1, 1, 1, 1, 1, 1, 2, 2, 2, 1, 2, 2, 1, 2, 1, 1, 1, 1, 1, 1, 2, 2, 1, 2, 1, 1, 1, 2, 1, 1, 1, 1, 1, 1, 1, 1, 2, 2, 2, 1, 2, 1, 1, 2, 2, 1, 1, 1, 1, 1, 1, 1, 1, 1, 1, 1, 1, 2, 1, 1, 1, 1, 1, 1, 1, 1]}, {"identifier": "bbb1b8b6|||t5|||0918254673", "input": [2, 2, 2, 2, 7, 2, 2, 2, 2, 1, 2, 11, 11, 2, 7, 3, 2, 2, 2, 1, 2, 11, 11, 2, 7, 3, 3, 3, 3, 1, 11, 11, 11, 11, 7, 3, 2, 2, 2, 1, 1, 1, 1, 1, 1, 1, 1, 1, 1, 1, 0, 0, 0, 0, 0, 0, 0, 0, 0, 0, 0, 0, 0, 0, 0, 0, 0, 0, 0, 0, 0, 0, 0, 0, 0, 0, 0, 0, 0, 0, 0, 0, 0, 0, 0, 0, 0, 0, 0, 0, 0, 0, 0, 0, 0, 0, 0, 0, 0, 0], "prediction": [2, 2, 2, 2, 1, 2, 2, 2, 2, 1, 2, 11, 11, 2, 1, 1, 2, 11, 2, 1, 2, 11, 11, 2, 1, 1, 11, 11, 11, 1, 11, 11, 11, 11, 1, 1, 11, 11, 11, 1, 1, 1, 1, 1, 1, 1, 1, 1, 1, 1, 2, 11, 11, 7, 7, 11, 2, 2, 2, 1, 1, 2, 2, 7, 7, 3, 11, 2, 2, 1, 1, 2, 2, 2, 1, 1, 11, 11, 11, 1, 1, 11, 11, 11, 1, 1, 11, 11, 1, 1, 1, 1, 1, 1, 1, 1, 1, 1, 1, 1]}, {"identifier": "bbb1b8b6|||t6|||0781596423", "input": [9, 9, 2, 2, 1, 0, 0, 0, 0, 0, 9, 2, 2, 9, 1, 0, 0, 0, 0, 0, 2, 2, 2, 9, 1, 0, 0, 0, 0, 0, 2, 9, 9, 9, 1, 0, 0, 0, 0, 0, 11, 11, 11, 11, 1, 0, 0, 0, 0, 0, 2, 2, 3, 3, 1, 0, 0, 0, 0, 0, 2, 3, 3, 2, 1, 0, 0, 0, 0, 0, 3, 3, 3, 2, 1, 0, 0, 0, 0, 0, 3, 2, 2, 2, 1, 0, 0, 0, 0, 0, 1, 1, 1, 1, 1, 0, 0, 0, 0, 0], "prediction": [9, 9, 3, 3, 1, 1, 9, 1, 1, 1, 9, 3, 3, 9, 1, 3, 9, 1, 1, 1, 3, 3, 3, 9, 1, 3, 9, 3, 1, 1, 3, 9, 9, 9, 1, 9, 3, 9, 1, 1, 1, 1, 1, 1, 1, 3, 3, 9, 1, 1, 1, 1, 1, 1, 1, 3, 3, 9, 1, 1, 9, 3, 3, 2, 1, 11, 9, 9, 1, 1, 3, 3, 3, 3, 1, 1, 9, 9, 1, 1, 3, 2, 2, 2, 1, 9, 9, 9, 1, 1, 1, 1, 1, 1, 1, 1, 1, 1, 1, 1]}, {"identifier": "da2b0fe3|||t4|||0258173964", "input": [2, 2, 2, 2, 2, 2, 2, 2, 2, 2, 2, 2, 2, 2, 2, 7, 7, 7, 7, 2, 2, 2, 2, 2, 2, 7, 7, 7, 7, 2, 2, 2, 2, 2, 2, 7, 7, 7, 7, 2, 2, 2, 2, 2, 2, 2, 2, 2, 2, 2, 2, 2, 2, 2, 2, 7, 7, 7, 7, 2, 2, 2, 2, 2, 2, 2, 2, 2, 2, 2, 2, 2, 2, 2, 2, 2, 2, 2, 2, 2, 2, 2, 2, 2, 2, 2, 2, 2, 2, 2, 2, 2, 2, 2, 2, 2, 2, 2, 2, 2], "prediction": [2, 2, 2, 2, 2, 2, 2, 2, 2, 2, 2, 2, 2, 2, 2, 7, 7, 7, 7, 2, 2, 2, 2, 2, 2, 7, 7, 7, 7, 2, 2, 2, 2, 2, 2, 7, 7, 7, 7, 2, 10, 10, 10, 10, 10, 10, 10, 10, 10, 10, 2, 2, 2, 2, 2, 7, 7, 7, 7, 2, 2, 2, 2, 2, 2, 2, 2, 2, 2, 2, 2, 2, 2, 2, 2, 2, 2, 2, 2, 2, 2, 2, 2, 2, 2, 2, 2, 2, 2, 2, 2, 2, 2, 2, 2, 2, 2, 2, 2, 2]}], "step": 8000, "weights": "ema_parameters_raw_puzzle_embeddings"}
[ARC train] {"step": 8100, "loss": 0.11562085603095024, "halted": 0, "seconds": 1975.8427684633061}
[ARC train] {"step": 8200, "loss": 0.052590774175715574, "halted": 0, "seconds": 1999.0138683952391}
[ARC train] {"step": 8300, "loss": 0.016022448654039703, "halted": 0, "seconds": 2022.3343585198745}
[ARC train] {"step": 8400, "loss": 0.025283980420861513, "halted": 128, "seconds": 2045.637529330328, "exact": 0.90625}
[ARC train] {"step": 8500, "loss": 0.13074876777815808, "halted": 0, "seconds": 2068.9426656719297}
[ARC train] {"step": 8600, "loss": 0.02774223046081881, "halted": 0, "seconds": 2092.2779538678005}
[ARC train] {"step": 8700, "loss": 0.02291651322798175, "halted": 0, "seconds": 2115.5836888328195}
[ARC train] {"step": 8800, "loss": 0.0267620359615843, "halted": 128, "seconds": 2138.9165060762316, "exact": 0.9296875}
[ARC train] {"step": 8900, "loss": 0.1694817704369659, "halted": 0, "seconds": 2162.243550354615}
[ARC train] {"step": 9000, "loss": 0.032636334894901205, "halted": 0, "seconds": 2185.5484230583534}
[ARC train] {"step": 9100, "loss": 0.012490307252481112, "halted": 0, "seconds": 2208.9980040080845}
[ARC train] {"step": 9200, "loss": 0.008448524357519607, "halted": 128, "seconds": 2232.3138459203765, "exact": 0.9921875}
[ARC train] {"step": 9300, "loss": 0.164695949015773, "halted": 0, "seconds": 2255.65733166039}
[ARC train] {"step": 9400, "loss": 0.03736998229507672, "halted": 0, "seconds": 2278.9800829989836}
[ARC train] {"step": 9500, "loss": 0.014765342901994855, "halted": 0, "seconds": 2302.3093187790364}
[ARC train] {"step": 9600, "loss": 0.007578209937921953, "halted": 128, "seconds": 2325.629216780886, "exact": 1.0}
[ARC train] {"step": 9700, "loss": 0.12256932993862854, "halted": 0, "seconds": 2348.8164767147973}
[ARC train] {"step": 9800, "loss": 0.05548119189623635, "halted": 0, "seconds": 2361.802791150287}
[ARC train] {"step": 9900, "loss": 0.03487946866530461, "halted": 0, "seconds": 2385.6463027866557}
[ARC train] {"step": 10000, "loss": 0.015020775407877354, "halted": 128, "seconds": 2409.5578040163964, "exact": 0.9296875}
[ARC eval] {"ARC/pass@1": 0.006493506493506494, "ARC/pass@2": 0.006493506493506494, "ARC/pass@5": 0.025974025974025976, "ARC/pass@10": 0.032467532467532464, "ARC/tasks": 77, "ARC/queries": 88, "token_accuracy": 0.7228545396014897, "sequence_exact": 0.007575757575757576, "evaluated_augmented_examples": 792, "eval_segments": 16, "max_augmentations_per_task": 32, "total_available_tasks": 77, "seconds": 8.339326778426766, "exact_hit_count": 6, "exact_hits": [{"identifier": "6ea4a07e|||t7|||0796283451", "input": [10, 2, 2, 1, 0, 0, 0, 0, 0, 0, 2, 10, 10, 1, 0, 0, 0, 0, 0, 0, 2, 10, 2, 1, 0, 0, 0, 0, 0, 0, 1, 1, 1, 1, 0, 0, 0, 0, 0, 0, 0, 0, 0, 0, 0, 0, 0, 0, 0, 0, 0, 0, 0, 0, 0, 0, 0, 0, 0, 0, 0, 0, 0, 0, 0, 0, 0, 0, 0, 0, 0, 0, 0, 0, 0, 0, 0, 0, 0, 0, 0, 0, 0, 0, 0, 0, 0, 0, 0, 0, 0, 0, 0, 0, 0, 0, 0, 0, 0, 0], "prediction": [2, 4, 4, 1, 2, 2, 4, 2, 4, 1, 4, 2, 2, 1, 2, 2, 4, 4, 2, 4, 4, 2, 4, 1, 4, 4, 1, 2, 1, 1, 1, 1, 1, 1, 1, 1, 1, 1, 1, 1, 2, 2, 2, 1, 1, 4, 1, 1, 1, 1, 4, 7, 4, 1, 4, 4, 1, 1, 1, 1, 1, 2, 1, 1, 1, 1, 1, 2, 1, 1, 2, 2, 2, 1, 1, 1, 2, 2, 2, 1, 2, 2, 2, 1, 1, 1, 1, 2, 1, 1, 1, 1, 1, 1, 1, 1, 1, 1, 1, 1]}, {"identifier": "bbb1b8b6|||t5|||0612758934", "input": [2, 8, 8, 8, 7, 4, 2, 2, 2, 1, 2, 2, 2, 8, 7, 4, 4, 4, 2, 1, 8, 2, 2, 8, 7, 2, 4, 4, 2, 1, 8, 8, 2, 2, 7, 2, 2, 4, 4, 1, 1, 1, 1, 1, 1, 1, 1, 1, 1, 1, 0, 0, 0, 0, 0, 0, 0, 0, 0, 0, 0, 0, 0, 0, 0, 0, 0, 0, 0, 0, 0, 0, 0, 0, 0, 0, 0, 0, 0, 0, 0, 0, 0, 0, 0, 0, 0, 0, 0, 0, 0, 0, 0, 0, 0, 0, 0, 0, 0, 0], "prediction": [4, 8, 8, 8, 1, 4, 4, 8, 8, 1, 4, 4, 4, 8, 1, 4, 2, 4, 8, 1, 8, 4, 4, 8, 1, 4, 2, 4, 2, 1, 8, 8, 4, 4, 1, 4, 8, 2, 4, 1, 1, 1, 1, 1, 1, 1, 1, 1, 1, 1, 1, 4, 4, 4, 1, 4, 2, 1, 1, 1, 8, 8, 8, 4, 1, 4, 2, 2, 1, 1, 1, 4, 4, 4, 1, 4, 8, 8, 2, 1, 1, 4, 1, 1, 1, 1, 1, 1, 1, 1, 1, 1, 1, 1, 1, 1, 1, 1, 1, 1]}, {"identifier": "bbb1b8b6|||t5|||0918254673", "input": [2, 2, 2, 2, 7, 2, 2, 2, 2, 1, 2, 11, 11, 2, 7, 3, 2, 2, 2, 1, 2, 11, 11, 2, 7, 3, 3, 3, 3, 1, 11, 11, 11, 11, 7, 3, 2, 2, 2, 1, 1, 1, 1, 1, 1, 1, 1, 1, 1, 1, 0, 0, 0, 0, 0, 0, 0, 0, 0, 0, 0, 0, 0, 0, 0, 0, 0, 0, 0, 0, 0, 0, 0, 0, 0, 0, 0, 0, 0, 0, 0, 0, 0, 0, 0, 0, 0, 0, 0, 0, 0, 0, 0, 0, 0, 0, 0, 0, 0, 0], "prediction": [2, 2, 2, 2, 1, 3, 2, 2, 2, 1, 2, 11, 11, 2, 1, 1, 2, 11, 2, 1, 2, 11, 11, 2, 1, 1, 11, 11, 11, 1, 11, 11, 11, 11, 1, 1, 11, 11, 11, 1, 1, 1, 1, 1, 1, 1, 1, 1, 1, 1, 2, 11, 2, 7, 7, 11, 11, 2, 2, 1, 2, 3, 3, 7, 7, 3, 11, 11, 11, 1, 1, 2, 2, 2, 1, 1, 11, 11, 11, 1, 1, 11, 11, 11, 1, 1, 11, 11, 11, 1, 1, 1, 1, 1, 1, 1, 1, 1, 1, 1]}, {"identifier": "bbb1b8b6|||t6|||0781596423", "input": [9, 9, 2, 2, 1, 0, 0, 0, 0, 0, 9, 2, 2, 9, 1, 0, 0, 0, 0, 0, 2, 2, 2, 9, 1, 0, 0, 0, 0, 0, 2, 9, 9, 9, 1, 0, 0, 0, 0, 0, 11, 11, 11, 11, 1, 0, 0, 0, 0, 0, 2, 2, 3, 3, 1, 0, 0, 0, 0, 0, 2, 3, 3, 2, 1, 0, 0, 0, 0, 0, 3, 3, 3, 2, 1, 0, 0, 0, 0, 0, 3, 2, 2, 2, 1, 0, 0, 0, 0, 0, 1, 1, 1, 1, 1, 0, 0, 0, 0, 0], "prediction": [9, 9, 3, 3, 1, 9, 1, 9, 1, 1, 9, 3, 3, 9, 1, 3, 9, 9, 9, 1, 3, 3, 3, 9, 1, 3, 9, 3, 9, 1, 3, 9, 9, 9, 1, 9, 3, 3, 9, 1, 1, 1, 1, 1, 1, 1, 9, 9, 9, 1, 1, 1, 1, 1, 1, 1, 1, 1, 1, 1, 9, 3, 3, 3, 1, 3, 9, 9, 9, 1, 3, 3, 3, 3, 1, 3, 9, 9, 9, 1, 3, 3, 3, 3, 3, 9, 9, 9, 9, 1, 1, 1, 1, 1, 1, 1, 1, 1, 1, 1]}, {"identifier": "bbb1b8b6|||t7|||0462957381", "input": [2, 2, 2, 4, 1, 0, 0, 0, 0, 0, 2, 4, 4, 4, 1, 0, 0, 0, 0, 0, 2, 4, 4, 2, 1, 0, 0, 0, 0, 0, 4, 4, 2, 2, 1, 0, 0, 0, 0, 0, 7, 7, 7, 7, 1, 0, 0, 0, 0, 0, 6, 6, 6, 2, 1, 0, 0, 0, 0, 0, 6, 2, 2, 2, 1, 0, 0, 0, 0, 0, 6, 2, 2, 6, 1, 0, 0, 0, 0, 0, 2, 2, 6, 6, 1, 0, 0, 0, 0, 0, 1, 1, 1, 1, 1, 0, 0, 0, 0, 0], "prediction": [6, 6, 6, 4, 1, 1, 1, 1, 1, 1, 6, 4, 4, 4, 1, 1, 1, 1, 1, 1, 6, 4, 4, 6, 1, 1, 1, 1, 1, 1, 4, 4, 6, 6, 1, 1, 1, 1, 1, 1, 1, 1, 1, 1, 1, 1, 1, 1, 1, 1, 6, 6, 1, 6, 1, 1, 1, 1, 1, 1, 6, 6, 2, 6, 1, 4, 1, 1, 1, 1, 6, 2, 6, 2, 1, 1, 1, 1, 1, 1, 6, 6, 6, 6, 1, 1, 1, 1, 1, 1, 1, 1, 1, 1, 1, 1, 1, 1, 1, 1]}, {"identifier": "4cd1b7b2|||t4|||0418593267", "input": [10, 3, 6, 2, 1, 0, 0, 0, 0, 0, 2, 6, 10, 2, 1, 0, 0, 0, 0, 0, 6, 7, 2, 10, 1, 0, 0, 0, 0, 0, 3, 2, 7, 2, 1, 0, 0, 0, 0, 0, 1, 1, 1, 1, 1, 0, 0, 0, 0, 0, 0, 0, 0, 0, 0, 0, 0, 0, 0, 0, 0, 0, 0, 0, 0, 0, 0, 0, 0, 0, 0, 0, 0, 0, 0, 0, 0, 0, 0, 0, 0, 0, 0, 0, 0, 0, 0, 0, 0, 0, 0, 0, 0, 0, 0, 0, 0, 0, 0, 0], "prediction": [10, 3, 6, 7, 1, 10, 1, 1, 1, 1, 7, 6, 10, 3, 1, 6, 6, 1, 1, 1, 6, 7, 3, 10, 1, 6, 1, 1, 1, 1, 3, 10, 7, 6, 1, 6, 1, 1, 1, 1, 1, 1, 1, 1, 1, 1, 1, 1, 1, 1, 1, 3, 3, 3, 1, 1, 1, 1, 1, 1, 1, 1, 1, 1, 1, 1, 1, 1, 1, 1, 1, 1, 1, 1, 1, 1, 1, 1, 1, 1, 1, 1, 1, 1, 1, 1, 1, 1, 1, 1, 1, 1, 1, 1, 1, 1, 1, 1, 1, 1]}], "step": 10000, "weights": "ema_parameters_raw_puzzle_embeddings"}
[ARC train] {"step": 10100, "loss": 0.14699452539529498, "halted": 0, "seconds": 2441.8778353286907}
[ARC train] {"step": 10200, "loss": 0.0353275517674691, "halted": 0, "seconds": 2465.6864479780197}
[ARC train] {"step": 10300, "loss": 0.01403341137588546, "halted": 0, "seconds": 2489.5239296313375}
[ARC train] {"step": 10400, "loss": 0.011775177805872332, "halted": 128, "seconds": 2513.4102492723614, "exact": 0.9609375}
[ARC train] {"step": 10500, "loss": 0.10762220682167119, "halted": 0, "seconds": 2537.2092073112726}
[ARC train] {"step": 10600, "loss": 0.02865305835557085, "halted": 0, "seconds": 2561.1112346667796}
[ARC train] {"step": 10700, "loss": 0.03168883436122301, "halted": 0, "seconds": 2584.884978217073}
[ARC train] {"step": 10800, "loss": 0.007522023701051792, "halted": 128, "seconds": 2608.7335055321455, "exact": 0.984375}
[ARC train] {"step": 10900, "loss": 0.11628644247543451, "halted": 0, "seconds": 2632.469412922859}
[ARC train] {"step": 11000, "loss": 0.0457378081307996, "halted": 0, "seconds": 2656.3238337356597}
[ARC train] {"step": 11100, "loss": 0.00828375886502002, "halted": 0, "seconds": 2680.3247569743544}
[ARC train] {"step": 11200, "loss": 0.0075371423534606, "halted": 128, "seconds": 2704.1331618437544, "exact": 1.0}
[ARC train] {"step": 11300, "loss": 0.08772411862904489, "halted": 0, "seconds": 2728.079211738892}
[ARC train] {"step": 11400, "loss": 0.03431774637710207, "halted": 0, "seconds": 2751.939600690268}
[ARC train] {"step": 11500, "loss": 0.019509986413473495, "halted": 0, "seconds": 2775.7371780388057}
[ARC train] {"step": 11600, "loss": 0.006901109287496236, "halted": 128, "seconds": 2799.549134087749, "exact": 1.0}
[ARC train] {"step": 11700, "loss": 0.12824504148422364, "halted": 0, "seconds": 2823.3632193850353}
[ARC train] {"step": 11800, "loss": 0.026332462047375917, "halted": 0, "seconds": 2847.193103937432}
[ARC train] {"step": 11900, "loss": 0.01017938574469111, "halted": 0, "seconds": 2870.988005494699}
[ARC train] {"step": 12000, "loss": 0.007232999673775827, "halted": 128, "seconds": 2894.8402012828737, "exact": 1.0}
[ARC eval] {"ARC/pass@1": 0.01948051948051948, "ARC/pass@2": 0.01948051948051948, "ARC/pass@5": 0.032467532467532464, "ARC/pass@10": 0.03896103896103896, "ARC/tasks": 77, "ARC/queries": 88, "token_accuracy": 0.7307437935260811, "sequence_exact": 0.013888888888888888, "evaluated_augmented_examples": 792, "eval_segments": 16, "max_augmentations_per_task": 32, "total_available_tasks": 77, "seconds": 8.294049631804228, "exact_hit_count": 11, "exact_hits": [{"identifier": "e133d23d|||t0|||0632754189", "input": [2, 6, 6, 9, 2, 2, 10, 1, 0, 0, 2, 6, 2, 9, 10, 10, 10, 1, 0, 0, 6, 2, 6, 9, 2, 2, 2, 1, 0, 0, 1, 1, 1, 1, 1, 1, 1, 1, 0, 0, 0, 0, 0, 0, 0, 0, 0, 0, 0, 0, 0, 0, 0, 0, 0, 0, 0, 0, 0, 0, 0, 0, 0, 0, 0, 0, 0, 0, 0, 0, 0, 0, 0, 0, 0, 0, 0, 0, 0, 0, 0, 0, 0, 0, 0, 0, 0, 0, 0, 0, 0, 0, 0, 0, 0, 0, 0, 0, 0, 0], "prediction": [2, 5, 5, 1, 2, 5, 5, 1, 5, 5, 5, 5, 5, 1, 5, 5, 5, 1, 5, 5, 5, 2, 5, 1, 5, 2, 5, 1, 5, 5, 1, 1, 1, 1, 1, 1, 5, 1, 5, 5, 1, 5, 5, 1, 2, 5, 5, 1, 1, 1, 1, 1, 2, 1, 1, 2, 1, 1, 1, 2, 1, 1, 1, 1, 1, 1, 1, 1, 1, 1, 1, 1, 1, 1, 1, 1, 1, 1, 1, 1, 1, 2, 1, 1, 1, 1, 1, 1, 1, 1, 1, 1, 1, 1, 1, 1, 1, 1, 1, 1]}, {"identifier": "6ea4a07e", "input": [2, 7, 2, 1, 0, 0, 0, 0, 0, 0, 7, 7, 2, 1, 0, 0, 0, 0, 0, 0, 2, 2, 7, 1, 0, 0, 0, 0, 0, 0, 1, 1, 1, 1, 0, 0, 0, 0, 0, 0, 0, 0, 0, 0, 0, 0, 0, 0, 0, 0, 0, 0, 0, 0, 0, 0, 0, 0, 0, 0, 0, 0, 0, 0, 0, 0, 0, 0, 0, 0, 0, 0, 0, 0, 0, 0, 0, 0, 0, 0, 0, 0, 0, 0, 0, 0, 0, 0, 0, 0, 0, 0, 0, 0, 0, 0, 0, 0, 0, 0], "prediction": [6, 2, 6, 1, 7, 2, 4, 4, 1, 1, 2, 2, 6, 1, 2, 2, 7, 7, 1, 1, 6, 6, 2, 1, 11, 11, 7, 7, 11, 11, 1, 1, 1, 1, 1, 1, 1, 1, 1, 1, 2, 2, 1, 1, 1, 1, 1, 1, 1, 1, 2, 2, 4, 1, 1, 7, 1, 1, 1, 1, 2, 7, 2, 1, 7, 7, 7, 1, 1, 1, 1, 7, 7, 1, 7, 7, 7, 7, 1, 1, 1, 1, 1, 1, 1, 1, 1, 1, 1, 1, 1, 1, 1, 1, 1, 1, 1, 1, 1, 1]}, {"identifier": "6ea4a07e|||t1|||0176439825", "input": [2, 2, 5, 1, 0, 0, 0, 0, 0, 0, 5, 5, 2, 1, 0, 0, 0, 0, 0, 0, 2, 5, 2, 1, 0, 0, 0, 0, 0, 0, 1, 1, 1, 1, 0, 0, 0, 0, 0, 0, 0, 0, 0, 0, 0, 0, 0, 0, 0, 0, 0, 0, 0, 0, 0, 0, 0, 0, 0, 0, 0, 0, 0, 0, 0, 0, 0, 0, 0, 0, 0, 0, 0, 0, 0, 0, 0, 0, 0, 0, 0, 0, 0, 0, 0, 0, 0, 0, 0, 0, 0, 0, 0, 0, 0, 0, 0, 0, 0, 0], "prediction": [6, 6, 2, 1, 2, 2, 2, 1, 1, 1, 2, 2, 6, 1, 2, 1, 1, 2, 1, 1, 6, 2, 6, 1, 2, 1, 1, 1, 1, 1, 1, 1, 1, 1, 1, 1, 1, 1, 1, 1, 2, 2, 2, 1, 2, 2, 2, 2, 1, 1, 1, 1, 1, 1, 2, 2, 2, 2, 1, 1, 1, 1, 1, 1, 1, 1, 1, 1, 1, 1, 1, 2, 1, 1, 1, 1, 1, 1, 1, 1, 1, 2, 1, 1, 1, 1, 9, 7, 1, 1, 1, 2, 1, 2, 5, 2, 2, 1, 1, 1]}, {"identifier": "6ea4a07e|||t3|||0762938541", "input": [2, 5, 2, 1, 0, 0, 0, 0, 0, 0, 2, 5, 5, 1, 0, 0, 0, 0, 0, 0, 5, 2, 2, 1, 0, 0, 0, 0, 0, 0, 1, 1, 1, 1, 0, 0, 0, 0, 0, 0, 0, 0, 0, 0, 0, 0, 0, 0, 0, 0, 0, 0, 0, 0, 0, 0, 0, 0, 0, 0, 0, 0, 0, 0, 0, 0, 0, 0, 0, 0, 0, 0, 0, 0, 0, 0, 0, 0, 0, 0, 0, 0, 0, 0, 0, 0, 0, 0, 0, 0, 0, 0, 0, 0, 0, 0, 0, 0, 0, 0], "prediction": [11, 2, 11, 1, 2, 2, 2, 2, 2, 1, 11, 2, 2, 1, 2, 2, 2, 2, 2, 1, 2, 11, 11, 1, 2, 2, 1, 1, 1, 1, 1, 1, 1, 1, 1, 1, 1, 1, 1, 1, 2, 2, 2, 1, 1, 1, 1, 1, 1, 1, 2, 2, 2, 1, 2, 2, 1, 1, 1, 1, 2, 2, 2, 1, 2, 2, 1, 1, 1, 1, 2, 2, 2, 1, 1, 2, 1, 2, 1, 1, 1, 1, 1, 1, 1, 1, 1, 1, 1, 1, 1, 1, 1, 1, 1, 2, 1, 1, 1, 1]}, {"identifier": "6ea4a07e|||t4|||0736825419", "input": [2, 2, 8, 1, 0, 0, 0, 0, 0, 0, 8, 8, 8, 1, 0, 0, 0, 0, 0, 0, 8, 2, 2, 1, 0, 0, 0, 0, 0, 0, 1, 1, 1, 1, 0, 0, 0, 0, 0, 0, 0, 0, 0, 0, 0, 0, 0, 0, 0, 0, 0, 0, 0, 0, 0, 0, 0, 0, 0, 0, 0, 0, 0, 0, 0, 0, 0, 0, 0, 0, 0, 0, 0, 0, 0, 0, 0, 0, 0, 0, 0, 0, 0, 0, 0, 0, 0, 0, 0, 0, 0, 0, 0, 0, 0, 0, 0, 0, 0, 0], "prediction": [9, 9, 2, 1, 2, 2, 1, 1, 2, 1, 2, 2, 2, 1, 2, 2, 2, 2, 2, 2, 2, 9, 9, 1, 2, 2, 2, 1, 2, 2, 1, 1, 1, 1, 1, 1, 1, 1, 1, 2, 2, 2, 2, 1, 1, 2, 2, 1, 2, 2, 2, 2, 2, 1, 2, 2, 2, 1, 2, 2, 2, 2, 2, 1, 2, 2, 2, 1, 2, 2, 1, 1, 1, 1, 1, 1, 1, 1, 1, 1, 2, 2, 2, 1, 2, 2, 2, 1, 2, 2, 1, 2, 2, 2, 2, 2, 2, 1, 2, 2]}, {"identifier": "6ea4a07e|||t7|||0796283451", "input": [10, 2, 2, 1, 0, 0, 0, 0, 0, 0, 2, 10, 10, 1, 0, 0, 0, 0, 0, 0, 2, 10, 2, 1, 0, 0, 0, 0, 0, 0, 1, 1, 1, 1, 0, 0, 0, 0, 0, 0, 0, 0, 0, 0, 0, 0, 0, 0, 0, 0, 0, 0, 0, 0, 0, 0, 0, 0, 0, 0, 0, 0, 0, 0, 0, 0, 0, 0, 0, 0, 0, 0, 0, 0, 0, 0, 0, 0, 0, 0, 0, 0, 0, 0, 0, 0, 0, 0, 0, 0, 0, 0, 0, 0, 0, 0, 0, 0, 0, 0], "prediction": [2, 4, 4, 1, 1, 1, 1, 3, 7, 1, 4, 2, 2, 1, 1, 1, 1, 7, 3, 1, 4, 2, 4, 1, 1, 1, 1, 10, 3, 1, 1, 1, 1, 1, 1, 1, 1, 1, 1, 1, 2, 2, 2, 1, 1, 1, 1, 1, 7, 1, 1, 3, 7, 1, 1, 1, 1, 1, 3, 3, 1, 3, 7, 1, 1, 1, 1, 3, 3, 7, 1, 7, 2, 1, 1, 1, 1, 3, 7, 1, 1, 3, 2, 1, 1, 1, 1, 7, 3, 1, 1, 1, 2, 1, 1, 1, 1, 1, 3, 1]}, {"identifier": "bbb1b8b6|||t5|||0612758934", "input": [2, 8, 8, 8, 7, 4, 2, 2, 2, 1, 2, 2, 2, 8, 7, 4, 4, 4, 2, 1, 8, 2, 2, 8, 7, 2, 4, 4, 2, 1, 8, 8, 2, 2, 7, 2, 2, 4, 4, 1, 1, 1, 1, 1, 1, 1, 1, 1, 1, 1, 0, 0, 0, 0, 0, 0, 0, 0, 0, 0, 0, 0, 0, 0, 0, 0, 0, 0, 0, 0, 0, 0, 0, 0, 0, 0, 0, 0, 0, 0, 0, 0, 0, 0, 0, 0, 0, 0, 0, 0, 0, 0, 0, 0, 0, 0, 0, 0, 0, 0], "prediction": [4, 8, 8, 8, 1, 4, 4, 8, 8, 1, 4, 4, 4, 8, 1, 4, 4, 4, 8, 1, 8, 4, 4, 8, 1, 4, 4, 4, 4, 1, 8, 8, 4, 4, 1, 4, 8, 4, 4, 1, 1, 1, 1, 1, 1, 1, 1, 1, 1, 1, 1, 4, 4, 4, 1, 4, 2, 2, 1, 1, 8, 8, 8, 8, 1, 4, 2, 2, 1, 1, 4, 4, 4, 4, 1, 8, 8, 8, 2, 1, 1, 4, 4, 4, 1, 2, 2, 2, 1, 1, 1, 1, 1, 1, 1, 1, 1, 1, 1, 1]}, {"identifier": "bbb1b8b6|||t5|||0198263574", "input": [2, 3, 3, 3, 8, 10, 2, 2, 2, 1, 2, 2, 2, 3, 8, 10, 10, 10, 2, 1, 3, 2, 2, 3, 8, 2, 10, 10, 2, 1, 3, 3, 2, 2, 8, 2, 2, 10, 10, 1, 1, 1, 1, 1, 1, 1, 1, 1, 1, 1, 0, 0, 0, 0, 0, 0, 0, 0, 0, 0, 0, 0, 0, 0, 0, 0, 0, 0, 0, 0, 0, 0, 0, 0, 0, 0, 0, 0, 0, 0, 0, 0, 0, 0, 0, 0, 0, 0, 0, 0, 0, 0, 0, 0, 0, 0, 0, 0, 0, 0], "prediction": [10, 3, 3, 3, 1, 1, 2, 10, 3, 1, 10, 10, 10, 3, 1, 1, 10, 10, 3, 1, 3, 10, 10, 3, 1, 1, 10, 10, 10, 1, 3, 3, 10, 10, 1, 1, 2, 10, 10, 1, 1, 1, 1, 1, 1, 1, 1, 1, 1, 1, 1, 10, 10, 3, 1, 1, 10, 10, 1, 1, 1, 10, 10, 10, 1, 10, 10, 10, 1, 1, 1, 10, 1, 10, 1, 10, 2, 2, 1, 1, 1, 10, 1, 1, 1, 1, 1, 1, 1, 1, 1, 1, 1, 1, 1, 1, 1, 1, 1, 1]}, {"identifier": "da2b0fe3", "input": [2, 2, 2, 2, 2, 2, 2, 2, 2, 2, 2, 4, 4, 4, 4, 2, 2, 2, 2, 2, 2, 4, 4, 4, 4, 2, 2, 2, 2, 2, 2, 4, 4, 4, 4, 2, 2, 2, 2, 2, 2, 2, 2, 2, 2, 2, 2, 2, 2, 2, 2, 4, 4, 4, 4, 2, 2, 2, 2, 2, 2, 2, 2, 2, 2, 2, 2, 2, 2, 2, 2, 2, 2, 2, 2, 2, 2, 2, 2, 2, 2, 2, 2, 2, 2, 2, 2, 2, 2, 2, 2, 2, 2, 2, 2, 2, 2, 2, 2, 2], "prediction": [2, 2, 2, 2, 2, 2, 2, 2, 2, 2, 2, 4, 4, 4, 4, 2, 2, 2, 2, 2, 2, 4, 4, 4, 4, 2, 2, 2, 2, 2, 2, 4, 4, 4, 4, 2, 2, 2, 2, 2, 5, 5, 5, 5, 5, 5, 5, 5, 5, 5, 2, 4, 4, 4, 4, 2, 2, 2, 2, 2, 2, 2, 2, 2, 2, 2, 2, 2, 2, 2, 2, 2, 2, 2, 2, 2, 2, 2, 2, 2, 2, 2, 2, 2, 2, 2, 2, 2, 2, 2, 2, 2, 2, 2, 2, 2, 2, 2, 2, 2]}, {"identifier": "da2b0fe3|||t6|||0435718296", "input": [2, 2, 2, 2, 2, 2, 2, 2, 2, 2, 2, 5, 5, 5, 2, 5, 2, 2, 2, 2, 2, 5, 5, 5, 2, 5, 2, 2, 2, 2, 2, 5, 5, 5, 2, 5, 2, 2, 2, 2, 2, 5, 5, 5, 2, 5, 2, 2, 2, 2, 2, 2, 2, 2, 2, 2, 2, 2, 2, 2, 2, 2, 2, 2, 2, 2, 2, 2, 2, 2, 2, 2, 2, 2, 2, 2, 2, 2, 2, 2, 2, 2, 2, 2, 2, 2, 2, 2, 2, 2, 2, 2, 2, 2, 2, 2, 2, 2, 2, 2], "prediction": [2, 2, 2, 2, 7, 2, 2, 2, 2, 2, 2, 5, 5, 5, 7, 5, 2, 2, 2, 2, 2, 5, 5, 5, 7, 5, 2, 2, 2, 2, 2, 5, 5, 5, 7, 5, 2, 2, 2, 2, 2, 5, 5, 5, 7, 5, 2, 2, 2, 2, 2, 2, 2, 2, 7, 2, 2, 2, 2, 2, 2, 2, 2, 2, 7, 2, 2, 2, 2, 2, 2, 2, 2, 2, 7, 2, 2, 2, 2, 2, 2, 2, 2, 2, 7, 2, 2, 2, 2, 2, 2, 2, 2, 2, 7, 2, 2, 2, 2, 2]}, {"identifier": "da2b0fe3|||t0|||0938162574", "input": [2, 2, 2, 2, 2, 2, 2, 2, 2, 2, 2, 5, 5, 5, 5, 2, 2, 2, 2, 2, 2, 5, 5, 5, 5, 2, 2, 2, 2, 2, 2, 5, 5, 5, 5, 2, 2, 2, 2, 2, 2, 2, 2, 2, 2, 2, 2, 2, 2, 2, 2, 5, 5, 5, 5, 2, 2, 2, 2, 2, 2, 2, 2, 2, 2, 2, 2, 2, 2, 2, 2, 2, 2, 2, 2, 2, 2, 2, 2, 2, 2, 2, 2, 2, 2, 2, 2, 2, 2, 2, 2, 2, 2, 2, 2, 2, 2, 2, 2, 2], "prediction": [2, 2, 2, 2, 2, 2, 2, 2, 2, 2, 2, 5, 5, 5, 5, 2, 2, 2, 2, 2, 2, 5, 5, 5, 5, 2, 2, 2, 2, 2, 2, 5, 5, 5, 5, 2, 2, 2, 2, 2, 10, 10, 10, 10, 10, 10, 10, 10, 10, 10, 2, 5, 5, 5, 5, 2, 2, 2, 2, 2, 2, 2, 2, 2, 2, 2, 2, 2, 2, 2, 2, 2, 2, 2, 2, 2, 2, 2, 2, 2, 2, 2, 2, 2, 2, 2, 2, 2, 2, 2, 2, 2, 2, 2, 2, 2, 2, 2, 2, 2]}], "step": 12000, "weights": "ema_parameters_raw_puzzle_embeddings"}
[ARC train] {"step": 12100, "loss": 0.07009969912884569, "halted": 0, "seconds": 2926.6870658919215}
[ARC train] {"step": 12200, "loss": 0.015012948215094364, "halted": 0, "seconds": 2950.5242777271196}
[ARC train] {"step": 12300, "loss": 0.011335127131781655, "halted": 0, "seconds": 2974.404715624638}
[ARC train] {"step": 12400, "loss": 0.015287704185266583, "halted": 128, "seconds": 2998.376512238756, "exact": 0.9609375}
[ARC train] {"step": 12500, "loss": 0.08888385401774278, "halted": 0, "seconds": 3022.174218802713}
[ARC train] {"step": 12600, "loss": 0.012275891560705694, "halted": 0, "seconds": 3046.0141135994345}
[ARC train] {"step": 12700, "loss": 0.013058393934182544, "halted": 0, "seconds": 3069.8129952466115}
[ARC train] {"step": 12800, "loss": 0.007548772252562234, "halted": 128, "seconds": 3093.667311053723, "exact": 0.984375}
[ARC train] {"step": 12900, "loss": 0.08200193612060618, "halted": 0, "seconds": 3117.485523226671}
[ARC train] {"step": 13000, "loss": 0.015907443719777346, "halted": 0, "seconds": 3141.326972202398}
[ARC train] {"step": 13100, "loss": 0.013052463287549143, "halted": 0, "seconds": 3165.2588716689497}
[ARC train] {"step": 13200, "loss": 0.00815968292220574, "halted": 128, "seconds": 3189.0697384458035, "exact": 0.984375}
[ARC train] {"step": 13300, "loss": 0.07738413258383024, "halted": 0, "seconds": 3212.9255420994014}
[ARC train] {"step": 13400, "loss": 0.020022752961359212, "halted": 0, "seconds": 3236.691397178918}
[ARC train] {"step": 13500, "loss": 0.011524666335253626, "halted": 0, "seconds": 3260.4669634820893}
[ARC train] {"step": 13600, "loss": 0.007550685592258272, "halted": 128, "seconds": 3284.206068497151, "exact": 0.9921875}
[ARC train] {"step": 13700, "loss": 0.059123698713590744, "halted": 0, "seconds": 3307.995750449598}
[ARC train] {"step": 13800, "loss": 0.02156937065439036, "halted": 0, "seconds": 3331.8281957572326}
[ARC train] {"step": 13900, "loss": 0.00974486538330551, "halted": 0, "seconds": 3355.695107696578}
[ARC train] {"step": 14000, "loss": 0.010145871690391639, "halted": 128, "seconds": 3379.492153526284, "exact": 0.953125}
[ARC eval] {"ARC/pass@1": 0.01948051948051948, "ARC/pass@2": 0.01948051948051948, "ARC/pass@5": 0.05844155844155844, "ARC/pass@10": 0.05844155844155844, "ARC/tasks": 77, "ARC/queries": 88, "token_accuracy": 0.7374603266667838, "sequence_exact": 0.015151515151515152, "evaluated_augmented_examples": 792, "eval_segments": 16, "max_augmentations_per_task": 32, "total_available_tasks": 77, "seconds": 8.272465921007097, "exact_hit_count": 12, "exact_hits": [{"identifier": "e133d23d|||t7|||0972185364", "input": [2, 8, 8, 1, 0, 0, 0, 0, 0, 0, 2, 8, 2, 1, 0, 0, 0, 0, 0, 0, 2, 8, 2, 1, 0, 0, 0, 0, 0, 0, 3, 3, 3, 1, 0, 0, 0, 0, 0, 0, 7, 2, 7, 1, 0, 0, 0, 0, 0, 0, 2, 7, 7, 1, 0, 0, 0, 0, 0, 0, 7, 2, 2, 1, 0, 0, 0, 0, 0, 0, 1, 1, 1, 1, 0, 0, 0, 0, 0, 0, 0, 0, 0, 0, 0, 0, 0, 0, 0, 0, 0, 0, 0, 0, 0, 0, 0, 0, 0, 0], "prediction": [9, 9, 9, 1, 1, 1, 1, 1, 2, 1, 2, 9, 9, 1, 2, 1, 1, 2, 2, 9, 9, 9, 2, 1, 9, 2, 1, 1, 1, 1, 1, 1, 1, 1, 1, 1, 1, 1, 1, 1, 1, 2, 9, 1, 2, 1, 1, 1, 1, 1, 2, 9, 9, 1, 9, 1, 1, 1, 1, 1, 9, 9, 9, 9, 9, 1, 1, 1, 1, 1, 1, 1, 1, 1, 1, 1, 1, 1, 1, 1, 2, 9, 9, 1, 1, 1, 1, 1, 1, 1, 9, 9, 9, 9, 1, 1, 1, 1, 1, 1]}, {"identifier": "be03b35f|||t4|||0237986451", "input": [4, 2, 2, 4, 4, 1, 0, 0, 0, 0, 4, 4, 2, 4, 2, 1, 0, 0, 0, 0, 2, 2, 2, 2, 2, 1, 0, 0, 0, 0, 5, 5, 2, 2, 4, 1, 0, 0, 0, 0, 5, 5, 2, 4, 4, 1, 0, 0, 0, 0, 1, 1, 1, 1, 1, 1, 0, 0, 0, 0, 0, 0, 0, 0, 0, 0, 0, 0, 0, 0, 0, 0, 0, 0, 0, 0, 0, 0, 0, 0, 0, 0, 0, 0, 0, 0, 0, 0, 0, 0, 0, 0, 0, 0, 0, 0, 0, 0, 0, 0], "prediction": [4, 4, 1, 2, 4, 1, 1, 1, 1, 1, 2, 4, 1, 1, 1, 1, 1, 1, 4, 1, 1, 1, 1, 1, 1, 1, 1, 2, 4, 1, 1, 1, 1, 1, 1, 1, 2, 2, 1, 1, 1, 1, 1, 1, 2, 1, 1, 2, 1, 1, 1, 1, 1, 1, 1, 1, 1, 5, 4, 4, 4, 5, 2, 4, 1, 1, 5, 5, 4, 4, 4, 2, 4, 4, 4, 1, 11, 4, 4, 4, 4, 4, 5, 5, 1, 1, 4, 4, 4, 4, 1, 4, 1, 1, 1, 1, 4, 4, 4, 4]}, {"identifier": "6ea4a07e", "input": [2, 7, 2, 1, 0, 0, 0, 0, 0, 0, 7, 7, 2, 1, 0, 0, 0, 0, 0, 0, 2, 2, 7, 1, 0, 0, 0, 0, 0, 0, 1, 1, 1, 1, 0, 0, 0, 0, 0, 0, 0, 0, 0, 0, 0, 0, 0, 0, 0, 0, 0, 0, 0, 0, 0, 0, 0, 0, 0, 0, 0, 0, 0, 0, 0, 0, 0, 0, 0, 0, 0, 0, 0, 0, 0, 0, 0, 0, 0, 0, 0, 0, 0, 0, 0, 0, 0, 0, 0, 0, 0, 0, 0, 0, 0, 0, 0, 0, 0, 0], "prediction": [6, 2, 6, 1, 7, 2, 2, 4, 1, 1, 2, 2, 6, 1, 2, 2, 2, 7, 1, 1, 6, 6, 2, 1, 1, 1, 2, 2, 1, 1, 1, 1, 1, 1, 1, 1, 1, 1, 1, 1, 2, 2, 1, 1, 1, 1, 1, 1, 1, 1, 2, 2, 2, 1, 7, 7, 7, 1, 1, 1, 2, 7, 2, 1, 7, 7, 7, 1, 1, 1, 1, 7, 1, 1, 7, 7, 7, 11, 1, 1, 1, 1, 1, 1, 1, 1, 1, 1, 1, 1, 1, 1, 1, 1, 1, 1, 1, 1, 1, 1]}, {"identifier": "6ea4a07e|||t1|||0176439825", "input": [2, 2, 5, 1, 0, 0, 0, 0, 0, 0, 5, 5, 2, 1, 0, 0, 0, 0, 0, 0, 2, 5, 2, 1, 0, 0, 0, 0, 0, 0, 1, 1, 1, 1, 0, 0, 0, 0, 0, 0, 0, 0, 0, 0, 0, 0, 0, 0, 0, 0, 0, 0, 0, 0, 0, 0, 0, 0, 0, 0, 0, 0, 0, 0, 0, 0, 0, 0, 0, 0, 0, 0, 0, 0, 0, 0, 0, 0, 0, 0, 0, 0, 0, 0, 0, 0, 0, 0, 0, 0, 0, 0, 0, 0, 0, 0, 0, 0, 0, 0], "prediction": [6, 6, 2, 1, 2, 2, 2, 1, 1, 1, 2, 2, 6, 1, 2, 1, 1, 1, 1, 1, 6, 2, 6, 1, 1, 1, 1, 1, 1, 1, 1, 1, 1, 1, 1, 1, 1, 1, 1, 1, 2, 6, 1, 1, 1, 2, 2, 1, 1, 2, 1, 1, 1, 1, 2, 2, 2, 1, 1, 1, 1, 1, 1, 1, 1, 1, 1, 1, 1, 1, 1, 1, 1, 1, 1, 1, 1, 1, 1, 1, 1, 2, 1, 1, 1, 1, 2, 1, 1, 2, 1, 2, 1, 1, 2, 2, 2, 1, 1, 2]}, {"identifier": "6ea4a07e|||t3|||0762938541", "input": [2, 5, 2, 1, 0, 0, 0, 0, 0, 0, 2, 5, 5, 1, 0, 0, 0, 0, 0, 0, 5, 2, 2, 1, 0, 0, 0, 0, 0, 0, 1, 1, 1, 1, 0, 0, 0, 0, 0, 0, 0, 0, 0, 0, 0, 0, 0, 0, 0, 0, 0, 0, 0, 0, 0, 0, 0, 0, 0, 0, 0, 0, 0, 0, 0, 0, 0, 0, 0, 0, 0, 0, 0, 0, 0, 0, 0, 0, 0, 0, 0, 0, 0, 0, 0, 0, 0, 0, 0, 0, 0, 0, 0, 0, 0, 0, 0, 0, 0, 0], "prediction": [11, 2, 11, 1, 2, 1, 2, 2, 2, 1, 11, 2, 2, 1, 2, 1, 2, 2, 1, 1, 2, 11, 11, 1, 1, 1, 1, 1, 1, 1, 1, 1, 1, 1, 1, 1, 1, 1, 1, 1, 1, 2, 1, 1, 1, 1, 1, 1, 1, 1, 1, 1, 1, 1, 1, 1, 1, 1, 1, 1, 2, 2, 2, 1, 1, 2, 1, 1, 1, 1, 2, 2, 1, 1, 1, 1, 1, 1, 1, 1, 1, 1, 1, 1, 1, 1, 1, 1, 1, 1, 1, 1, 1, 1, 1, 1, 1, 1, 1, 1]}, {"identifier": "6ea4a07e|||t7|||0796283451", "input": [10, 2, 2, 1, 0, 0, 0, 0, 0, 0, 2, 10, 10, 1, 0, 0, 0, 0, 0, 0, 2, 10, 2, 1, 0, 0, 0, 0, 0, 0, 1, 1, 1, 1, 0, 0, 0, 0, 0, 0, 0, 0, 0, 0, 0, 0, 0, 0, 0, 0, 0, 0, 0, 0, 0, 0, 0, 0, 0, 0, 0, 0, 0, 0, 0, 0, 0, 0, 0, 0, 0, 0, 0, 0, 0, 0, 0, 0, 0, 0, 0, 0, 0, 0, 0, 0, 0, 0, 0, 0, 0, 0, 0, 0, 0, 0, 0, 0, 0, 0], "prediction": [2, 4, 4, 1, 2, 2, 10, 7, 4, 1, 4, 2, 2, 1, 4, 1, 1, 2, 4, 1, 4, 2, 4, 1, 1, 1, 1, 1, 1, 1, 1, 1, 1, 1, 1, 1, 1, 1, 1, 1, 2, 2, 2, 1, 1, 1, 1, 1, 1, 1, 4, 2, 2, 1, 4, 4, 1, 1, 1, 1, 1, 1, 1, 1, 1, 1, 4, 1, 1, 1, 1, 2, 2, 1, 1, 1, 1, 7, 1, 1, 1, 1, 1, 1, 1, 1, 1, 1, 1, 1, 1, 1, 1, 1, 1, 1, 1, 1, 1, 1]}, {"identifier": "bbb1b8b6|||t5|||0918254673", "input": [2, 11, 11, 11, 7, 10, 2, 2, 2, 1, 2, 2, 2, 11, 7, 10, 10, 10, 2, 1, 11, 2, 2, 11, 7, 2, 10, 10, 2, 1, 11, 11, 2, 2, 7, 2, 2, 10, 10, 1, 1, 1, 1, 1, 1, 1, 1, 1, 1, 1, 0, 0, 0, 0, 0, 0, 0, 0, 0, 0, 0, 0, 0, 0, 0, 0, 0, 0, 0, 0, 0, 0, 0, 0, 0, 0, 0, 0, 0, 0, 0, 0, 0, 0, 0, 0, 0, 0, 0, 0, 0, 0, 0, 0, 0, 0, 0, 0, 0, 0], "prediction": [10, 11, 11, 11, 1, 10, 2, 2, 2, 1, 10, 10, 10, 11, 1, 10, 10, 10, 11, 1, 11, 10, 10, 11, 1, 2, 10, 10, 2, 1, 11, 11, 10, 10, 1, 10, 11, 10, 10, 1, 1, 1, 1, 1, 1, 1, 1, 1, 1, 1, 11, 11, 11, 11, 1, 11, 11, 11, 11, 1, 10, 2, 10, 11, 1, 11, 11, 11, 11, 1, 10, 11, 11, 11, 1, 11, 11, 11, 11, 1, 10, 10, 11, 11, 1, 11, 11, 11, 11, 1, 1, 1, 1, 1, 1, 1, 1, 1, 1, 1]}, {"identifier": "bbb1b8b6|||t6|||0781596423", "input": [9, 9, 2, 2, 1, 0, 0, 0, 0, 0, 9, 2, 2, 9, 1, 0, 0, 0, 0, 0, 2, 2, 2, 9, 1, 0, 0, 0, 0, 0, 2, 9, 9, 9, 1, 0, 0, 0, 0, 0, 11, 11, 11, 11, 1, 0, 0, 0, 0, 0, 2, 2, 3, 3, 1, 0, 0, 0, 0, 0, 2, 3, 3, 2, 1, 0, 0, 0, 0, 0, 3, 3, 3, 2, 1, 0, 0, 0, 0, 0, 3, 2, 2, 2, 1, 0, 0, 0, 0, 0, 1, 1, 1, 1, 1, 0, 0, 0, 0, 0], "prediction": [9, 9, 3, 3, 1, 9, 9, 9, 1, 1, 9, 3, 3, 9, 1, 3, 9, 9, 1, 1, 3, 3, 3, 9, 1, 3, 9, 3, 1, 1, 3, 9, 9, 9, 1, 9, 9, 9, 1, 1, 1, 1, 1, 1, 1, 1, 9, 9, 1, 1, 9, 3, 3, 3, 1, 3, 2, 9, 1, 1, 9, 3, 3, 3, 1, 3, 9, 9, 1, 1, 3, 3, 3, 3, 1, 3, 9, 9, 9, 1, 3, 9, 9, 2, 1, 9, 9, 9, 9, 1, 1, 1, 1, 1, 1, 1, 1, 1, 1, 1]}, {"identifier": "4cd1b7b2|||t4|||0418593267", "input": [10, 3, 6, 2, 1, 0, 0, 0, 0, 0, 2, 6, 10, 2, 1, 0, 0, 0, 0, 0, 6, 7, 2, 10, 1, 0, 0, 0, 0, 0, 3, 2, 7, 2, 1, 0, 0, 0, 0, 0, 1, 1, 1, 1, 1, 0, 0, 0, 0, 0, 0, 0, 0, 0, 0, 0, 0, 0, 0, 0, 0, 0, 0, 0, 0, 0, 0, 0, 0, 0, 0, 0, 0, 0, 0, 0, 0, 0, 0, 0, 0, 0, 0, 0, 0, 0, 0, 0, 0, 0, 0, 0, 0, 0, 0, 0, 0, 0, 0, 0], "prediction": [10, 3, 6, 7, 1, 1, 6, 7, 1, 1, 7, 6, 10, 3, 1, 6, 3, 1, 1, 1, 6, 7, 3, 10, 1, 6, 1, 1, 1, 1, 3, 10, 7, 6, 1, 6, 1, 1, 1, 1, 1, 1, 1, 1, 1, 1, 1, 1, 1, 1, 1, 3, 3, 7, 1, 1, 1, 1, 1, 1, 1, 11, 3, 3, 1, 1, 11, 1, 1, 1, 1, 11, 11, 1, 1, 1, 1, 1, 1, 1, 1, 11, 1, 1, 1, 1, 1, 1, 1, 1, 1, 1, 1, 1, 1, 1, 1, 1, 1, 1]}, {"identifier": "da2b0fe3|||t6|||0435718296", "input": [2, 2, 2, 2, 2, 2, 2, 2, 2, 2, 2, 5, 5, 5, 2, 5, 2, 2, 2, 2, 2, 5, 5, 5, 2, 5, 2, 2, 2, 2, 2, 5, 5, 5, 2, 5, 2, 2, 2, 2, 2, 5, 5, 5, 2, 5, 2, 2, 2, 2, 2, 2, 2, 2, 2, 2, 2, 2, 2, 2, 2, 2, 2, 2, 2, 2, 2, 2, 2, 2, 2, 2, 2, 2, 2, 2, 2, 2, 2, 2, 2, 2, 2, 2, 2, 2, 2, 2, 2, 2, 2, 2, 2, 2, 2, 2, 2, 2, 2, 2], "prediction": [2, 2, 2, 2, 7, 2, 2, 2, 2, 2, 2, 5, 5, 5, 7, 5, 2, 2, 2, 2, 2, 5, 5, 5, 7, 5, 2, 2, 2, 2, 2, 5, 5, 5, 7, 5, 2, 2, 2, 2, 2, 5, 5, 5, 7, 5, 2, 2, 2, 2, 2, 2, 2, 2, 7, 2, 2, 2, 2, 2, 2, 2, 2, 2, 7, 2, 2, 2, 2, 2, 2, 2, 2, 2, 7, 2, 2, 2, 2, 2, 2, 2, 2, 2, 7, 2, 2, 2, 2, 2, 2, 2, 2, 2, 7, 2, 2, 2, 2, 2]}, {"identifier": "da2b0fe3|||t4|||0258173964", "input": [2, 2, 2, 2, 2, 2, 2, 2, 2, 2, 2, 2, 2, 2, 2, 7, 7, 7, 7, 2, 2, 2, 2, 2, 2, 7, 7, 7, 7, 2, 2, 2, 2, 2, 2, 7, 7, 7, 7, 2, 2, 2, 2, 2, 2, 2, 2, 2, 2, 2, 2, 2, 2, 2, 2, 7, 7, 7, 7, 2, 2, 2, 2, 2, 2, 2, 2, 2, 2, 2, 2, 2, 2, 2, 2, 2, 2, 2, 2, 2, 2, 2, 2, 2, 2, 2, 2, 2, 2, 2, 2, 2, 2, 2, 2, 2, 2, 2, 2, 2], "prediction": [2, 2, 2, 2, 2, 2, 2, 2, 2, 2, 2, 2, 2, 2, 2, 7, 7, 7, 7, 2, 2, 2, 2, 2, 2, 7, 7, 7, 7, 2, 2, 2, 2, 2, 2, 7, 7, 7, 7, 2, 10, 10, 10, 10, 10, 10, 10, 10, 10, 10, 2, 2, 2, 2, 2, 7, 7, 7, 7, 2, 2, 2, 2, 2, 2, 2, 2, 2, 2, 2, 2, 2, 2, 2, 2, 2, 2, 2, 2, 2, 2, 2, 2, 2, 2, 2, 2, 2, 2, 2, 2, 2, 2, 2, 2, 2, 2, 2, 2, 2]}, {"identifier": "da2b0fe3|||t1|||0687359241", "input": [2, 2, 2, 2, 2, 2, 2, 2, 2, 2, 2, 2, 2, 2, 2, 2, 2, 2, 2, 2, 2, 2, 2, 2, 2, 2, 2, 2, 2, 2, 2, 2, 2, 2, 2, 2, 2, 2, 2, 2, 2, 2, 2, 2, 2, 2, 2, 2, 2, 2, 2, 10, 10, 10, 2, 10, 2, 2, 2, 2, 2, 10, 10, 10, 2, 10, 2, 2, 2, 2, 2, 10, 10, 10, 2, 10, 2, 2, 2, 2, 2, 10, 10, 10, 2, 10, 2, 2, 2, 2, 2, 2, 2, 2, 2, 2, 2, 2, 2, 2], "prediction": [2, 2, 2, 2, 9, 2, 2, 2, 2, 2, 2, 2, 2, 2, 9, 2, 2, 2, 2, 2, 2, 2, 2, 2, 9, 2, 2, 2, 2, 2, 2, 2, 2, 2, 9, 2, 2, 2, 2, 2, 2, 2, 2, 2, 9, 2, 2, 2, 2, 2, 2, 10, 10, 10, 9, 10, 2, 2, 2, 2, 2, 10, 10, 10, 9, 10, 2, 2, 2, 2, 2, 10, 10, 10, 9, 10, 2, 2, 2, 2, 2, 10, 10, 10, 9, 10, 2, 2, 2, 2, 2, 2, 2, 2, 9, 2, 2, 2, 2, 2]}], "step": 14000, "weights": "ema_parameters_raw_puzzle_embeddings"}
[ARC train] {"step": 14100, "loss": 0.07344166290925849, "halted": 0, "seconds": 3411.7359775248915}
[ARC train] {"step": 14200, "loss": 0.03756440421147975, "halted": 0, "seconds": 3435.64319877699}
[ARC train] {"step": 14300, "loss": 0.006208827995301107, "halted": 0, "seconds": 3459.4999236445874}
[ARC train] {"step": 14400, "loss": 0.00696608819069215, "halted": 128, "seconds": 3482.9830844989046, "exact": 0.9921875}
[ARC train] {"step": 14500, "loss": 0.026121564831668193, "halted": 0, "seconds": 3507.019079402089}
[ARC train] {"step": 14600, "loss": 0.026236747775581087, "halted": 0, "seconds": 3530.926231201738}
[ARC train] {"step": 14700, "loss": 0.009140216895120455, "halted": 0, "seconds": 3554.9664274621755}
[ARC train] {"step": 14800, "loss": 0.005546081637056035, "halted": 128, "seconds": 3579.047420222312, "exact": 1.0}
[ARC train] {"step": 14900, "loss": 0.08819798338440436, "halted": 0, "seconds": 3602.9158060476184}
[ARC train] {"step": 15000, "loss": 0.02103425578437691, "halted": 0, "seconds": 3626.8918347908184}
[ARC train] {"step": 15100, "loss": 0.010559872171714486, "halted": 0, "seconds": 3650.8420113837346}
[ARC train] {"step": 15200, "loss": 0.005210100124660694, "halted": 128, "seconds": 3674.5990275023505, "exact": 1.0}
[ARC train] {"step": 15300, "loss": 0.04921272341272792, "halted": 0, "seconds": 3698.4443487515673}
[ARC train] {"step": 15400, "loss": 0.019341984027301074, "halted": 0, "seconds": 3722.307634215802}
[ARC train] {"step": 15500, "loss": 0.011470093214830905, "halted": 0, "seconds": 3746.1756172459573}
[ARC train] {"step": 15600, "loss": 0.006136301952624343, "halted": 128, "seconds": 3769.977646701969, "exact": 0.984375}
[ARC train] {"step": 15700, "loss": 0.06065149579612927, "halted": 0, "seconds": 3793.7769475849345}
[ARC train] {"step": 15800, "loss": 0.019443909075641454, "halted": 0, "seconds": 3817.585690142587}
[ARC train] {"step": 15900, "loss": 0.006820634655011945, "halted": 0, "seconds": 3841.4213812723756}
[ARC train] {"step": 16000, "loss": 0.0087086588349456, "halted": 128, "seconds": 3865.248523529619, "exact": 0.96875}
[ARC eval] {"ARC/pass@1": 0.01948051948051948, "ARC/pass@2": 0.01948051948051948, "ARC/pass@5": 0.045454545454545456, "ARC/pass@10": 0.05844155844155844, "ARC/tasks": 77, "ARC/queries": 88, "token_accuracy": 0.7479617282597706, "sequence_exact": 0.015151515151515152, "evaluated_augmented_examples": 792, "eval_segments": 16, "max_augmentations_per_task": 32, "total_available_tasks": 77, "seconds": 8.252790194004774, "exact_hit_count": 12, "exact_hits": [{"identifier": "be03b35f|||t4|||0237986451", "input": [4, 2, 2, 4, 4, 1, 0, 0, 0, 0, 4, 4, 2, 4, 2, 1, 0, 0, 0, 0, 2, 2, 2, 2, 2, 1, 0, 0, 0, 0, 5, 5, 2, 2, 4, 1, 0, 0, 0, 0, 5, 5, 2, 4, 4, 1, 0, 0, 0, 0, 1, 1, 1, 1, 1, 1, 0, 0, 0, 0, 0, 0, 0, 0, 0, 0, 0, 0, 0, 0, 0, 0, 0, 0, 0, 0, 0, 0, 0, 0, 0, 0, 0, 0, 0, 0, 0, 0, 0, 0, 0, 0, 0, 0, 0, 0, 0, 0, 0, 0], "prediction": [4, 4, 1, 2, 4, 1, 4, 1, 1, 1, 2, 4, 1, 1, 1, 1, 1, 1, 4, 1, 1, 1, 1, 1, 1, 1, 1, 2, 4, 1, 1, 1, 1, 1, 1, 1, 1, 2, 1, 1, 1, 1, 1, 1, 2, 1, 1, 1, 1, 1, 1, 1, 1, 1, 1, 1, 1, 1, 4, 1, 4, 5, 1, 1, 1, 1, 1, 5, 4, 4, 1, 2, 4, 4, 4, 1, 8, 4, 4, 4, 1, 4, 2, 4, 1, 1, 4, 4, 4, 4, 1, 1, 1, 1, 1, 1, 1, 1, 4, 4]}, {"identifier": "69889d6e|||t5|||0172456938", "input": [2, 9, 2, 2, 2, 2, 2, 2, 2, 2, 2, 2, 2, 2, 2, 2, 2, 2, 2, 2, 2, 2, 2, 2, 2, 2, 2, 2, 2, 2, 2, 2, 2, 3, 3, 2, 2, 2, 2, 2, 2, 2, 2, 2, 2, 2, 2, 2, 2, 2, 2, 2, 2, 2, 2, 2, 2, 3, 2, 2, 2, 2, 2, 2, 2, 2, 2, 2, 2, 2, 2, 2, 2, 2, 2, 2, 2, 2, 2, 2, 2, 2, 2, 2, 2, 2, 2, 2, 2, 2, 2, 2, 2, 2, 2, 2, 2, 2, 2, 2], "prediction": [2, 9, 2, 2, 2, 2, 2, 2, 2, 2, 2, 9, 9, 2, 2, 2, 2, 2, 2, 2, 2, 2, 9, 9, 9, 9, 2, 2, 2, 2, 2, 2, 2, 3, 3, 9, 9, 2, 2, 2, 2, 2, 2, 2, 2, 2, 9, 9, 9, 2, 2, 2, 2, 2, 2, 2, 2, 3, 9, 9, 2, 2, 2, 2, 2, 2, 2, 2, 2, 9, 2, 2, 2, 2, 2, 2, 2, 2, 2, 2, 2, 2, 2, 2, 2, 2, 2, 2, 2, 2, 2, 2, 2, 2, 2, 2, 2, 2, 2, 2]}, {"identifier": "bbb1b8b6|||t5|||0918254673", "input": [2, 11, 11, 11, 7, 10, 2, 2, 2, 1, 2, 2, 2, 11, 7, 10, 10, 10, 2, 1, 11, 2, 2, 11, 7, 2, 10, 10, 2, 1, 11, 11, 2, 2, 7, 2, 2, 10, 10, 1, 1, 1, 1, 1, 1, 1, 1, 1, 1, 1, 0, 0, 0, 0, 0, 0, 0, 0, 0, 0, 0, 0, 0, 0, 0, 0, 0, 0, 0, 0, 0, 0, 0, 0, 0, 0, 0, 0, 0, 0, 0, 0, 0, 0, 0, 0, 0, 0, 0, 0, 0, 0, 0, 0, 0, 0, 0, 0, 0, 0], "prediction": [10, 11, 11, 11, 1, 10, 2, 2, 2, 1, 10, 10, 10, 11, 1, 10, 10, 10, 11, 1, 11, 10, 10, 11, 1, 2, 10, 10, 2, 1, 11, 11, 10, 10, 1, 11, 2, 10, 10, 1, 1, 1, 1, 1, 1, 1, 1, 1, 1, 1, 11, 11, 11, 11, 1, 11, 11, 11, 11, 1, 10, 11, 11, 11, 1, 11, 11, 11, 11, 1, 10, 2, 10, 10, 1, 11, 11, 11, 11, 1, 1, 10, 10, 9, 1, 11, 11, 11, 11, 1, 1, 1, 1, 1, 1, 1, 1, 1, 1, 1]}, {"identifier": "bbb1b8b6|||t6|||0781596423", "input": [9, 9, 2, 2, 1, 0, 0, 0, 0, 0, 9, 2, 2, 9, 1, 0, 0, 0, 0, 0, 2, 2, 2, 9, 1, 0, 0, 0, 0, 0, 2, 9, 9, 9, 1, 0, 0, 0, 0, 0, 11, 11, 11, 11, 1, 0, 0, 0, 0, 0, 2, 2, 3, 3, 1, 0, 0, 0, 0, 0, 2, 3, 3, 2, 1, 0, 0, 0, 0, 0, 3, 3, 3, 2, 1, 0, 0, 0, 0, 0, 3, 2, 2, 2, 1, 0, 0, 0, 0, 0, 1, 1, 1, 1, 1, 0, 0, 0, 0, 0], "prediction": [9, 9, 3, 3, 1, 3, 9, 9, 1, 1, 9, 3, 3, 9, 1, 3, 2, 9, 2, 1, 3, 3, 3, 9, 1, 3, 9, 2, 9, 1, 3, 9, 9, 9, 1, 9, 9, 2, 9, 1, 1, 1, 1, 1, 1, 1, 9, 9, 9, 1, 9, 1, 1, 1, 1, 1, 2, 9, 3, 1, 9, 3, 3, 3, 1, 3, 9, 9, 9, 1, 3, 3, 3, 3, 1, 3, 9, 9, 9, 1, 3, 9, 9, 3, 1, 9, 9, 9, 9, 1, 1, 1, 1, 1, 1, 1, 1, 1, 1, 1]}, {"identifier": "4cd1b7b2|||t4|||0418593267", "input": [10, 3, 6, 2, 1, 0, 0, 0, 0, 0, 2, 6, 10, 2, 1, 0, 0, 0, 0, 0, 6, 7, 2, 10, 1, 0, 0, 0, 0, 0, 3, 2, 7, 2, 1, 0, 0, 0, 0, 0, 1, 1, 1, 1, 1, 0, 0, 0, 0, 0, 0, 0, 0, 0, 0, 0, 0, 0, 0, 0, 0, 0, 0, 0, 0, 0, 0, 0, 0, 0, 0, 0, 0, 0, 0, 0, 0, 0, 0, 0, 0, 0, 0, 0, 0, 0, 0, 0, 0, 0, 0, 0, 0, 0, 0, 0, 0, 0, 0, 0], "prediction": [10, 3, 6, 7, 1, 10, 2, 2, 1, 1, 7, 6, 10, 3, 1, 6, 10, 2, 10, 1, 6, 7, 3, 10, 1, 7, 2, 2, 2, 1, 3, 10, 7, 6, 1, 3, 2, 2, 1, 1, 1, 1, 1, 1, 1, 1, 1, 1, 1, 1, 7, 3, 6, 7, 1, 1, 2, 2, 1, 1, 2, 7, 2, 2, 1, 2, 2, 2, 2, 1, 2, 2, 2, 2, 1, 2, 2, 2, 2, 1, 1, 2, 2, 1, 1, 1, 2, 2, 1, 1, 1, 1, 1, 1, 1, 1, 1, 1, 1, 1]}, {"identifier": "b1fc8b8e|||t6|||0961432578", "input": [2, 9, 9, 2, 2, 2, 1, 0, 0, 0, 2, 9, 9, 9, 9, 2, 1, 0, 0, 0, 9, 9, 2, 9, 9, 2, 1, 0, 0, 0, 9, 9, 9, 9, 2, 2, 1, 0, 0, 0, 2, 2, 9, 9, 2, 2, 1, 0, 0, 0, 2, 2, 2, 2, 2, 2, 1, 0, 0, 0, 1, 1, 1, 1, 1, 1, 1, 0, 0, 0, 0, 0, 0, 0, 0, 0, 0, 0, 0, 0, 0, 0, 0, 0, 0, 0, 0, 0, 0, 0, 0, 0, 0, 0, 0, 0, 0, 0, 0, 0], "prediction": [9, 9, 2, 9, 9, 1, 1, 9, 9, 9, 9, 9, 2, 9, 9, 1, 1, 9, 9, 9, 2, 2, 2, 2, 2, 1, 1, 2, 2, 9, 9, 9, 2, 9, 9, 1, 1, 2, 2, 9, 9, 9, 2, 9, 9, 1, 1, 11, 9, 1, 1, 1, 1, 1, 1, 1, 1, 1, 1, 1, 1, 1, 1, 1, 1, 1, 1, 1, 1, 1, 9, 9, 2, 2, 9, 1, 1, 1, 2, 2, 2, 2, 2, 2, 2, 1, 1, 2, 2, 2, 1, 9, 2, 2, 2, 1, 1, 2, 2, 2]}, {"identifier": "b1fc8b8e|||t2|||0682935741", "input": [2, 2, 2, 2, 2, 2, 1, 0, 0, 0, 2, 2, 2, 6, 6, 2, 1, 0, 0, 0, 2, 6, 6, 6, 6, 2, 1, 0, 0, 0, 2, 6, 6, 2, 6, 6, 1, 0, 0, 0, 2, 2, 6, 6, 6, 6, 1, 0, 0, 0, 2, 2, 6, 6, 2, 2, 1, 0, 0, 0, 1, 1, 1, 1, 1, 1, 1, 0, 0, 0, 0, 0, 0, 0, 0, 0, 0, 0, 0, 0, 0, 0, 0, 0, 0, 0, 0, 0, 0, 0, 0, 0, 0, 0, 0, 0, 0, 0, 0, 0], "prediction": [6, 6, 2, 6, 6, 1, 1, 6, 6, 1, 6, 6, 2, 6, 6, 1, 1, 6, 6, 6, 2, 2, 2, 2, 2, 1, 1, 2, 2, 6, 6, 6, 2, 6, 6, 1, 1, 6, 6, 2, 6, 6, 2, 6, 6, 1, 1, 6, 6, 2, 1, 1, 1, 1, 1, 1, 1, 1, 1, 1, 1, 1, 1, 1, 1, 1, 1, 1, 1, 1, 6, 2, 2, 2, 6, 1, 1, 2, 2, 2, 6, 6, 2, 6, 6, 1, 1, 2, 2, 2, 6, 2, 6, 2, 2, 1, 1, 2, 2, 2]}, {"identifier": "da2b0fe3|||t6|||0435718296", "input": [2, 2, 2, 2, 2, 2, 2, 2, 2, 2, 2, 5, 5, 5, 2, 5, 2, 2, 2, 2, 2, 5, 5, 5, 2, 5, 2, 2, 2, 2, 2, 5, 5, 5, 2, 5, 2, 2, 2, 2, 2, 5, 5, 5, 2, 5, 2, 2, 2, 2, 2, 2, 2, 2, 2, 2, 2, 2, 2, 2, 2, 2, 2, 2, 2, 2, 2, 2, 2, 2, 2, 2, 2, 2, 2, 2, 2, 2, 2, 2, 2, 2, 2, 2, 2, 2, 2, 2, 2, 2, 2, 2, 2, 2, 2, 2, 2, 2, 2, 2], "prediction": [2, 2, 2, 2, 7, 2, 2, 2, 2, 2, 2, 5, 5, 5, 7, 5, 2, 2, 2, 2, 2, 5, 5, 5, 7, 5, 2, 2, 2, 2, 2, 5, 5, 5, 7, 5, 2, 2, 2, 2, 2, 5, 5, 5, 7, 5, 2, 2, 2, 2, 2, 2, 2, 2, 7, 2, 2, 2, 2, 2, 2, 2, 2, 2, 7, 2, 2, 2, 2, 2, 2, 2, 2, 2, 7, 2, 2, 2, 2, 2, 2, 2, 2, 2, 7, 2, 2, 2, 2, 2, 2, 2, 2, 2, 7, 2, 2, 2, 2, 2]}, {"identifier": "da2b0fe3|||t0|||0938162574", "input": [2, 2, 2, 2, 2, 2, 2, 2, 2, 2, 2, 5, 5, 5, 5, 2, 2, 2, 2, 2, 2, 5, 5, 5, 5, 2, 2, 2, 2, 2, 2, 5, 5, 5, 5, 2, 2, 2, 2, 2, 2, 2, 2, 2, 2, 2, 2, 2, 2, 2, 2, 5, 5, 5, 5, 2, 2, 2, 2, 2, 2, 2, 2, 2, 2, 2, 2, 2, 2, 2, 2, 2, 2, 2, 2, 2, 2, 2, 2, 2, 2, 2, 2, 2, 2, 2, 2, 2, 2, 2, 2, 2, 2, 2, 2, 2, 2, 2, 2, 2], "prediction": [2, 2, 2, 2, 2, 2, 2, 2, 2, 2, 2, 5, 5, 5, 5, 2, 2, 2, 2, 2, 2, 5, 5, 5, 5, 2, 2, 2, 2, 2, 2, 5, 5, 5, 5, 2, 2, 2, 2, 2, 10, 10, 10, 10, 10, 10, 10, 10, 10, 10, 2, 5, 5, 5, 5, 2, 2, 2, 2, 2, 2, 2, 2, 2, 2, 2, 2, 2, 2, 2, 2, 2, 2, 2, 2, 2, 2, 2, 2, 2, 2, 2, 2, 2, 2, 2, 2, 2, 2, 2, 2, 2, 2, 2, 2, 2, 2, 2, 2, 2]}, {"identifier": "da2b0fe3|||t5|||0592461738", "input": [2, 2, 2, 2, 2, 2, 2, 2, 2, 2, 2, 2, 2, 2, 2, 2, 2, 2, 2, 2, 2, 2, 2, 2, 2, 2, 2, 2, 2, 2, 2, 2, 2, 2, 2, 2, 2, 2, 2, 2, 2, 11, 11, 11, 11, 2, 2, 2, 2, 2, 2, 2, 2, 2, 2, 2, 2, 2, 2, 2, 2, 11, 11, 11, 11, 2, 2, 2, 2, 2, 2, 11, 11, 11, 11, 2, 2, 2, 2, 2, 2, 11, 11, 11, 11, 2, 2, 2, 2, 2, 2, 2, 2, 2, 2, 2, 2, 2, 2, 2], "prediction": [2, 2, 2, 2, 2, 2, 2, 2, 2, 2, 2, 2, 2, 2, 2, 2, 2, 2, 2, 2, 2, 2, 2, 2, 2, 2, 2, 2, 2, 2, 2, 2, 2, 2, 2, 2, 2, 2, 2, 2, 2, 11, 11, 11, 11, 2, 2, 2, 2, 2, 4, 4, 4, 4, 4, 4, 4, 4, 4, 4, 2, 11, 11, 11, 11, 2, 2, 2, 2, 2, 2, 11, 11, 11, 11, 2, 2, 2, 2, 2, 2, 11, 11, 11, 11, 2, 2, 2, 2, 2, 2, 2, 2, 2, 2, 2, 2, 2, 2, 2]}, {"identifier": "da2b0fe3|||t3|||0563819472", "input": [2, 2, 2, 2, 2, 2, 2, 2, 2, 2, 2, 2, 2, 2, 8, 2, 8, 8, 8, 2, 2, 2, 2, 2, 8, 2, 8, 8, 8, 2, 2, 2, 2, 2, 8, 2, 8, 8, 8, 2, 2, 2, 2, 2, 8, 2, 8, 8, 8, 2, 2, 2, 2, 2, 2, 2, 2, 2, 2, 2, 2, 2, 2, 2, 2, 2, 2, 2, 2, 2, 2, 2, 2, 2, 2, 2, 2, 2, 2, 2, 2, 2, 2, 2, 2, 2, 2, 2, 2, 2, 2, 2, 2, 2, 2, 2, 2, 2, 2, 2], "prediction": [2, 2, 2, 2, 2, 5, 2, 2, 2, 2, 2, 2, 2, 2, 8, 5, 8, 8, 8, 2, 2, 2, 2, 2, 8, 5, 8, 8, 8, 2, 2, 2, 2, 2, 8, 5, 8, 8, 8, 2, 2, 2, 2, 2, 8, 5, 8, 8, 8, 2, 2, 2, 2, 2, 2, 5, 2, 2, 2, 2, 2, 2, 2, 2, 2, 5, 2, 2, 2, 2, 2, 2, 2, 2, 2, 5, 2, 2, 2, 2, 2, 2, 2, 2, 2, 5, 2, 2, 2, 2, 2, 2, 2, 2, 2, 5, 2, 2, 2, 2]}, {"identifier": "da2b0fe3|||t1|||0687359241", "input": [2, 2, 2, 2, 2, 2, 2, 2, 2, 2, 2, 2, 2, 2, 2, 2, 2, 2, 2, 2, 2, 2, 2, 2, 2, 2, 2, 2, 2, 2, 2, 2, 2, 2, 2, 2, 2, 2, 2, 2, 2, 2, 2, 2, 2, 2, 2, 2, 2, 2, 2, 10, 10, 10, 2, 10, 2, 2, 2, 2, 2, 10, 10, 10, 2, 10, 2, 2, 2, 2, 2, 10, 10, 10, 2, 10, 2, 2, 2, 2, 2, 10, 10, 10, 2, 10, 2, 2, 2, 2, 2, 2, 2, 2, 2, 2, 2, 2, 2, 2], "prediction": [2, 2, 2, 2, 9, 2, 2, 2, 2, 2, 2, 2, 2, 2, 9, 2, 2, 2, 2, 2, 2, 2, 2, 2, 9, 2, 2, 2, 2, 2, 2, 2, 2, 2, 9, 2, 2, 2, 2, 2, 2, 2, 2, 2, 9, 2, 2, 2, 2, 2, 2, 10, 10, 10, 9, 10, 2, 2, 2, 2, 2, 10, 10, 10, 9, 10, 2, 2, 2, 2, 2, 10, 10, 10, 9, 10, 2, 2, 2, 2, 2, 10, 10, 10, 9, 10, 2, 2, 2, 2, 2, 2, 2, 2, 9, 2, 2, 2, 2, 2]}], "step": 16000, "weights": "ema_parameters_raw_puzzle_embeddings"}
[ARC train] {"step": 16100, "loss": 0.056967150973750984, "halted": 0, "seconds": 3897.3890830855817}
[ARC train] {"step": 16200, "loss": 0.013283382184767146, "halted": 0, "seconds": 3921.1669964967296}
[ARC train] {"step": 16300, "loss": 0.009819602140450018, "halted": 0, "seconds": 3945.005332815461}
[ARC train] {"step": 16400, "loss": 0.006823447810744149, "halted": 128, "seconds": 3968.849373087287, "exact": 0.984375}
[ARC train] {"step": 16500, "loss": 0.04958646832102548, "halted": 0, "seconds": 3992.681137068197}
[ARC train] {"step": 16600, "loss": 0.010728519597974648, "halted": 0, "seconds": 4016.5612046718597}
[ARC train] {"step": 16700, "loss": 0.006966240591368583, "halted": 0, "seconds": 4040.378865543753}
[ARC train] {"step": 16800, "loss": 0.011683109844461071, "halted": 128, "seconds": 4064.2263809861615, "exact": 0.9453125}
[ARC train] {"step": 16900, "loss": 0.06208436621893825, "halted": 0, "seconds": 4088.143024121411}
[ARC train] {"step": 17000, "loss": 0.012635636116759733, "halted": 0, "seconds": 4112.006471851841}
[ARC train] {"step": 17100, "loss": 0.01264773857511595, "halted": 0, "seconds": 4135.896701156162}
[ARC train] {"step": 17200, "loss": 0.006934055507358938, "halted": 128, "seconds": 4159.713376821019, "exact": 0.9921875}
[ARC train] {"step": 17300, "loss": 0.04678879222817318, "halted": 0, "seconds": 4183.176060957834}
[ARC train] {"step": 17400, "loss": 0.014872472739475234, "halted": 0, "seconds": 4207.045883555897}
[ARC train] {"step": 17500, "loss": 0.011893209855681996, "halted": 0, "seconds": 4230.940354689956}
[ARC train] {"step": 17600, "loss": 0.006344303461698069, "halted": 128, "seconds": 4254.782684488222, "exact": 0.9921875}
[ARC train] {"step": 17700, "loss": 0.03339738521425348, "halted": 0, "seconds": 4278.538099995814}
[ARC train] {"step": 17800, "loss": 0.017923102965643905, "halted": 0, "seconds": 4302.318189319223}
[ARC train] {"step": 17900, "loss": 0.006176997692233088, "halted": 0, "seconds": 4326.106754242443}
[ARC train] {"step": 18000, "loss": 0.006515995676308403, "halted": 128, "seconds": 4349.940787446685, "exact": 0.9765625}
[ARC eval] {"ARC/pass@1": 0.006493506493506494, "ARC/pass@2": 0.01948051948051948, "ARC/pass@5": 0.06493506493506493, "ARC/pass@10": 0.06493506493506493, "ARC/tasks": 77, "ARC/queries": 88, "token_accuracy": 0.7527622020605839, "sequence_exact": 0.015151515151515152, "evaluated_augmented_examples": 792, "eval_segments": 16, "max_augmentations_per_task": 32, "total_available_tasks": 77, "seconds": 8.380988183431327, "exact_hit_count": 12, "exact_hits": [{"identifier": "e133d23d|||t5|||0528736149", "input": [8, 2, 8, 9, 2, 2, 2, 1, 0, 0, 2, 8, 2, 9, 6, 6, 6, 1, 0, 0, 2, 8, 8, 9, 2, 2, 6, 1, 0, 0, 1, 1, 1, 1, 1, 1, 1, 1, 0, 0, 0, 0, 0, 0, 0, 0, 0, 0, 0, 0, 0, 0, 0, 0, 0, 0, 0, 0, 0, 0, 0, 0, 0, 0, 0, 0, 0, 0, 0, 0, 0, 0, 0, 0, 0, 0, 0, 0, 0, 0, 0, 0, 0, 0, 0, 0, 0, 0, 0, 0, 0, 0, 0, 0, 0, 0, 0, 0, 0, 0], "prediction": [4, 2, 4, 1, 4, 2, 4, 1, 4, 4, 4, 4, 4, 1, 4, 4, 4, 1, 4, 2, 2, 4, 4, 1, 4, 4, 4, 1, 4, 4, 1, 1, 1, 1, 1, 1, 4, 1, 1, 1, 4, 1, 4, 4, 4, 4, 1, 1, 1, 1, 1, 1, 1, 1, 1, 1, 1, 1, 8, 11, 1, 1, 1, 1, 1, 1, 1, 1, 11, 2, 1, 1, 1, 11, 11, 2, 1, 2, 2, 1, 1, 1, 1, 1, 1, 1, 1, 1, 1, 1, 1, 1, 1, 1, 1, 1, 1, 1, 1, 1]}, {"identifier": "be03b35f|||t4|||0237986451", "input": [4, 2, 2, 4, 4, 1, 0, 0, 0, 0, 4, 4, 2, 4, 2, 1, 0, 0, 0, 0, 2, 2, 2, 2, 2, 1, 0, 0, 0, 0, 5, 5, 2, 2, 4, 1, 0, 0, 0, 0, 5, 5, 2, 4, 4, 1, 0, 0, 0, 0, 1, 1, 1, 1, 1, 1, 0, 0, 0, 0, 0, 0, 0, 0, 0, 0, 0, 0, 0, 0, 0, 0, 0, 0, 0, 0, 0, 0, 0, 0, 0, 0, 0, 0, 0, 0, 0, 0, 0, 0, 0, 0, 0, 0, 0, 0, 0, 0, 0, 0], "prediction": [4, 4, 1, 2, 2, 1, 1, 1, 1, 1, 2, 4, 1, 4, 1, 1, 1, 1, 1, 1, 1, 1, 1, 1, 1, 1, 1, 1, 1, 4, 1, 1, 1, 1, 2, 1, 1, 1, 1, 1, 1, 1, 1, 4, 2, 1, 1, 1, 1, 1, 1, 1, 1, 1, 1, 1, 1, 1, 1, 1, 1, 1, 1, 1, 1, 1, 1, 1, 4, 4, 1, 2, 4, 4, 1, 1, 1, 11, 4, 4, 1, 1, 1, 4, 1, 1, 1, 11, 4, 4, 1, 1, 1, 1, 1, 1, 1, 1, 4, 4]}, {"identifier": "6ea4a07e", "input": [2, 7, 2, 1, 0, 0, 0, 0, 0, 0, 7, 7, 2, 1, 0, 0, 0, 0, 0, 0, 2, 2, 7, 1, 0, 0, 0, 0, 0, 0, 1, 1, 1, 1, 0, 0, 0, 0, 0, 0, 0, 0, 0, 0, 0, 0, 0, 0, 0, 0, 0, 0, 0, 0, 0, 0, 0, 0, 0, 0, 0, 0, 0, 0, 0, 0, 0, 0, 0, 0, 0, 0, 0, 0, 0, 0, 0, 0, 0, 0, 0, 0, 0, 0, 0, 0, 0, 0, 0, 0, 0, 0, 0, 0, 0, 0, 0, 0, 0, 0], "prediction": [6, 2, 6, 1, 7, 2, 2, 4, 1, 1, 2, 2, 6, 1, 2, 2, 2, 2, 1, 1, 6, 6, 2, 1, 2, 2, 2, 2, 1, 1, 1, 1, 1, 1, 1, 1, 1, 1, 1, 1, 2, 2, 2, 1, 1, 2, 1, 1, 1, 1, 7, 2, 2, 1, 2, 2, 7, 1, 1, 1, 2, 2, 2, 1, 7, 2, 2, 2, 1, 1, 2, 2, 2, 1, 1, 2, 2, 2, 1, 1, 1, 1, 1, 1, 1, 1, 1, 1, 1, 1, 1, 1, 1, 1, 1, 1, 1, 1, 1, 1]}, {"identifier": "6ea4a07e|||t3|||0762938541", "input": [2, 5, 2, 1, 0, 0, 0, 0, 0, 0, 2, 5, 5, 1, 0, 0, 0, 0, 0, 0, 5, 2, 2, 1, 0, 0, 0, 0, 0, 0, 1, 1, 1, 1, 0, 0, 0, 0, 0, 0, 0, 0, 0, 0, 0, 0, 0, 0, 0, 0, 0, 0, 0, 0, 0, 0, 0, 0, 0, 0, 0, 0, 0, 0, 0, 0, 0, 0, 0, 0, 0, 0, 0, 0, 0, 0, 0, 0, 0, 0, 0, 0, 0, 0, 0, 0, 0, 0, 0, 0, 0, 0, 0, 0, 0, 0, 0, 0, 0, 0], "prediction": [11, 2, 11, 1, 11, 1, 1, 1, 1, 1, 11, 2, 2, 1, 2, 1, 1, 1, 1, 1, 2, 11, 11, 1, 11, 1, 1, 1, 1, 1, 1, 1, 1, 1, 1, 1, 1, 1, 1, 1, 2, 2, 2, 1, 1, 1, 1, 1, 1, 1, 1, 1, 1, 1, 1, 1, 1, 1, 1, 1, 1, 1, 1, 1, 1, 1, 1, 1, 1, 1, 1, 1, 1, 1, 1, 1, 1, 1, 1, 1, 1, 1, 1, 1, 1, 1, 1, 1, 1, 1, 1, 1, 1, 1, 1, 1, 1, 1, 1, 1]}, {"identifier": "bbb1b8b6|||t2|||0156823794", "input": [2, 2, 2, 8, 4, 3, 3, 3, 2, 1, 2, 8, 8, 8, 4, 3, 2, 2, 2, 1, 2, 8, 8, 2, 4, 3, 2, 2, 3, 1, 8, 8, 2, 2, 4, 2, 2, 3, 3, 1, 1, 1, 1, 1, 1, 1, 1, 1, 1, 1, 0, 0, 0, 0, 0, 0, 0, 0, 0, 0, 0, 0, 0, 0, 0, 0, 0, 0, 0, 0, 0, 0, 0, 0, 0, 0, 0, 0, 0, 0, 0, 0, 0, 0, 0, 0, 0, 0, 0, 0, 0, 0, 0, 0, 0, 0, 0, 0, 0, 0], "prediction": [3, 3, 3, 8, 1, 3, 3, 3, 8, 1, 3, 8, 8, 8, 1, 3, 8, 2, 8, 1, 3, 8, 8, 3, 1, 1, 3, 8, 8, 1, 8, 8, 3, 3, 1, 3, 8, 8, 8, 1, 1, 1, 1, 1, 1, 1, 1, 1, 1, 1, 1, 3, 3, 3, 1, 1, 8, 8, 8, 1, 1, 11, 11, 11, 1, 11, 3, 3, 2, 1, 1, 2, 2, 8, 1, 3, 3, 2, 8, 1, 1, 1, 8, 8, 1, 1, 3, 8, 8, 1, 1, 1, 1, 1, 1, 1, 1, 1, 1, 1]}, {"identifier": "bbb1b8b6|||t5|||0918254673", "input": [2, 11, 11, 11, 7, 10, 2, 2, 2, 1, 2, 2, 2, 11, 7, 10, 10, 10, 2, 1, 11, 2, 2, 11, 7, 2, 10, 10, 2, 1, 11, 11, 2, 2, 7, 2, 2, 10, 10, 1, 1, 1, 1, 1, 1, 1, 1, 1, 1, 1, 0, 0, 0, 0, 0, 0, 0, 0, 0, 0, 0, 0, 0, 0, 0, 0, 0, 0, 0, 0, 0, 0, 0, 0, 0, 0, 0, 0, 0, 0, 0, 0, 0, 0, 0, 0, 0, 0, 0, 0, 0, 0, 0, 0, 0, 0, 0, 0, 0, 0], "prediction": [10, 11, 11, 11, 1, 10, 2, 10, 2, 1, 10, 10, 10, 11, 1, 10, 10, 10, 2, 1, 11, 10, 10, 11, 1, 2, 10, 10, 2, 1, 11, 11, 10, 10, 1, 2, 2, 10, 10, 1, 1, 1, 1, 1, 1, 1, 1, 1, 1, 1, 11, 11, 10, 11, 1, 11, 11, 11, 11, 1, 10, 11, 11, 2, 11, 11, 11, 11, 11, 1, 10, 10, 10, 10, 1, 11, 11, 11, 11, 1, 1, 11, 10, 1, 1, 11, 11, 11, 11, 1, 1, 1, 1, 1, 1, 1, 1, 1, 1, 1]}, {"identifier": "9110e3c5|||t2|||0217498563", "input": [2, 2, 6, 2, 9, 2, 2, 1, 0, 0, 2, 2, 2, 9, 9, 2, 2, 1, 0, 0, 9, 9, 2, 2, 11, 9, 2, 1, 0, 0, 7, 2, 2, 9, 2, 9, 8, 1, 0, 0, 5, 3, 2, 9, 2, 9, 2, 1, 0, 0, 11, 2, 2, 11, 5, 2, 9, 1, 0, 0, 9, 2, 2, 2, 9, 2, 9, 1, 0, 0, 1, 1, 1, 1, 1, 1, 1, 1, 0, 0, 0, 0, 0, 0, 0, 0, 0, 0, 0, 0, 0, 0, 0, 0, 0, 0, 0, 0, 0, 0], "prediction": [2, 8, 2, 1, 1, 8, 2, 1, 1, 8, 2, 8, 2, 1, 8, 8, 2, 1, 2, 8, 8, 8, 2, 1, 1, 8, 2, 1, 2, 8, 1, 1, 1, 1, 1, 1, 1, 1, 1, 8, 8, 8, 2, 1, 8, 8, 2, 1, 8, 8, 8, 2, 2, 8, 8, 2, 8, 1, 1, 8, 8, 11, 2, 1, 8, 2, 8, 1, 1, 1, 1, 1, 1, 1, 1, 1, 1, 1, 1, 1, 1, 11, 2, 1, 11, 11, 11, 1, 1, 1, 8, 11, 2, 1, 8, 2, 1, 1, 2, 2]}, {"identifier": "da2b0fe3|||t6|||0418562937", "input": [2, 2, 2, 2, 2, 2, 2, 2, 2, 2, 2, 3, 3, 3, 2, 3, 2, 2, 2, 2, 2, 3, 3, 3, 2, 3, 2, 2, 2, 2, 2, 3, 3, 3, 2, 3, 2, 2, 2, 2, 2, 3, 3, 3, 2, 3, 2, 2, 2, 2, 2, 2, 2, 2, 2, 2, 2, 2, 2, 2, 2, 2, 2, 2, 2, 2, 2, 2, 2, 2, 2, 2, 2, 2, 2, 2, 2, 2, 2, 2, 2, 2, 2, 2, 2, 2, 2, 2, 2, 2, 2, 2, 2, 2, 2, 2, 2, 2, 2, 2], "prediction": [2, 2, 2, 2, 10, 2, 2, 2, 2, 2, 2, 3, 3, 3, 10, 3, 2, 2, 2, 2, 2, 3, 3, 3, 10, 3, 2, 2, 2, 2, 2, 3, 3, 3, 10, 3, 2, 2, 2, 2, 2, 3, 3, 3, 10, 3, 2, 2, 2, 2, 2, 2, 2, 2, 10, 2, 2, 2, 2, 2, 2, 2, 2, 2, 10, 2, 2, 2, 2, 2, 2, 2, 2, 2, 10, 2, 2, 2, 2, 2, 2, 2, 2, 2, 10, 2, 2, 2, 2, 2, 2, 2, 2, 2, 10, 2, 2, 2, 2, 2]}, {"identifier": "da2b0fe3|||t5|||0592461738", "input": [2, 2, 2, 2, 2, 2, 2, 2, 2, 2, 2, 2, 2, 2, 2, 2, 2, 2, 2, 2, 2, 2, 2, 2, 2, 2, 2, 2, 2, 2, 2, 2, 2, 2, 2, 2, 2, 2, 2, 2, 2, 11, 11, 11, 11, 2, 2, 2, 2, 2, 2, 2, 2, 2, 2, 2, 2, 2, 2, 2, 2, 11, 11, 11, 11, 2, 2, 2, 2, 2, 2, 11, 11, 11, 11, 2, 2, 2, 2, 2, 2, 11, 11, 11, 11, 2, 2, 2, 2, 2, 2, 2, 2, 2, 2, 2, 2, 2, 2, 2], "prediction": [2, 2, 2, 2, 2, 2, 2, 2, 2, 2, 2, 2, 2, 2, 2, 2, 2, 2, 2, 2, 2, 2, 2, 2, 2, 2, 2, 2, 2, 2, 2, 2, 2, 2, 2, 2, 2, 2, 2, 2, 2, 11, 11, 11, 11, 2, 2, 2, 2, 2, 4, 4, 4, 4, 4, 4, 4, 4, 4, 4, 2, 11, 11, 11, 11, 2, 2, 2, 2, 2, 2, 11, 11, 11, 11, 2, 2, 2, 2, 2, 2, 11, 11, 11, 11, 2, 2, 2, 2, 2, 2, 2, 2, 2, 2, 2, 2, 2, 2, 2]}, {"identifier": "da2b0fe3|||t5|||0592461738", "input": [2, 2, 2, 2, 2, 2, 2, 2, 2, 2, 2, 2, 2, 2, 2, 2, 2, 2, 2, 2, 2, 2, 2, 2, 2, 2, 2, 2, 2, 2, 2, 2, 2, 2, 2, 2, 2, 2, 2, 2, 2, 2, 2, 3, 2, 3, 2, 2, 2, 2, 2, 2, 3, 3, 2, 3, 3, 2, 2, 2, 2, 2, 3, 3, 2, 3, 3, 2, 2, 2, 2, 2, 2, 3, 2, 3, 2, 2, 2, 2, 2, 2, 2, 2, 2, 2, 2, 2, 2, 2, 2, 2, 2, 2, 2, 2, 2, 2, 2, 2], "prediction": [2, 2, 2, 2, 4, 2, 2, 2, 2, 2, 2, 2, 2, 2, 4, 2, 2, 2, 2, 2, 2, 2, 2, 2, 4, 2, 2, 2, 2, 2, 2, 2, 2, 2, 4, 2, 2, 2, 2, 2, 2, 2, 2, 3, 4, 3, 2, 2, 2, 2, 2, 2, 3, 3, 4, 3, 3, 2, 2, 2, 2, 2, 3, 3, 4, 3, 3, 2, 2, 2, 2, 2, 2, 3, 4, 3, 2, 2, 2, 2, 2, 2, 2, 2, 4, 2, 2, 2, 2, 2, 2, 2, 2, 2, 4, 2, 2, 2, 2, 2]}, {"identifier": "da2b0fe3|||t3|||0563819472", "input": [2, 2, 2, 2, 2, 2, 2, 2, 2, 2, 2, 2, 2, 2, 8, 2, 8, 8, 8, 2, 2, 2, 2, 2, 8, 2, 8, 8, 8, 2, 2, 2, 2, 2, 8, 2, 8, 8, 8, 2, 2, 2, 2, 2, 8, 2, 8, 8, 8, 2, 2, 2, 2, 2, 2, 2, 2, 2, 2, 2, 2, 2, 2, 2, 2, 2, 2, 2, 2, 2, 2, 2, 2, 2, 2, 2, 2, 2, 2, 2, 2, 2, 2, 2, 2, 2, 2, 2, 2, 2, 2, 2, 2, 2, 2, 2, 2, 2, 2, 2], "prediction": [2, 2, 2, 2, 2, 5, 2, 2, 2, 2, 2, 2, 2, 2, 8, 5, 8, 8, 8, 2, 2, 2, 2, 2, 8, 5, 8, 8, 8, 2, 2, 2, 2, 2, 8, 5, 8, 8, 8, 2, 2, 2, 2, 2, 8, 5, 8, 8, 8, 2, 2, 2, 2, 2, 2, 5, 2, 2, 2, 2, 2, 2, 2, 2, 2, 5, 2, 2, 2, 2, 2, 2, 2, 2, 2, 5, 2, 2, 2, 2, 2, 2, 2, 2, 2, 5, 2, 2, 2, 2, 2, 2, 2, 2, 2, 5, 2, 2, 2, 2]}, {"identifier": "da2b0fe3|||t1|||0687359241", "input": [2, 2, 2, 2, 2, 2, 2, 2, 2, 2, 2, 2, 2, 2, 2, 2, 2, 2, 2, 2, 2, 2, 2, 2, 2, 2, 2, 2, 2, 2, 2, 2, 2, 2, 2, 2, 2, 2, 2, 2, 2, 2, 2, 2, 2, 2, 2, 2, 2, 2, 2, 10, 10, 10, 2, 10, 2, 2, 2, 2, 2, 10, 10, 10, 2, 10, 2, 2, 2, 2, 2, 10, 10, 10, 2, 10, 2, 2, 2, 2, 2, 10, 10, 10, 2, 10, 2, 2, 2, 2, 2, 2, 2, 2, 2, 2, 2, 2, 2, 2], "prediction": [2, 2, 2, 2, 9, 2, 2, 2, 2, 2, 2, 2, 2, 2, 9, 2, 2, 2, 2, 2, 2, 2, 2, 2, 9, 2, 2, 2, 2, 2, 2, 2, 2, 2, 9, 2, 2, 2, 2, 2, 2, 2, 2, 2, 9, 2, 2, 2, 2, 2, 2, 10, 10, 10, 9, 10, 2, 2, 2, 2, 2, 10, 10, 10, 9, 10, 2, 2, 2, 2, 2, 10, 10, 10, 9, 10, 2, 2, 2, 2, 2, 10, 10, 10, 9, 10, 2, 2, 2, 2, 2, 2, 2, 2, 9, 2, 2, 2, 2, 2]}], "step": 18000, "weights": "ema_parameters_raw_puzzle_embeddings"}
[ARC train] {"step": 18100, "loss": 0.04877018108154929, "halted": 0, "seconds": 4382.2574155842885}
[ARC train] {"step": 18200, "loss": 0.016249896037013815, "halted": 0, "seconds": 4406.088969606906}
[ARC train] {"step": 18300, "loss": 0.005140043014742102, "halted": 0, "seconds": 4429.946134882048}
[ARC train] {"step": 18400, "loss": 0.004657049854883755, "halted": 128, "seconds": 4453.70749405399, "exact": 1.0}
[ARC train] {"step": 18500, "loss": 0.050439290535758755, "halted": 0, "seconds": 4477.504645786248}
[ARC train] {"step": 18600, "loss": 0.019375279909519927, "halted": 0, "seconds": 4501.364412479103}
[ARC train] {"step": 18700, "loss": 0.007523613352772208, "halted": 0, "seconds": 4525.152520914562}
[ARC train] {"step": 18800, "loss": 0.005058518526606941, "halted": 128, "seconds": 4548.946041663177, "exact": 0.9921875}
[ARC train] {"step": 18900, "loss": 0.03850493299677728, "halted": 0, "seconds": 4572.72266348172}
[ARC train] {"step": 19000, "loss": 0.006403308583152308, "halted": 0, "seconds": 4596.567766398191}
[ARC train] {"step": 19100, "loss": 0.013140524490468337, "halted": 0, "seconds": 4620.451705340296}
[ARC train] {"step": 19200, "loss": 0.006063495043386472, "halted": 128, "seconds": 4644.254376147874, "exact": 0.984375}
[ARC train] {"step": 19300, "loss": 0.04768108166424592, "halted": 0, "seconds": 4668.076419627294}
[ARC train] {"step": 19400, "loss": 0.011312270701028096, "halted": 0, "seconds": 4691.837771237828}
[ARC train] {"step": 19500, "loss": 0.004962958283003678, "halted": 0, "seconds": 4715.658365093172}
[ARC train] {"step": 19600, "loss": 0.004854179033357282, "halted": 128, "seconds": 4739.421136717312, "exact": 1.0}
[ARC train] {"step": 19700, "loss": 0.05447951863663328, "halted": 0, "seconds": 4763.076381490566}
[ARC train] {"step": 19800, "loss": 0.009359205539182035, "halted": 0, "seconds": 4787.123317564838}
[ARC train] {"step": 19900, "loss": 0.006426523863568283, "halted": 0, "seconds": 4811.175182432868}
[ARC train] {"step": 20000, "loss": 0.004751047040128152, "halted": 128, "seconds": 4835.215657914989, "exact": 0.9921875}
[ARC eval] {"ARC/pass@1": 0.006493506493506494, "ARC/pass@2": 0.032467532467532464, "ARC/pass@5": 0.032467532467532464, "ARC/pass@10": 0.03896103896103896, "ARC/tasks": 77, "ARC/queries": 88, "token_accuracy": 0.7587967400599007, "sequence_exact": 0.008838383838383838, "evaluated_augmented_examples": 792, "eval_segments": 16, "max_augmentations_per_task": 32, "total_available_tasks": 77, "seconds": 8.30420489050448, "exact_hit_count": 7, "exact_hits": [{"identifier": "e133d23d|||t3|||0214895763", "input": [7, 2, 2, 1, 0, 0, 0, 0, 0, 0, 2, 7, 7, 1, 0, 0, 0, 0, 0, 0, 7, 2, 7, 1, 0, 0, 0, 0, 0, 0, 10, 10, 10, 1, 0, 0, 0, 0, 0, 0, 2, 8, 2, 1, 0, 0, 0, 0, 0, 0, 2, 8, 2, 1, 0, 0, 0, 0, 0, 0, 2, 8, 8, 1, 0, 0, 0, 0, 0, 0, 1, 1, 1, 1, 0, 0, 0, 0, 0, 0, 0, 0, 0, 0, 0, 0, 0, 0, 0, 0, 0, 0, 0, 0, 0, 0, 0, 0, 0, 0], "prediction": [3, 3, 2, 1, 3, 1, 1, 1, 1, 3, 2, 3, 3, 1, 1, 1, 1, 1, 1, 1, 3, 3, 3, 1, 1, 1, 1, 1, 1, 1, 1, 1, 1, 1, 1, 1, 1, 2, 1, 1, 3, 3, 2, 1, 1, 1, 1, 2, 1, 1, 2, 3, 2, 1, 3, 1, 1, 1, 1, 1, 2, 3, 3, 1, 1, 1, 2, 1, 1, 1, 1, 1, 1, 1, 1, 1, 2, 2, 1, 1, 3, 3, 3, 1, 1, 1, 1, 1, 1, 1, 1, 2, 3, 1, 1, 1, 1, 1, 1, 1]}, {"identifier": "e133d23d|||t7|||0972185364", "input": [2, 8, 8, 1, 0, 0, 0, 0, 0, 0, 2, 8, 2, 1, 0, 0, 0, 0, 0, 0, 2, 8, 2, 1, 0, 0, 0, 0, 0, 0, 3, 3, 3, 1, 0, 0, 0, 0, 0, 0, 7, 2, 7, 1, 0, 0, 0, 0, 0, 0, 2, 7, 7, 1, 0, 0, 0, 0, 0, 0, 7, 2, 2, 1, 0, 0, 0, 0, 0, 0, 1, 1, 1, 1, 0, 0, 0, 0, 0, 0, 0, 0, 0, 0, 0, 0, 0, 0, 0, 0, 0, 0, 0, 0, 0, 0, 0, 0, 0, 0], "prediction": [9, 9, 9, 1, 1, 1, 1, 1, 1, 1, 2, 9, 9, 1, 1, 1, 1, 1, 2, 1, 9, 9, 2, 1, 9, 2, 1, 2, 2, 9, 1, 1, 1, 1, 1, 1, 1, 8, 1, 9, 9, 2, 9, 1, 1, 1, 1, 8, 8, 1, 2, 9, 9, 1, 1, 1, 1, 8, 1, 1, 9, 9, 9, 1, 1, 1, 1, 1, 1, 1, 1, 1, 1, 1, 1, 1, 1, 1, 1, 1, 2, 9, 9, 1, 1, 1, 1, 1, 1, 1, 9, 2, 2, 1, 1, 1, 2, 1, 1, 1]}, {"identifier": "6ea4a07e|||t3|||0762938541", "input": [2, 5, 2, 1, 0, 0, 0, 0, 0, 0, 2, 5, 5, 1, 0, 0, 0, 0, 0, 0, 5, 2, 2, 1, 0, 0, 0, 0, 0, 0, 1, 1, 1, 1, 0, 0, 0, 0, 0, 0, 0, 0, 0, 0, 0, 0, 0, 0, 0, 0, 0, 0, 0, 0, 0, 0, 0, 0, 0, 0, 0, 0, 0, 0, 0, 0, 0, 0, 0, 0, 0, 0, 0, 0, 0, 0, 0, 0, 0, 0, 0, 0, 0, 0, 0, 0, 0, 0, 0, 0, 0, 0, 0, 0, 0, 0, 0, 0, 0, 0], "prediction": [11, 2, 11, 1, 2, 1, 1, 2, 1, 1, 11, 2, 2, 1, 2, 1, 1, 2, 1, 1, 2, 11, 11, 1, 1, 1, 1, 1, 1, 1, 1, 1, 1, 1, 1, 1, 1, 1, 1, 1, 1, 2, 1, 1, 1, 1, 1, 1, 1, 1, 1, 1, 1, 1, 1, 1, 1, 1, 1, 1, 1, 1, 1, 1, 1, 1, 1, 1, 1, 1, 1, 2, 1, 1, 1, 1, 1, 1, 1, 1, 1, 1, 1, 1, 1, 1, 1, 1, 1, 1, 1, 1, 1, 1, 1, 1, 1, 1, 1, 1]}, {"identifier": "6ea4a07e|||t4|||0736825419", "input": [2, 2, 8, 1, 0, 0, 0, 0, 0, 0, 8, 8, 8, 1, 0, 0, 0, 0, 0, 0, 8, 2, 2, 1, 0, 0, 0, 0, 0, 0, 1, 1, 1, 1, 0, 0, 0, 0, 0, 0, 0, 0, 0, 0, 0, 0, 0, 0, 0, 0, 0, 0, 0, 0, 0, 0, 0, 0, 0, 0, 0, 0, 0, 0, 0, 0, 0, 0, 0, 0, 0, 0, 0, 0, 0, 0, 0, 0, 0, 0, 0, 0, 0, 0, 0, 0, 0, 0, 0, 0, 0, 0, 0, 0, 0, 0, 0, 0, 0, 0], "prediction": [9, 9, 2, 1, 1, 1, 1, 1, 1, 1, 2, 2, 2, 1, 1, 1, 1, 1, 1, 1, 2, 9, 9, 1, 1, 1, 1, 1, 1, 1, 1, 1, 1, 1, 1, 1, 1, 1, 1, 1, 2, 9, 1, 1, 1, 1, 1, 1, 1, 1, 1, 1, 1, 1, 1, 1, 1, 1, 1, 1, 1, 1, 1, 1, 1, 1, 1, 1, 1, 1, 1, 1, 1, 1, 1, 1, 1, 1, 1, 1, 1, 1, 1, 1, 1, 1, 1, 1, 1, 1, 1, 1, 1, 1, 1, 1, 1, 1, 1, 1]}, {"identifier": "6ea4a07e|||t7|||0796283451", "input": [10, 2, 2, 1, 0, 0, 0, 0, 0, 0, 2, 10, 10, 1, 0, 0, 0, 0, 0, 0, 2, 10, 2, 1, 0, 0, 0, 0, 0, 0, 1, 1, 1, 1, 0, 0, 0, 0, 0, 0, 0, 0, 0, 0, 0, 0, 0, 0, 0, 0, 0, 0, 0, 0, 0, 0, 0, 0, 0, 0, 0, 0, 0, 0, 0, 0, 0, 0, 0, 0, 0, 0, 0, 0, 0, 0, 0, 0, 0, 0, 0, 0, 0, 0, 0, 0, 0, 0, 0, 0, 0, 0, 0, 0, 0, 0, 0, 0, 0, 0], "prediction": [2, 4, 4, 1, 1, 2, 2, 1, 1, 1, 4, 2, 2, 1, 1, 1, 1, 1, 1, 1, 4, 2, 4, 1, 1, 1, 1, 1, 1, 1, 1, 1, 1, 1, 1, 1, 1, 1, 1, 1, 2, 2, 1, 1, 1, 1, 1, 1, 1, 1, 2, 1, 1, 1, 1, 1, 1, 2, 1, 1, 1, 1, 1, 1, 1, 1, 1, 2, 1, 1, 1, 1, 1, 1, 1, 1, 1, 2, 1, 1, 1, 11, 1, 1, 1, 1, 1, 11, 1, 1, 1, 1, 1, 1, 1, 1, 1, 1, 1, 1]}, {"identifier": "bbb1b8b6|||t5|||0918254673", "input": [2, 11, 11, 11, 7, 10, 2, 2, 2, 1, 2, 2, 2, 11, 7, 10, 10, 10, 2, 1, 11, 2, 2, 11, 7, 2, 10, 10, 2, 1, 11, 11, 2, 2, 7, 2, 2, 10, 10, 1, 1, 1, 1, 1, 1, 1, 1, 1, 1, 1, 0, 0, 0, 0, 0, 0, 0, 0, 0, 0, 0, 0, 0, 0, 0, 0, 0, 0, 0, 0, 0, 0, 0, 0, 0, 0, 0, 0, 0, 0, 0, 0, 0, 0, 0, 0, 0, 0, 0, 0, 0, 0, 0, 0, 0, 0, 0, 0, 0, 0], "prediction": [10, 11, 11, 11, 1, 10, 2, 10, 2, 1, 10, 10, 10, 11, 1, 10, 10, 11, 11, 1, 11, 10, 10, 11, 1, 2, 10, 10, 2, 1, 11, 11, 10, 10, 1, 2, 2, 10, 10, 1, 1, 1, 1, 1, 1, 1, 1, 1, 1, 1, 11, 11, 10, 11, 1, 11, 11, 11, 11, 1, 10, 11, 11, 10, 1, 11, 11, 11, 11, 1, 10, 11, 11, 11, 1, 11, 11, 11, 11, 1, 1, 11, 10, 11, 1, 11, 11, 11, 11, 1, 1, 1, 1, 1, 1, 1, 1, 1, 1, 1]}, {"identifier": "bbb1b8b6|||t7|||0462957381", "input": [2, 2, 2, 4, 1, 0, 0, 0, 0, 0, 2, 4, 4, 4, 1, 0, 0, 0, 0, 0, 2, 4, 4, 2, 1, 0, 0, 0, 0, 0, 4, 4, 2, 2, 1, 0, 0, 0, 0, 0, 7, 7, 7, 7, 1, 0, 0, 0, 0, 0, 6, 6, 6, 2, 1, 0, 0, 0, 0, 0, 6, 2, 2, 2, 1, 0, 0, 0, 0, 0, 6, 2, 2, 6, 1, 0, 0, 0, 0, 0, 2, 2, 6, 6, 1, 0, 0, 0, 0, 0, 1, 1, 1, 1, 1, 0, 0, 0, 0, 0], "prediction": [6, 6, 6, 4, 1, 1, 1, 1, 1, 1, 6, 4, 4, 4, 1, 1, 1, 1, 11, 1, 6, 4, 4, 6, 1, 2, 1, 1, 11, 6, 4, 4, 6, 6, 1, 11, 7, 1, 1, 1, 1, 1, 1, 1, 1, 1, 1, 1, 1, 1, 6, 6, 1, 6, 1, 1, 1, 1, 1, 1, 6, 4, 4, 4, 1, 4, 7, 1, 7, 11, 6, 4, 4, 6, 1, 4, 7, 1, 2, 1, 4, 6, 6, 6, 1, 1, 1, 1, 1, 1, 1, 1, 1, 1, 1, 1, 1, 1, 1, 1]}], "step": 20000, "weights": "ema_parameters_raw_puzzle_embeddings"}
[ARC] checkpoint -> runs/arc_s10/d4_aug8_nostdp/latest.pt
