[EXTRAP] start step=100000 weights=raw segs=128 global_n=512
# step=100000 weights=raw segs=128 global_n=512 elapsed=21.9s partial=False
# lt-kv-stdp-fast-weight-v1:research-pairangle_phase_tau2_r1_unrotated_dca1_swiglu_bf16_ng24_qkl2_sum; per segment 0+8 blocks (no-grad+grad); train segments=16
# seg acc exact n exact_percent churn
   1 0.586420      0    512 0.0000 0.000000
   2 0.693311     13    512 2.5391 0.343533
   3 0.750458     62    512 12.1094 0.208309
   4 0.779876    128    512 25.0000 0.121624
   5 0.795525    176    512 34.3750 0.087770
   6 0.804736    201    512 39.2578 0.072145
   7 0.807943    224    512 43.7500 0.064140
   8 0.812428    234    512 45.7031 0.058618
   9 0.816527    239    512 46.6797 0.056761
  10 0.817443    249    512 48.6328 0.053458
  11 0.818408    253    512 49.4141 0.050323
  12 0.820240    255    512 49.8047 0.047791
  13 0.819589    259    512 50.5859 0.048659
  14 0.822748    261    512 50.9766 0.047478
  15 0.822724    263    512 51.3672 0.047936
  16 0.823230    265    512 51.7578 0.046393  <-train
  17 0.822724    268    512 52.3438 0.044536
  18 0.823013    268    512 52.3438 0.045886
  19 0.824677    268    512 52.3438 0.045718
  20 0.823471    268    512 52.3438 0.046055
  21 0.824580    270    512 52.7344 0.048804
  22 0.824388    270    512 52.7344 0.045742
  23 0.824436    270    512 52.7344 0.043427
  24 0.823640    270    512 52.7344 0.043861
  25 0.824484    271    512 52.9297 0.045573
  26 0.825955    271    512 52.9297 0.044416
  27 0.826051    272    512 53.1250 0.045838
  28 0.826485    272    512 53.1250 0.045983
  29 0.825256    272    512 53.1250 0.045187
  30 0.826992    273    512 53.3203 0.045790
  31 0.824412    273    512 53.3203 0.044657
  32 0.825256    273    512 53.3203 0.044633
  33 0.828029    273    512 53.3203 0.044488
  34 0.826124    273    512 53.3203 0.044994
  35 0.826148    273    512 53.3203 0.045910
  36 0.823881    273    512 53.3203 0.045235
  37 0.827136    273    512 53.3203 0.044753
  38 0.826244    273    512 53.3203 0.046586
  39 0.825063    274    512 53.5156 0.047502
  40 0.826943    274    512 53.5156 0.045187
  41 0.827980    274    512 53.5156 0.045235
  42 0.824773    274    512 53.5156 0.044078
  43 0.827136    274    512 53.5156 0.045308
  44 0.826992    274    512 53.5156 0.047357
  45 0.825714    274    512 53.5156 0.046586
  46 0.826558    274    512 53.5156 0.045549
  47 0.825931    274    512 53.5156 0.044946
  48 0.826341    274    512 53.5156 0.045091
  49 0.826509    274    512 53.5156 0.045139
  50 0.825810    274    512 53.5156 0.043451
  51 0.826775    274    512 53.5156 0.044657
  52 0.826196    274    512 53.5156 0.043644
  53 0.826726    274    512 53.5156 0.044488
  54 0.827546    274    512 53.5156 0.045259
  55 0.824701    274    512 53.5156 0.045959
  56 0.825497    274    512 53.5156 0.046610
  57 0.826437    274    512 53.5156 0.045549
  58 0.825039    274    512 53.5156 0.044319
  59 0.827064    274    512 53.5156 0.045525
  60 0.827763    274    512 53.5156 0.046393
  61 0.826630    274    512 53.5156 0.044994
  62 0.825858    274    512 53.5156 0.044006
  63 0.826341    274    512 53.5156 0.045308
  64 0.827088    274    512 53.5156 0.045983
  65 0.826437    274    512 53.5156 0.045428
  66 0.826702    274    512 53.5156 0.045356
  67 0.827812    274    512 53.5156 0.044753
  68 0.827329    274    512 53.5156 0.044633
  69 0.826124    274    512 53.5156 0.043644
  70 0.826799    274    512 53.5156 0.045983
  71 0.827378    274    512 53.5156 0.045910
  72 0.825786    274    512 53.5156 0.044295
  73 0.827112    274    512 53.5156 0.044416
  74 0.826100    274    512 53.5156 0.045910
  75 0.826509    274    512 53.5156 0.045163
  76 0.825762    274    512 53.5156 0.046320
  77 0.826413    274    512 53.5156 0.045452
  78 0.826172    274    512 53.5156 0.043813
  79 0.826582    274    512 53.5156 0.044946
  80 0.827450    274    512 53.5156 0.045910
  81 0.826196    274    512 53.5156 0.047550
  82 0.825738    274    512 53.5156 0.044681
  83 0.826654    274    512 53.5156 0.045067
  84 0.826124    274    512 53.5156 0.043813
  85 0.827305    274    512 53.5156 0.044416
  86 0.825039    274    512 53.5156 0.047068
  87 0.826606    274    512 53.5156 0.045284
  88 0.827209    274    512 53.5156 0.044922
  89 0.827112    274    512 53.5156 0.046658
  90 0.827353    274    512 53.5156 0.045621
  91 0.828149    275    512 53.7109 0.045428
  92 0.827595    275    512 53.7109 0.047140
  93 0.826751    275    512 53.7109 0.045091
  94 0.828438    275    512 53.7109 0.044223
  95 0.826509    275    512 53.7109 0.045790
  96 0.826389    275    512 53.7109 0.043789
  97 0.826751    275    512 53.7109 0.043547
  98 0.826871    275    512 53.7109 0.045597
  99 0.827016    275    512 53.7109 0.044391
 100 0.827787    275    512 53.7109 0.044367
 101 0.828053    275    512 53.7109 0.045645
 102 0.829065    275    512 53.7109 0.044416
 103 0.827040    275    512 53.7109 0.043113
 104 0.827763    275    512 53.7109 0.044633
 105 0.827884    275    512 53.7109 0.044198
 106 0.826003    275    512 53.7109 0.045549
 107 0.827281    275    512 53.7109 0.044343
 108 0.827353    275    512 53.7109 0.042728
 109 0.826799    275    512 53.7109 0.044608
 110 0.827136    275    512 53.7109 0.044994
 111 0.827570    275    512 53.7109 0.046272
 112 0.826124    275    512 53.7109 0.044391
 113 0.828004    275    512 53.7109 0.045428
 114 0.827498    275    512 53.7109 0.046465
 115 0.826100    275    512 53.7109 0.044078
 116 0.827378    275    512 53.7109 0.044488
 117 0.826485    275    512 53.7109 0.043210
 118 0.827257    275    512 53.7109 0.043451
 119 0.826148    275    512 53.7109 0.044247
 120 0.828800    275    512 53.7109 0.045211
 121 0.826509    275    512 53.7109 0.044753
 122 0.825738    275    512 53.7109 0.046103
 123 0.827329    275    512 53.7109 0.045018
 124 0.829307    275    512 53.7109 0.042173
 125 0.826485    275    512 53.7109 0.043957
 126 0.826389    275    512 53.7109 0.044681
 127 0.827570    275    512 53.7109 0.043933
 128 0.826847    275    512 53.7109 0.046103

# train: seg16 acc=0.823230 exact=265/512 (51.7578%) churn=0.046393
# best_acc [same n=512]: seg124 acc=0.829307 exact=275/512 (53.7109%) churn=0.042173
# best_exact [same n=512]: seg91 acc=0.828149 exact=275/512 (53.7109%) churn=0.045428
# final: seg128 acc=0.826847 exact=275/512 (53.7109%) churn=0.046103
# best-train: exact=+10 percentage_points=+1.9531
[EXTRAP] step 100000 weights=raw -> /workspace/something/runs/pairangle_r1_ng24_dca1_swiglu_bf16fused_20261010/diagnostics/extrap_step100000_ema_n512_seg128.txt, /workspace/something/runs/pairangle_r1_ng24_dca1_swiglu_bf16fused_20261010/diagnostics/extrap_step100000_ema_n512_seg128.json, /workspace/something/runs/pairangle_r1_ng24_dca1_swiglu_bf16fused_20261010/diagnostics/extrap_results.jsonl
WROTE /workspace/something/runs/pairangle_r1_ng24_dca1_swiglu_bf16fused_20261010/diagnostics/extrap_step100000_ema_n512_seg128.txt (ema)
[EXTRAP] start step=100000 weights=raw segs=128 global_n=2048
# step=100000 weights=raw segs=128 global_n=2048 elapsed=83.6s partial=False
# lt-kv-stdp-fast-weight-v1:research-pairangle_phase_tau2_r1_unrotated_dca1_swiglu_bf16_ng24_qkl2_sum; per segment 0+8 blocks (no-grad+grad); train segments=16
# seg acc exact n exact_percent churn
   1 0.590965      0   2048 0.0000 0.000000
   2 0.695433     54   2048 2.6367 0.339386
   3 0.761918    213   2048 10.4004 0.212879
   4 0.792704    513   2048 25.0488 0.123204
   5 0.812524    724   2048 35.3516 0.088801
   6 0.823393    871   2048 42.5293 0.071554
   7 0.828077    958   2048 46.7773 0.062018
   8 0.832309   1003   2048 48.9746 0.057557
   9 0.836064   1029   2048 50.2441 0.054820
  10 0.838180   1056   2048 51.5625 0.052915
  11 0.839735   1076   2048 52.5391 0.049998
  12 0.840477   1086   2048 53.0273 0.049666
  13 0.841224   1095   2048 53.4668 0.049130
  14 0.842707   1109   2048 54.1504 0.048810
  15 0.842900   1116   2048 54.4922 0.048249
  16 0.843207   1121   2048 54.7363 0.047201  <-train
  17 0.843611   1128   2048 55.0781 0.046218
  18 0.843509   1130   2048 55.1758 0.046827
  19 0.844214   1131   2048 55.2246 0.046338
  20 0.843925   1134   2048 55.3711 0.046393
  21 0.845245   1136   2048 55.4688 0.047098
  22 0.843690   1138   2048 55.5664 0.046164
  23 0.845432   1139   2048 55.6152 0.045048
  24 0.843551   1140   2048 55.6641 0.045585
  25 0.844950   1142   2048 55.7617 0.046525
  26 0.845486   1142   2048 55.7617 0.046007
  27 0.845402   1144   2048 55.8594 0.045754
  28 0.846276   1145   2048 55.9082 0.045247
  29 0.845842   1145   2048 55.9082 0.045573
  30 0.845818   1147   2048 56.0059 0.045229
  31 0.845830   1147   2048 56.0059 0.045000
  32 0.845390   1149   2048 56.1035 0.045489
  33 0.846800   1151   2048 56.2012 0.045693
  34 0.846209   1151   2048 56.2012 0.045314
  35 0.845709   1152   2048 56.2500 0.045272
  36 0.846378   1152   2048 56.2500 0.045633
  37 0.847017   1153   2048 56.2988 0.044289
  38 0.845890   1154   2048 56.3477 0.045054
  39 0.846656   1155   2048 56.3965 0.045651
  40 0.847192   1155   2048 56.3965 0.044771
  41 0.846993   1156   2048 56.4453 0.045452
  42 0.846915   1156   2048 56.4453 0.044271
  43 0.847385   1156   2048 56.4453 0.045278
  44 0.847023   1156   2048 56.4453 0.044964
  45 0.847246   1157   2048 56.4941 0.045350
  46 0.847114   1158   2048 56.5430 0.044988
  47 0.846656   1159   2048 56.5918 0.043879
  48 0.847228   1159   2048 56.5918 0.044373
  49 0.846927   1159   2048 56.5918 0.044874
  50 0.847355   1159   2048 56.5918 0.043849
  51 0.847554   1159   2048 56.5918 0.044060
  52 0.846752   1159   2048 56.5918 0.044536
  53 0.847704   1159   2048 56.5918 0.044711
  54 0.847909   1162   2048 56.7383 0.044036
  55 0.847120   1162   2048 56.7383 0.043963
  56 0.847481   1163   2048 56.7871 0.044018
  57 0.847717   1163   2048 56.7871 0.044319
  58 0.848120   1165   2048 56.8848 0.044030
  59 0.848645   1165   2048 56.8848 0.044024
  60 0.847934   1167   2048 56.9824 0.044524
  61 0.849163   1167   2048 56.9824 0.044403
  62 0.848301   1168   2048 57.0312 0.044566
  63 0.849133   1168   2048 57.0312 0.044229
  64 0.848669   1168   2048 57.0312 0.044367
  65 0.848681   1168   2048 57.0312 0.044645
  66 0.848343   1168   2048 57.0312 0.044168
  67 0.849115   1168   2048 57.0312 0.043463
  68 0.848898   1168   2048 57.0312 0.043716
  69 0.849362   1169   2048 57.0801 0.043873
  70 0.848699   1170   2048 57.1289 0.044096
  71 0.848452   1170   2048 57.1289 0.044385
  72 0.849477   1170   2048 57.1289 0.043668
  73 0.849187   1170   2048 57.1289 0.043349
  74 0.849085   1170   2048 57.1289 0.044036
  75 0.849019   1171   2048 57.1777 0.043566
  76 0.849055   1172   2048 57.2266 0.044422
  77 0.849489   1172   2048 57.2266 0.044120
  78 0.848687   1173   2048 57.2754 0.043047
  79 0.848633   1173   2048 57.2754 0.043668
  80 0.849736   1175   2048 57.3730 0.043481
  81 0.848808   1175   2048 57.3730 0.044524
  82 0.849441   1175   2048 57.3730 0.043650
  83 0.850116   1175   2048 57.3730 0.043752
  84 0.849519   1175   2048 57.3730 0.042957
  85 0.849700   1175   2048 57.3730 0.043222
  86 0.849260   1176   2048 57.4219 0.044584
  87 0.849362   1176   2048 57.4219 0.044042
  88 0.850483   1177   2048 57.4707 0.043415
  89 0.848898   1177   2048 57.4707 0.044355
  90 0.849857   1177   2048 57.4707 0.043529
  91 0.850224   1178   2048 57.5195 0.043113
  92 0.850068   1178   2048 57.5195 0.043572
  93 0.849296   1178   2048 57.5195 0.043270
  94 0.849404   1178   2048 57.5195 0.043144
  95 0.850037   1178   2048 57.5195 0.044385
  96 0.849380   1179   2048 57.5684 0.042806
  97 0.849706   1179   2048 57.5684 0.043071
  98 0.849863   1179   2048 57.5684 0.043945
  99 0.849790   1180   2048 57.6172 0.043252
 100 0.850604   1180   2048 57.6172 0.042945
 101 0.849917   1180   2048 57.6172 0.044283
 102 0.849929   1180   2048 57.6172 0.043168
 103 0.849971   1180   2048 57.6172 0.042583
 104 0.849977   1180   2048 57.6172 0.043644
 105 0.850785   1180   2048 57.6172 0.043077
 106 0.849754   1180   2048 57.6172 0.043517
 107 0.849959   1180   2048 57.6172 0.043433
 108 0.850676   1180   2048 57.6172 0.042981
 109 0.850007   1180   2048 57.6172 0.043270
 110 0.850291   1180   2048 57.6172 0.043499
 111 0.850827   1180   2048 57.6172 0.044060
 112 0.849772   1180   2048 57.6172 0.043463
 113 0.850833   1181   2048 57.6660 0.043288
 114 0.850447   1182   2048 57.7148 0.044108
 115 0.849826   1182   2048 57.7148 0.043451
 116 0.849869   1182   2048 57.7148 0.042999
 117 0.850339   1182   2048 57.7148 0.043379
 118 0.850640   1182   2048 57.7148 0.043041
 119 0.850230   1182   2048 57.7148 0.043282
 120 0.850508   1182   2048 57.7148 0.042553
 121 0.850254   1182   2048 57.7148 0.043367
 122 0.850658   1182   2048 57.7148 0.042981
 123 0.850339   1182   2048 57.7148 0.043632
 124 0.850767   1183   2048 57.7637 0.042065
 125 0.849971   1183   2048 57.7637 0.042034
 126 0.850170   1184   2048 57.8125 0.042878
 127 0.850248   1184   2048 57.8125 0.042149
 128 0.850321   1184   2048 57.8125 0.043939

# train: seg16 acc=0.843207 exact=1121/2048 (54.7363%) churn=0.047201
# best_acc [same n=2048]: seg113 acc=0.850833 exact=1181/2048 (57.6660%) churn=0.043288
# best_exact [same n=2048]: seg126 acc=0.850170 exact=1184/2048 (57.8125%) churn=0.042878
# final: seg128 acc=0.850321 exact=1184/2048 (57.8125%) churn=0.043939
# best-train: exact=+63 percentage_points=+3.0762
[EXTRAP] step 100000 weights=raw -> /workspace/something/runs/pairangle_r1_ng24_dca1_swiglu_bf16fused_20261010/diagnostics/extrap_step100000_ema_n2048_seg128.txt, /workspace/something/runs/pairangle_r1_ng24_dca1_swiglu_bf16fused_20261010/diagnostics/extrap_step100000_ema_n2048_seg128.json, /workspace/something/runs/pairangle_r1_ng24_dca1_swiglu_bf16fused_20261010/diagnostics/extrap_results.jsonl
WROTE /workspace/something/runs/pairangle_r1_ng24_dca1_swiglu_bf16fused_20261010/diagnostics/extrap_step100000_ema_n2048_seg128.txt (ema)
[EXTRAP] start step=100000 weights=raw segs=128 global_n=512
# step=100000 weights=raw segs=128 global_n=512 elapsed=20.9s partial=False
# lt-kv-stdp-fast-weight-v1:research-pairangle_phase_tau2_r1_unrotated_dca1_swiglu_bf16_ng24_qkl2_sum; per segment 0+8 blocks (no-grad+grad); train segments=16
# seg acc exact n exact_percent churn
   1 0.543089      0    512 0.0000 0.000000
   2 0.665003     13    512 2.5391 0.404634
   3 0.700376     30    512 5.8594 0.195795
   4 0.722584     67    512 13.0859 0.135151
   5 0.735725    100    512 19.5312 0.095751
   6 0.743297    118    512 23.0469 0.076220
   7 0.748577    135    512 26.3672 0.069059
   8 0.751326    142    512 27.7344 0.064188
   9 0.753786    153    512 29.8828 0.060041
  10 0.754991    154    512 30.0781 0.057557
  11 0.756535    158    512 30.8594 0.056689
  12 0.760923    165    512 32.2266 0.054350
  13 0.760561    166    512 32.4219 0.053072
  14 0.760055    169    512 33.0078 0.052783
  15 0.762225    172    512 33.5938 0.052324
  16 0.759549    174    512 33.9844 0.050757  <-train
  17 0.760875    175    512 34.1797 0.050203
  18 0.761405    176    512 34.3750 0.050468
  19 0.763383    176    512 34.3750 0.049720
  20 0.763310    176    512 34.3750 0.050492
  21 0.761574    177    512 34.5703 0.051432
  22 0.760971    178    512 34.7656 0.050564
  23 0.762370    178    512 34.7656 0.050130
  24 0.763238    178    512 34.7656 0.049503
  25 0.762201    178    512 34.7656 0.048153
  26 0.761116    178    512 34.7656 0.049937
  27 0.762153    178    512 34.7656 0.051022
  28 0.761092    178    512 34.7656 0.049479
  29 0.761839    178    512 34.7656 0.050251
  30 0.760561    178    512 34.7656 0.051022
  31 0.761719    178    512 34.7656 0.050854
  32 0.762490    178    512 34.7656 0.050251
  33 0.761984    178    512 34.7656 0.050540
  34 0.760658    178    512 34.7656 0.048949
  35 0.762635    179    512 34.9609 0.050420
  36 0.764130    179    512 34.9609 0.049286
  37 0.762346    179    512 34.9609 0.049648
  38 0.760827    179    512 34.9609 0.050203
  39 0.762587    179    512 34.9609 0.051239
  40 0.762514    179    512 34.9609 0.050926
  41 0.761068    179    512 34.9609 0.050757
  42 0.761405    180    512 35.1562 0.048177
  43 0.762153    180    512 35.1562 0.049214
  44 0.763069    180    512 35.1562 0.049479
  45 0.761719    180    512 35.1562 0.049720
  46 0.762249    180    512 35.1562 0.049527
  47 0.762346    180    512 35.1562 0.050010
  48 0.762707    180    512 35.1562 0.049744
  49 0.760947    180    512 35.1562 0.049624
  50 0.761478    180    512 35.1562 0.051722
  51 0.762418    180    512 35.1562 0.050227
  52 0.761863    180    512 35.1562 0.049841
  53 0.760995    180    512 35.1562 0.049600
  54 0.762273    180    512 35.1562 0.049672
  55 0.762394    180    512 35.1562 0.048370
  56 0.761526    180    512 35.1562 0.049865
  57 0.761478    180    512 35.1562 0.049648
  58 0.760899    180    512 35.1562 0.050227
  59 0.760778    180    512 35.1562 0.048683
  60 0.761261    180    512 35.1562 0.049286
  61 0.762032    180    512 35.1562 0.049407
  62 0.760923    180    512 35.1562 0.048225
  63 0.761502    180    512 35.1562 0.050371
  64 0.762297    180    512 35.1562 0.050420
  65 0.760995    180    512 35.1562 0.051360
  66 0.762008    180    512 35.1562 0.050492
  67 0.762635    180    512 35.1562 0.049937
  68 0.760634    180    512 35.1562 0.047936
  69 0.761019    180    512 35.1562 0.050227
  70 0.762997    180    512 35.1562 0.050709
  71 0.761671    180    512 35.1562 0.048949
  72 0.761936    180    512 35.1562 0.050154
  73 0.760682    180    512 35.1562 0.049744
  74 0.761743    180    512 35.1562 0.049359
  75 0.763214    180    512 35.1562 0.050805
  76 0.762153    180    512 35.1562 0.049769
  77 0.761863    180    512 35.1562 0.050154
  78 0.762707    180    512 35.1562 0.049359
  79 0.762466    180    512 35.1562 0.050540
  80 0.763190    180    512 35.1562 0.048563
  81 0.761984    181    512 35.3516 0.049720
  82 0.763503    181    512 35.3516 0.050974
  83 0.762080    181    512 35.3516 0.048659
  84 0.762683    181    512 35.3516 0.047454
  85 0.762635    181    512 35.3516 0.048370
  86 0.761212    181    512 35.3516 0.048804
  87 0.764130    181    512 35.3516 0.048708
  88 0.764202    181    512 35.3516 0.049576
  89 0.762924    181    512 35.3516 0.049961
  90 0.762105    181    512 35.3516 0.048756
  91 0.764299    181    512 35.3516 0.049889
  92 0.763117    181    512 35.3516 0.049093
  93 0.761236    181    512 35.3516 0.049021
  94 0.762924    181    512 35.3516 0.049069
  95 0.762418    181    512 35.3516 0.049600
  96 0.761936    181    512 35.3516 0.048804
  97 0.763720    181    512 35.3516 0.048611
  98 0.761236    181    512 35.3516 0.049672
  99 0.762611    181    512 35.3516 0.049793
 100 0.763575    181    512 35.3516 0.049937
 101 0.761984    181    512 35.3516 0.050468
 102 0.762225    181    512 35.3516 0.049021
 103 0.764251    181    512 35.3516 0.048708
 104 0.763383    181    512 35.3516 0.049576
 105 0.760851    181    512 35.3516 0.049600
 106 0.762225    181    512 35.3516 0.050516
 107 0.763624    181    512 35.3516 0.048515
 108 0.762514    181    512 35.3516 0.050709
 109 0.762587    181    512 35.3516 0.050347
 110 0.761695    181    512 35.3516 0.049021
 111 0.762129    181    512 35.3516 0.049190
 112 0.762707    181    512 35.3516 0.050588
 113 0.763166    181    512 35.3516 0.049793
 114 0.763310    181    512 35.3516 0.050323
 115 0.762153    181    512 35.3516 0.049455
 116 0.762297    181    512 35.3516 0.049021
 117 0.762514    181    512 35.3516 0.050612
 118 0.761936    181    512 35.3516 0.049190
 119 0.762997    181    512 35.3516 0.049817
 120 0.761236    181    512 35.3516 0.050516
 121 0.763961    181    512 35.3516 0.051456
 122 0.763117    181    512 35.3516 0.049455
 123 0.763190    181    512 35.3516 0.049093
 124 0.762707    181    512 35.3516 0.050733
 125 0.763600    182    512 35.5469 0.050805
 126 0.764516    182    512 35.5469 0.049190
 127 0.762756    182    512 35.5469 0.048659
 128 0.763310    182    512 35.5469 0.050082

# train: seg16 acc=0.759549 exact=174/512 (33.9844%) churn=0.050757
# best_acc [same n=512]: seg126 acc=0.764516 exact=182/512 (35.5469%) churn=0.049190
# best_exact [same n=512]: seg125 acc=0.763600 exact=182/512 (35.5469%) churn=0.050805
# final: seg128 acc=0.763310 exact=182/512 (35.5469%) churn=0.050082
# best-train: exact=+8 percentage_points=+1.5625
[EXTRAP] step 100000 weights=raw -> /workspace/something/runs/pairangle_r1_ng24_dca1_swiglu_bf16fused_20261010/diagnostics/extrap_step100000_raw_n512_seg128.txt, /workspace/something/runs/pairangle_r1_ng24_dca1_swiglu_bf16fused_20261010/diagnostics/extrap_step100000_raw_n512_seg128.json, /workspace/something/runs/pairangle_r1_ng24_dca1_swiglu_bf16fused_20261010/diagnostics/extrap_results.jsonl
WROTE /workspace/something/runs/pairangle_r1_ng24_dca1_swiglu_bf16fused_20261010/diagnostics/extrap_step100000_raw_n512_seg128.txt (raw)
[EXTRAP] start step=100000 weights=raw segs=128 global_n=2048
# step=100000 weights=raw segs=128 global_n=2048 elapsed=83.6s partial=False
# lt-kv-stdp-fast-weight-v1:research-pairangle_phase_tau2_r1_unrotated_dca1_swiglu_bf16_ng24_qkl2_sum; per segment 0+8 blocks (no-grad+grad); train segments=16
# seg acc exact n exact_percent churn
   1 0.549057      0   2048 0.0000 0.000000
   2 0.664599     52   2048 2.5391 0.395749
   3 0.707339    103   2048 5.0293 0.199171
   4 0.735569    245   2048 11.9629 0.138696
   5 0.750760    396   2048 19.3359 0.097891
   6 0.759959    507   2048 24.7559 0.077902
   7 0.764498    581   2048 28.3691 0.067980
   8 0.768519    619   2048 30.2246 0.061837
   9 0.770249    649   2048 31.6895 0.058473
  10 0.773528    670   2048 32.7148 0.056550
  11 0.774523    691   2048 33.7402 0.054103
  12 0.775885    703   2048 34.3262 0.053205
  13 0.776355    710   2048 34.6680 0.050968
  14 0.776590    719   2048 35.1074 0.051818
  15 0.777645    725   2048 35.4004 0.051704
  16 0.776681    732   2048 35.7422 0.050251  <-train
  17 0.777717    734   2048 35.8398 0.048774
  18 0.778266    739   2048 36.0840 0.049793
  19 0.778869    742   2048 36.2305 0.048888
  20 0.779532    745   2048 36.3770 0.049449
  21 0.779050    747   2048 36.4746 0.049732
  22 0.779454    750   2048 36.6211 0.049485
  23 0.779833    752   2048 36.7188 0.049931
  24 0.779821    754   2048 36.8164 0.048460
  25 0.780141    754   2048 36.8164 0.048280
  26 0.779749    755   2048 36.8652 0.048738
  27 0.780177    755   2048 36.8652 0.048521
  28 0.780653    756   2048 36.9141 0.049033
  29 0.780352    759   2048 37.0605 0.048798
  30 0.779821    759   2048 37.0605 0.048418
  31 0.781135    760   2048 37.1094 0.048165
  32 0.781093    761   2048 37.1582 0.048575
  33 0.780949    761   2048 37.1582 0.048255
  34 0.780551    762   2048 37.2070 0.048014
  35 0.781280    763   2048 37.2559 0.048762
  36 0.781648    764   2048 37.3047 0.048388
  37 0.781793    766   2048 37.4023 0.048557
  38 0.780738    768   2048 37.5000 0.048075
  39 0.781829    768   2048 37.5000 0.048352
  40 0.781509    769   2048 37.5488 0.048322
  41 0.780894    769   2048 37.5488 0.048720
  42 0.781443    770   2048 37.5977 0.047128
  43 0.781401    771   2048 37.6465 0.047960
  44 0.782233    771   2048 37.6465 0.047924
  45 0.782070    771   2048 37.6465 0.047773
  46 0.781600    772   2048 37.6953 0.047629
  47 0.781913    772   2048 37.6953 0.047327
  48 0.781099    772   2048 37.6953 0.047761
  49 0.780979    772   2048 37.6953 0.047508
  50 0.782004    772   2048 37.6953 0.048708
  51 0.781913    772   2048 37.6953 0.048503
  52 0.781431    772   2048 37.6953 0.047870
  53 0.781883    773   2048 37.7441 0.048183
  54 0.780955    773   2048 37.7441 0.048304
  55 0.781985    773   2048 37.7441 0.047671
  56 0.781606    773   2048 37.7441 0.047243
  57 0.781202    773   2048 37.7441 0.048406
  58 0.781160    773   2048 37.7441 0.047635
  59 0.781395    773   2048 37.7441 0.048509
  60 0.781678    773   2048 37.7441 0.047948
  61 0.781557    774   2048 37.7930 0.047827
  62 0.781057    774   2048 37.7930 0.046977
  63 0.781395    774   2048 37.7930 0.047610
  64 0.781883    774   2048 37.7930 0.048352
  65 0.781937    774   2048 37.7930 0.048129
  66 0.782492    777   2048 37.9395 0.047279
  67 0.782377    777   2048 37.9395 0.046833
  68 0.782389    777   2048 37.9395 0.046652
  69 0.781919    777   2048 37.9395 0.047996
  70 0.781780    777   2048 37.9395 0.048123
  71 0.782353    777   2048 37.9395 0.047062
  72 0.782076    777   2048 37.9395 0.047894
  73 0.781955    777   2048 37.9395 0.047399
  74 0.782064    777   2048 37.9395 0.047592
  75 0.783372    777   2048 37.9395 0.047996
  76 0.782618    777   2048 37.9395 0.047954
  77 0.782582    777   2048 37.9395 0.046676
  78 0.782606    777   2048 37.9395 0.046917
  79 0.782353    777   2048 37.9395 0.047466
  80 0.782721    778   2048 37.9883 0.046399
  81 0.782305    780   2048 38.0859 0.048340
  82 0.783342    780   2048 38.0859 0.047219
  83 0.782474    780   2048 38.0859 0.047339
  84 0.783691    781   2048 38.1348 0.046459
  85 0.782287    781   2048 38.1348 0.046827
  86 0.782691    782   2048 38.1836 0.047671
  87 0.783523    782   2048 38.1836 0.047363
  88 0.784348    783   2048 38.2324 0.046803
  89 0.783203    784   2048 38.2812 0.047490
  90 0.783505    784   2048 38.2812 0.046766
  91 0.783818    784   2048 38.2812 0.046839
  92 0.783619    784   2048 38.2812 0.047128
  93 0.782685    784   2048 38.2812 0.046851
  94 0.783444    785   2048 38.3301 0.046785
  95 0.782908    785   2048 38.3301 0.046640
  96 0.783161    785   2048 38.3301 0.047399
  97 0.784367    785   2048 38.3301 0.047767
  98 0.783161    785   2048 38.3301 0.047038
  99 0.783866    785   2048 38.3301 0.046712
 100 0.783987    785   2048 38.3301 0.046785
 101 0.783330    785   2048 38.3301 0.047912
 102 0.782823    785   2048 38.3301 0.047116
 103 0.784029    785   2048 38.3301 0.045995
 104 0.783945    785   2048 38.3301 0.045947
 105 0.783288    786   2048 38.3789 0.047381
 106 0.783173    786   2048 38.3789 0.047225
 107 0.784198    786   2048 38.3789 0.046911
 108 0.784047    786   2048 38.3789 0.046851
 109 0.783221    786   2048 38.3789 0.047188
 110 0.783547    786   2048 38.3789 0.047038
 111 0.784113    786   2048 38.3789 0.046489
 112 0.784029    788   2048 38.4766 0.047418
 113 0.784373    788   2048 38.4766 0.046742
 114 0.785036    788   2048 38.4766 0.046754
 115 0.783981    788   2048 38.4766 0.046984
 116 0.784535    788   2048 38.4766 0.047201
 117 0.783703    788   2048 38.4766 0.046405
 118 0.783902    788   2048 38.4766 0.046495
 119 0.784445    788   2048 38.4766 0.047182
 120 0.783432    788   2048 38.4766 0.047345
 121 0.784336    788   2048 38.4766 0.046923
 122 0.784565    788   2048 38.4766 0.047068
 123 0.784101    788   2048 38.4766 0.046947
 124 0.783945    788   2048 38.4766 0.047791
 125 0.784330    789   2048 38.5254 0.047689
 126 0.784644    789   2048 38.5254 0.046682
 127 0.783734    789   2048 38.5254 0.046007
 128 0.783963    789   2048 38.5254 0.046429

# train: seg16 acc=0.776681 exact=732/2048 (35.7422%) churn=0.050251
# best_acc [same n=2048]: seg114 acc=0.785036 exact=788/2048 (38.4766%) churn=0.046754
# best_exact [same n=2048]: seg125 acc=0.784330 exact=789/2048 (38.5254%) churn=0.047689
# final: seg128 acc=0.783963 exact=789/2048 (38.5254%) churn=0.046429
# best-train: exact=+57 percentage_points=+2.7832
[EXTRAP] step 100000 weights=raw -> /workspace/something/runs/pairangle_r1_ng24_dca1_swiglu_bf16fused_20261010/diagnostics/extrap_step100000_raw_n2048_seg128.txt, /workspace/something/runs/pairangle_r1_ng24_dca1_swiglu_bf16fused_20261010/diagnostics/extrap_step100000_raw_n2048_seg128.json, /workspace/something/runs/pairangle_r1_ng24_dca1_swiglu_bf16fused_20261010/diagnostics/extrap_results.jsonl
WROTE /workspace/something/runs/pairangle_r1_ng24_dca1_swiglu_bf16fused_20261010/diagnostics/extrap_step100000_raw_n2048_seg128.txt (raw)
EXTRAP_DONE
