[EXTRAP] start step=100000 weights=raw segs=128 global_n=1000
# step=100000 weights=raw segs=128 global_n=1000 elapsed=41.1s partial=False
# lt-kv-stdp-fast-weight-v1:research-pairangle_phase_tau2_r1_unrotated_dca1_swiglu_bf16_ng24_qkl2_sum; per segment 0+8 blocks (no-grad+grad); train segments=16
# seg acc exact n exact_percent churn
   1 0.589111      0   1000 0.0000 0.000000
   2 0.696543     24   1000 2.4000 0.341272
   3 0.780580    116   1000 11.6000 0.218889
   4 0.823580    320   1000 32.0000 0.121630
   5 0.845383    456   1000 45.6000 0.079099
   6 0.855173    535   1000 53.5000 0.058593
   7 0.858432    560   1000 56.0000 0.051309
   8 0.862420    577   1000 57.7000 0.048395
   9 0.862457    587   1000 58.7000 0.046765
  10 0.865420    595   1000 59.5000 0.043901
  11 0.865469    598   1000 59.8000 0.043160
  12 0.866062    604   1000 60.4000 0.043901
  13 0.865728    606   1000 60.6000 0.043716
  14 0.869000    610   1000 61.0000 0.044123
  15 0.868852    613   1000 61.3000 0.042309
  16 0.868815    615   1000 61.5000 0.041951  <-train
  17 0.870370    617   1000 61.7000 0.042457
  18 0.870086    619   1000 61.9000 0.040593
  19 0.871037    621   1000 62.1000 0.041185
  20 0.870173    621   1000 62.1000 0.041222
  21 0.869864    622   1000 62.2000 0.041469
  22 0.869568    622   1000 62.2000 0.040605
  23 0.870049    626   1000 62.6000 0.041407
  24 0.872630    626   1000 62.6000 0.039407
  25 0.871346    628   1000 62.8000 0.042012
  26 0.871370    629   1000 62.9000 0.040494
  27 0.873000    629   1000 62.9000 0.040198
  28 0.873728    630   1000 63.0000 0.039790
  29 0.873148    632   1000 63.2000 0.038963
  30 0.873259    634   1000 63.4000 0.039432
  31 0.873210    635   1000 63.5000 0.039111
  32 0.874037    635   1000 63.5000 0.039951
  33 0.873778    636   1000 63.6000 0.039642
  34 0.873889    636   1000 63.6000 0.038568
  35 0.873716    636   1000 63.6000 0.038753
  36 0.875074    637   1000 63.7000 0.038765
  37 0.874654    638   1000 63.8000 0.037951
  38 0.873988    638   1000 63.8000 0.037346
  39 0.875346    639   1000 63.9000 0.039309
  40 0.873938    639   1000 63.9000 0.038173
  41 0.874074    640   1000 64.0000 0.038506
  42 0.874802    641   1000 64.1000 0.039346
  43 0.876296    641   1000 64.1000 0.037160
  44 0.875753    641   1000 64.1000 0.037975
  45 0.875358    641   1000 64.1000 0.038667
  46 0.875889    641   1000 64.1000 0.036642
  47 0.875247    641   1000 64.1000 0.037309
  48 0.875457    641   1000 64.1000 0.038148
  49 0.876062    642   1000 64.2000 0.038198
  50 0.874370    642   1000 64.2000 0.037617
  51 0.875901    644   1000 64.4000 0.037741
  52 0.875605    644   1000 64.4000 0.038000
  53 0.876222    645   1000 64.5000 0.037519
  54 0.876827    645   1000 64.5000 0.039123
  55 0.875506    645   1000 64.5000 0.038395
  56 0.876037    645   1000 64.5000 0.037457
  57 0.876099    645   1000 64.5000 0.038049
  58 0.876630    645   1000 64.5000 0.036148
  59 0.876395    646   1000 64.6000 0.037802
  60 0.877259    646   1000 64.6000 0.038556
  61 0.875951    646   1000 64.6000 0.038086
  62 0.876358    646   1000 64.6000 0.038580
  63 0.875753    646   1000 64.6000 0.037210
  64 0.876333    646   1000 64.6000 0.037370
  65 0.875716    646   1000 64.6000 0.037605
  66 0.876037    646   1000 64.6000 0.037025
  67 0.876790    646   1000 64.6000 0.037494
  68 0.876494    646   1000 64.6000 0.037185
  69 0.876988    646   1000 64.6000 0.036531
  70 0.876370    646   1000 64.6000 0.037716
  71 0.875840    646   1000 64.6000 0.036914
  72 0.876494    646   1000 64.6000 0.037333
  73 0.876704    646   1000 64.6000 0.037679
  74 0.877531    646   1000 64.6000 0.036951
  75 0.875901    646   1000 64.6000 0.038185
  76 0.876815    646   1000 64.6000 0.037877
  77 0.876210    646   1000 64.6000 0.037185
  78 0.876531    646   1000 64.6000 0.036432
  79 0.876556    646   1000 64.6000 0.037235
  80 0.876827    646   1000 64.6000 0.036654
  81 0.876765    646   1000 64.6000 0.037333
  82 0.875741    647   1000 64.7000 0.037420
  83 0.876420    647   1000 64.7000 0.037790
  84 0.877000    647   1000 64.7000 0.036444
  85 0.876506    647   1000 64.7000 0.037000
  86 0.876543    647   1000 64.7000 0.036173
  87 0.876358    647   1000 64.7000 0.038358
  88 0.877346    647   1000 64.7000 0.037321
  89 0.876481    647   1000 64.7000 0.036370
  90 0.877691    647   1000 64.7000 0.037617
  91 0.877407    648   1000 64.8000 0.037346
  92 0.877370    648   1000 64.8000 0.036790
  93 0.876370    648   1000 64.8000 0.036086
  94 0.876580    648   1000 64.8000 0.036815
  95 0.876889    648   1000 64.8000 0.037247
  96 0.877506    648   1000 64.8000 0.039111
  97 0.877951    648   1000 64.8000 0.036951
  98 0.876284    648   1000 64.8000 0.035543
  99 0.876593    648   1000 64.8000 0.036074
 100 0.877309    648   1000 64.8000 0.036790
 101 0.877975    648   1000 64.8000 0.037148
 102 0.877432    648   1000 64.8000 0.037605
 103 0.876654    648   1000 64.8000 0.037259
 104 0.877099    649   1000 64.9000 0.037407
 105 0.877198    649   1000 64.9000 0.036802
 106 0.876963    650   1000 65.0000 0.036000
 107 0.878247    650   1000 65.0000 0.036049
 108 0.876704    650   1000 65.0000 0.037000
 109 0.877346    650   1000 65.0000 0.037272
 110 0.876407    650   1000 65.0000 0.035580
 111 0.877136    650   1000 65.0000 0.037062
 112 0.876827    650   1000 65.0000 0.036988
 113 0.877494    650   1000 65.0000 0.036617
 114 0.877123    650   1000 65.0000 0.037272
 115 0.877469    650   1000 65.0000 0.036815
 116 0.877815    650   1000 65.0000 0.036667
 117 0.876642    650   1000 65.0000 0.037593
 118 0.877593    650   1000 65.0000 0.037284
 119 0.877136    650   1000 65.0000 0.036235
 120 0.876951    650   1000 65.0000 0.037519
 121 0.877259    650   1000 65.0000 0.036086
 122 0.876963    650   1000 65.0000 0.037235
 123 0.877235    650   1000 65.0000 0.036802
 124 0.876630    650   1000 65.0000 0.037148
 125 0.876420    650   1000 65.0000 0.036222
 126 0.877457    650   1000 65.0000 0.036778
 127 0.877877    650   1000 65.0000 0.036667
 128 0.877259    650   1000 65.0000 0.036728

# train: seg16 acc=0.868815 exact=615/1000 (61.5000%) churn=0.041951
# best_acc [same n=1000]: seg107 acc=0.878247 exact=650/1000 (65.0000%) churn=0.036049
# best_exact [same n=1000]: seg106 acc=0.876963 exact=650/1000 (65.0000%) churn=0.036000
# final: seg128 acc=0.877259 exact=650/1000 (65.0000%) churn=0.036728
# best-train: exact=+35 percentage_points=+3.5000
[EXTRAP] step 100000 weights=raw -> /workspace/something/runs/pairangle_r1_ng24_dca1_swiglu_bf16fused_20261010/diagnostics/extrap_step100000_ema_train_n1000_seg128.txt, /workspace/something/runs/pairangle_r1_ng24_dca1_swiglu_bf16fused_20261010/diagnostics/extrap_step100000_ema_train_n1000_seg128.json, /workspace/something/runs/pairangle_r1_ng24_dca1_swiglu_bf16fused_20261010/diagnostics/extrap_results.jsonl
WROTE /workspace/something/runs/pairangle_r1_ng24_dca1_swiglu_bf16fused_20261010/diagnostics/extrap_step100000_ema_train_n1000_seg128.txt (ema)
TRAIN_EXTRAP_DONE
