[LT] num_processes=1
[LT] accelerate 사용 불가 (ModuleNotFoundError: No module named 'accelerate') — torch.distributed 폴백
[LT] out_dir = /workspace/LinearTuring/2026-09-09/run_v11  (쓰기 가능)
[LT] ※ 체크포인트 없음 — step 0 부터 시작한다. 이어서 돌릴 의도였다면 CFG['resume_from'] 에 이전 세션 output 경로를 지정하라 (예외사항.md §4).
[LT] inductor: persistent_reductions=False (소배치 축약 병리 회피)
[LT] world_size=1 local_bs=128 params=7,155,243 total_steps=390625 total_iters=200 out=/workspace/LinearTuring/2026-09-09/run_v11
[LT] 시작 step=0 iter=0 batch_in_iter=0
[LT] step 250  lm_loss 1.7386  acc 0.4139  exact 0.0000 (~0/128) [halt step 240]
[LT] step 500  lm_loss 1.3324  acc 0.4978  exact 0.0000 (~0/128) [halt step 496]
[LT] step 750  lm_loss 1.1525  acc 0.5397  exact 0.0000 (~0/128) [halt step 736]
[LT] step 1000  lm_loss 1.1128  acc 0.5772  exact 0.0000 (~0/128) [halt step 992]
[LT] step 1250  lm_loss 1.1003  acc 0.6175  exact 0.0000 (~0/128) [halt step 1248]
[LT] step 1500  lm_loss 0.8998  acc 0.6644  exact 0.0000 (~0/128) [halt step 1488]
[LT] step 1750  lm_loss 0.9242  acc 0.7307  exact 0.0078 (~1/128) [halt step 1744]
W0910 01:03:05.159000 118467 torch/_inductor/utils.py:1436] [0/2] Not enough SMs to use max_autotune_gemm mode
[EVAL] step 1953  acc 0.5046  exact 0/2048
[LT] step 2000  lm_loss 0.6681  acc 0.7499  exact 0.0000 (~0/128) [halt step 2000]
[LT] step 2250  lm_loss 0.7586  acc 0.7444  exact 0.0234 (~3/128) [halt step 2240]
[LT] step 2500  lm_loss 0.8379  acc 0.7459  exact 0.0078 (~1/128) [halt step 2496]
[LT] step 2750  lm_loss 0.7162  acc 0.8108  exact 0.0547 (~7/128) [halt step 2736]
[LT] step 3000  lm_loss 0.7539  acc 0.7583  exact 0.0234 (~3/128) [halt step 2992]
[LT] step 3250  lm_loss 0.8349  acc 0.7583  exact 0.0156 (~2/128) [halt step 3248]
[LT] step 3500  lm_loss 0.6623  acc 0.7625  exact 0.0156 (~2/128) [halt step 3488]
[LT] step 3750  lm_loss 0.8135  acc 0.7742  exact 0.0312 (~4/128) [halt step 3744]
[EVAL] step 3906  acc 0.6629  exact 45/2048
[LT] step 4000  lm_loss 0.6603  acc 0.7404  exact 0.0312 (~4/128) [halt step 4000]
[LT] step 4250  lm_loss 0.7124  acc 0.7614  exact 0.0234 (~3/128) [halt step 4240]
[LT] step 4500  lm_loss 0.8824  acc 0.8137  exact 0.0625 (~8/128) [halt step 4496]
[LT] step 4750  lm_loss 0.5987  acc 0.7460  exact 0.0078 (~1/128) [halt step 4736]
[LT] step 5000  lm_loss 0.7354  acc 0.7543  exact 0.0391 (~5/128) [halt step 4992]
[LT] step 5250  lm_loss 0.8076  acc 0.7776  exact 0.0156 (~2/128) [halt step 5248]
[LT] step 5500  lm_loss 0.6715  acc 0.7554  exact 0.0156 (~2/128) [halt step 5488]
[LT] step 5750  lm_loss 0.8125  acc 0.8000  exact 0.0469 (~6/128) [halt step 5744]
[EVAL] step 5859  acc 0.6798  exact 57/2048
[LT] step 6000  lm_loss 0.5915  acc 0.7767  exact 0.0469 (~6/128) [halt step 6000]
[LT] step 6250  lm_loss 0.6731  acc 0.7929  exact 0.0625 (~8/128) [halt step 6240]
[LT] step 6500  lm_loss 0.8282  acc 0.7779  exact 0.0391 (~5/128) [halt step 6496]
[LT] step 6750  lm_loss 0.5788  acc 0.8080  exact 0.0625 (~8/128) [halt step 6736]
[LT] step 7000  lm_loss 0.7562  acc 0.8117  exact 0.0781 (~10/128) [halt step 6992]
[LT] step 7250  lm_loss 0.8040  acc 0.7675  exact 0.0234 (~3/128) [halt step 7248]
[LT] step 7500  lm_loss 0.6174  acc 0.7872  exact 0.0234 (~3/128) [halt step 7488]
[LT] step 7750  lm_loss 0.7998  acc 0.7997  exact 0.0859 (~11/128) [halt step 7744]
[EVAL] step 7812  acc 0.6942  exact 132/2048
[LT] step 8000  lm_loss 0.6494  acc 0.7430  exact 0.0312 (~4/128) [halt step 8000]
[LT] step 8250  lm_loss 0.6664  acc 0.8073  exact 0.1172 (~15/128) [halt step 8240]
[LT] step 8500  lm_loss 0.7877  acc 0.8019  exact 0.0781 (~10/128) [halt step 8496]
[LT] step 8750  lm_loss 0.5989  acc 0.7690  exact 0.0469 (~6/128) [halt step 8736]
[LT] step 9000  lm_loss 0.7377  acc 0.7946  exact 0.0312 (~4/128) [halt step 8992]
[LT] step 9250  lm_loss 0.7855  acc 0.7874  exact 0.0781 (~10/128) [halt step 9248]
[LT] step 9500  lm_loss 0.6628  acc 0.7933  exact 0.0469 (~6/128) [halt step 9488]
[LT] step 9750  lm_loss 0.7464  acc 0.7944  exact 0.0703 (~9/128) [halt step 9744]
[EVAL] step 9765  acc 0.6995  exact 248/2048
[LT] step 10000  lm_loss 0.4658  acc 0.8291  exact 0.2188 (~28/128) [halt step 10000]
[LT] milestone 저장 step=10000 → /workspace/LinearTuring/2026-09-09/run_v11/milestones/step_10000.pt
[EXTRAP] step 10000  seg16 16.21%  best seg122 20.12%  (+3.91%p)  churn@128 0.02148  → /workspace/LinearTuring/2026-09-09/run_v11/milestones/extrap_step_10000.txt
[LT] step 10250  lm_loss 0.6558  acc 0.8192  exact 0.1719 (~22/128) [halt step 10240]
[LT] step 10500  lm_loss 0.8066  acc 0.8244  exact 0.1641 (~21/128) [halt step 10496]
[LT] step 10750  lm_loss 0.5729  acc 0.7904  exact 0.0547 (~7/128) [halt step 10736]
[LT] step 11000  lm_loss 0.7064  acc 0.8020  exact 0.1797 (~23/128) [halt step 10992]
[LT] step 11250  lm_loss 0.7742  acc 0.7700  exact 0.0391 (~5/128) [halt step 11248]
[LT] step 11500  lm_loss 0.6272  acc 0.7805  exact 0.0234 (~3/128) [halt step 11488]
[EVAL] step 11718  acc 0.6956  exact 221/2048
[LT] step 11750  lm_loss 0.7807  acc 0.8159  exact 0.1719 (~22/128) [halt step 11744]
[LT] step 12000  lm_loss 0.7971  acc 0.6642  exact 0.0078 (~1/128) [halt step 12000]
[LT] step 12250  lm_loss 0.6998  acc 0.7428  exact 0.0391 (~5/128) [halt step 12240]
[LT] step 12500  lm_loss 0.7687  acc 0.7618  exact 0.0234 (~3/128) [halt step 12496]
[LT] step 12750  lm_loss 0.5437  acc 0.7806  exact 0.0547 (~7/128) [halt step 12736]
[LT] step 13000  lm_loss 0.7610  acc 0.8388  exact 0.2422 (~31/128) [halt step 12992]
[LT] step 13250  lm_loss 0.7865  acc 0.7829  exact 0.1094 (~14/128) [halt step 13248]
[LT] step 13500  lm_loss 0.6210  acc 0.7931  exact 0.0625 (~8/128) [halt step 13488]
[EVAL] step 13671  acc 0.7014  exact 310/2048
[LT] step 13750  lm_loss 0.8189  acc 0.8159  exact 0.1094 (~14/128) [halt step 13744]
[LT] step 14000  lm_loss 0.5787  acc 0.7886  exact 0.0312 (~4/128) [halt step 14000]
[LT] step 14250  lm_loss 0.6284  acc 0.8417  exact 0.2578 (~33/128) [halt step 14240]
[LT] step 14500  lm_loss 0.7601  acc 0.7512  exact 0.0312 (~4/128) [halt step 14496]
[LT] step 14750  lm_loss 0.5466  acc 0.7677  exact 0.0391 (~5/128) [halt step 14736]
[LT] step 15000  lm_loss 0.7108  acc 0.8186  exact 0.1406 (~18/128) [halt step 14992]
[LT] step 15250  lm_loss 0.7882  acc 0.8275  exact 0.1641 (~21/128) [halt step 15248]
[LT] step 15500  lm_loss 0.6404  acc 0.7986  exact 0.0703 (~9/128) [halt step 15488]
[EVAL] step 15624  acc 0.7020  exact 356/2048
[LT] step 15750  lm_loss 0.7604  acc 0.8285  exact 0.1875 (~24/128) [halt step 15744]
[LT] step 16000  lm_loss 0.6161  acc 0.7659  exact 0.0391 (~5/128) [halt step 16000]
[LT] step 16250  lm_loss 0.6752  acc 0.7732  exact 0.0625 (~8/128) [halt step 16240]
[LT] step 16500  lm_loss 0.7856  acc 0.7914  exact 0.1328 (~17/128) [halt step 16496]
[LT] step 16750  lm_loss 0.5396  acc 0.7816  exact 0.1094 (~14/128) [halt step 16736]
[LT] step 17000  lm_loss 0.6937  acc 0.8088  exact 0.2266 (~29/128) [halt step 16992]
[LT] step 17250  lm_loss 0.8004  acc 0.7755  exact 0.0703 (~9/128) [halt step 17248]
[LT] step 17500  lm_loss 0.5905  acc 0.7577  exact 0.0625 (~8/128) [halt step 17488]
[EVAL] step 17577  acc 0.7062  exact 382/2048
[LT] step 17750  lm_loss 0.7791  acc 0.8059  exact 0.1172 (~15/128) [halt step 17744]
[LT] step 18000  lm_loss 0.5642  acc 0.7795  exact 0.1094 (~14/128) [halt step 18000]
[LT] step 18250  lm_loss 0.6881  acc 0.8211  exact 0.1797 (~23/128) [halt step 18240]
[LT] step 18500  lm_loss 0.7811  acc 0.8393  exact 0.2031 (~26/128) [halt step 18496]
[LT] step 18750  lm_loss 0.6433  acc 0.8388  exact 0.2969 (~38/128) [halt step 18736]
[LT] step 19000  lm_loss 0.6796  acc 0.8213  exact 0.1641 (~21/128) [halt step 18992]
[LT] step 19250  lm_loss 0.7915  acc 0.8170  exact 0.1641 (~21/128) [halt step 19248]
[LT] step 19500  lm_loss 0.6131  acc 0.7808  exact 0.0547 (~7/128) [halt step 19488]
[EVAL] step 19530  acc 0.7005  exact 353/2048
[LT] step 19750  lm_loss 0.7755  acc 0.7818  exact 0.0781 (~10/128) [halt step 19744]
[LT] step 20000  lm_loss 0.5271  acc 0.8015  exact 0.1484 (~19/128) [halt step 20000]
[LT] milestone 저장 step=20000 → /workspace/LinearTuring/2026-09-09/run_v11/milestones/step_20000.pt
[EXTRAP] step 20000  seg16 18.55%  best seg105 22.66%  (+4.10%p)  churn@128 0.05787  → /workspace/LinearTuring/2026-09-09/run_v11/milestones/extrap_step_20000.txt
[LT] step 20250  lm_loss 0.6688  acc 0.8517  exact 0.2891 (~37/128) [halt step 20240]
[LT] step 20500  lm_loss 0.7479  acc 0.7838  exact 0.1172 (~15/128) [halt step 20496]
[LT] step 20750  lm_loss 0.6539  acc 0.8352  exact 0.2734 (~35/128) [halt step 20736]
[LT] step 21000  lm_loss 0.6911  acc 0.8261  exact 0.2422 (~31/128) [halt step 20992]
[LT] step 21250  lm_loss 0.8033  acc 0.7455  exact 0.0312 (~4/128) [halt step 21248]
[EVAL] step 21483  acc 0.7027  exact 381/2048
[LT] step 21500  lm_loss 0.6530  acc 0.8138  exact 0.1641 (~21/128) [halt step 21488]
[LT] step 21750  lm_loss 0.7657  acc 0.8172  exact 0.1641 (~21/128) [halt step 21744]
[LT] step 22000  lm_loss 0.5927  acc 0.7684  exact 0.0781 (~10/128) [halt step 22000]
[LT] step 22250  lm_loss 0.6642  acc 0.8439  exact 0.2969 (~38/128) [halt step 22240]
[LT] step 22500  lm_loss 0.7795  acc 0.8240  exact 0.2266 (~29/128) [halt step 22496]
[LT] step 22750  lm_loss 0.5899  acc 0.7915  exact 0.0781 (~10/128) [halt step 22736]
[LT] step 23000  lm_loss 0.6954  acc 0.7949  exact 0.1094 (~14/128) [halt step 22992]
[LT] step 23250  lm_loss 0.7644  acc 0.8149  exact 0.2344 (~30/128) [halt step 23248]
[EVAL] step 23436  acc 0.6997  exact 382/2048
[LT] step 23500  lm_loss 0.6158  acc 0.8244  exact 0.1875 (~24/128) [halt step 23488]
[LT] step 23750  lm_loss 0.7635  acc 0.7670  exact 0.0391 (~5/128) [halt step 23744]
[LT] step 24000  lm_loss 0.4643  acc 0.8259  exact 0.1797 (~23/128) [halt step 24000]
[LT] step 24250  lm_loss 0.6972  acc 0.8027  exact 0.1484 (~19/128) [halt step 24240]
[LT] step 24500  lm_loss 0.8060  acc 0.7479  exact 0.0391 (~5/128) [halt step 24496]
[LT] step 24750  lm_loss 0.5870  acc 0.8016  exact 0.1172 (~15/128) [halt step 24736]
[LT] step 25000  lm_loss 0.7274  acc 0.7726  exact 0.0938 (~12/128) [halt step 24992]
[LT] step 25250  lm_loss 0.8121  acc 0.8367  exact 0.2500 (~32/128) [halt step 25248]
[EVAL] step 25389  acc 0.6941  exact 377/2048
[LT] step 25500  lm_loss 0.5978  acc 0.8085  exact 0.1641 (~21/128) [halt step 25488]
[LT] step 25750  lm_loss 0.7255  acc 0.8247  exact 0.2188 (~28/128) [halt step 25744]
[LT] step 26000  lm_loss 0.5009  acc 0.8123  exact 0.2812 (~36/128) [halt step 26000]
[LT] step 26250  lm_loss 0.6712  acc 0.8411  exact 0.3125 (~40/128) [halt step 26240]
[LT] step 26500  lm_loss 0.7853  acc 0.8155  exact 0.2578 (~33/128) [halt step 26496]
[LT] step 26750  lm_loss 0.5323  acc 0.8363  exact 0.3047 (~39/128) [halt step 26736]
[LT] step 27000  lm_loss 0.6925  acc 0.8557  exact 0.3594 (~46/128) [halt step 26992]
[LT] step 27250  lm_loss 0.7590  acc 0.8287  exact 0.2500 (~32/128) [halt step 27248]
[EVAL] step 27342  acc 0.6955  exact 402/2048
[LT] step 27500  lm_loss 0.5891  acc 0.8413  exact 0.2500 (~32/128) [halt step 27488]
[LT] step 27750  lm_loss 0.7315  acc 0.8457  exact 0.3672 (~47/128) [halt step 27744]
[LT] step 28000  lm_loss 0.5396  acc 0.7931  exact 0.2031 (~26/128) [halt step 28000]
[LT] step 28250  lm_loss 0.6968  acc 0.8196  exact 0.2500 (~32/128) [halt step 28240]
[LT] step 28500  lm_loss 0.7661  acc 0.7930  exact 0.1797 (~23/128) [halt step 28496]
[LT] step 28750  lm_loss 0.5497  acc 0.8266  exact 0.2578 (~33/128) [halt step 28736]
[LT] step 29000  lm_loss 0.6947  acc 0.8385  exact 0.3516 (~45/128) [halt step 28992]
[LT] step 29250  lm_loss 0.7691  acc 0.8578  exact 0.3594 (~46/128) [halt step 29248]
[EVAL] step 29295  acc 0.6960  exact 403/2048
[LT] step 29500  lm_loss 0.6281  acc 0.8389  exact 0.3984 (~51/128) [halt step 29488]
[LT] step 29750  lm_loss 0.7182  acc 0.8220  exact 0.2422 (~31/128) [halt step 29744]
[LT] step 30000  lm_loss 0.4375  acc 0.8381  exact 0.3281 (~42/128) [halt step 30000]
[LT] milestone 저장 step=30000 → /workspace/LinearTuring/2026-09-09/run_v11/milestones/step_30000.pt
[EXTRAP] step 30000  seg16 23.05%  best seg94 31.25%  (+8.20%p)  churn@128 0.06713  → /workspace/LinearTuring/2026-09-09/run_v11/milestones/extrap_step_30000.txt
[LT] step 30250  lm_loss 0.6134  acc 0.8192  exact 0.2422 (~31/128) [halt step 30240]
[LT] step 30500  lm_loss 0.7838  acc 0.8328  exact 0.3125 (~40/128) [halt step 30496]
[LT] step 30750  lm_loss 0.4826  acc 0.8316  exact 0.2656 (~34/128) [halt step 30736]
[LT] step 31000  lm_loss 0.6895  acc 0.8293  exact 0.2812 (~36/128) [halt step 30992]
[EVAL] step 31248  acc 0.6936  exact 414/2048
[LT] step 31250  lm_loss 0.7951  acc 0.7517  exact 0.0156 (~2/128) [halt step 31248]
[LT] step 31500  lm_loss 0.5542  acc 0.8370  exact 0.2891 (~37/128) [halt step 31488]
[LT] step 31750  lm_loss 0.7822  acc 0.7808  exact 0.0938 (~12/128) [halt step 31744]
[LT] step 32000  lm_loss 0.4946  acc 0.8135  exact 0.2578 (~33/128) [halt step 32000]
[LT] step 32250  lm_loss 0.6479  acc 0.7784  exact 0.0312 (~4/128) [halt step 32240]
[LT] step 32500  lm_loss 0.7561  acc 0.7896  exact 0.1406 (~18/128) [halt step 32496]
[LT] step 32750  lm_loss 0.5282  acc 0.8146  exact 0.1953 (~25/128) [halt step 32736]
[LT] step 33000  lm_loss 0.7066  acc 0.8356  exact 0.2422 (~31/128) [halt step 32992]
[EVAL] step 33201  acc 0.7047  exact 428/2048
[LT] step 33250  lm_loss 0.8039  acc 0.8399  exact 0.3047 (~39/128) [halt step 33248]
[LT] step 33500  lm_loss 0.6038  acc 0.8356  exact 0.3594 (~46/128) [halt step 33488]
[LT] step 33750  lm_loss 0.7323  acc 0.8584  exact 0.3203 (~41/128) [halt step 33744]
[LT] step 34000  lm_loss 0.4923  acc 0.8188  exact 0.2578 (~33/128) [halt step 34000]
[LT] step 34250  lm_loss 0.6731  acc 0.7868  exact 0.1484 (~19/128) [halt step 34240]
[LT] step 34500  lm_loss 0.7375  acc 0.8318  exact 0.3047 (~39/128) [halt step 34496]
[LT] step 34750  lm_loss 0.5840  acc 0.8504  exact 0.2891 (~37/128) [halt step 34736]
[LT] step 35000  lm_loss 0.6654  acc 0.7923  exact 0.1953 (~25/128) [halt step 34992]
[EVAL] step 35154  acc 0.6990  exact 426/2048
[LT] step 35250  lm_loss 0.7857  acc 0.8394  exact 0.3125 (~40/128) [halt step 35248]
[LT] step 35500  lm_loss 0.5877  acc 0.8345  exact 0.3281 (~42/128) [halt step 35488]
[LT] step 35750  lm_loss 0.7255  acc 0.8430  exact 0.3438 (~44/128) [halt step 35744]
[LT] step 36000  lm_loss 0.4311  acc 0.8459  exact 0.2891 (~37/128) [halt step 36000]
[LT] step 36250  lm_loss 0.6800  acc 0.8309  exact 0.2812 (~36/128) [halt step 36240]
[LT] step 36500  lm_loss 0.7652  acc 0.8375  exact 0.3125 (~40/128) [halt step 36496]
[LT] step 36750  lm_loss 0.4814  acc 0.8304  exact 0.3203 (~41/128) [halt step 36736]
[LT] step 37000  lm_loss 0.6880  acc 0.8334  exact 0.2578 (~33/128) [halt step 36992]
[EVAL] step 37107  acc 0.6968  exact 413/2048
[LT] step 37250  lm_loss 0.7762  acc 0.8426  exact 0.3125 (~40/128) [halt step 37248]
[LT] step 37500  lm_loss 0.5343  acc 0.8227  exact 0.2578 (~33/128) [halt step 37488]
[LT] step 37750  lm_loss 0.7199  acc 0.8434  exact 0.2812 (~36/128) [halt step 37744]
[LT] step 38000  lm_loss 0.4550  acc 0.8280  exact 0.2891 (~37/128) [halt step 38000]
[LT] step 38250  lm_loss 0.6557  acc 0.8442  exact 0.2969 (~38/128) [halt step 38240]
[LT] step 38500  lm_loss 0.7718  acc 0.8461  exact 0.3125 (~40/128) [halt step 38496]
[LT] step 38750  lm_loss 0.5353  acc 0.8214  exact 0.2422 (~31/128) [halt step 38736]
[LT] step 39000  lm_loss 0.6818  acc 0.8531  exact 0.2812 (~36/128) [halt step 38992]
[EVAL] step 39060  acc 0.7010  exact 408/2048
[LT] step 39250  lm_loss 0.7549  acc 0.8481  exact 0.3594 (~46/128) [halt step 39248]
[LT] step 39500  lm_loss 0.6241  acc 0.8171  exact 0.2188 (~28/128) [halt step 39488]
[LT] step 39750  lm_loss 0.6814  acc 0.8078  exact 0.2656 (~34/128) [halt step 39744]
[LT] step 40000  lm_loss 0.4466  acc 0.8373  exact 0.3438 (~44/128) [halt step 40000]
[LT] milestone 저장 step=40000 → /workspace/LinearTuring/2026-09-09/run_v11/milestones/step_40000.pt
[EXTRAP] step 40000  seg16 22.46%  best seg125 35.35%  (+12.89%p)  churn@128 0.11521  → /workspace/LinearTuring/2026-09-09/run_v11/milestones/extrap_step_40000.txt
[LT] step 40250  lm_loss 0.6332  acc 0.8426  exact 0.3438 (~44/128) [halt step 40240]
[LT] step 40500  lm_loss 0.7541  acc 0.8259  exact 0.3047 (~39/128) [halt step 40496]
[LT] step 40750  lm_loss 0.5338  acc 0.8275  exact 0.2656 (~34/128) [halt step 40736]
[LT] step 41000  lm_loss 0.6562  acc 0.8423  exact 0.3828 (~49/128) [halt step 40992]
[EVAL] step 41013  acc 0.7010  exact 410/2048
[LT] step 41250  lm_loss 0.7621  acc 0.8459  exact 0.3359 (~43/128) [halt step 41248]
[LT] step 41500  lm_loss 0.5862  acc 0.8319  exact 0.2812 (~36/128) [halt step 41488]
[LT] step 41750  lm_loss 0.7376  acc 0.8450  exact 0.2656 (~34/128) [halt step 41744]
[LT] step 42000  lm_loss 0.4360  acc 0.8455  exact 0.3047 (~39/128) [halt step 42000]
[LT] step 42250  lm_loss 0.6250  acc 0.8481  exact 0.2578 (~33/128) [halt step 42240]
[LT] step 42500  lm_loss 0.8024  acc 0.8209  exact 0.2109 (~27/128) [halt step 42496]
[LT] step 42750  lm_loss 0.4953  acc 0.8445  exact 0.3516 (~45/128) [halt step 42736]
[EVAL] step 42966  acc 0.7065  exact 436/2048
[LT] step 43000  lm_loss 0.6821  acc 0.8257  exact 0.2734 (~35/128) [halt step 42992]
[LT] step 43250  lm_loss 0.7711  acc 0.8482  exact 0.3438 (~44/128) [halt step 43248]
[LT] step 43500  lm_loss 0.5185  acc 0.8404  exact 0.2969 (~38/128) [halt step 43488]
[LT] step 43750  lm_loss 0.7118  acc 0.8423  exact 0.3359 (~43/128) [halt step 43744]
[LT] step 44000  lm_loss 0.4453  acc 0.8367  exact 0.2578 (~33/128) [halt step 44000]
[LT] step 44250  lm_loss 0.6017  acc 0.8402  exact 0.3281 (~42/128) [halt step 44240]
[LT] step 44500  lm_loss 0.7484  acc 0.8302  exact 0.2656 (~34/128) [halt step 44496]
[LT] step 44750  lm_loss 0.4955  acc 0.8525  exact 0.3203 (~41/128) [halt step 44736]
[EVAL] step 44919  acc 0.7088  exact 425/2048
[LT] step 45000  lm_loss 0.6541  acc 0.8568  exact 0.3125 (~40/128) [halt step 44992]
[LT] step 45250  lm_loss 0.7644  acc 0.8190  exact 0.2891 (~37/128) [halt step 45248]
[LT] step 45500  lm_loss 0.5872  acc 0.8670  exact 0.3750 (~48/128) [halt step 45488]
[LT] step 45750  lm_loss 0.6942  acc 0.8449  exact 0.3359 (~43/128) [halt step 45744]
[LT] step 46000  lm_loss 0.4429  acc 0.8294  exact 0.2656 (~34/128) [halt step 46000]
[LT] step 46250  lm_loss 0.5729  acc 0.8716  exact 0.3672 (~47/128) [halt step 46240]
[LT] step 46500  lm_loss 0.7294  acc 0.8457  exact 0.2656 (~34/128) [halt step 46496]
[LT] step 46750  lm_loss 0.4507  acc 0.8317  exact 0.3047 (~39/128) [halt step 46736]
[EVAL] step 46872  acc 0.7079  exact 438/2048
[LT] step 47000  lm_loss 0.6631  acc 0.8379  exact 0.2891 (~37/128) [halt step 46992]
[LT] step 47250  lm_loss 0.7798  acc 0.8313  exact 0.2969 (~38/128) [halt step 47248]
[LT] step 47500  lm_loss 0.5851  acc 0.8234  exact 0.2422 (~31/128) [halt step 47488]
[LT] step 47750  lm_loss 0.7641  acc 0.8263  exact 0.1484 (~19/128) [halt step 47744]
[LT] step 48000  lm_loss 0.4944  acc 0.8134  exact 0.1875 (~24/128) [halt step 48000]
[LT] step 48250  lm_loss 0.6433  acc 0.8354  exact 0.3281 (~42/128) [halt step 48240]
[LT] step 48500  lm_loss 0.7135  acc 0.8262  exact 0.2734 (~35/128) [halt step 48496]
[LT] step 48750  lm_loss 0.5162  acc 0.8631  exact 0.3359 (~43/128) [halt step 48736]
[EVAL] step 48825  acc 0.7039  exact 390/2048
[LT] step 49000  lm_loss 0.6378  acc 0.8745  exact 0.4297 (~55/128) [halt step 48992]
[LT] step 49250  lm_loss 0.7450  acc 0.8084  exact 0.2656 (~34/128) [halt step 49248]
[LT] step 49500  lm_loss 0.5613  acc 0.8621  exact 0.3438 (~44/128) [halt step 49488]
[LT] step 49750  lm_loss 0.6869  acc 0.8781  exact 0.4375 (~56/128) [halt step 49744]
[LT] step 50000  lm_loss 0.4205  acc 0.8398  exact 0.2891 (~37/128) [halt step 50000]
[LT] milestone 저장 step=50000 → /workspace/LinearTuring/2026-09-09/run_v11/milestones/step_50000.pt
[EXTRAP] step 50000  seg16 26.37%  best seg36 30.27%  (+3.91%p)  churn@128 0.14962  → /workspace/LinearTuring/2026-09-09/run_v11/milestones/extrap_step_50000.txt
[LT] step 50250  lm_loss 0.5881  acc 0.8551  exact 0.3125 (~40/128) [halt step 50240]
[LT] step 50500  lm_loss 0.7520  acc 0.8388  exact 0.2969 (~38/128) [halt step 50496]
[LT] step 50750  lm_loss 0.5067  acc 0.8425  exact 0.2969 (~38/128) [halt step 50736]
[EVAL] step 50778  acc 0.7120  exact 439/2048
[LT] step 51000  lm_loss 0.6634  acc 0.8276  exact 0.2578 (~33/128) [halt step 50992]
[LT] step 51250  lm_loss 0.7952  acc 0.8557  exact 0.3750 (~48/128) [halt step 51248]
[LT] step 51500  lm_loss 0.4919  acc 0.8261  exact 0.3125 (~40/128) [halt step 51488]
[LT] step 51750  lm_loss 0.7614  acc 0.7693  exact 0.1641 (~21/128) [halt step 51744]
[LT] step 52000  lm_loss 0.4412  acc 0.8396  exact 0.2578 (~33/128) [halt step 52000]
[LT] step 52250  lm_loss 0.5893  acc 0.8439  exact 0.2812 (~36/128) [halt step 52240]
[LT] step 52500  lm_loss 0.7639  acc 0.8154  exact 0.2656 (~34/128) [halt step 52496]
[EVAL] step 52731  acc 0.7169  exact 446/2048
[LT] step 52750  lm_loss 0.4312  acc 0.8535  exact 0.2969 (~38/128) [halt step 52736]
[LT] step 53000  lm_loss 0.6711  acc 0.8773  exact 0.4062 (~52/128) [halt step 52992]
[LT] step 53250  lm_loss 0.7809  acc 0.8572  exact 0.3828 (~49/128) [halt step 53248]
[LT] step 53500  lm_loss 0.5596  acc 0.8533  exact 0.3672 (~47/128) [halt step 53488]
[LT] step 53750  lm_loss 0.7042  acc 0.8780  exact 0.4609 (~59/128) [halt step 53744]
[LT] step 54000  lm_loss 0.3961  acc 0.8564  exact 0.2812 (~36/128) [halt step 54000]
[LT] step 54250  lm_loss 0.6588  acc 0.8652  exact 0.3594 (~46/128) [halt step 54240]
[LT] step 54500  lm_loss 0.7546  acc 0.8533  exact 0.2812 (~36/128) [halt step 54496]
[EVAL] step 54684  acc 0.7258  exact 497/2048
[LT] step 54750  lm_loss 0.4194  acc 0.8927  exact 0.4219 (~54/128) [halt step 54736]
[LT] step 55000  lm_loss 0.6470  acc 0.8520  exact 0.3203 (~41/128) [halt step 54992]
[LT] step 55250  lm_loss 0.8052  acc 0.8445  exact 0.3047 (~39/128) [halt step 55248]
[LT] step 55500  lm_loss 0.5032  acc 0.8525  exact 0.3047 (~39/128) [halt step 55488]
[LT] step 55750  lm_loss 0.6934  acc 0.8709  exact 0.3594 (~46/128) [halt step 55744]
[LT] step 56000  lm_loss 0.4197  acc 0.8438  exact 0.3047 (~39/128) [halt step 56000]
[LT] step 56250  lm_loss 0.6109  acc 0.8730  exact 0.4062 (~52/128) [halt step 56240]
[LT] step 56500  lm_loss 0.7681  acc 0.7948  exact 0.0703 (~9/128) [halt step 56496]
[EVAL] step 56637  acc 0.6979  exact 326/2048
[LT] step 56750  lm_loss 0.4285  acc 0.8236  exact 0.2500 (~32/128) [halt step 56736]
[LT] step 57000  lm_loss 0.6983  acc 0.8807  exact 0.4141 (~53/128) [halt step 56992]
[LT] step 57250  lm_loss 0.7473  acc 0.8605  exact 0.3594 (~46/128) [halt step 57248]
[LT] step 57500  lm_loss 0.5457  acc 0.8633  exact 0.2812 (~36/128) [halt step 57488]
[LT] step 57750  lm_loss 0.7065  acc 0.8623  exact 0.3438 (~44/128) [halt step 57744]
[LT] step 58000  lm_loss 0.4354  acc 0.8400  exact 0.3047 (~39/128) [halt step 58000]
[LT] step 58250  lm_loss 0.5080  acc 0.8791  exact 0.4688 (~60/128) [halt step 58240]
[LT] step 58500  lm_loss 0.7576  acc 0.8850  exact 0.3906 (~50/128) [halt step 58496]
[EVAL] step 58590  acc 0.7442  exact 563/2048
[LT] step 58750  lm_loss 0.4846  acc 0.8357  exact 0.2891 (~37/128) [halt step 58736]
[LT] step 59000  lm_loss 0.6586  acc 0.8530  exact 0.3359 (~43/128) [halt step 58992]
[LT] step 59250  lm_loss 0.7740  acc 0.8753  exact 0.3438 (~44/128) [halt step 59248]
[LT] step 59500  lm_loss 0.4867  acc 0.8716  exact 0.3281 (~42/128) [halt step 59488]
[LT] step 59750  lm_loss 0.6890  acc 0.8751  exact 0.3984 (~51/128) [halt step 59744]
[LT] step 60000  lm_loss 0.3803  acc 0.8597  exact 0.3359 (~43/128) [halt step 60000]
[LT] milestone 저장 step=60000 → /workspace/LinearTuring/2026-09-09/run_v11/milestones/step_60000.pt
[EXTRAP] step 60000  seg16 29.49%  best seg108 42.19%  (+12.70%p)  churn@128 0.11200  → /workspace/LinearTuring/2026-09-09/run_v11/milestones/extrap_step_60000.txt
[LT] step 60250  lm_loss 0.5474  acc 0.8913  exact 0.4531 (~58/128) [halt step 60240]
[LT] step 60500  lm_loss 0.7252  acc 0.9010  exact 0.5000 (~64/128) [halt step 60496]
[EVAL] step 60543  acc 0.7357  exact 535/2048
[LT] step 60750  lm_loss 0.4681  acc 0.8438  exact 0.2500 (~32/128) [halt step 60736]
[LT] step 61000  lm_loss 0.6756  acc 0.8628  exact 0.3828 (~49/128) [halt step 60992]
[LT] step 61250  lm_loss 0.7772  acc 0.8604  exact 0.3047 (~39/128) [halt step 61248]
[LT] step 61500  lm_loss 0.5262  acc 0.8800  exact 0.3906 (~50/128) [halt step 61488]
[LT] step 61750  lm_loss 0.6563  acc 0.8907  exact 0.4141 (~53/128) [halt step 61744]
[LT] step 62000  lm_loss 0.3352  acc 0.8827  exact 0.3750 (~48/128) [halt step 62000]
[LT] step 62250  lm_loss 0.5455  acc 0.8599  exact 0.3750 (~48/128) [halt step 62240]
[EVAL] step 62496  acc 0.7397  exact 538/2048
[LT] step 62500  lm_loss 0.7046  acc 0.8430  exact 0.3281 (~42/128) [halt step 62496]
[LT] step 62750  lm_loss 0.4022  acc 0.8667  exact 0.3750 (~48/128) [halt step 62736]
[LT] step 63000  lm_loss 0.6436  acc 0.8686  exact 0.3438 (~44/128) [halt step 62992]
[LT] step 63250  lm_loss 0.7409  acc 0.8854  exact 0.4219 (~54/128) [halt step 63248]
[LT] step 63500  lm_loss 0.4820  acc 0.8687  exact 0.4297 (~55/128) [halt step 63488]
[LT] step 63750  lm_loss 0.6767  acc 0.8631  exact 0.3750 (~48/128) [halt step 63744]
[LT] step 64000  lm_loss 0.3994  acc 0.8591  exact 0.3438 (~44/128) [halt step 64000]
[LT] step 64250  lm_loss 0.5347  acc 0.8461  exact 0.3125 (~40/128) [halt step 64240]
[EVAL] step 64449  acc 0.7417  exact 566/2048
[LT] step 64500  lm_loss 0.7266  acc 0.8989  exact 0.5078 (~65/128) [halt step 64496]
[LT] step 64750  lm_loss 0.3783  acc 0.8544  exact 0.3281 (~42/128) [halt step 64736]
[LT] step 65000  lm_loss 0.6294  acc 0.8822  exact 0.4297 (~55/128) [halt step 64992]
[LT] step 65250  lm_loss 0.7391  acc 0.8874  exact 0.3906 (~50/128) [halt step 65248]
[LT] step 65500  lm_loss 0.4655  acc 0.8761  exact 0.4062 (~52/128) [halt step 65488]
[LT] step 65750  lm_loss 0.6556  acc 0.8864  exact 0.4141 (~53/128) [halt step 65744]
[LT] step 66000  lm_loss 0.3904  acc 0.8550  exact 0.3828 (~49/128) [halt step 66000]
[LT] step 66250  lm_loss 0.5394  acc 0.9002  exact 0.5000 (~64/128) [halt step 66240]
[EVAL] step 66402  acc 0.7451  exact 598/2048
[LT] step 66500  lm_loss 0.6992  acc 0.8766  exact 0.3672 (~47/128) [halt step 66496]
[LT] step 66750  lm_loss 0.4084  acc 0.8854  exact 0.4062 (~52/128) [halt step 66736]
[LT] step 67000  lm_loss 0.5846  acc 0.8927  exact 0.4375 (~56/128) [halt step 66992]
[LT] step 67250  lm_loss 0.7791  acc 0.9091  exact 0.5000 (~64/128) [halt step 67248]
[LT] step 67500  lm_loss 0.4167  acc 0.8670  exact 0.4531 (~58/128) [halt step 67488]
[LT] step 67750  lm_loss 0.6840  acc 0.8941  exact 0.4766 (~61/128) [halt step 67744]
[LT] step 68000  lm_loss 0.3432  acc 0.8800  exact 0.3984 (~51/128) [halt step 68000]
[LT] step 68250  lm_loss 0.5343  acc 0.8744  exact 0.3906 (~50/128) [halt step 68240]
[EVAL] step 68355  acc 0.7449  exact 600/2048
[LT] step 68500  lm_loss 0.7170  acc 0.8780  exact 0.3516 (~45/128) [halt step 68496]
[LT] step 68750  lm_loss 0.4312  acc 0.8701  exact 0.4062 (~52/128) [halt step 68736]
[LT] step 69000  lm_loss 0.5693  acc 0.9093  exact 0.6016 (~77/128) [halt step 68992]
[LT] step 69250  lm_loss 0.6939  acc 0.9123  exact 0.5156 (~66/128) [halt step 69248]
[LT] step 69500  lm_loss 0.3183  acc 0.8636  exact 0.3906 (~50/128) [halt step 69488]
[LT] step 69750  lm_loss 0.6434  acc 0.8810  exact 0.4219 (~54/128) [halt step 69744]
[LT] step 70000  lm_loss 0.3185  acc 0.8888  exact 0.4219 (~54/128) [halt step 70000]
[LT] milestone 저장 step=70000 → /workspace/LinearTuring/2026-09-09/run_v11/milestones/step_70000.pt
[EXTRAP] step 70000  seg16 33.20%  best seg128 50.98%  (+17.77%p)  churn@128 0.10646  → /workspace/LinearTuring/2026-09-09/run_v11/milestones/extrap_step_70000.txt
[LT] step 70250  lm_loss 0.5118  acc 0.9036  exact 0.5625 (~72/128) [halt step 70240]
[EVAL] step 70308  acc 0.7441  exact 609/2048
[LT] step 70500  lm_loss 0.7121  acc 0.9000  exact 0.5156 (~66/128) [halt step 70496]
[LT] step 70750  lm_loss 0.3310  acc 0.8886  exact 0.4297 (~55/128) [halt step 70736]
[LT] step 71000  lm_loss 0.6253  acc 0.9087  exact 0.5625 (~72/128) [halt step 70992]
[LT] step 71250  lm_loss 0.7343  acc 0.9150  exact 0.5625 (~72/128) [halt step 71248]
[LT] step 71500  lm_loss 0.4524  acc 0.8758  exact 0.4141 (~53/128) [halt step 71488]
[LT] step 71750  lm_loss 0.6852  acc 0.8899  exact 0.5547 (~71/128) [halt step 71744]
[LT] step 72000  lm_loss 0.2802  acc 0.9039  exact 0.4844 (~62/128) [halt step 72000]
[LT] step 72250  lm_loss 0.5656  acc 0.8849  exact 0.5078 (~65/128) [halt step 72240]
[EVAL] step 72261  acc 0.7523  exact 661/2048
[LT] step 72500  lm_loss 0.7229  acc 0.9016  exact 0.5156 (~66/128) [halt step 72496]
[LT] step 72750  lm_loss 0.2877  acc 0.8974  exact 0.5391 (~69/128) [halt step 72736]
[LT] step 73000  lm_loss 0.6541  acc 0.8729  exact 0.4297 (~55/128) [halt step 72992]
[LT] step 73250  lm_loss 0.7701  acc 0.9215  exact 0.6406 (~82/128) [halt step 73248]
[LT] step 73500  lm_loss 0.4591  acc 0.8884  exact 0.4844 (~62/128) [halt step 73488]
[LT] step 73750  lm_loss 0.6710  acc 0.9234  exact 0.6250 (~80/128) [halt step 73744]
[LT] step 74000  lm_loss 0.2474  acc 0.9115  exact 0.6016 (~77/128) [halt step 74000]
[EVAL] step 74214  acc 0.7663  exact 714/2048
[LT] step 74250  lm_loss 0.5410  acc 0.9231  exact 0.6094 (~78/128) [halt step 74240]
[LT] step 74500  lm_loss 0.6946  acc 0.8817  exact 0.4062 (~52/128) [halt step 74496]
[LT] step 74750  lm_loss 0.3673  acc 0.8913  exact 0.5312 (~68/128) [halt step 74736]
[LT] step 75000  lm_loss 0.5224  acc 0.9150  exact 0.6094 (~78/128) [halt step 74992]
[LT] step 75250  lm_loss 0.7015  acc 0.8997  exact 0.5156 (~66/128) [halt step 75248]
[LT] step 75500  lm_loss 0.3900  acc 0.9252  exact 0.6406 (~82/128) [halt step 75488]
[LT] step 75750  lm_loss 0.6648  acc 0.9201  exact 0.5781 (~74/128) [halt step 75744]
[LT] step 76000  lm_loss 0.2564  acc 0.9093  exact 0.6719 (~86/128) [halt step 76000]
[EVAL] step 76167  acc 0.7805  exact 778/2048
[LT] step 76250  lm_loss 0.5168  acc 0.9175  exact 0.5859 (~75/128) [halt step 76240]
[LT] step 76500  lm_loss 0.7157  acc 0.9262  exact 0.6406 (~82/128) [halt step 76496]
[LT] step 76750  lm_loss 0.2785  acc 0.9006  exact 0.5703 (~73/128) [halt step 76736]
[LT] step 77000  lm_loss 0.6049  acc 0.8996  exact 0.5703 (~73/128) [halt step 76992]
[LT] step 77250  lm_loss 0.7534  acc 0.9178  exact 0.6406 (~82/128) [halt step 77248]
[LT] step 77500  lm_loss 0.3998  acc 0.9346  exact 0.6484 (~83/128) [halt step 77488]
[LT] step 77750  lm_loss 0.6532  acc 0.9296  exact 0.6328 (~81/128) [halt step 77744]
[LT] step 78000  lm_loss 0.3115  acc 0.8956  exact 0.4922 (~63/128) [halt step 78000]
[EVAL] step 78120  acc 0.7796  exact 784/2048
[LT] step 78250  lm_loss 0.4653  acc 0.9024  exact 0.5234 (~67/128) [halt step 78240]
[LT] step 78500  lm_loss 0.6541  acc 0.9245  exact 0.5625 (~72/128) [halt step 78496]
[LT] step 78750  lm_loss 0.2742  acc 0.8967  exact 0.5625 (~72/128) [halt step 78736]
[LT] step 79000  lm_loss 0.5526  acc 0.9260  exact 0.6328 (~81/128) [halt step 78992]
[LT] step 79250  lm_loss 0.7121  acc 0.8981  exact 0.5469 (~70/128) [halt step 79248]
[LT] step 79500  lm_loss 0.3613  acc 0.8774  exact 0.5391 (~69/128) [halt step 79488]
[LT] step 79750  lm_loss 0.6367  acc 0.9232  exact 0.5859 (~75/128) [halt step 79744]
[LT] step 80000  lm_loss 0.1764  acc 0.9402  exact 0.7031 (~90/128) [halt step 80000]
[LT] milestone 저장 step=80000 → /workspace/LinearTuring/2026-09-09/run_v11/milestones/step_80000.pt
[EXTRAP] step 80000  seg16 37.50%  best seg125 61.33%  (+23.83%p)  churn@128 0.07234  → /workspace/LinearTuring/2026-09-09/run_v11/milestones/extrap_step_80000.txt
[EVAL] step 80073  acc 0.7337  exact 512/2048
[LT] step 80250  lm_loss 0.4881  acc 0.9068  exact 0.5859 (~75/128) [halt step 80240]
[LT] step 80500  lm_loss 0.6778  acc 0.9335  exact 0.6641 (~85/128) [halt step 80496]
[LT] step 80750  lm_loss 0.2587  acc 0.9293  exact 0.6250 (~80/128) [halt step 80736]
[LT] step 81000  lm_loss 0.5712  acc 0.9237  exact 0.6328 (~81/128) [halt step 80992]
[LT] step 81250  lm_loss 0.7583  acc 0.9006  exact 0.5625 (~72/128) [halt step 81248]
[LT] step 81500  lm_loss 0.3582  acc 0.9136  exact 0.6172 (~79/128) [halt step 81488]
[LT] step 81750  lm_loss 0.6455  acc 0.9571  exact 0.7422 (~95/128) [halt step 81744]
[LT] step 82000  lm_loss 0.3201  acc 0.8853  exact 0.4688 (~60/128) [halt step 82000]
[EVAL] step 82026  acc 0.7848  exact 810/2048
[LT] step 82250  lm_loss 0.4295  acc 0.9402  exact 0.6953 (~89/128) [halt step 82240]
[LT] step 82500  lm_loss 0.7058  acc 0.9239  exact 0.5469 (~70/128) [halt step 82496]
[LT] step 82750  lm_loss 0.2848  acc 0.9298  exact 0.5781 (~74/128) [halt step 82736]
[LT] step 83000  lm_loss 0.4971  acc 0.9222  exact 0.6094 (~78/128) [halt step 82992]
[LT] step 83250  lm_loss 0.7659  acc 0.9200  exact 0.6016 (~77/128) [halt step 83248]
[LT] step 83500  lm_loss 0.4123  acc 0.9168  exact 0.5625 (~72/128) [halt step 83488]
[LT] step 83750  lm_loss 0.6009  acc 0.9374  exact 0.6406 (~82/128) [halt step 83744]
[EVAL] step 83979  acc 0.7707  exact 701/2048
[LT] step 84000  lm_loss 0.2310  acc 0.9248  exact 0.6250 (~80/128) [halt step 84000]
[LT] step 84250  lm_loss 0.4810  acc 0.9405  exact 0.6641 (~85/128) [halt step 84240]
[LT] step 84500  lm_loss 0.6881  acc 0.9516  exact 0.7422 (~95/128) [halt step 84496]
[LT] step 84750  lm_loss 0.3254  acc 0.9320  exact 0.6719 (~86/128) [halt step 84736]
[LT] step 85000  lm_loss 0.5354  acc 0.8987  exact 0.5703 (~73/128) [halt step 84992]
[LT] step 85250  lm_loss 0.7389  acc 0.8843  exact 0.5000 (~64/128) [halt step 85248]
[LT] step 85500  lm_loss 0.3879  acc 0.9184  exact 0.6094 (~78/128) [halt step 85488]
[LT] step 85750  lm_loss 0.6239  acc 0.9408  exact 0.6719 (~86/128) [halt step 85744]
[EVAL] step 85932  acc 0.7934  exact 864/2048
[LT] step 86000  lm_loss 0.2750  acc 0.9035  exact 0.5312 (~68/128) [halt step 86000]
[LT] step 86250  lm_loss 0.4178  acc 0.9080  exact 0.5703 (~73/128) [halt step 86240]
[LT] step 86500  lm_loss 0.6794  acc 0.9188  exact 0.6719 (~86/128) [halt step 86496]
[LT] step 86750  lm_loss 0.3483  acc 0.9165  exact 0.5703 (~73/128) [halt step 86736]
[LT] step 87000  lm_loss 0.5558  acc 0.9452  exact 0.7266 (~93/128) [halt step 86992]
[LT] step 87250  lm_loss 0.7451  acc 0.9391  exact 0.6953 (~89/128) [halt step 87248]
[LT] step 87500  lm_loss 0.3623  acc 0.9234  exact 0.6328 (~81/128) [halt step 87488]
[LT] step 87750  lm_loss 0.6192  acc 0.9349  exact 0.6953 (~89/128) [halt step 87744]
[EVAL] step 87885  acc 0.7939  exact 876/2048
[LT] step 88000  lm_loss 0.2355  acc 0.9263  exact 0.6953 (~89/128) [halt step 88000]
[LT] step 88250  lm_loss 0.4677  acc 0.8842  exact 0.4141 (~53/128) [halt step 88240]
[LT] step 88500  lm_loss 0.6951  acc 0.9458  exact 0.7109 (~91/128) [halt step 88496]
[LT] step 88750  lm_loss 0.2530  acc 0.9368  exact 0.6484 (~83/128) [halt step 88736]
[LT] step 89000  lm_loss 0.5431  acc 0.9217  exact 0.6562 (~84/128) [halt step 88992]
[LT] step 89250  lm_loss 0.7415  acc 0.9238  exact 0.6562 (~84/128) [halt step 89248]
[LT] step 89500  lm_loss 0.3603  acc 0.9274  exact 0.6328 (~81/128) [halt step 89488]
[LT] step 89750  lm_loss 0.5833  acc 0.9165  exact 0.5781 (~74/128) [halt step 89744]
[EVAL] step 89838  acc 0.7811  exact 780/2048
[LT] step 90000  lm_loss 0.2606  acc 0.9054  exact 0.6172 (~79/128) [halt step 90000]
[LT] milestone 저장 step=90000 → /workspace/LinearTuring/2026-09-09/run_v11/milestones/step_90000.pt
[EXTRAP] step 90000  seg16 35.74%  best seg122 60.74%  (+25.00%p)  churn@128 0.07140  → /workspace/LinearTuring/2026-09-09/run_v11/milestones/extrap_step_90000.txt
[LT] step 90250  lm_loss 0.4710  acc 0.9035  exact 0.5391 (~69/128) [halt step 90240]
[LT] step 90500  lm_loss 0.6653  acc 0.9215  exact 0.6094 (~78/128) [halt step 90496]
[LT] step 90750  lm_loss 0.2899  acc 0.9245  exact 0.6484 (~83/128) [halt step 90736]
[LT] step 91000  lm_loss 0.4996  acc 0.9403  exact 0.6875 (~88/128) [halt step 90992]
[LT] step 91250  lm_loss 0.7441  acc 0.9406  exact 0.6562 (~84/128) [halt step 91248]
[LT] step 91500  lm_loss 0.2750  acc 0.9485  exact 0.6719 (~86/128) [halt step 91488]
[LT] step 91750  lm_loss 0.6648  acc 0.9121  exact 0.5938 (~76/128) [halt step 91744]
[EVAL] step 91791  acc 0.7977  exact 880/2048
[LT] step 92000  lm_loss 0.1883  acc 0.9350  exact 0.6875 (~88/128) [halt step 92000]
[LT] step 92250  lm_loss 0.4111  acc 0.9286  exact 0.6719 (~86/128) [halt step 92240]
[LT] step 92500  lm_loss 0.7112  acc 0.9325  exact 0.6328 (~81/128) [halt step 92496]
[LT] step 92750  lm_loss 0.2362  acc 0.9144  exact 0.5781 (~74/128) [halt step 92736]
[LT] step 93000  lm_loss 0.5299  acc 0.9532  exact 0.7734 (~99/128) [halt step 92992]
[LT] step 93250  lm_loss 0.7743  acc 0.9139  exact 0.6250 (~80/128) [halt step 93248]
[LT] step 93500  lm_loss 0.3057  acc 0.9346  exact 0.6562 (~84/128) [halt step 93488]
[EVAL] step 93744  acc 0.8003  exact 889/2048
[LT] step 93750  lm_loss 0.5684  acc 0.9100  exact 0.5703 (~73/128) [halt step 93744]
[LT] step 94000  lm_loss 0.2349  acc 0.9220  exact 0.6953 (~89/128) [halt step 94000]
[LT] step 94250  lm_loss 0.3996  acc 0.9105  exact 0.6172 (~79/128) [halt step 94240]
[LT] step 94500  lm_loss 0.7098  acc 0.9445  exact 0.7109 (~91/128) [halt step 94496]
[LT] step 94750  lm_loss 0.2820  acc 0.9492  exact 0.7266 (~93/128) [halt step 94736]
[LT] step 95000  lm_loss 0.5195  acc 0.9420  exact 0.6562 (~84/128) [halt step 94992]
[LT] step 95250  lm_loss 0.7273  acc 0.9366  exact 0.6719 (~86/128) [halt step 95248]
[LT] step 95500  lm_loss 0.3721  acc 0.9160  exact 0.5781 (~74/128) [halt step 95488]
[EVAL] step 95697  acc 0.7719  exact 706/2048
[LT] step 95750  lm_loss 0.5552  acc 0.9320  exact 0.6562 (~84/128) [halt step 95744]
[LT] step 96000  lm_loss 0.1698  acc 0.9456  exact 0.6953 (~89/128) [halt step 96000]
[LT] step 96250  lm_loss 0.4221  acc 0.9322  exact 0.6094 (~78/128) [halt step 96240]
[LT] step 96500  lm_loss 0.7933  acc 0.8954  exact 0.5312 (~68/128) [halt step 96496]
[LT] step 96750  lm_loss 0.2531  acc 0.9321  exact 0.6328 (~81/128) [halt step 96736]
[LT] step 97000  lm_loss 0.5142  acc 0.9274  exact 0.6797 (~87/128) [halt step 96992]
[LT] step 97250  lm_loss 0.7306  acc 0.9723  exact 0.8125 (~104/128) [halt step 97248]
[LT] step 97500  lm_loss 0.3876  acc 0.9516  exact 0.7344 (~94/128) [halt step 97488]
[EVAL] step 97650  acc 0.7971  exact 874/2048
[LT] step 97750  lm_loss 0.5349  acc 0.9724  exact 0.8516 (~109/128) [halt step 97744]
[LT] step 98000  lm_loss 0.1325  acc 0.9559  exact 0.7656 (~98/128) [halt step 98000]
[LT] step 98250  lm_loss 0.3545  acc 0.9436  exact 0.7266 (~93/128) [halt step 98240]
[LT] step 98500  lm_loss 0.7487  acc 0.7955  exact 0.1875 (~24/128) [halt step 98496]
[LT] step 98750  lm_loss 0.2552  acc 0.9612  exact 0.7578 (~97/128) [halt step 98736]
[LT] step 99000  lm_loss 0.4847  acc 0.9337  exact 0.6562 (~84/128) [halt step 98992]
[LT] step 99250  lm_loss 0.7137  acc 0.9415  exact 0.7266 (~93/128) [halt step 99248]
[LT] step 99500  lm_loss 0.3632  acc 0.8983  exact 0.5625 (~72/128) [halt step 99488]
[EVAL] step 99603  acc 0.7911  exact 841/2048
[LT] step 99750  lm_loss 0.6197  acc 0.8808  exact 0.4844 (~62/128) [halt step 99744]
[LT] step 100000  lm_loss 0.1964  acc 0.9321  exact 0.6328 (~81/128) [halt step 100000]
[LT] milestone 저장 step=100000 → /workspace/LinearTuring/2026-09-09/run_v11/milestones/step_100000.pt
[EXTRAP] step 100000  seg16 41.41%  best seg128 70.12%  (+28.71%p)  churn@128 0.05032  → /workspace/LinearTuring/2026-09-09/run_v11/milestones/extrap_step_100000.txt
[LT] step 100250  lm_loss 0.4268  acc 0.9415  exact 0.6875 (~88/128) [halt step 100240]
[LT] step 100500  lm_loss 0.6746  acc 0.9294  exact 0.6484 (~83/128) [halt step 100496]
[LT] step 100750  lm_loss 0.2112  acc 0.9434  exact 0.6875 (~88/128) [halt step 100736]
[LT] step 101000  lm_loss 0.5767  acc 0.9450  exact 0.7188 (~92/128) [halt step 100992]
[LT] step 101250  lm_loss 0.7077  acc 0.9384  exact 0.6875 (~88/128) [halt step 101248]
[LT] step 101500  lm_loss 0.3426  acc 0.9416  exact 0.7344 (~94/128) [halt step 101488]
[EVAL] step 101556  acc 0.8015  exact 883/2048
[LT] step 101750  lm_loss 0.6095  acc 0.9260  exact 0.6641 (~85/128) [halt step 101744]
[LT] step 102000  lm_loss 0.1844  acc 0.9393  exact 0.7109 (~91/128) [halt step 102000]
[LT] step 102250  lm_loss 0.4354  acc 0.9671  exact 0.8047 (~103/128) [halt step 102240]
[LT] step 102500  lm_loss 0.6373  acc 0.9117  exact 0.6016 (~77/128) [halt step 102496]
[LT] step 102750  lm_loss 0.2204  acc 0.9469  exact 0.7031 (~90/128) [halt step 102736]
[LT] step 103000  lm_loss 0.5210  acc 0.9170  exact 0.6172 (~79/128) [halt step 102992]
[LT] step 103250  lm_loss 0.7506  acc 0.9333  exact 0.6797 (~87/128) [halt step 103248]
[LT] step 103500  lm_loss 0.3251  acc 0.9323  exact 0.6484 (~83/128) [halt step 103488]
[EVAL] step 103509  acc 0.7988  exact 843/2048
[LT] step 103750  lm_loss 0.6061  acc 0.9440  exact 0.6875 (~88/128) [halt step 103744]
[LT] step 104000  lm_loss 0.1552  acc 0.9492  exact 0.7266 (~93/128) [halt step 104000]
[LT] step 104250  lm_loss 0.4200  acc 0.9334  exact 0.6250 (~80/128) [halt step 104240]
[LT] step 104500  lm_loss 0.6575  acc 0.9498  exact 0.7344 (~94/128) [halt step 104496]
[LT] step 104750  lm_loss 0.1777  acc 0.9131  exact 0.5859 (~75/128) [halt step 104736]
[LT] step 105000  lm_loss 0.5347  acc 0.9525  exact 0.7031 (~90/128) [halt step 104992]
[LT] step 105250  lm_loss 0.7117  acc 0.9552  exact 0.7578 (~97/128) [halt step 105248]
[EVAL] step 105462  acc 0.8018  exact 922/2048
[LT] step 105500  lm_loss 0.5423  acc 0.7811  exact 0.4297 (~55/128) [halt step 105488]
[LT] step 105750  lm_loss 0.5919  acc 0.9302  exact 0.7031 (~90/128) [halt step 105744]
[LT] step 106000  lm_loss 0.2256  acc 0.9237  exact 0.5938 (~76/128) [halt step 106000]
[LT] step 106250  lm_loss 0.4260  acc 0.9273  exact 0.6484 (~83/128) [halt step 106240]
[LT] step 106500  lm_loss 0.6406  acc 0.9563  exact 0.7891 (~101/128) [halt step 106496]
[LT] step 106750  lm_loss 0.3093  acc 0.9376  exact 0.7109 (~91/128) [halt step 106736]
[LT] step 107000  lm_loss 0.4987  acc 0.9391  exact 0.6562 (~84/128) [halt step 106992]
[LT] step 107250  lm_loss 0.7313  acc 0.9422  exact 0.7031 (~90/128) [halt step 107248]
[EVAL] step 107415  acc 0.8033  exact 926/2048
[LT] step 107500  lm_loss 0.3015  acc 0.9219  exact 0.5938 (~76/128) [halt step 107488]
[LT] step 107750  lm_loss 0.5814  acc 0.9253  exact 0.6250 (~80/128) [halt step 107744]
[LT] step 108000  lm_loss 0.1249  acc 0.9623  exact 0.7578 (~97/128) [halt step 108000]
[LT] step 108250  lm_loss 0.4459  acc 0.9671  exact 0.8281 (~106/128) [halt step 108240]
[LT] step 108500  lm_loss 0.6705  acc 0.9294  exact 0.6562 (~84/128) [halt step 108496]
[LT] step 108750  lm_loss 0.2466  acc 0.9244  exact 0.6719 (~86/128) [halt step 108736]
[LT] step 109000  lm_loss 0.4859  acc 0.9282  exact 0.7031 (~90/128) [halt step 108992]
[LT] step 109250  lm_loss 0.7139  acc 0.9542  exact 0.8047 (~103/128) [halt step 109248]
[EVAL] step 109368  acc 0.8024  exact 902/2048
[LT] step 109500  lm_loss 0.3178  acc 0.9125  exact 0.6406 (~82/128) [halt step 109488]
[LT] step 109750  lm_loss 0.6145  acc 0.9329  exact 0.6094 (~78/128) [halt step 109744]
[LT] step 110000  lm_loss 0.2290  acc 0.9220  exact 0.6797 (~87/128) [halt step 110000]
[LT] milestone 저장 step=110000 → /workspace/LinearTuring/2026-09-09/run_v11/milestones/step_110000.pt
[EXTRAP] step 110000  seg16 39.65%  best seg127 66.41%  (+26.76%p)  churn@128 0.05413  → /workspace/LinearTuring/2026-09-09/run_v11/milestones/extrap_step_110000.txt
[LT] step 110250  lm_loss 0.4425  acc 0.9538  exact 0.7734 (~99/128) [halt step 110240]
[LT] step 110500  lm_loss 0.6335  acc 0.9739  exact 0.8281 (~106/128) [halt step 110496]
[LT] step 110750  lm_loss 0.2960  acc 0.9428  exact 0.7031 (~90/128) [halt step 110736]
[LT] step 111000  lm_loss 0.4990  acc 0.9469  exact 0.7188 (~92/128) [halt step 110992]
[LT] step 111250  lm_loss 0.7041  acc 0.9382  exact 0.6719 (~86/128) [halt step 111248]
[EVAL] step 111321  acc 0.7984  exact 861/2048
[LT] step 111500  lm_loss 0.3189  acc 0.9427  exact 0.6953 (~89/128) [halt step 111488]
[LT] step 111750  lm_loss 0.5843  acc 0.9253  exact 0.6719 (~86/128) [halt step 111744]
[LT] step 112000  lm_loss 0.1235  acc 0.9584  exact 0.8047 (~103/128) [halt step 112000]
[LT] step 112250  lm_loss 0.3673  acc 0.9052  exact 0.5547 (~71/128) [halt step 112240]
[LT] step 112500  lm_loss 0.7171  acc 0.9554  exact 0.7578 (~97/128) [halt step 112496]
[LT] step 112750  lm_loss 0.2223  acc 0.9432  exact 0.7031 (~90/128) [halt step 112736]
[LT] step 113000  lm_loss 0.4928  acc 0.9543  exact 0.7656 (~98/128) [halt step 112992]
[LT] step 113250  lm_loss 0.7262  acc 0.9519  exact 0.7422 (~95/128) [halt step 113248]
[EVAL] step 113274  acc 0.8082  exact 931/2048
[LT] step 113500  lm_loss 0.3107  acc 0.9383  exact 0.6953 (~89/128) [halt step 113488]
[LT] step 113750  lm_loss 0.6435  acc 0.9474  exact 0.7422 (~95/128) [halt step 113744]
[LT] step 114000  lm_loss 0.1486  acc 0.9505  exact 0.7734 (~99/128) [halt step 114000]
[LT] step 114250  lm_loss 0.4328  acc 0.9241  exact 0.6406 (~82/128) [halt step 114240]
[LT] step 114500  lm_loss 0.6642  acc 0.9319  exact 0.6719 (~86/128) [halt step 114496]
[LT] step 114750  lm_loss 0.2338  acc 0.9468  exact 0.7500 (~96/128) [halt step 114736]
[LT] step 115000  lm_loss 0.4730  acc 0.9588  exact 0.8047 (~103/128) [halt step 114992]
[EVAL] step 115227  acc 0.7694  exact 678/2048
[LT] step 115250  lm_loss 0.7229  acc 0.9263  exact 0.6484 (~83/128) [halt step 115248]
[LT] step 115500  lm_loss 0.3996  acc 0.9522  exact 0.7344 (~94/128) [halt step 115488]
[LT] step 115750  lm_loss 0.6140  acc 0.9443  exact 0.7500 (~96/128) [halt step 115744]
[LT] step 116000  lm_loss 0.1456  acc 0.9505  exact 0.7500 (~96/128) [halt step 116000]
[LT] step 116250  lm_loss 0.4131  acc 0.9578  exact 0.8047 (~103/128) [halt step 116240]
[LT] step 116500  lm_loss 0.6680  acc 0.9412  exact 0.7344 (~94/128) [halt step 116496]
[LT] step 116750  lm_loss 0.2398  acc 0.9465  exact 0.7109 (~91/128) [halt step 116736]
[LT] step 117000  lm_loss 0.6059  acc 0.8211  exact 0.3047 (~39/128) [halt step 116992]
[EVAL] step 117180  acc 0.8058  exact 896/2048
[LT] step 117250  lm_loss 0.7273  acc 0.9418  exact 0.6875 (~88/128) [halt step 117248]
[LT] step 117500  lm_loss 0.2867  acc 0.9413  exact 0.6641 (~85/128) [halt step 117488]
[LT] step 117750  lm_loss 0.6049  acc 0.9549  exact 0.7344 (~94/128) [halt step 117744]
[LT] step 118000  lm_loss 0.1537  acc 0.9516  exact 0.7734 (~99/128) [halt step 118000]
[LT] step 118250  lm_loss 0.4655  acc 0.9622  exact 0.8125 (~104/128) [halt step 118240]
[LT] step 118500  lm_loss 0.6467  acc 0.9206  exact 0.5938 (~76/128) [halt step 118496]
[LT] step 118750  lm_loss 0.2433  acc 0.9377  exact 0.7422 (~95/128) [halt step 118736]
[LT] step 119000  lm_loss 0.4644  acc 0.9662  exact 0.8203 (~105/128) [halt step 118992]
[EVAL] step 119133  acc 0.8072  exact 905/2048
[LT] step 119250  lm_loss 0.6798  acc 0.9334  exact 0.7031 (~90/128) [halt step 119248]
[LT] step 119500  lm_loss 0.3433  acc 0.9422  exact 0.7578 (~97/128) [halt step 119488]
[LT] step 119750  lm_loss 0.6101  acc 0.9435  exact 0.7656 (~98/128) [halt step 119744]
[LT] step 120000  lm_loss 0.1477  acc 0.9540  exact 0.7500 (~96/128) [halt step 120000]
[LT] milestone 저장 step=120000 → /workspace/LinearTuring/2026-09-09/run_v11/milestones/step_120000.pt
[EXTRAP] step 120000  seg16 42.38%  best seg126 64.84%  (+22.46%p)  churn@128 0.05220  → /workspace/LinearTuring/2026-09-09/run_v11/milestones/extrap_step_120000.txt
[LT] step 120250  lm_loss 0.4534  acc 0.9353  exact 0.6719 (~86/128) [halt step 120240]
[LT] step 120500  lm_loss 0.6685  acc 0.9742  exact 0.8281 (~106/128) [halt step 120496]
[LT] step 120750  lm_loss 0.2805  acc 0.9582  exact 0.7812 (~100/128) [halt step 120736]
[LT] step 121000  lm_loss 0.4972  acc 0.9517  exact 0.7266 (~93/128) [halt step 120992]
[EVAL] step 121086  acc 0.8040  exact 915/2048
[LT] step 121250  lm_loss 0.7170  acc 0.9602  exact 0.7812 (~100/128) [halt step 121248]
[LT] step 121500  lm_loss 0.3278  acc 0.9620  exact 0.7344 (~94/128) [halt step 121488]
[LT] step 121750  lm_loss 0.6401  acc 0.9311  exact 0.6562 (~84/128) [halt step 121744]
[LT] step 122000  lm_loss 0.2111  acc 0.9305  exact 0.6328 (~81/128) [halt step 122000]
[LT] step 122250  lm_loss 0.3958  acc 0.9372  exact 0.7031 (~90/128) [halt step 122240]
[LT] step 122500  lm_loss 0.6959  acc 0.9479  exact 0.7188 (~92/128) [halt step 122496]
[LT] step 122750  lm_loss 0.3002  acc 0.9325  exact 0.6875 (~88/128) [halt step 122736]
[LT] step 123000  lm_loss 0.5351  acc 0.9416  exact 0.7344 (~94/128) [halt step 122992]
[EVAL] step 123039  acc 0.7994  exact 882/2048
[LT] step 123250  lm_loss 0.7082  acc 0.9415  exact 0.7188 (~92/128) [halt step 123248]
[LT] step 123500  lm_loss 0.3298  acc 0.9521  exact 0.7734 (~99/128) [halt step 123488]
[LT] step 123750  lm_loss 0.5945  acc 0.9369  exact 0.7031 (~90/128) [halt step 123744]
[LT] step 124000  lm_loss 0.2229  acc 0.9242  exact 0.6250 (~80/128) [halt step 124000]
[LT] step 124250  lm_loss 0.3955  acc 0.9371  exact 0.6484 (~83/128) [halt step 124240]
[LT] step 124500  lm_loss 0.7276  acc 0.9404  exact 0.6641 (~85/128) [halt step 124496]
[LT] step 124750  lm_loss 0.2175  acc 0.9629  exact 0.8047 (~103/128) [halt step 124736]
[EVAL] step 124992  acc 0.8119  exact 955/2048
[LT] step 125000  lm_loss 0.4559  acc 0.9407  exact 0.7344 (~94/128) [halt step 124992]
[LT] step 125250  lm_loss 0.7366  acc 0.9317  exact 0.6250 (~80/128) [halt step 125248]
[LT] step 125500  lm_loss 0.2803  acc 0.9258  exact 0.6484 (~83/128) [halt step 125488]
[LT] step 125750  lm_loss 0.5630  acc 0.9377  exact 0.6875 (~88/128) [halt step 125744]
[LT] step 126000  lm_loss 0.1755  acc 0.9394  exact 0.7266 (~93/128) [halt step 126000]
[LT] step 126250  lm_loss 0.4149  acc 0.9537  exact 0.7891 (~101/128) [halt step 126240]
[LT] step 126500  lm_loss 0.6579  acc 0.9273  exact 0.6797 (~87/128) [halt step 126496]
[LT] step 126750  lm_loss 0.1619  acc 0.9602  exact 0.7578 (~97/128) [halt step 126736]
[EVAL] step 126945  acc 0.7973  exact 831/2048
[LT] step 127000  lm_loss 0.4205  acc 0.9361  exact 0.6641 (~85/128) [halt step 126992]
[LT] step 127250  lm_loss 0.7170  acc 0.9524  exact 0.7734 (~99/128) [halt step 127248]
[LT] step 127500  lm_loss 0.3043  acc 0.9412  exact 0.6797 (~87/128) [halt step 127488]
[LT] step 127750  lm_loss 0.5558  acc 0.9345  exact 0.7188 (~92/128) [halt step 127744]
[LT] step 128000  lm_loss 0.2061  acc 0.9350  exact 0.6562 (~84/128) [halt step 128000]
[LT] step 128250  lm_loss 0.3021  acc 0.9417  exact 0.7109 (~91/128) [halt step 128240]
[LT] step 128500  lm_loss 0.6437  acc 0.9449  exact 0.6562 (~84/128) [halt step 128496]
[LT] step 128750  lm_loss 0.2039  acc 0.9496  exact 0.7422 (~95/128) [halt step 128736]
[EVAL] step 128898  acc 0.8115  exact 958/2048
[LT] step 129000  lm_loss 0.4493  acc 0.9591  exact 0.7578 (~97/128) [halt step 128992]
[LT] step 129250  lm_loss 0.6758  acc 0.9313  exact 0.6719 (~86/128) [halt step 129248]
[LT] step 129500  lm_loss 0.2538  acc 0.9386  exact 0.7188 (~92/128) [halt step 129488]
[LT] step 129750  lm_loss 0.6192  acc 0.9605  exact 0.8047 (~103/128) [halt step 129744]
[LT] step 130000  lm_loss 0.1182  acc 0.9676  exact 0.7656 (~98/128) [halt step 130000]
[LT] milestone 저장 step=130000 → /workspace/LinearTuring/2026-09-09/run_v11/milestones/step_130000.pt
[EXTRAP] step 130000  seg16 43.36%  best seg127 73.63%  (+30.27%p)  churn@128 0.03776  → /workspace/LinearTuring/2026-09-09/run_v11/milestones/extrap_step_130000.txt
[LT] step 130250  lm_loss 0.3993  acc 0.9483  exact 0.7344 (~94/128) [halt step 130240]
[LT] step 130500  lm_loss 0.6455  acc 0.8997  exact 0.6250 (~80/128) [halt step 130496]
[LT] step 130750  lm_loss 0.1917  acc 0.9673  exact 0.8281 (~106/128) [halt step 130736]
[EVAL] step 130851  acc 0.8031  exact 913/2048
[LT] step 131000  lm_loss 0.5470  acc 0.9470  exact 0.6719 (~86/128) [halt step 130992]
[LT] step 131250  lm_loss 0.6892  acc 0.9573  exact 0.7500 (~96/128) [halt step 131248]
[LT] step 131500  lm_loss 0.2612  acc 0.9595  exact 0.7656 (~98/128) [halt step 131488]
[LT] step 131750  lm_loss 0.5403  acc 0.9250  exact 0.6016 (~77/128) [halt step 131744]
[LT] step 132000  lm_loss 0.2598  acc 0.9156  exact 0.6406 (~82/128) [halt step 132000]
[LT] step 132250  lm_loss 0.4249  acc 0.9470  exact 0.7266 (~93/128) [halt step 132240]
[LT] step 132500  lm_loss 0.6602  acc 0.9491  exact 0.7188 (~92/128) [halt step 132496]
[LT] step 132750  lm_loss 0.2174  acc 0.9238  exact 0.6797 (~87/128) [halt step 132736]
[EVAL] step 132804  acc 0.8118  exact 958/2048
[LT] step 133000  lm_loss 0.4906  acc 0.9664  exact 0.8672 (~111/128) [halt step 132992]
[LT] step 133250  lm_loss 0.7223  acc 0.9334  exact 0.6953 (~89/128) [halt step 133248]
[LT] step 133500  lm_loss 0.2508  acc 0.9398  exact 0.7109 (~91/128) [halt step 133488]
[LT] step 133750  lm_loss 0.6133  acc 0.9512  exact 0.7344 (~94/128) [halt step 133744]
[LT] step 134000  lm_loss 0.3044  acc 0.8928  exact 0.5703 (~73/128) [halt step 134000]
[LT] step 134250  lm_loss 0.3511  acc 0.9532  exact 0.7344 (~94/128) [halt step 134240]
[LT] step 134500  lm_loss 0.5953  acc 0.9420  exact 0.7578 (~97/128) [halt step 134496]
[LT] step 134750  lm_loss 0.2297  acc 0.9525  exact 0.7031 (~90/128) [halt step 134736]
[EVAL] step 134757  acc 0.8115  exact 996/2048
[LT] step 135000  lm_loss 0.5711  acc 0.9727  exact 0.8359 (~107/128) [halt step 134992]
[LT] step 135250  lm_loss 0.6915  acc 0.9552  exact 0.7031 (~90/128) [halt step 135248]
[LT] step 135500  lm_loss 0.2853  acc 0.9488  exact 0.7578 (~97/128) [halt step 135488]
[LT] step 135750  lm_loss 0.5830  acc 0.9646  exact 0.7344 (~94/128) [halt step 135744]
[LT] step 136000  lm_loss 0.1067  acc 0.9627  exact 0.8281 (~106/128) [halt step 136000]
[LT] step 136250  lm_loss 0.3965  acc 0.9263  exact 0.6562 (~84/128) [halt step 136240]
[LT] step 136500  lm_loss 0.6569  acc 0.9750  exact 0.8438 (~108/128) [halt step 136496]
[EVAL] step 136710  acc 0.8074  exact 923/2048
[LT] step 136750  lm_loss 0.2248  acc 0.9517  exact 0.7734 (~99/128) [halt step 136736]
[LT] step 137000  lm_loss 0.5009  acc 0.9200  exact 0.5938 (~76/128) [halt step 136992]
[LT] step 137250  lm_loss 0.7350  acc 0.9685  exact 0.8594 (~110/128) [halt step 137248]
[LT] step 137500  lm_loss 0.3395  acc 0.9346  exact 0.7344 (~94/128) [halt step 137488]
[LT] step 137750  lm_loss 0.6019  acc 0.9580  exact 0.7422 (~95/128) [halt step 137744]
[LT] step 138000  lm_loss 0.1545  acc 0.9505  exact 0.7344 (~94/128) [halt step 138000]
[LT] step 138250  lm_loss 0.4301  acc 0.9604  exact 0.7656 (~98/128) [halt step 138240]
[LT] step 138500  lm_loss 0.6535  acc 0.9446  exact 0.7344 (~94/128) [halt step 138496]
[EVAL] step 138663  acc 0.8144  exact 981/2048
[LT] step 138750  lm_loss 0.2813  acc 0.9439  exact 0.7266 (~93/128) [halt step 138736]
[LT] step 139000  lm_loss 0.5057  acc 0.9321  exact 0.6875 (~88/128) [halt step 138992]
[LT] step 139250  lm_loss 0.6814  acc 0.9434  exact 0.7578 (~97/128) [halt step 139248]
[LT] step 139500  lm_loss 0.3282  acc 0.9230  exact 0.6484 (~83/128) [halt step 139488]
[LT] step 139750  lm_loss 0.5814  acc 0.9348  exact 0.6797 (~87/128) [halt step 139744]
[LT] step 140000  lm_loss 0.1289  acc 0.9598  exact 0.7969 (~102/128) [halt step 140000]
[LT] milestone 저장 step=140000 → /workspace/LinearTuring/2026-09-09/run_v11/milestones/step_140000.pt
[EXTRAP] step 140000  seg16 43.16%  best seg123 69.53%  (+26.37%p)  churn@128 0.03836  → /workspace/LinearTuring/2026-09-09/run_v11/milestones/extrap_step_140000.txt
[LT] step 140250  lm_loss 0.3596  acc 0.9607  exact 0.7656 (~98/128) [halt step 140240]
[LT] step 140500  lm_loss 0.6870  acc 0.9557  exact 0.7969 (~102/128) [halt step 140496]
[EVAL] step 140616  acc 0.8216  exact 1026/2048
[LT] step 140750  lm_loss 0.1918  acc 0.9378  exact 0.7188 (~92/128) [halt step 140736]
[LT] step 141000  lm_loss 0.5349  acc 0.9446  exact 0.6953 (~89/128) [halt step 140992]
[LT] step 141250  lm_loss 0.6869  acc 0.9524  exact 0.7656 (~98/128) [halt step 141248]
[LT] step 141500  lm_loss 0.2511  acc 0.9457  exact 0.7500 (~96/128) [halt step 141488]
[LT] step 141750  lm_loss 0.5577  acc 0.9458  exact 0.7656 (~98/128) [halt step 141744]
[LT] step 142000  lm_loss 0.1664  acc 0.9488  exact 0.7734 (~99/128) [halt step 142000]
[LT] step 142250  lm_loss 0.3599  acc 0.9403  exact 0.7578 (~97/128) [halt step 142240]
[LT] step 142500  lm_loss 0.6901  acc 0.9468  exact 0.7109 (~91/128) [halt step 142496]
[EVAL] step 142569  acc 0.8211  exact 1009/2048
[LT] step 142750  lm_loss 0.2015  acc 0.9602  exact 0.7969 (~102/128) [halt step 142736]
[LT] step 143000  lm_loss 0.5292  acc 0.9178  exact 0.6250 (~80/128) [halt step 142992]
[LT] step 143250  lm_loss 0.7215  acc 0.9503  exact 0.7031 (~90/128) [halt step 143248]
[LT] step 143500  lm_loss 0.2732  acc 0.9485  exact 0.7109 (~91/128) [halt step 143488]
[LT] step 143750  lm_loss 0.5220  acc 0.9512  exact 0.7734 (~99/128) [halt step 143744]
[LT] step 144000  lm_loss 0.1621  acc 0.9465  exact 0.7031 (~90/128) [halt step 144000]
[LT] step 144250  lm_loss 0.4753  acc 0.9525  exact 0.7969 (~102/128) [halt step 144240]
[LT] step 144500  lm_loss 0.6141  acc 0.9305  exact 0.7344 (~94/128) [halt step 144496]
[EVAL] step 144522  acc 0.8210  exact 1002/2048
[LT] step 144750  lm_loss 0.2433  acc 0.9656  exact 0.7891 (~101/128) [halt step 144736]
[LT] step 145000  lm_loss 0.4612  acc 0.9247  exact 0.6797 (~87/128) [halt step 144992]
[LT] step 145250  lm_loss 0.7582  acc 0.9227  exact 0.6406 (~82/128) [halt step 145248]
[LT] step 145500  lm_loss 0.2660  acc 0.9586  exact 0.7656 (~98/128) [halt step 145488]
[LT] step 145750  lm_loss 0.5705  acc 0.9475  exact 0.7109 (~91/128) [halt step 145744]
[LT] step 146000  lm_loss 0.1319  acc 0.9586  exact 0.7734 (~99/128) [halt step 146000]
[LT] step 146250  lm_loss 0.3726  acc 0.9614  exact 0.8047 (~103/128) [halt step 146240]
[EVAL] step 146475  acc 0.8223  exact 1027/2048
[LT] step 146500  lm_loss 0.6316  acc 0.9667  exact 0.8047 (~103/128) [halt step 146496]
[LT] step 146750  lm_loss 0.1628  acc 0.9277  exact 0.6719 (~86/128) [halt step 146736]
[LT] step 147000  lm_loss 0.4561  acc 0.9686  exact 0.8281 (~106/128) [halt step 146992]
[LT] step 147250  lm_loss 0.7554  acc 0.9348  exact 0.7109 (~91/128) [halt step 147248]
[LT] step 147500  lm_loss 0.2467  acc 0.9335  exact 0.6641 (~85/128) [halt step 147488]
[LT] step 147750  lm_loss 0.5230  acc 0.9316  exact 0.7266 (~93/128) [halt step 147744]
[LT] step 148000  lm_loss 0.1339  acc 0.9555  exact 0.7891 (~101/128) [halt step 148000]
[LT] step 148250  lm_loss 0.3785  acc 0.9758  exact 0.8203 (~105/128) [halt step 148240]
[EVAL] step 148428  acc 0.8217  exact 1022/2048
[LT] step 148500  lm_loss 0.6883  acc 0.9090  exact 0.5391 (~69/128) [halt step 148496]
[LT] step 148750  lm_loss 0.2858  acc 0.9360  exact 0.6953 (~89/128) [halt step 148736]
[LT] step 149000  lm_loss 0.5777  acc 0.9665  exact 0.7812 (~100/128) [halt step 148992]
[LT] step 149250  lm_loss 0.7410  acc 0.9533  exact 0.7422 (~95/128) [halt step 149248]
[LT] step 149500  lm_loss 0.3386  acc 0.9497  exact 0.7578 (~97/128) [halt step 149488]
[LT] step 149750  lm_loss 0.5164  acc 0.9361  exact 0.6406 (~82/128) [halt step 149744]
[LT] step 150000  lm_loss 0.1717  acc 0.9468  exact 0.7500 (~96/128) [halt step 150000]
[LT] milestone 저장 step=150000 → /workspace/LinearTuring/2026-09-09/run_v11/milestones/step_150000.pt
[EXTRAP] step 150000  seg16 42.77%  best seg128 68.16%  (+25.39%p)  churn@128 0.05478  → /workspace/LinearTuring/2026-09-09/run_v11/milestones/extrap_step_150000.txt
[LT] step 150250  lm_loss 0.4127  acc 0.9561  exact 0.7656 (~98/128) [halt step 150240]
[EVAL] step 150381  acc 0.8177  exact 1002/2048
[LT] step 150500  lm_loss 0.6712  acc 0.9374  exact 0.7422 (~95/128) [halt step 150496]
[LT] step 150750  lm_loss 0.1969  acc 0.9586  exact 0.8047 (~103/128) [halt step 150736]
[LT] step 151000  lm_loss 0.4881  acc 0.9510  exact 0.7500 (~96/128) [halt step 150992]
[LT] step 151250  lm_loss 0.6137  acc 0.9488  exact 0.7812 (~100/128) [halt step 151248]
[LT] step 151500  lm_loss 0.2444  acc 0.9516  exact 0.7656 (~98/128) [halt step 151488]
[LT] step 151750  lm_loss 0.5181  acc 0.9674  exact 0.7812 (~100/128) [halt step 151744]
[LT] step 152000  lm_loss 0.1291  acc 0.9553  exact 0.7656 (~98/128) [halt step 152000]
[LT] step 152250  lm_loss 0.4040  acc 0.9563  exact 0.7656 (~98/128) [halt step 152240]
[EVAL] step 152334  acc 0.8280  exact 1057/2048
[LT] step 152500  lm_loss 0.6532  acc 0.9444  exact 0.7422 (~95/128) [halt step 152496]
[LT] step 152750  lm_loss 0.1497  acc 0.9736  exact 0.8516 (~109/128) [halt step 152736]
[LT] step 153000  lm_loss 0.4159  acc 0.9400  exact 0.7109 (~91/128) [halt step 152992]
[LT] step 153250  lm_loss 0.7077  acc 0.9429  exact 0.7344 (~94/128) [halt step 153248]
[LT] step 153500  lm_loss 0.2866  acc 0.9565  exact 0.7969 (~102/128) [halt step 153488]
[LT] step 153750  lm_loss 0.6120  acc 0.9308  exact 0.7266 (~93/128) [halt step 153744]
[LT] step 154000  lm_loss 0.1768  acc 0.9411  exact 0.6875 (~88/128) [halt step 154000]
[LT] step 154250  lm_loss 0.3963  acc 0.9665  exact 0.8516 (~109/128) [halt step 154240]
[EVAL] step 154287  acc 0.8240  exact 1057/2048
[LT] step 154500  lm_loss 0.6194  acc 0.9404  exact 0.7344 (~94/128) [halt step 154496]
[LT] step 154750  lm_loss 0.1815  acc 0.9382  exact 0.6641 (~85/128) [halt step 154736]
[LT] step 155000  lm_loss 0.3703  acc 0.9541  exact 0.7891 (~101/128) [halt step 154992]
[LT] step 155250  lm_loss 0.6854  acc 0.9114  exact 0.6406 (~82/128) [halt step 155248]
[LT] step 155500  lm_loss 0.2616  acc 0.9474  exact 0.7656 (~98/128) [halt step 155488]
[LT] step 155750  lm_loss 0.5190  acc 0.9615  exact 0.7656 (~98/128) [halt step 155744]
[LT] step 156000  lm_loss 0.1526  acc 0.9514  exact 0.7812 (~100/128) [halt step 156000]
[EVAL] step 156240  acc 0.8225  exact 1010/2048
[LT] step 156250  lm_loss 0.4186  acc 0.9362  exact 0.7031 (~90/128) [halt step 156240]
[LT] step 156500  lm_loss 0.6191  acc 0.9358  exact 0.7422 (~95/128) [halt step 156496]
[LT] step 156750  lm_loss 0.2273  acc 0.9408  exact 0.6953 (~89/128) [halt step 156736]
[LT] step 157000  lm_loss 0.4937  acc 0.9528  exact 0.7891 (~101/128) [halt step 156992]
[LT] step 157250  lm_loss 0.7059  acc 0.9582  exact 0.7734 (~99/128) [halt step 157248]
[LT] step 157500  lm_loss 0.3541  acc 0.9436  exact 0.6875 (~88/128) [halt step 157488]
[LT] step 157750  lm_loss 0.5442  acc 0.9501  exact 0.7109 (~91/128) [halt step 157744]
[LT] step 158000  lm_loss 0.1560  acc 0.9492  exact 0.7422 (~95/128) [halt step 158000]
[EVAL] step 158193  acc 0.8220  exact 1017/2048
[LT] step 158250  lm_loss 0.3852  acc 0.9359  exact 0.7266 (~93/128) [halt step 158240]
[LT] step 158500  lm_loss 0.6539  acc 0.9463  exact 0.6875 (~88/128) [halt step 158496]
[LT] step 158750  lm_loss 0.1755  acc 0.9605  exact 0.7656 (~98/128) [halt step 158736]
[LT] step 159000  lm_loss 0.6612  acc 0.9566  exact 0.7500 (~96/128) [halt step 158992]
[LT] step 159250  lm_loss 0.7232  acc 0.9345  exact 0.7031 (~90/128) [halt step 159248]
[LT] step 159500  lm_loss 0.2696  acc 0.9619  exact 0.8203 (~105/128) [halt step 159488]
[LT] step 159750  lm_loss 0.6180  acc 0.9541  exact 0.7812 (~100/128) [halt step 159744]
[LT] step 160000  lm_loss 0.1245  acc 0.9608  exact 0.8281 (~106/128) [halt step 160000]
[LT] milestone 저장 step=160000 → /workspace/LinearTuring/2026-09-09/run_v11/milestones/step_160000.pt
[EXTRAP] step 160000  seg16 45.70%  best seg128 66.02%  (+20.31%p)  churn@128 0.04473  → /workspace/LinearTuring/2026-09-09/run_v11/milestones/extrap_step_160000.txt
[EVAL] step 160146  acc 0.8208  exact 1003/2048
[LT] step 160250  lm_loss 0.3982  acc 0.9507  exact 0.7422 (~95/128) [halt step 160240]
[LT] step 160500  lm_loss 0.6098  acc 0.9558  exact 0.7422 (~95/128) [halt step 160496]
