[EVAL] step 56000 blocks/seg 0+8 acc 0.7730 exact 383/1024
raw                          acc 77.30%  exact 383/1024  loss 0.579
[EVAL] step 56000 blocks/seg 0+8 acc 0.7427 exact 132/1024
ema                          acc 74.27%  exact 132/1024  loss 0.705
[EVAL] step 56000 blocks/seg 0+8 acc 0.7751 exact 241/1024
ema, q raw                   acc 77.51%  exact 241/1024  loss 0.595
[EVAL] step 56000 blocks/seg 0+8 acc 0.7786 exact 391/1024
raw, q ema                   acc 77.86%  exact 391/1024  loss 0.558
[EVAL] step 56000 blocks/seg 0+8 acc 0.7949 exact 346/1024
ema, k raw                   acc 79.49%  exact 346/1024  loss 0.536
[EVAL] step 56000 blocks/seg 0+8 acc 0.7749 exact 386/1024
raw, k ema                   acc 77.49%  exact 386/1024  loss 0.570
[EVAL] step 56000 blocks/seg 0+8 acc 0.6923 exact 92/1024
ema, v raw                   acc 69.23%  exact 92/1024  loss 0.866
[EVAL] step 56000 blocks/seg 0+8 acc 0.7863 exact 426/1024
raw, v ema                   acc 78.63%  exact 426/1024  loss 0.539
[EVAL] step 56000 blocks/seg 0+8 acc 0.8053 exact 374/1024
ema, o raw                   acc 80.53%  exact 374/1024  loss 0.511
[EVAL] step 56000 blocks/seg 0+8 acc 0.7867 exact 406/1024
raw, o ema                   acc 78.67%  exact 406/1024  loss 0.540
[EVAL] step 56000 blocks/seg 0+8 acc 0.8102 exact 452/1024
ema, ffn raw                 acc 81.02%  exact 452/1024  loss 0.488
[EVAL] step 56000 blocks/seg 0+8 acc 0.7935 exact 396/1024
raw, ffn ema                 acc 79.35%  exact 396/1024  loss 0.525
[EVAL] step 56000 blocks/seg 0+8 acc 0.8124 exact 448/1024
ema, io raw                  acc 81.24%  exact 448/1024  loss 0.472
[EVAL] step 56000 blocks/seg 0+8 acc 0.7712 exact 367/1024
raw, io ema                  acc 77.12%  exact 367/1024  loss 0.599
[EVAL] step 56000 blocks/seg 0+8 acc 0.7367 exact 118/1024
ema, theta raw               acc 73.67%  exact 118/1024  loss 0.720
[EVAL] step 56000 blocks/seg 0+8 acc 0.7721 exact 381/1024
raw, theta ema               acc 77.21%  exact 381/1024  loss 0.579
[EVAL] step 56000 blocks/seg 0+8 acc 0.7427 exact 142/1024
ema, alpha raw               acc 74.27%  exact 142/1024  loss 0.705
[EVAL] step 56000 blocks/seg 0+8 acc 0.7749 exact 385/1024
raw, alpha ema               acc 77.49%  exact 385/1024  loss 0.573
COMPLETE /workspace/something/runs/pairangle_unrotated_dca1_replay50k_20261009/diagnostics/hybrid_step56000_1024.json
[EVAL] step 55000 blocks/seg 0+8 acc 0.7636 exact 324/1024
raw                          acc 76.36%  exact 324/1024  loss 0.581
[EVAL] step 55000 blocks/seg 0+8 acc 0.7358 exact 148/1024
ema                          acc 73.58%  exact 148/1024  loss 0.726
[EVAL] step 55000 blocks/seg 0+8 acc 0.7918 exact 341/1024
ema, q raw                   acc 79.18%  exact 341/1024  loss 0.545
[EVAL] step 55000 blocks/seg 0+8 acc 0.7736 exact 360/1024
raw, q ema                   acc 77.36%  exact 360/1024  loss 0.550
[EVAL] step 55000 blocks/seg 0+8 acc 0.7981 exact 397/1024
ema, k raw                   acc 79.81%  exact 397/1024  loss 0.518
[EVAL] step 55000 blocks/seg 0+8 acc 0.7671 exact 336/1024
raw, k ema                   acc 76.71%  exact 336/1024  loss 0.572
[EVAL] step 55000 blocks/seg 0+8 acc 0.6812 exact 65/1024
ema, v raw                   acc 68.12%  exact 65/1024  loss 0.897
[EVAL] step 55000 blocks/seg 0+8 acc 0.7779 exact 377/1024
raw, v ema                   acc 77.79%  exact 377/1024  loss 0.546
[EVAL] step 55000 blocks/seg 0+8 acc 0.8023 exact 416/1024
ema, o raw                   acc 80.23%  exact 416/1024  loss 0.511
[EVAL] step 55000 blocks/seg 0+8 acc 0.7737 exact 363/1024
raw, o ema                   acc 77.37%  exact 363/1024  loss 0.552
[EVAL] step 55000 blocks/seg 0+8 acc 0.7934 exact 415/1024
ema, ffn raw                 acc 79.34%  exact 415/1024  loss 0.528
[EVAL] step 55000 blocks/seg 0+8 acc 0.7874 exact 381/1024
raw, ffn ema                 acc 78.74%  exact 381/1024  loss 0.531
[EVAL] step 55000 blocks/seg 0+8 acc 0.8134 exact 449/1024
ema, io raw                  acc 81.34%  exact 449/1024  loss 0.473
[EVAL] step 55000 blocks/seg 0+8 acc 0.7641 exact 321/1024
raw, io ema                  acc 76.41%  exact 321/1024  loss 0.593
[EVAL] step 55000 blocks/seg 0+8 acc 0.7352 exact 140/1024
ema, theta raw               acc 73.52%  exact 140/1024  loss 0.732
[EVAL] step 55000 blocks/seg 0+8 acc 0.7647 exact 328/1024
raw, theta ema               acc 76.47%  exact 328/1024  loss 0.577
[EVAL] step 55000 blocks/seg 0+8 acc 0.7319 exact 145/1024
ema, alpha raw               acc 73.19%  exact 145/1024  loss 0.742
[EVAL] step 55000 blocks/seg 0+8 acc 0.7630 exact 324/1024
raw, alpha ema               acc 76.30%  exact 324/1024  loss 0.582
COMPLETE /workspace/something/runs/pairangle_unrotated_dca1_replay50k_20261009/diagnostics/hybrid_step55000_1024.json
[EVAL] step 54000 blocks/seg 0+8 acc 0.7606 exact 354/1024
raw                          acc 76.06%  exact 354/1024  loss 0.657
[EVAL] step 54000 blocks/seg 0+8 acc 0.7678 exact 195/1024
ema                          acc 76.78%  exact 195/1024  loss 0.631
[EVAL] step 54000 blocks/seg 0+8 acc 0.7850 exact 287/1024
ema, q raw                   acc 78.50%  exact 287/1024  loss 0.567
[EVAL] step 54000 blocks/seg 0+8 acc 0.7780 exact 401/1024
raw, q ema                   acc 77.80%  exact 401/1024  loss 0.602
[EVAL] step 54000 blocks/seg 0+8 acc 0.8025 exact 414/1024
ema, k raw                   acc 80.25%  exact 414/1024  loss 0.515
[EVAL] step 54000 blocks/seg 0+8 acc 0.7782 exact 404/1024
raw, k ema                   acc 77.82%  exact 404/1024  loss 0.604
[EVAL] step 54000 blocks/seg 0+8 acc 0.7028 exact 94/1024
ema, v raw                   acc 70.28%  exact 94/1024  loss 0.859
[EVAL] step 54000 blocks/seg 0+8 acc 0.7772 exact 404/1024
raw, v ema                   acc 77.72%  exact 404/1024  loss 0.599
[EVAL] step 54000 blocks/seg 0+8 acc 0.7943 exact 388/1024
ema, o raw                   acc 79.43%  exact 388/1024  loss 0.548
[EVAL] step 54000 blocks/seg 0+8 acc 0.7817 exact 414/1024
raw, o ema                   acc 78.17%  exact 414/1024  loss 0.579
[EVAL] step 54000 blocks/seg 0+8 acc 0.8095 exact 477/1024
ema, ffn raw                 acc 80.95%  exact 477/1024  loss 0.514
[EVAL] step 54000 blocks/seg 0+8 acc 0.7971 exact 435/1024
raw, ffn ema                 acc 79.71%  exact 435/1024  loss 0.529
[EVAL] step 54000 blocks/seg 0+8 acc 0.8095 exact 439/1024
ema, io raw                  acc 80.95%  exact 439/1024  loss 0.485
[EVAL] step 54000 blocks/seg 0+8 acc 0.7597 exact 351/1024
raw, io ema                  acc 75.97%  exact 351/1024  loss 0.684
[EVAL] step 54000 blocks/seg 0+8 acc 0.7734 exact 207/1024
ema, theta raw               acc 77.34%  exact 207/1024  loss 0.620
[EVAL] step 54000 blocks/seg 0+8 acc 0.7591 exact 349/1024
raw, theta ema               acc 75.91%  exact 349/1024  loss 0.662
[EVAL] step 54000 blocks/seg 0+8 acc 0.7665 exact 193/1024
ema, alpha raw               acc 76.65%  exact 193/1024  loss 0.643
[EVAL] step 54000 blocks/seg 0+8 acc 0.7614 exact 353/1024
raw, alpha ema               acc 76.14%  exact 353/1024  loss 0.657
COMPLETE /workspace/something/runs/pairangle_unrotated_dca1_replay50k_20261009/diagnostics/hybrid_step54000_1024.json
[EVAL] step 57000 blocks/seg 0+8 acc 0.7547 exact 286/1024
raw                          acc 75.47%  exact 286/1024  loss 0.592
[EVAL] step 57000 blocks/seg 0+8 acc 0.7995 exact 351/1024
ema                          acc 79.95%  exact 351/1024  loss 0.534
[EVAL] step 57000 blocks/seg 0+8 acc 0.7987 exact 382/1024
ema, q raw                   acc 79.87%  exact 382/1024  loss 0.519
[EVAL] step 57000 blocks/seg 0+8 acc 0.7647 exact 314/1024
raw, q ema                   acc 76.47%  exact 314/1024  loss 0.569
[EVAL] step 57000 blocks/seg 0+8 acc 0.8059 exact 427/1024
ema, k raw                   acc 80.59%  exact 427/1024  loss 0.498
[EVAL] step 57000 blocks/seg 0+8 acc 0.7624 exact 300/1024
raw, k ema                   acc 76.24%  exact 300/1024  loss 0.576
[EVAL] step 57000 blocks/seg 0+8 acc 0.7287 exact 152/1024
ema, v raw                   acc 72.87%  exact 152/1024  loss 0.757
[EVAL] step 57000 blocks/seg 0+8 acc 0.7771 exact 365/1024
raw, v ema                   acc 77.71%  exact 365/1024  loss 0.541
[EVAL] step 57000 blocks/seg 0+8 acc 0.8153 exact 471/1024
ema, o raw                   acc 81.53%  exact 471/1024  loss 0.477
[EVAL] step 57000 blocks/seg 0+8 acc 0.7680 exact 326/1024
raw, o ema                   acc 76.80%  exact 326/1024  loss 0.562
[EVAL] step 57000 blocks/seg 0+8 acc 0.7942 exact 395/1024
ema, ffn raw                 acc 79.42%  exact 395/1024  loss 0.520
[EVAL] step 57000 blocks/seg 0+8 acc 0.7930 exact 412/1024
raw, ffn ema                 acc 79.30%  exact 412/1024  loss 0.518
[EVAL] step 57000 blocks/seg 0+8 acc 0.8209 exact 485/1024
ema, io raw                  acc 82.09%  exact 485/1024  loss 0.459
[EVAL] step 57000 blocks/seg 0+8 acc 0.7556 exact 283/1024
raw, io ema                  acc 75.56%  exact 283/1024  loss 0.603
[EVAL] step 57000 blocks/seg 0+8 acc 0.8017 exact 369/1024
ema, theta raw               acc 80.17%  exact 369/1024  loss 0.521
[EVAL] step 57000 blocks/seg 0+8 acc 0.7550 exact 287/1024
raw, theta ema               acc 75.50%  exact 287/1024  loss 0.592
[EVAL] step 57000 blocks/seg 0+8 acc 0.8037 exact 364/1024
ema, alpha raw               acc 80.37%  exact 364/1024  loss 0.523
[EVAL] step 57000 blocks/seg 0+8 acc 0.7554 exact 284/1024
raw, alpha ema               acc 75.54%  exact 284/1024  loss 0.593
COMPLETE /workspace/something/runs/pairangle_unrotated_dca1_replay50k_20261009/diagnostics/hybrid_step57000_1024.json
