/venv/main/lib/python3.12/site-packages/torch/_inductor/compile_fx.py:322: UserWarning: TensorFloat32 tensor cores for float32 matrix multiplication available but not enabled. Consider setting `torch.set_float32_matmul_precision('high')` for better performance.
  warnings.warn(
PREFLIGHT {'step': 1, 'seconds': 28.764465919695795, 'accuracy': 0.0, 'count': 0.0, 'exact_accuracy': 0.0, 'lm_loss': 2.4826512336730957, 'q_halt_accuracy': 0.0, 'q_halt_loss': 0.006715297698974609, 'steps': 0.0, 'lr': 0.0, '_count_raw': 0.0}
PREFLIGHT {'step': 2, 'seconds': 1.7952959360554814, 'accuracy': 0.0, 'count': 0.0, 'exact_accuracy': 0.0, 'lm_loss': 2.485917806625366, 'q_halt_accuracy': 0.0, 'q_halt_loss': 0.006715297698974609, 'steps': 0.0, 'lr': 5.0000000000000004e-08, '_count_raw': 0.0}
PREFLIGHT {'step': 3, 'seconds': 0.1347084203734994, 'accuracy': 0.0, 'count': 0.0, 'exact_accuracy': 0.0, 'lm_loss': 2.485825538635254, 'q_halt_accuracy': 0.0, 'q_halt_loss': 0.006715297698974609, 'steps': 0.0, 'lr': 1.0000000000000001e-07, '_count_raw': 0.0}
PREFLIGHT {'step': 4, 'seconds': 0.13459788728505373, 'accuracy': 0.0, 'count': 0.0, 'exact_accuracy': 0.0, 'lm_loss': 2.48561692237854, 'q_halt_accuracy': 0.0, 'q_halt_loss': 0.006715297698974609, 'steps': 0.0, 'lr': 1.5000000000000002e-07, '_count_raw': 0.0}
PREFLIGHT {'step': 5, 'seconds': 0.13507873099297285, 'accuracy': 0.0, 'count': 0.0, 'exact_accuracy': 0.0, 'lm_loss': 2.4853551387786865, 'q_halt_accuracy': 0.0, 'q_halt_loss': 0.006715297698974609, 'steps': 0.0, 'lr': 2.0000000000000002e-07, '_count_raw': 0.0}
PREFLIGHT {'step': 6, 'seconds': 0.1358365137130022, 'accuracy': 0.0, 'count': 0.0, 'exact_accuracy': 0.0, 'lm_loss': 2.484950542449951, 'q_halt_accuracy': 0.0, 'q_halt_loss': 0.006715297698974609, 'steps': 0.0, 'lr': 2.5e-07, '_count_raw': 0.0}
PREFLIGHT {'step': 7, 'seconds': 0.13594237621873617, 'accuracy': 0.0, 'count': 0.0, 'exact_accuracy': 0.0, 'lm_loss': 2.484499216079712, 'q_halt_accuracy': 0.0, 'q_halt_loss': 0.006715297698974609, 'steps': 0.0, 'lr': 3.0000000000000004e-07, '_count_raw': 0.0}
PREFLIGHT {'step': 8, 'seconds': 0.13546283170580864, 'accuracy': 0.0, 'count': 0.0, 'exact_accuracy': 0.0, 'lm_loss': 2.4839730262756348, 'q_halt_accuracy': 0.0, 'q_halt_loss': 0.006715297698974609, 'steps': 0.0, 'lr': 3.5e-07, '_count_raw': 0.0}
PREFLIGHT {'step': 9, 'seconds': 0.1354772886261344, 'accuracy': 0.0, 'count': 0.0, 'exact_accuracy': 0.0, 'lm_loss': 2.4833266735076904, 'q_halt_accuracy': 0.0, 'q_halt_loss': 0.006715297698974609, 'steps': 0.0, 'lr': 4.0000000000000003e-07, '_count_raw': 0.0}
PREFLIGHT {'step': 10, 'seconds': 0.13523782789707184, 'accuracy': 0.0, 'count': 0.0, 'exact_accuracy': 0.0, 'lm_loss': 2.4825611114501953, 'q_halt_accuracy': 0.0, 'q_halt_loss': 0.006715297698974609, 'steps': 0.0, 'lr': 4.5000000000000003e-07, '_count_raw': 0.0}
PREFLIGHT {'step': 11, 'seconds': 0.13509553205221891, 'accuracy': 0.0, 'count': 0.0, 'exact_accuracy': 0.0, 'lm_loss': 2.481743097305298, 'q_halt_accuracy': 0.0, 'q_halt_loss': 0.006715297698974609, 'steps': 0.0, 'lr': 5e-07, '_count_raw': 0.0}
PREFLIGHT {'step': 12, 'seconds': 0.13564690668135881, 'accuracy': 0.0, 'count': 0.0, 'exact_accuracy': 0.0, 'lm_loss': 2.480823516845703, 'q_halt_accuracy': 0.0, 'q_halt_loss': 0.006715297698974609, 'steps': 0.0, 'lr': 5.5e-07, '_count_raw': 0.0}
PREFLIGHT {'step': 13, 'seconds': 0.1354167116805911, 'accuracy': 0.0, 'count': 0.0, 'exact_accuracy': 0.0, 'lm_loss': 2.479818344116211, 'q_halt_accuracy': 0.0, 'q_halt_loss': 0.006715297698974609, 'steps': 0.0, 'lr': 6.000000000000001e-07, '_count_raw': 0.0}
PREFLIGHT {'step': 14, 'seconds': 0.13516975101083517, 'accuracy': 0.0, 'count': 0.0, 'exact_accuracy': 0.0, 'lm_loss': 2.478703022003174, 'q_halt_accuracy': 0.0, 'q_halt_loss': 0.006715297698974609, 'steps': 0.0, 'lr': 6.500000000000001e-07, '_count_raw': 0.0}
PREFLIGHT {'step': 15, 'seconds': 0.13566941302269697, 'accuracy': 0.0, 'count': 0.0, 'exact_accuracy': 0.0, 'lm_loss': 2.477534770965576, 'q_halt_accuracy': 0.0, 'q_halt_loss': 0.006715297698974609, 'steps': 0.0, 'lr': 7e-07, '_count_raw': 0.0}
PREFLIGHT {'step': 16, 'seconds': 0.1358185950666666, 'accuracy': 0.09365354478359222, 'count': 1.0, 'exact_accuracy': 0.0, 'lm_loss': 2.476259708404541, 'q_halt_accuracy': 1.0, 'q_halt_loss': 0.006715297698974609, 'steps': 16.0, 'lr': 7.5e-07, '_count_raw': 128.0}
PREFLIGHT {'step': 17, 'seconds': 0.13599657732993364, 'accuracy': 0.0, 'count': 0.0, 'exact_accuracy': 0.0, 'lm_loss': 2.471675157546997, 'q_halt_accuracy': 0.0, 'q_halt_loss': 0.006715297698974609, 'steps': 0.0, 'lr': 8.000000000000001e-07, '_count_raw': 0.0}
PREFLIGHT {'step': 18, 'seconds': 0.13582267612218857, 'accuracy': 0.0, 'count': 0.0, 'exact_accuracy': 0.0, 'lm_loss': 2.4733502864837646, 'q_halt_accuracy': 0.0, 'q_halt_loss': 0.006715297698974609, 'steps': 0.0, 'lr': 8.5e-07, '_count_raw': 0.0}
PREFLIGHT {'step': 19, 'seconds': 0.13532156124711037, 'accuracy': 0.0, 'count': 0.0, 'exact_accuracy': 0.0, 'lm_loss': 2.471775531768799, 'q_halt_accuracy': 0.0, 'q_halt_loss': 0.006715297698974609, 'steps': 0.0, 'lr': 9.000000000000001e-07, '_count_raw': 0.0}
PREFLIGHT {'step': 20, 'seconds': 0.1353231705725193, 'accuracy': 0.0, 'count': 0.0, 'exact_accuracy': 0.0, 'lm_loss': 2.470156669616699, 'q_halt_accuracy': 0.0, 'q_halt_loss': 0.006715297698974609, 'steps': 0.0, 'lr': 9.5e-07, '_count_raw': 0.0}
PREFLIGHT {'step': 21, 'seconds': 0.13582712225615978, 'accuracy': 0.0, 'count': 0.0, 'exact_accuracy': 0.0, 'lm_loss': 2.4683849811553955, 'q_halt_accuracy': 0.0, 'q_halt_loss': 0.006715297698974609, 'steps': 0.0, 'lr': 1e-06, '_count_raw': 0.0}
PREFLIGHT {'step': 22, 'seconds': 0.13550747279077768, 'accuracy': 0.0, 'count': 0.0, 'exact_accuracy': 0.0, 'lm_loss': 2.46657133102417, 'q_halt_accuracy': 0.0, 'q_halt_loss': 0.006715297698974609, 'steps': 0.0, 'lr': 1.0500000000000001e-06, '_count_raw': 0.0}
PREFLIGHT {'step': 23, 'seconds': 0.1356925033032894, 'accuracy': 0.0, 'count': 0.0, 'exact_accuracy': 0.0, 'lm_loss': 2.464650869369507, 'q_halt_accuracy': 0.0, 'q_halt_loss': 0.006715297698974609, 'steps': 0.0, 'lr': 1.1e-06, '_count_raw': 0.0}
PREFLIGHT {'step': 24, 'seconds': 0.1357406685128808, 'accuracy': 0.0, 'count': 0.0, 'exact_accuracy': 0.0, 'lm_loss': 2.462630271911621, 'q_halt_accuracy': 0.0, 'q_halt_loss': 0.006715297698974609, 'steps': 0.0, 'lr': 1.15e-06, '_count_raw': 0.0}
PREFLIGHT {'step': 25, 'seconds': 0.135517543181777, 'accuracy': 0.0, 'count': 0.0, 'exact_accuracy': 0.0, 'lm_loss': 2.4605085849761963, 'q_halt_accuracy': 0.0, 'q_halt_loss': 0.006715297698974609, 'steps': 0.0, 'lr': 1.2000000000000002e-06, '_count_raw': 0.0}
PREFLIGHT {'step': 26, 'seconds': 0.13596678152680397, 'accuracy': 0.0, 'count': 0.0, 'exact_accuracy': 0.0, 'lm_loss': 2.458223581314087, 'q_halt_accuracy': 0.0, 'q_halt_loss': 0.006715297698974609, 'steps': 0.0, 'lr': 1.25e-06, '_count_raw': 0.0}
PREFLIGHT {'step': 27, 'seconds': 0.1359016289934516, 'accuracy': 0.0, 'count': 0.0, 'exact_accuracy': 0.0, 'lm_loss': 2.4559638500213623, 'q_halt_accuracy': 0.0, 'q_halt_loss': 0.006715297698974609, 'steps': 0.0, 'lr': 1.3000000000000003e-06, '_count_raw': 0.0}
PREFLIGHT {'step': 28, 'seconds': 0.1354913767427206, 'accuracy': 0.0, 'count': 0.0, 'exact_accuracy': 0.0, 'lm_loss': 2.45356822013855, 'q_halt_accuracy': 0.0, 'q_halt_loss': 0.006715297698974609, 'steps': 0.0, 'lr': 1.35e-06, '_count_raw': 0.0}
PREFLIGHT {'step': 29, 'seconds': 0.1356608383357525, 'accuracy': 0.0, 'count': 0.0, 'exact_accuracy': 0.0, 'lm_loss': 2.451023817062378, 'q_halt_accuracy': 0.0, 'q_halt_loss': 0.006715297698974609, 'steps': 0.0, 'lr': 1.4e-06, '_count_raw': 0.0}
PREFLIGHT {'step': 30, 'seconds': 0.13590549770742655, 'accuracy': 0.0, 'count': 0.0, 'exact_accuracy': 0.0, 'lm_loss': 2.448441982269287, 'q_halt_accuracy': 0.0, 'q_halt_loss': 0.006715297698974609, 'steps': 0.0, 'lr': 1.45e-06, '_count_raw': 0.0}
PREFLIGHT {'step': 31, 'seconds': 0.13596765883266926, 'accuracy': 0.0, 'count': 0.0, 'exact_accuracy': 0.0, 'lm_loss': 2.4458107948303223, 'q_halt_accuracy': 0.0, 'q_halt_loss': 0.006715297698974609, 'steps': 0.0, 'lr': 1.5e-06, '_count_raw': 0.0}
PREFLIGHT {'step': 32, 'seconds': 0.13595921732485294, 'accuracy': 0.10281635820865631, 'count': 1.0, 'exact_accuracy': 0.0, 'lm_loss': 2.4430291652679443, 'q_halt_accuracy': 1.0, 'q_halt_loss': 0.006715297698974609, 'steps': 16.0, 'lr': 1.5500000000000002e-06, '_count_raw': 128.0}
PREFLIGHT {'step': 33, 'seconds': 0.13553079310804605, 'accuracy': 0.0, 'count': 0.0, 'exact_accuracy': 0.0, 'lm_loss': 2.43747615814209, 'q_halt_accuracy': 0.0, 'q_halt_loss': 0.006715297698974609, 'steps': 0.0, 'lr': 1.6000000000000001e-06, '_count_raw': 0.0}
PREFLIGHT {'step': 34, 'seconds': 0.13569359574466944, 'accuracy': 0.0, 'count': 0.0, 'exact_accuracy': 0.0, 'lm_loss': 2.4373819828033447, 'q_halt_accuracy': 0.0, 'q_halt_loss': 0.006715297698974609, 'steps': 0.0, 'lr': 1.65e-06, '_count_raw': 0.0}
PREFLIGHT {'step': 35, 'seconds': 0.13592773023992777, 'accuracy': 0.0, 'count': 0.0, 'exact_accuracy': 0.0, 'lm_loss': 2.434357166290283, 'q_halt_accuracy': 0.0, 'q_halt_loss': 0.006715297698974609, 'steps': 0.0, 'lr': 1.7e-06, '_count_raw': 0.0}
PREFLIGHT {'step': 36, 'seconds': 0.13583069201558828, 'accuracy': 0.0, 'count': 0.0, 'exact_accuracy': 0.0, 'lm_loss': 2.4312398433685303, 'q_halt_accuracy': 0.0, 'q_halt_loss': 0.006715297698974609, 'steps': 0.0, 'lr': 1.75e-06, '_count_raw': 0.0}
PREFLIGHT {'step': 37, 'seconds': 0.13605572562664747, 'accuracy': 0.0, 'count': 0.0, 'exact_accuracy': 0.0, 'lm_loss': 2.4280242919921875, 'q_halt_accuracy': 0.0, 'q_halt_loss': 0.006715297698974609, 'steps': 0.0, 'lr': 1.8000000000000001e-06, '_count_raw': 0.0}
PREFLIGHT {'step': 38, 'seconds': 0.13573863171041012, 'accuracy': 0.0, 'count': 0.0, 'exact_accuracy': 0.0, 'lm_loss': 2.424771785736084, 'q_halt_accuracy': 0.0, 'q_halt_loss': 0.006715297698974609, 'steps': 0.0, 'lr': 1.85e-06, '_count_raw': 0.0}
PREFLIGHT {'step': 39, 'seconds': 0.13589129876345396, 'accuracy': 0.0, 'count': 0.0, 'exact_accuracy': 0.0, 'lm_loss': 2.4213085174560547, 'q_halt_accuracy': 0.0, 'q_halt_loss': 0.006715297698974609, 'steps': 0.0, 'lr': 1.9e-06, '_count_raw': 0.0}
PREFLIGHT {'step': 40, 'seconds': 0.13615032378584146, 'accuracy': 0.0, 'count': 0.0, 'exact_accuracy': 0.0, 'lm_loss': 2.417898178100586, 'q_halt_accuracy': 0.0, 'q_halt_loss': 0.006715297698974609, 'steps': 0.0, 'lr': 1.95e-06, '_count_raw': 0.0}
