/venv/main/lib/python3.12/site-packages/torch/_inductor/compile_fx.py:322: UserWarning: TensorFloat32 tensor cores for float32 matrix multiplication available but not enabled. Consider setting `torch.set_float32_matmul_precision('high')` for better performance.
  warnings.warn(
PREFLIGHT {'step': 1, 'seconds': 60.97957996558398, 'accuracy': 0.0, 'count': 0.0, 'exact_accuracy': 0.0, 'lm_loss': 2.4944510459899902, 'q_halt_accuracy': 0.0, 'q_halt_loss': 0.006715297698974609, 'steps': 0.0, 'lr': 0.0, '_count_raw': 0.0}
PREFLIGHT {'step': 2, 'seconds': 10.160629337653518, 'accuracy': 0.0, 'count': 0.0, 'exact_accuracy': 0.0, 'lm_loss': 2.4966845512390137, 'q_halt_accuracy': 0.0, 'q_halt_loss': 0.006715297698974609, 'steps': 0.0, 'lr': 5.0000000000000004e-08, '_count_raw': 0.0}
PREFLIGHT {'step': 3, 'seconds': 0.18397870659828186, 'accuracy': 0.0, 'count': 0.0, 'exact_accuracy': 0.0, 'lm_loss': 2.4966490268707275, 'q_halt_accuracy': 0.0, 'q_halt_loss': 0.006715297698974609, 'steps': 0.0, 'lr': 1.0000000000000001e-07, '_count_raw': 0.0}
PREFLIGHT {'step': 4, 'seconds': 0.1841086633503437, 'accuracy': 0.0, 'count': 0.0, 'exact_accuracy': 0.0, 'lm_loss': 2.4965076446533203, 'q_halt_accuracy': 0.0, 'q_halt_loss': 0.006715297698974609, 'steps': 0.0, 'lr': 1.5000000000000002e-07, '_count_raw': 0.0}
PREFLIGHT {'step': 5, 'seconds': 0.1853107176721096, 'accuracy': 0.0, 'count': 0.0, 'exact_accuracy': 0.0, 'lm_loss': 2.4962141513824463, 'q_halt_accuracy': 0.0, 'q_halt_loss': 0.006715297698974609, 'steps': 0.0, 'lr': 2.0000000000000002e-07, '_count_raw': 0.0}
PREFLIGHT {'step': 6, 'seconds': 0.18483358342200518, 'accuracy': 0.0, 'count': 0.0, 'exact_accuracy': 0.0, 'lm_loss': 2.495797634124756, 'q_halt_accuracy': 0.0, 'q_halt_loss': 0.006715297698974609, 'steps': 0.0, 'lr': 2.5e-07, '_count_raw': 0.0}
PREFLIGHT {'step': 7, 'seconds': 0.18435525614768267, 'accuracy': 0.0, 'count': 0.0, 'exact_accuracy': 0.0, 'lm_loss': 2.4953644275665283, 'q_halt_accuracy': 0.0, 'q_halt_loss': 0.006715297698974609, 'steps': 0.0, 'lr': 3.0000000000000004e-07, '_count_raw': 0.0}
PREFLIGHT {'step': 8, 'seconds': 0.18468372710049152, 'accuracy': 0.0, 'count': 0.0, 'exact_accuracy': 0.0, 'lm_loss': 2.4948201179504395, 'q_halt_accuracy': 0.0, 'q_halt_loss': 0.006715297698974609, 'steps': 0.0, 'lr': 3.5e-07, '_count_raw': 0.0}
PREFLIGHT {'step': 9, 'seconds': 0.18476552423089743, 'accuracy': 0.0, 'count': 0.0, 'exact_accuracy': 0.0, 'lm_loss': 2.4941937923431396, 'q_halt_accuracy': 0.0, 'q_halt_loss': 0.006715297698974609, 'steps': 0.0, 'lr': 4.0000000000000003e-07, '_count_raw': 0.0}
PREFLIGHT {'step': 10, 'seconds': 0.18479169253259897, 'accuracy': 0.0, 'count': 0.0, 'exact_accuracy': 0.0, 'lm_loss': 2.493433952331543, 'q_halt_accuracy': 0.0, 'q_halt_loss': 0.006715297698974609, 'steps': 0.0, 'lr': 4.5000000000000003e-07, '_count_raw': 0.0}
PREFLIGHT {'step': 11, 'seconds': 0.18484402913600206, 'accuracy': 0.0, 'count': 0.0, 'exact_accuracy': 0.0, 'lm_loss': 2.4925808906555176, 'q_halt_accuracy': 0.0, 'q_halt_loss': 0.006715297698974609, 'steps': 0.0, 'lr': 5e-07, '_count_raw': 0.0}
PREFLIGHT {'step': 12, 'seconds': 0.1846922980621457, 'accuracy': 0.0, 'count': 0.0, 'exact_accuracy': 0.0, 'lm_loss': 2.491687059402466, 'q_halt_accuracy': 0.0, 'q_halt_loss': 0.006715297698974609, 'steps': 0.0, 'lr': 5.5e-07, '_count_raw': 0.0}
PREFLIGHT {'step': 13, 'seconds': 0.18504973221570253, 'accuracy': 0.0, 'count': 0.0, 'exact_accuracy': 0.0, 'lm_loss': 2.490675926208496, 'q_halt_accuracy': 0.0, 'q_halt_loss': 0.006715297698974609, 'steps': 0.0, 'lr': 6.000000000000001e-07, '_count_raw': 0.0}
PREFLIGHT {'step': 14, 'seconds': 0.1848828997462988, 'accuracy': 0.0, 'count': 0.0, 'exact_accuracy': 0.0, 'lm_loss': 2.4895544052124023, 'q_halt_accuracy': 0.0, 'q_halt_loss': 0.006715297698974609, 'steps': 0.0, 'lr': 6.500000000000001e-07, '_count_raw': 0.0}
PREFLIGHT {'step': 15, 'seconds': 0.1849640291184187, 'accuracy': 0.0, 'count': 0.0, 'exact_accuracy': 0.0, 'lm_loss': 2.488356351852417, 'q_halt_accuracy': 0.0, 'q_halt_loss': 0.006715297698974609, 'steps': 0.0, 'lr': 7e-07, '_count_raw': 0.0}
PREFLIGHT {'step': 16, 'seconds': 0.18468886241316795, 'accuracy': 0.09500385820865631, 'count': 1.0, 'exact_accuracy': 0.0, 'lm_loss': 2.4870781898498535, 'q_halt_accuracy': 1.0, 'q_halt_loss': 0.006715297698974609, 'steps': 16.0, 'lr': 7.5e-07, '_count_raw': 128.0}
PREFLIGHT {'step': 17, 'seconds': 0.185039222240448, 'accuracy': 0.0, 'count': 0.0, 'exact_accuracy': 0.0, 'lm_loss': 2.483529567718506, 'q_halt_accuracy': 0.0, 'q_halt_loss': 0.006715297698974609, 'steps': 0.0, 'lr': 8.000000000000001e-07, '_count_raw': 0.0}
PREFLIGHT {'step': 18, 'seconds': 0.18453312292695045, 'accuracy': 0.0, 'count': 0.0, 'exact_accuracy': 0.0, 'lm_loss': 2.484117031097412, 'q_halt_accuracy': 0.0, 'q_halt_loss': 0.006715297698974609, 'steps': 0.0, 'lr': 8.5e-07, '_count_raw': 0.0}
PREFLIGHT {'step': 19, 'seconds': 0.1850000498816371, 'accuracy': 0.0, 'count': 0.0, 'exact_accuracy': 0.0, 'lm_loss': 2.4825809001922607, 'q_halt_accuracy': 0.0, 'q_halt_loss': 0.006715297698974609, 'steps': 0.0, 'lr': 9.000000000000001e-07, '_count_raw': 0.0}
PREFLIGHT {'step': 20, 'seconds': 0.1847807178273797, 'accuracy': 0.0, 'count': 0.0, 'exact_accuracy': 0.0, 'lm_loss': 2.4809887409210205, 'q_halt_accuracy': 0.0, 'q_halt_loss': 0.006715297698974609, 'steps': 0.0, 'lr': 9.5e-07, '_count_raw': 0.0}
PREFLIGHT {'step': 21, 'seconds': 0.184958316385746, 'accuracy': 0.0, 'count': 0.0, 'exact_accuracy': 0.0, 'lm_loss': 2.4792261123657227, 'q_halt_accuracy': 0.0, 'q_halt_loss': 0.006715297698974609, 'steps': 0.0, 'lr': 1e-06, '_count_raw': 0.0}
PREFLIGHT {'step': 22, 'seconds': 0.1846814202144742, 'accuracy': 0.0, 'count': 0.0, 'exact_accuracy': 0.0, 'lm_loss': 2.4774370193481445, 'q_halt_accuracy': 0.0, 'q_halt_loss': 0.006715297698974609, 'steps': 0.0, 'lr': 1.0500000000000001e-06, '_count_raw': 0.0}
PREFLIGHT {'step': 23, 'seconds': 0.18486252799630165, 'accuracy': 0.0, 'count': 0.0, 'exact_accuracy': 0.0, 'lm_loss': 2.475532054901123, 'q_halt_accuracy': 0.0, 'q_halt_loss': 0.006715297698974609, 'steps': 0.0, 'lr': 1.1e-06, '_count_raw': 0.0}
PREFLIGHT {'step': 24, 'seconds': 0.1849089665338397, 'accuracy': 0.0, 'count': 0.0, 'exact_accuracy': 0.0, 'lm_loss': 2.4735398292541504, 'q_halt_accuracy': 0.0, 'q_halt_loss': 0.006715297698974609, 'steps': 0.0, 'lr': 1.15e-06, '_count_raw': 0.0}
PREFLIGHT {'step': 25, 'seconds': 0.18503934238106012, 'accuracy': 0.0, 'count': 0.0, 'exact_accuracy': 0.0, 'lm_loss': 2.471433639526367, 'q_halt_accuracy': 0.0, 'q_halt_loss': 0.006715297698974609, 'steps': 0.0, 'lr': 1.2000000000000002e-06, '_count_raw': 0.0}
PREFLIGHT {'step': 26, 'seconds': 0.18477117829024792, 'accuracy': 0.0, 'count': 0.0, 'exact_accuracy': 0.0, 'lm_loss': 2.469172477722168, 'q_halt_accuracy': 0.0, 'q_halt_loss': 0.006715297698974609, 'steps': 0.0, 'lr': 1.25e-06, '_count_raw': 0.0}
PREFLIGHT {'step': 27, 'seconds': 0.18508691806346178, 'accuracy': 0.0, 'count': 0.0, 'exact_accuracy': 0.0, 'lm_loss': 2.466928482055664, 'q_halt_accuracy': 0.0, 'q_halt_loss': 0.006715297698974609, 'steps': 0.0, 'lr': 1.3000000000000003e-06, '_count_raw': 0.0}
PREFLIGHT {'step': 28, 'seconds': 0.1847216421738267, 'accuracy': 0.0, 'count': 0.0, 'exact_accuracy': 0.0, 'lm_loss': 2.4645490646362305, 'q_halt_accuracy': 0.0, 'q_halt_loss': 0.006715297698974609, 'steps': 0.0, 'lr': 1.35e-06, '_count_raw': 0.0}
PREFLIGHT {'step': 29, 'seconds': 0.18534214049577713, 'accuracy': 0.0, 'count': 0.0, 'exact_accuracy': 0.0, 'lm_loss': 2.4620347023010254, 'q_halt_accuracy': 0.0, 'q_halt_loss': 0.006715297698974609, 'steps': 0.0, 'lr': 1.4e-06, '_count_raw': 0.0}
PREFLIGHT {'step': 30, 'seconds': 0.1851409710943699, 'accuracy': 0.0, 'count': 0.0, 'exact_accuracy': 0.0, 'lm_loss': 2.459521770477295, 'q_halt_accuracy': 0.0, 'q_halt_loss': 0.006715297698974609, 'steps': 0.0, 'lr': 1.45e-06, '_count_raw': 0.0}
PREFLIGHT {'step': 31, 'seconds': 0.1852473570033908, 'accuracy': 0.0, 'count': 0.0, 'exact_accuracy': 0.0, 'lm_loss': 2.4569218158721924, 'q_halt_accuracy': 0.0, 'q_halt_loss': 0.006715297698974609, 'steps': 0.0, 'lr': 1.5e-06, '_count_raw': 0.0}
PREFLIGHT {'step': 32, 'seconds': 0.18516808096319437, 'accuracy': 0.10358797013759613, 'count': 1.0, 'exact_accuracy': 0.0, 'lm_loss': 2.454133987426758, 'q_halt_accuracy': 1.0, 'q_halt_loss': 0.006715297698974609, 'steps': 16.0, 'lr': 1.5500000000000002e-06, '_count_raw': 128.0}
PREFLIGHT {'step': 33, 'seconds': 0.18539960961788893, 'accuracy': 0.0, 'count': 0.0, 'exact_accuracy': 0.0, 'lm_loss': 2.449800968170166, 'q_halt_accuracy': 0.0, 'q_halt_loss': 0.006715297698974609, 'steps': 0.0, 'lr': 1.6000000000000001e-06, '_count_raw': 0.0}
PREFLIGHT {'step': 34, 'seconds': 0.18537884950637817, 'accuracy': 0.0, 'count': 0.0, 'exact_accuracy': 0.0, 'lm_loss': 2.4484734535217285, 'q_halt_accuracy': 0.0, 'q_halt_loss': 0.006715297698974609, 'steps': 0.0, 'lr': 1.65e-06, '_count_raw': 0.0}
PREFLIGHT {'step': 35, 'seconds': 0.18496532086282969, 'accuracy': 0.0, 'count': 0.0, 'exact_accuracy': 0.0, 'lm_loss': 2.445533514022827, 'q_halt_accuracy': 0.0, 'q_halt_loss': 0.006715297698974609, 'steps': 0.0, 'lr': 1.7e-06, '_count_raw': 0.0}
PREFLIGHT {'step': 36, 'seconds': 0.18534094840288162, 'accuracy': 0.0, 'count': 0.0, 'exact_accuracy': 0.0, 'lm_loss': 2.442476749420166, 'q_halt_accuracy': 0.0, 'q_halt_loss': 0.006715297698974609, 'steps': 0.0, 'lr': 1.75e-06, '_count_raw': 0.0}
PREFLIGHT {'step': 37, 'seconds': 0.18539498001337051, 'accuracy': 0.0, 'count': 0.0, 'exact_accuracy': 0.0, 'lm_loss': 2.4393298625946045, 'q_halt_accuracy': 0.0, 'q_halt_loss': 0.006715297698974609, 'steps': 0.0, 'lr': 1.8000000000000001e-06, '_count_raw': 0.0}
PREFLIGHT {'step': 38, 'seconds': 0.1857621669769287, 'accuracy': 0.0, 'count': 0.0, 'exact_accuracy': 0.0, 'lm_loss': 2.436063051223755, 'q_halt_accuracy': 0.0, 'q_halt_loss': 0.006715297698974609, 'steps': 0.0, 'lr': 1.85e-06, '_count_raw': 0.0}
PREFLIGHT {'step': 39, 'seconds': 0.1851868461817503, 'accuracy': 0.0, 'count': 0.0, 'exact_accuracy': 0.0, 'lm_loss': 2.4326915740966797, 'q_halt_accuracy': 0.0, 'q_halt_loss': 0.006715297698974609, 'steps': 0.0, 'lr': 1.9e-06, '_count_raw': 0.0}
PREFLIGHT {'step': 40, 'seconds': 0.185585911385715, 'accuracy': 0.0, 'count': 0.0, 'exact_accuracy': 0.0, 'lm_loss': 2.4292802810668945, 'q_halt_accuracy': 0.0, 'q_halt_loss': 0.006715297698974609, 'steps': 0.0, 'lr': 1.95e-06, '_count_raw': 0.0}
