/venv/main/lib/python3.12/site-packages/torch/_inductor/compile_fx.py:322: UserWarning: TensorFloat32 tensor cores for float32 matrix multiplication available but not enabled. Consider setting `torch.set_float32_matmul_precision('high')` for better performance.
  warnings.warn(
PREFLIGHT {'step': 1, 'seconds': 43.045662332326174, 'accuracy': 0.0, 'count': 0.0, 'exact_accuracy': 0.0, 'lm_loss': 2.4915049076080322, 'q_halt_accuracy': 0.0, 'q_halt_loss': 0.006715297698974609, 'steps': 0.0, 'lr': 0.0, '_count_raw': 0.0}
PREFLIGHT {'step': 2, 'seconds': 2.0963837364688516, 'accuracy': 0.0, 'count': 0.0, 'exact_accuracy': 0.0, 'lm_loss': 2.492563486099243, 'q_halt_accuracy': 0.0, 'q_halt_loss': 0.006715297698974609, 'steps': 0.0, 'lr': 5.0000000000000004e-08, '_count_raw': 0.0}
PREFLIGHT {'step': 3, 'seconds': 0.18798763770610094, 'accuracy': 0.0, 'count': 0.0, 'exact_accuracy': 0.0, 'lm_loss': 2.4924752712249756, 'q_halt_accuracy': 0.0, 'q_halt_loss': 0.006715297698974609, 'steps': 0.0, 'lr': 1.0000000000000001e-07, '_count_raw': 0.0}
PREFLIGHT {'step': 4, 'seconds': 0.18826561886817217, 'accuracy': 0.0, 'count': 0.0, 'exact_accuracy': 0.0, 'lm_loss': 2.4923255443573, 'q_halt_accuracy': 0.0, 'q_halt_loss': 0.006715297698974609, 'steps': 0.0, 'lr': 1.5000000000000002e-07, '_count_raw': 0.0}
PREFLIGHT {'step': 5, 'seconds': 0.18837750144302845, 'accuracy': 0.0, 'count': 0.0, 'exact_accuracy': 0.0, 'lm_loss': 2.4920947551727295, 'q_halt_accuracy': 0.0, 'q_halt_loss': 0.006715297698974609, 'steps': 0.0, 'lr': 2.0000000000000002e-07, '_count_raw': 0.0}
PREFLIGHT {'step': 6, 'seconds': 0.18876579776406288, 'accuracy': 0.0, 'count': 0.0, 'exact_accuracy': 0.0, 'lm_loss': 2.491769313812256, 'q_halt_accuracy': 0.0, 'q_halt_loss': 0.006715297698974609, 'steps': 0.0, 'lr': 2.5e-07, '_count_raw': 0.0}
PREFLIGHT {'step': 7, 'seconds': 0.18935273680835962, 'accuracy': 0.0, 'count': 0.0, 'exact_accuracy': 0.0, 'lm_loss': 2.4913694858551025, 'q_halt_accuracy': 0.0, 'q_halt_loss': 0.006715297698974609, 'steps': 0.0, 'lr': 3.0000000000000004e-07, '_count_raw': 0.0}
PREFLIGHT {'step': 8, 'seconds': 0.18892659340053797, 'accuracy': 0.0, 'count': 0.0, 'exact_accuracy': 0.0, 'lm_loss': 2.4909310340881348, 'q_halt_accuracy': 0.0, 'q_halt_loss': 0.006715297698974609, 'steps': 0.0, 'lr': 3.5e-07, '_count_raw': 0.0}
PREFLIGHT {'step': 9, 'seconds': 0.18925303127616644, 'accuracy': 0.0, 'count': 0.0, 'exact_accuracy': 0.0, 'lm_loss': 2.490384578704834, 'q_halt_accuracy': 0.0, 'q_halt_loss': 0.006715297698974609, 'steps': 0.0, 'lr': 4.0000000000000003e-07, '_count_raw': 0.0}
PREFLIGHT {'step': 10, 'seconds': 0.18934631161391735, 'accuracy': 0.0, 'count': 0.0, 'exact_accuracy': 0.0, 'lm_loss': 2.489734172821045, 'q_halt_accuracy': 0.0, 'q_halt_loss': 0.006715297698974609, 'steps': 0.0, 'lr': 4.5000000000000003e-07, '_count_raw': 0.0}
PREFLIGHT {'step': 11, 'seconds': 0.1889428785070777, 'accuracy': 0.0, 'count': 0.0, 'exact_accuracy': 0.0, 'lm_loss': 2.4890334606170654, 'q_halt_accuracy': 0.0, 'q_halt_loss': 0.006715297698974609, 'steps': 0.0, 'lr': 5e-07, '_count_raw': 0.0}
PREFLIGHT {'step': 12, 'seconds': 0.1889267908409238, 'accuracy': 0.0, 'count': 0.0, 'exact_accuracy': 0.0, 'lm_loss': 2.488273859024048, 'q_halt_accuracy': 0.0, 'q_halt_loss': 0.006715297698974609, 'steps': 0.0, 'lr': 5.5e-07, '_count_raw': 0.0}
PREFLIGHT {'step': 13, 'seconds': 0.1890050182119012, 'accuracy': 0.0, 'count': 0.0, 'exact_accuracy': 0.0, 'lm_loss': 2.4874184131622314, 'q_halt_accuracy': 0.0, 'q_halt_loss': 0.006715297698974609, 'steps': 0.0, 'lr': 6.000000000000001e-07, '_count_raw': 0.0}
PREFLIGHT {'step': 14, 'seconds': 0.18881935719400644, 'accuracy': 0.0, 'count': 0.0, 'exact_accuracy': 0.0, 'lm_loss': 2.4865121841430664, 'q_halt_accuracy': 0.0, 'q_halt_loss': 0.006715297698974609, 'steps': 0.0, 'lr': 6.500000000000001e-07, '_count_raw': 0.0}
PREFLIGHT {'step': 15, 'seconds': 0.18886081874370575, 'accuracy': 0.0, 'count': 0.0, 'exact_accuracy': 0.0, 'lm_loss': 2.4854886531829834, 'q_halt_accuracy': 0.0, 'q_halt_loss': 0.006715297698974609, 'steps': 0.0, 'lr': 7e-07, '_count_raw': 0.0}
PREFLIGHT {'step': 16, 'seconds': 0.18861691188067198, 'accuracy': 0.09249614179134369, 'count': 1.0, 'exact_accuracy': 0.0, 'lm_loss': 2.4843862056732178, 'q_halt_accuracy': 1.0, 'q_halt_loss': 0.006715297698974609, 'steps': 16.0, 'lr': 7.5e-07, '_count_raw': 128.0}
PREFLIGHT {'step': 17, 'seconds': 0.18895540107041597, 'accuracy': 0.0, 'count': 0.0, 'exact_accuracy': 0.0, 'lm_loss': 2.4822542667388916, 'q_halt_accuracy': 0.0, 'q_halt_loss': 0.006715297698974609, 'steps': 0.0, 'lr': 8.000000000000001e-07, '_count_raw': 0.0}
PREFLIGHT {'step': 18, 'seconds': 0.1892262827605009, 'accuracy': 0.0, 'count': 0.0, 'exact_accuracy': 0.0, 'lm_loss': 2.481940507888794, 'q_halt_accuracy': 0.0, 'q_halt_loss': 0.006715297698974609, 'steps': 0.0, 'lr': 8.5e-07, '_count_raw': 0.0}
PREFLIGHT {'step': 19, 'seconds': 0.18889038637280464, 'accuracy': 0.0, 'count': 0.0, 'exact_accuracy': 0.0, 'lm_loss': 2.4805831909179688, 'q_halt_accuracy': 0.0, 'q_halt_loss': 0.006715297698974609, 'steps': 0.0, 'lr': 9.000000000000001e-07, '_count_raw': 0.0}
PREFLIGHT {'step': 20, 'seconds': 0.1892506442964077, 'accuracy': 0.0, 'count': 0.0, 'exact_accuracy': 0.0, 'lm_loss': 2.479240655899048, 'q_halt_accuracy': 0.0, 'q_halt_loss': 0.006715297698974609, 'steps': 0.0, 'lr': 9.5e-07, '_count_raw': 0.0}
PREFLIGHT {'step': 21, 'seconds': 0.18863007798790932, 'accuracy': 0.0, 'count': 0.0, 'exact_accuracy': 0.0, 'lm_loss': 2.4777731895446777, 'q_halt_accuracy': 0.0, 'q_halt_loss': 0.006715297698974609, 'steps': 0.0, 'lr': 1e-06, '_count_raw': 0.0}
PREFLIGHT {'step': 22, 'seconds': 0.18895889539271593, 'accuracy': 0.0, 'count': 0.0, 'exact_accuracy': 0.0, 'lm_loss': 2.476280450820923, 'q_halt_accuracy': 0.0, 'q_halt_loss': 0.006715297698974609, 'steps': 0.0, 'lr': 1.0500000000000001e-06, '_count_raw': 0.0}
PREFLIGHT {'step': 23, 'seconds': 0.18885518237948418, 'accuracy': 0.0, 'count': 0.0, 'exact_accuracy': 0.0, 'lm_loss': 2.474660873413086, 'q_halt_accuracy': 0.0, 'q_halt_loss': 0.006715297698974609, 'steps': 0.0, 'lr': 1.1e-06, '_count_raw': 0.0}
PREFLIGHT {'step': 24, 'seconds': 0.18931965623050928, 'accuracy': 0.0, 'count': 0.0, 'exact_accuracy': 0.0, 'lm_loss': 2.472980499267578, 'q_halt_accuracy': 0.0, 'q_halt_loss': 0.006715297698974609, 'steps': 0.0, 'lr': 1.15e-06, '_count_raw': 0.0}
PREFLIGHT {'step': 25, 'seconds': 0.1891592415049672, 'accuracy': 0.0, 'count': 0.0, 'exact_accuracy': 0.0, 'lm_loss': 2.4711809158325195, 'q_halt_accuracy': 0.0, 'q_halt_loss': 0.006715297698974609, 'steps': 0.0, 'lr': 1.2000000000000002e-06, '_count_raw': 0.0}
PREFLIGHT {'step': 26, 'seconds': 0.1891164006665349, 'accuracy': 0.0, 'count': 0.0, 'exact_accuracy': 0.0, 'lm_loss': 2.4693174362182617, 'q_halt_accuracy': 0.0, 'q_halt_loss': 0.006715297698974609, 'steps': 0.0, 'lr': 1.25e-06, '_count_raw': 0.0}
PREFLIGHT {'step': 27, 'seconds': 0.18901982624083757, 'accuracy': 0.0, 'count': 0.0, 'exact_accuracy': 0.0, 'lm_loss': 2.4674322605133057, 'q_halt_accuracy': 0.0, 'q_halt_loss': 0.006715297698974609, 'steps': 0.0, 'lr': 1.3000000000000003e-06, '_count_raw': 0.0}
PREFLIGHT {'step': 28, 'seconds': 0.18909330666065216, 'accuracy': 0.0, 'count': 0.0, 'exact_accuracy': 0.0, 'lm_loss': 2.46541166305542, 'q_halt_accuracy': 0.0, 'q_halt_loss': 0.006715297698974609, 'steps': 0.0, 'lr': 1.35e-06, '_count_raw': 0.0}
PREFLIGHT {'step': 29, 'seconds': 0.18888289481401443, 'accuracy': 0.0, 'count': 0.0, 'exact_accuracy': 0.0, 'lm_loss': 2.463284492492676, 'q_halt_accuracy': 0.0, 'q_halt_loss': 0.006715297698974609, 'steps': 0.0, 'lr': 1.4e-06, '_count_raw': 0.0}
PREFLIGHT {'step': 30, 'seconds': 0.18958893790841103, 'accuracy': 0.0, 'count': 0.0, 'exact_accuracy': 0.0, 'lm_loss': 2.4611217975616455, 'q_halt_accuracy': 0.0, 'q_halt_loss': 0.006715297698974609, 'steps': 0.0, 'lr': 1.45e-06, '_count_raw': 0.0}
PREFLIGHT {'step': 31, 'seconds': 0.1894608847796917, 'accuracy': 0.0, 'count': 0.0, 'exact_accuracy': 0.0, 'lm_loss': 2.4589505195617676, 'q_halt_accuracy': 0.0, 'q_halt_loss': 0.006715297698974609, 'steps': 0.0, 'lr': 1.5e-06, '_count_raw': 0.0}
PREFLIGHT {'step': 32, 'seconds': 0.189026546664536, 'accuracy': 0.10387731343507767, 'count': 1.0, 'exact_accuracy': 0.0, 'lm_loss': 2.456613302230835, 'q_halt_accuracy': 1.0, 'q_halt_loss': 0.006715297698974609, 'steps': 16.0, 'lr': 1.5500000000000002e-06, '_count_raw': 128.0}
PREFLIGHT {'step': 33, 'seconds': 0.18918567523360252, 'accuracy': 0.0, 'count': 0.0, 'exact_accuracy': 0.0, 'lm_loss': 2.4536006450653076, 'q_halt_accuracy': 0.0, 'q_halt_loss': 0.006715297698974609, 'steps': 0.0, 'lr': 1.6000000000000001e-06, '_count_raw': 0.0}
PREFLIGHT {'step': 34, 'seconds': 0.18946608062833548, 'accuracy': 0.0, 'count': 0.0, 'exact_accuracy': 0.0, 'lm_loss': 2.4518537521362305, 'q_halt_accuracy': 0.0, 'q_halt_loss': 0.006715297698974609, 'steps': 0.0, 'lr': 1.65e-06, '_count_raw': 0.0}
PREFLIGHT {'step': 35, 'seconds': 0.18888801895081997, 'accuracy': 0.0, 'count': 0.0, 'exact_accuracy': 0.0, 'lm_loss': 2.4493207931518555, 'q_halt_accuracy': 0.0, 'q_halt_loss': 0.006715297698974609, 'steps': 0.0, 'lr': 1.7e-06, '_count_raw': 0.0}
PREFLIGHT {'step': 36, 'seconds': 0.1891216216608882, 'accuracy': 0.0, 'count': 0.0, 'exact_accuracy': 0.0, 'lm_loss': 2.44671368598938, 'q_halt_accuracy': 0.0, 'q_halt_loss': 0.006715297698974609, 'steps': 0.0, 'lr': 1.75e-06, '_count_raw': 0.0}
PREFLIGHT {'step': 37, 'seconds': 0.18986129108816385, 'accuracy': 0.0, 'count': 0.0, 'exact_accuracy': 0.0, 'lm_loss': 2.4440500736236572, 'q_halt_accuracy': 0.0, 'q_halt_loss': 0.006715297698974609, 'steps': 0.0, 'lr': 1.8000000000000001e-06, '_count_raw': 0.0}
PREFLIGHT {'step': 38, 'seconds': 0.18887475412338972, 'accuracy': 0.0, 'count': 0.0, 'exact_accuracy': 0.0, 'lm_loss': 2.4413163661956787, 'q_halt_accuracy': 0.0, 'q_halt_loss': 0.006715297698974609, 'steps': 0.0, 'lr': 1.85e-06, '_count_raw': 0.0}
PREFLIGHT {'step': 39, 'seconds': 0.1895029405131936, 'accuracy': 0.0, 'count': 0.0, 'exact_accuracy': 0.0, 'lm_loss': 2.438408136367798, 'q_halt_accuracy': 0.0, 'q_halt_loss': 0.006715297698974609, 'steps': 0.0, 'lr': 1.9e-06, '_count_raw': 0.0}
PREFLIGHT {'step': 40, 'seconds': 0.18930030893534422, 'accuracy': 0.0, 'count': 0.0, 'exact_accuracy': 0.0, 'lm_loss': 2.4355711936950684, 'q_halt_accuracy': 0.0, 'q_halt_loss': 0.006715297698974609, 'steps': 0.0, 'lr': 1.95e-06, '_count_raw': 0.0}
