[EXTRAP] start step=100000 weights=raw segs=128 global_n=1000
# step=100000 weights=raw segs=128 global_n=1000 elapsed=39.9s partial=False
# lt-kv-stdp-fast-weight-v1:research-pairangle_phase_tau2_r2_unrotated_dca1_swiglu_bf16_qkl2_sum; per segment 0+8 blocks (no-grad+grad); train segments=16
# seg acc exact n exact_percent churn
   1 0.747481     24   1000 2.4000 0.000000
   2 0.832086    257   1000 25.7000 0.190926
   3 0.863358    496   1000 49.6000 0.107457
   4 0.878802    588   1000 58.8000 0.080877
   5 0.885148    630   1000 63.0000 0.069667
   6 0.890136    653   1000 65.3000 0.064333
   7 0.893506    673   1000 67.3000 0.060494
   8 0.896815    683   1000 68.3000 0.057173
   9 0.896802    692   1000 69.2000 0.054988
  10 0.898469    700   1000 70.0000 0.053506
  11 0.900506    703   1000 70.3000 0.053704
  12 0.900432    709   1000 70.9000 0.052025
  13 0.899407    710   1000 71.0000 0.050926
  14 0.904272    711   1000 71.1000 0.052198
  15 0.902963    715   1000 71.5000 0.050963
  16 0.903185    717   1000 71.7000 0.048556  <-train
  17 0.903815    721   1000 72.1000 0.049951
  18 0.905012    724   1000 72.4000 0.049160
  19 0.904457    725   1000 72.5000 0.049235
  20 0.905457    726   1000 72.6000 0.048432
  21 0.905284    729   1000 72.9000 0.048210
  22 0.906667    729   1000 72.9000 0.048531
  23 0.906198    729   1000 72.9000 0.049617
  24 0.906284    731   1000 73.1000 0.048222
  25 0.903753    733   1000 73.3000 0.049309
  26 0.907901    733   1000 73.3000 0.048951
  27 0.906346    733   1000 73.3000 0.047951
  28 0.906901    734   1000 73.4000 0.048531
  29 0.907136    738   1000 73.8000 0.048383
  30 0.907802    738   1000 73.8000 0.047198
  31 0.909346    740   1000 74.0000 0.047716
  32 0.910333    741   1000 74.1000 0.045889
  33 0.909037    742   1000 74.2000 0.046160
  34 0.909037    742   1000 74.2000 0.044877
  35 0.908864    743   1000 74.3000 0.047111
  36 0.910506    743   1000 74.3000 0.046617
  37 0.911370    745   1000 74.5000 0.045000
  38 0.911185    745   1000 74.5000 0.046025
  39 0.911556    746   1000 74.6000 0.044827
  40 0.913272    746   1000 74.6000 0.045642
  41 0.911370    746   1000 74.6000 0.045753
  42 0.911420    748   1000 74.8000 0.044988
  43 0.911765    748   1000 74.8000 0.043716
  44 0.912148    748   1000 74.8000 0.045877
  45 0.912679    749   1000 74.9000 0.043741
  46 0.911457    749   1000 74.9000 0.044580
  47 0.912012    751   1000 75.1000 0.043123
  48 0.914938    751   1000 75.1000 0.044420
  49 0.913654    752   1000 75.2000 0.045074
  50 0.912889    756   1000 75.6000 0.043840
  51 0.914531    756   1000 75.6000 0.043704
  52 0.914691    756   1000 75.6000 0.042704
  53 0.913938    756   1000 75.6000 0.043815
  54 0.913840    756   1000 75.6000 0.041951
  55 0.913580    757   1000 75.7000 0.042556
  56 0.915531    759   1000 75.9000 0.043136
  57 0.916543    761   1000 76.1000 0.042778
  58 0.914765    761   1000 76.1000 0.042247
  59 0.916099    762   1000 76.2000 0.041580
  60 0.916395    762   1000 76.2000 0.042235
  61 0.916444    762   1000 76.2000 0.042432
  62 0.915938    763   1000 76.3000 0.041605
  63 0.916753    763   1000 76.3000 0.041210
  64 0.917370    763   1000 76.3000 0.043210
  65 0.916580    764   1000 76.4000 0.042333
  66 0.916815    764   1000 76.4000 0.041309
  67 0.916259    765   1000 76.5000 0.042802
  68 0.916148    765   1000 76.5000 0.043000
  69 0.917469    765   1000 76.5000 0.043580
  70 0.917370    767   1000 76.7000 0.040716
  71 0.915951    768   1000 76.8000 0.041321
  72 0.916988    768   1000 76.8000 0.041037
  73 0.918667    768   1000 76.8000 0.040580
  74 0.919383    769   1000 76.9000 0.041210
  75 0.918000    770   1000 77.0000 0.040963
  76 0.917877    771   1000 77.1000 0.040765
  77 0.919667    771   1000 77.1000 0.040383
  78 0.917926    771   1000 77.1000 0.038877
  79 0.917000    772   1000 77.2000 0.041494
  80 0.920210    773   1000 77.3000 0.042222
  81 0.920667    774   1000 77.4000 0.038840
  82 0.919741    774   1000 77.4000 0.039210
  83 0.919617    775   1000 77.5000 0.038975
  84 0.919642    775   1000 77.5000 0.039765
  85 0.920605    775   1000 77.5000 0.040049
  86 0.918679    775   1000 77.5000 0.040309
  87 0.919543    775   1000 77.5000 0.040074
  88 0.920469    775   1000 77.5000 0.040617
  89 0.920012    776   1000 77.6000 0.041889
  90 0.919556    776   1000 77.6000 0.040815
  91 0.919531    776   1000 77.6000 0.040556
  92 0.920951    776   1000 77.6000 0.040593
  93 0.921877    777   1000 77.7000 0.040802
  94 0.921025    777   1000 77.7000 0.039049
  95 0.921556    777   1000 77.7000 0.038432
  96 0.920123    778   1000 77.8000 0.039877
  97 0.919988    778   1000 77.8000 0.038840
  98 0.921074    778   1000 77.8000 0.038988
  99 0.921889    778   1000 77.8000 0.038840
 100 0.919420    778   1000 77.8000 0.038321
 101 0.920815    778   1000 77.8000 0.038420
 102 0.920716    778   1000 77.8000 0.037914
 103 0.920420    779   1000 77.9000 0.040000
 104 0.921753    778   1000 77.8000 0.039901
 105 0.921877    779   1000 77.9000 0.039432
 106 0.922099    779   1000 77.9000 0.039778
 107 0.920593    779   1000 77.9000 0.039914
 108 0.921716    779   1000 77.9000 0.039025
 109 0.921951    779   1000 77.9000 0.038704
 110 0.920753    779   1000 77.9000 0.039185
 111 0.920741    780   1000 78.0000 0.039284
 112 0.920852    780   1000 78.0000 0.039519
 113 0.921074    780   1000 78.0000 0.040062
 114 0.921235    780   1000 78.0000 0.040321
 115 0.920494    780   1000 78.0000 0.040000
 116 0.921519    780   1000 78.0000 0.039086
 117 0.920765    780   1000 78.0000 0.038247
 118 0.920926    781   1000 78.1000 0.040321
 119 0.921333    781   1000 78.1000 0.040235
 120 0.922432    781   1000 78.1000 0.039494
 121 0.921765    783   1000 78.3000 0.038728
 122 0.920346    783   1000 78.3000 0.038444
 123 0.921111    783   1000 78.3000 0.039988
 124 0.922358    783   1000 78.3000 0.039284
 125 0.923864    784   1000 78.4000 0.040543
 126 0.922123    784   1000 78.4000 0.039691
 127 0.921136    784   1000 78.4000 0.037605
 128 0.921605    784   1000 78.4000 0.037494

# train: seg16 acc=0.903185 exact=717/1000 (71.7000%) churn=0.048556
# best_acc [same n=1000]: seg125 acc=0.923864 exact=784/1000 (78.4000%) churn=0.040543
# best_exact [same n=1000]: seg125 acc=0.923864 exact=784/1000 (78.4000%) churn=0.040543
# final: seg128 acc=0.921605 exact=784/1000 (78.4000%) churn=0.037494
# best-train: exact=+67 percentage_points=+6.7000
[EXTRAP] step 100000 weights=raw -> /workspace/something/runs/pairangle_unrotated_dca1_swiglu_bf16fused_20261010/diagnostics/extrap_step100000_ema_train_n1000_seg128.txt, /workspace/something/runs/pairangle_unrotated_dca1_swiglu_bf16fused_20261010/diagnostics/extrap_step100000_ema_train_n1000_seg128.json, /workspace/something/runs/pairangle_unrotated_dca1_swiglu_bf16fused_20261010/diagnostics/extrap_results.jsonl
WROTE /workspace/something/runs/pairangle_unrotated_dca1_swiglu_bf16fused_20261010/diagnostics/extrap_step100000_ema_train_n1000_seg128.txt (ema)
TRAIN_EXTRAP_DONE
