[EXTRAP] start step=100000 weights=raw segs=128 global_n=512
# step=100000 weights=raw segs=128 global_n=512 elapsed=20.7s partial=False
# lt-kv-stdp-fast-weight-v1:research-pairangle_phase_tau2_r2_unrotated_dca1_swiglu_bf16_qkl2_sum; per segment 0+8 blocks (no-grad+grad); train segments=16
# seg acc exact n exact_percent churn
   1 0.716242     13    512 2.5391 0.000000
   2 0.773968     79    512 15.4297 0.189429
   3 0.800540    178    512 34.7656 0.123891
   4 0.813730    219    512 42.7734 0.101972
   5 0.819661    245    512 47.8516 0.091893
   6 0.822000    251    512 49.0234 0.087794
   7 0.829403    260    512 50.7812 0.085600
   8 0.834033    269    512 52.5391 0.081019
   9 0.834322    273    512 53.3203 0.078511
  10 0.833623    274    512 53.5156 0.077787
  11 0.835696    284    512 55.4688 0.076341
  12 0.839554    286    512 55.8594 0.075545
  13 0.840905    287    512 56.0547 0.073351
  14 0.840519    291    512 56.8359 0.072651
  15 0.843268    296    512 57.8125 0.072603
  16 0.842930    298    512 58.2031 0.070433  <-train
  17 0.842496    300    512 58.5938 0.071253
  18 0.847295    301    512 58.7891 0.071398
  19 0.846161    302    512 58.9844 0.068890
  20 0.846065    304    512 59.3750 0.067106
  21 0.849875    306    512 59.7656 0.068962
  22 0.848741    306    512 59.7656 0.067877
  23 0.845703    306    512 59.7656 0.063513
  24 0.847078    306    512 59.7656 0.067057
  25 0.850502    307    512 59.9609 0.068094
  26 0.848548    308    512 60.1562 0.065996
  27 0.848621    308    512 60.1562 0.069203
  28 0.849537    308    512 60.1562 0.066575
  29 0.848187    309    512 60.3516 0.065948
  30 0.848814    309    512 60.3516 0.063392
  31 0.850598    309    512 60.3516 0.061535
  32 0.848790    309    512 60.3516 0.064333
  33 0.850839    310    512 60.5469 0.065297
  34 0.850357    310    512 60.5469 0.062958
  35 0.849537    311    512 60.7422 0.064188
  36 0.851538    311    512 60.7422 0.063489
  37 0.851562    311    512 60.7422 0.063633
  38 0.850646    312    512 60.9375 0.063947
  39 0.852165    312    512 60.9375 0.066141
  40 0.852599    312    512 60.9375 0.064477
  41 0.851659    313    512 61.1328 0.063127
  42 0.851755    313    512 61.1328 0.065249
  43 0.850743    313    512 61.1328 0.063947
  44 0.851370    313    512 61.1328 0.066213
  45 0.854022    314    512 61.3281 0.062162
  46 0.852382    314    512 61.3281 0.064525
  47 0.850743    314    512 61.3281 0.063923
  48 0.851056    315    512 61.5234 0.063585
  49 0.852744    316    512 61.7188 0.062138
  50 0.852551    316    512 61.7188 0.061897
  51 0.855252    316    512 61.7188 0.063151
  52 0.853974    316    512 61.7188 0.065345
  53 0.851442    316    512 61.7188 0.066093
  54 0.851972    316    512 61.7188 0.066840
  55 0.854962    316    512 61.7188 0.063802
  56 0.852961    317    512 61.9141 0.061560
  57 0.855035    317    512 61.9141 0.062428
  58 0.854697    317    512 61.9141 0.062693
  59 0.853347    317    512 61.9141 0.064598
  60 0.853877    317    512 61.9141 0.066406
  61 0.854118    319    512 62.3047 0.061849
  62 0.855806    319    512 62.3047 0.062283
  63 0.855300    319    512 62.3047 0.063440
  64 0.856626    320    512 62.5000 0.062813
  65 0.855469    320    512 62.5000 0.063151
  66 0.857832    321    512 62.6953 0.062982
  67 0.856409    321    512 62.6953 0.061680
  68 0.857759    322    512 62.8906 0.061126
  69 0.857880    322    512 62.8906 0.062765
  70 0.855421    322    512 62.8906 0.061753
  71 0.856698    322    512 62.8906 0.059727
  72 0.856337    322    512 62.8906 0.061897
  73 0.858603    322    512 62.8906 0.062042
  74 0.858193    323    512 63.0859 0.061511
  75 0.855541    323    512 63.0859 0.059799
  76 0.856674    323    512 63.0859 0.060523
  77 0.858362    323    512 63.0859 0.060306
  78 0.857422    323    512 63.0859 0.061343
  79 0.859785    323    512 63.0859 0.062259
  80 0.857181    323    512 63.0859 0.060860
  81 0.859158    323    512 63.0859 0.061463
  82 0.859520    324    512 63.2812 0.061246
  83 0.858845    324    512 63.2812 0.059944
  84 0.857832    324    512 63.2812 0.058666
  85 0.857253    324    512 63.2812 0.057629
  86 0.860340    324    512 63.2812 0.061126
  87 0.860991    324    512 63.2812 0.059004
  88 0.860412    325    512 63.4766 0.059703
  89 0.857157    326    512 63.6719 0.062211
  90 0.860918    326    512 63.6719 0.058690
  91 0.860412    326    512 63.6719 0.059172
  92 0.859254    326    512 63.6719 0.060137
  93 0.858893    326    512 63.6719 0.059848
  94 0.861063    326    512 63.6719 0.059245
  95 0.859062    326    512 63.6719 0.056351
  96 0.861617    326    512 63.6719 0.059148
  97 0.859616    326    512 63.6719 0.059462
  98 0.861280    326    512 63.6719 0.058208
  99 0.858459    326    512 63.6719 0.059703
 100 0.859279    326    512 63.6719 0.059124
 101 0.859086    326    512 63.6719 0.056520
 102 0.860340    326    512 63.6719 0.059269
 103 0.859930    326    512 63.6719 0.058690
 104 0.857301    326    512 63.6719 0.060836
 105 0.861545    326    512 63.6719 0.059414
 106 0.859978    326    512 63.6719 0.058497
 107 0.859254    326    512 63.6719 0.061053
 108 0.859351    326    512 63.6719 0.058618
 109 0.859833    326    512 63.6719 0.060981
 110 0.862220    326    512 63.6719 0.059365
 111 0.860026    326    512 63.6719 0.058184
 112 0.858410    326    512 63.6719 0.059221
 113 0.859930    326    512 63.6719 0.058546
 114 0.861593    326    512 63.6719 0.059052
 115 0.859857    328    512 64.0625 0.056834
 116 0.860557    328    512 64.0625 0.059052
 117 0.863233    328    512 64.0625 0.058304
 118 0.863812    329    512 64.2578 0.059534
 119 0.860605    329    512 64.2578 0.061053
 120 0.861569    329    512 64.2578 0.058980
 121 0.862775    330    512 64.4531 0.056858
 122 0.863233    330    512 64.4531 0.055797
 123 0.862052    330    512 64.4531 0.058063
 124 0.861328    330    512 64.4531 0.058763
 125 0.863281    330    512 64.4531 0.060137
 126 0.863088    330    512 64.4531 0.060426
 127 0.863329    330    512 64.4531 0.060981
 128 0.861521    330    512 64.4531 0.061970

# train: seg16 acc=0.842930 exact=298/512 (58.2031%) churn=0.070433
# best_acc [same n=512]: seg118 acc=0.863812 exact=329/512 (64.2578%) churn=0.059534
# best_exact [same n=512]: seg121 acc=0.862775 exact=330/512 (64.4531%) churn=0.056858
# final: seg128 acc=0.861521 exact=330/512 (64.4531%) churn=0.061970
# best-train: exact=+32 percentage_points=+6.2500
[EXTRAP] step 100000 weights=raw -> /workspace/something/runs/pairangle_unrotated_dca1_swiglu_bf16fused_20261010/diagnostics/extrap_step100000_ema_n512_seg128.txt, /workspace/something/runs/pairangle_unrotated_dca1_swiglu_bf16fused_20261010/diagnostics/extrap_step100000_ema_n512_seg128.json, /workspace/something/runs/pairangle_unrotated_dca1_swiglu_bf16fused_20261010/diagnostics/extrap_results.jsonl
WROTE /workspace/something/runs/pairangle_unrotated_dca1_swiglu_bf16fused_20261010/diagnostics/extrap_step100000_ema_n512_seg128.txt (ema)
[EXTRAP] start step=100000 weights=raw segs=128 global_n=2048
# step=100000 weights=raw segs=128 global_n=2048 elapsed=81.2s partial=False
# lt-kv-stdp-fast-weight-v1:research-pairangle_phase_tau2_r2_unrotated_dca1_swiglu_bf16_qkl2_sum; per segment 0+8 blocks (no-grad+grad); train segments=16
# seg acc exact n exact_percent churn
   1 0.730408     54   2048 2.6367 0.000000
   2 0.794837    402   2048 19.6289 0.187898
   3 0.818215    790   2048 38.5742 0.116970
   4 0.832797    967   2048 47.2168 0.095040
   5 0.836733   1043   2048 50.9277 0.087240
   6 0.841966   1089   2048 53.1738 0.081236
   7 0.845974   1114   2048 54.3945 0.078601
   8 0.848307   1141   2048 55.7129 0.075786
   9 0.850013   1162   2048 56.7383 0.074056
  10 0.849905   1170   2048 57.1289 0.072893
  11 0.852425   1189   2048 58.0566 0.072838
  12 0.853980   1199   2048 58.5449 0.071988
  13 0.855445   1208   2048 58.9844 0.071187
  14 0.856711   1220   2048 59.5703 0.070228
  15 0.858398   1232   2048 60.1562 0.068920
  16 0.858097   1236   2048 60.3516 0.067009  <-train
  17 0.858465   1249   2048 60.9863 0.066581
  18 0.859248   1253   2048 61.1816 0.067600
  19 0.860436   1256   2048 61.3281 0.066726
  20 0.860231   1261   2048 61.5723 0.065454
  21 0.860840   1263   2048 61.6699 0.065918
  22 0.861816   1265   2048 61.7676 0.065689
  23 0.861630   1269   2048 61.9629 0.063989
  24 0.861208   1272   2048 62.1094 0.064682
  25 0.862335   1274   2048 62.2070 0.064724
  26 0.861129   1276   2048 62.3047 0.064236
  27 0.863583   1277   2048 62.3535 0.065490
  28 0.863125   1280   2048 62.5000 0.063465
  29 0.863486   1284   2048 62.6953 0.063754
  30 0.863745   1284   2048 62.6953 0.063326
  31 0.863788   1284   2048 62.6953 0.061560
  32 0.863661   1286   2048 62.7930 0.062663
  33 0.864662   1289   2048 62.9395 0.063308
  34 0.864830   1291   2048 63.0371 0.061879
  35 0.865307   1294   2048 63.1836 0.063091
  36 0.866108   1297   2048 63.3301 0.061095
  37 0.866440   1299   2048 63.4277 0.062717
  38 0.866536   1302   2048 63.5742 0.061994
  39 0.866458   1302   2048 63.5742 0.061391
  40 0.866006   1302   2048 63.5742 0.062313
  41 0.866693   1305   2048 63.7207 0.061415
  42 0.866428   1307   2048 63.8184 0.061837
  43 0.867826   1308   2048 63.8672 0.062572
  44 0.866717   1310   2048 63.9648 0.060734
  45 0.867845   1312   2048 64.0625 0.058925
  46 0.867730   1312   2048 64.0625 0.060179
  47 0.868532   1313   2048 64.1113 0.060770
  48 0.868743   1316   2048 64.2578 0.060438
  49 0.869104   1320   2048 64.4531 0.059757
  50 0.868502   1320   2048 64.4531 0.059594
  51 0.868580   1322   2048 64.5508 0.059492
  52 0.869068   1322   2048 64.5508 0.060245
  53 0.868550   1322   2048 64.5508 0.061475
  54 0.868212   1322   2048 64.5508 0.060167
  55 0.868899   1322   2048 64.5508 0.060173
  56 0.869406   1323   2048 64.5996 0.058925
  57 0.868845   1325   2048 64.6973 0.059076
  58 0.869532   1326   2048 64.7461 0.057997
  59 0.869822   1328   2048 64.8438 0.058455
  60 0.869942   1328   2048 64.8438 0.060016
  61 0.869207   1330   2048 64.9414 0.058449
  62 0.870009   1330   2048 64.9414 0.059450
  63 0.870250   1330   2048 64.9414 0.059245
  64 0.869671   1332   2048 65.0391 0.058383
  65 0.870238   1332   2048 65.0391 0.058425
  66 0.869942   1334   2048 65.1367 0.058714
  67 0.870039   1334   2048 65.1367 0.057925
  68 0.870750   1335   2048 65.1855 0.058226
  69 0.871208   1335   2048 65.1855 0.058582
  70 0.870364   1336   2048 65.2344 0.058238
  71 0.869774   1336   2048 65.2344 0.057919
  72 0.871389   1336   2048 65.2344 0.058154
  73 0.871775   1336   2048 65.2344 0.058913
  74 0.870997   1337   2048 65.2832 0.058226
  75 0.870183   1339   2048 65.3809 0.057979
  76 0.870654   1339   2048 65.3809 0.058443
  77 0.871467   1339   2048 65.3809 0.059209
  78 0.871184   1339   2048 65.3809 0.058087
  79 0.872372   1341   2048 65.4785 0.059263
  80 0.871757   1342   2048 65.5273 0.058220
  81 0.871926   1342   2048 65.5273 0.058208
  82 0.871480   1343   2048 65.5762 0.058238
  83 0.872534   1344   2048 65.6250 0.057822
  84 0.872372   1344   2048 65.6250 0.057521
  85 0.871944   1345   2048 65.6738 0.057762
  86 0.872444   1345   2048 65.6738 0.059263
  87 0.873131   1346   2048 65.7227 0.057641
  88 0.873324   1347   2048 65.7715 0.057943
  89 0.871257   1348   2048 65.8203 0.057882
  90 0.872975   1348   2048 65.8203 0.055833
  91 0.872655   1348   2048 65.8203 0.056834
  92 0.873342   1348   2048 65.8203 0.057382
  93 0.872384   1348   2048 65.8203 0.057388
  94 0.873601   1348   2048 65.8203 0.057515
  95 0.872052   1348   2048 65.8203 0.057171
  96 0.873589   1348   2048 65.8203 0.056418
  97 0.872480   1348   2048 65.8203 0.056195
  98 0.871962   1348   2048 65.8203 0.055821
  99 0.872402   1348   2048 65.8203 0.057406
 100 0.872064   1348   2048 65.8203 0.056550
 101 0.872794   1349   2048 65.8691 0.055465
 102 0.872336   1349   2048 65.8691 0.056436
 103 0.872709   1349   2048 65.8691 0.056249
 104 0.872498   1350   2048 65.9180 0.056695
 105 0.873794   1350   2048 65.9180 0.057340
 106 0.872872   1350   2048 65.9180 0.057653
 107 0.873143   1350   2048 65.9180 0.057274
 108 0.872890   1350   2048 65.9180 0.057237
 109 0.873059   1350   2048 65.9180 0.057683
 110 0.873933   1350   2048 65.9180 0.057430
 111 0.873589   1350   2048 65.9180 0.057177
 112 0.873668   1350   2048 65.9180 0.057858
 113 0.873149   1350   2048 65.9180 0.057545
 114 0.873957   1350   2048 65.9180 0.057123
 115 0.872667   1352   2048 66.0156 0.057045
 116 0.873113   1352   2048 66.0156 0.056038
 117 0.874210   1352   2048 66.0156 0.057075
 118 0.874337   1353   2048 66.0645 0.057919
 119 0.873342   1353   2048 66.0645 0.058588
 120 0.873312   1353   2048 66.0645 0.057714
 121 0.873475   1354   2048 66.1133 0.056237
 122 0.873722   1354   2048 66.1133 0.056195
 123 0.874265   1354   2048 66.1133 0.056815
 124 0.873324   1354   2048 66.1133 0.058298
 125 0.874638   1354   2048 66.1133 0.058118
 126 0.874271   1354   2048 66.1133 0.057907
 127 0.873855   1354   2048 66.1133 0.058105
 128 0.872824   1354   2048 66.1133 0.058136

# train: seg16 acc=0.858097 exact=1236/2048 (60.3516%) churn=0.067009
# best_acc [same n=2048]: seg125 acc=0.874638 exact=1354/2048 (66.1133%) churn=0.058118
# best_exact [same n=2048]: seg121 acc=0.873475 exact=1354/2048 (66.1133%) churn=0.056237
# final: seg128 acc=0.872824 exact=1354/2048 (66.1133%) churn=0.058136
# best-train: exact=+118 percentage_points=+5.7617
[EXTRAP] step 100000 weights=raw -> /workspace/something/runs/pairangle_unrotated_dca1_swiglu_bf16fused_20261010/diagnostics/extrap_step100000_ema_n2048_seg128.txt, /workspace/something/runs/pairangle_unrotated_dca1_swiglu_bf16fused_20261010/diagnostics/extrap_step100000_ema_n2048_seg128.json, /workspace/something/runs/pairangle_unrotated_dca1_swiglu_bf16fused_20261010/diagnostics/extrap_results.jsonl
WROTE /workspace/something/runs/pairangle_unrotated_dca1_swiglu_bf16fused_20261010/diagnostics/extrap_step100000_ema_n2048_seg128.txt (ema)
[EXTRAP] start step=100000 weights=raw segs=128 global_n=512
# step=100000 weights=raw segs=128 global_n=512 elapsed=20.3s partial=False
# lt-kv-stdp-fast-weight-v1:research-pairangle_phase_tau2_r2_unrotated_dca1_swiglu_bf16_qkl2_sum; per segment 0+8 blocks (no-grad+grad); train segments=16
# seg acc exact n exact_percent churn
   1 0.688079     13    512 2.5391 0.000000
   2 0.725815     50    512 9.7656 0.194854
   3 0.746817    105    512 20.5078 0.120539
   4 0.758198    144    512 28.1250 0.093895
   5 0.765890    160    512 31.2500 0.084925
   6 0.771099    182    512 35.5469 0.077980
   7 0.774836    193    512 37.6953 0.074725
   8 0.775342    199    512 38.8672 0.068528
   9 0.776837    202    512 39.4531 0.069951
  10 0.777344    203    512 39.6484 0.067226
  11 0.778959    202    512 39.4531 0.068263
  12 0.779225    202    512 39.4531 0.067274
  13 0.776186    203    512 39.6484 0.067395
  14 0.779610    204    512 39.8438 0.066165
  15 0.776452    204    512 39.8438 0.063682
  16 0.780671    205    512 40.0391 0.065900  <-train
  17 0.780213    206    512 40.2344 0.063706
  18 0.783131    209    512 40.8203 0.066406
  19 0.781346    210    512 41.0156 0.064260
  20 0.782697    210    512 41.0156 0.066045
  21 0.780382    210    512 41.0156 0.064116
  22 0.783010    210    512 41.0156 0.062404
  23 0.780912    211    512 41.2109 0.061849
  24 0.781033    212    512 41.4062 0.061897
  25 0.780575    212    512 41.4062 0.062596
  26 0.781901    214    512 41.7969 0.060016
  27 0.781732    214    512 41.7969 0.063296
  28 0.785397    215    512 41.9922 0.059365
  29 0.782866    215    512 41.9922 0.060957
  30 0.784867    214    512 41.7969 0.061198
  31 0.783975    214    512 41.7969 0.061728
  32 0.781371    214    512 41.7969 0.060523
  33 0.782190    214    512 41.7969 0.059197
  34 0.782094    214    512 41.7969 0.062428
  35 0.782793    214    512 41.7969 0.060764
  36 0.784481    214    512 41.7969 0.059920
  37 0.782504    214    512 41.7969 0.060547
  38 0.783541    216    512 42.1875 0.060330
  39 0.787616    218    512 42.5781 0.060547
  40 0.788532    221    512 43.1641 0.057581
  41 0.787881    221    512 43.1641 0.057195
  42 0.787495    221    512 43.1641 0.056809
  43 0.786024    221    512 43.1641 0.058063
  44 0.787857    221    512 43.1641 0.058763
  45 0.786555    221    512 43.1641 0.056472
  46 0.786145    221    512 43.1641 0.055773
  47 0.787206    222    512 43.3594 0.056279
  48 0.786241    222    512 43.3594 0.058039
  49 0.787809    222    512 43.3594 0.057051
  50 0.788990    222    512 43.3594 0.058208
  51 0.786290    222    512 43.3594 0.057846
  52 0.787833    222    512 43.3594 0.058136
  53 0.786193    222    512 43.3594 0.056544
  54 0.787495    222    512 43.3594 0.059100
  55 0.787085    222    512 43.3594 0.057653
  56 0.787640    222    512 43.3594 0.057653
  57 0.789424    223    512 43.5547 0.059510
  58 0.787037    223    512 43.5547 0.057316
  59 0.787809    223    512 43.5547 0.059341
  60 0.787278    223    512 43.5547 0.056906
  61 0.788219    223    512 43.5547 0.060499
  62 0.786603    223    512 43.5547 0.057123
  63 0.785301    223    512 43.5547 0.058160
  64 0.788098    223    512 43.5547 0.056761
  65 0.788821    223    512 43.5547 0.057292
  66 0.787302    223    512 43.5547 0.059389
  67 0.786941    223    512 43.5547 0.058497
  68 0.788773    223    512 43.5547 0.057919
  69 0.789038    223    512 43.5547 0.055845
  70 0.788628    223    512 43.5547 0.055845
  71 0.790316    223    512 43.5547 0.057147
  72 0.787592    224    512 43.7500 0.056617
  73 0.788821    224    512 43.7500 0.057412
  74 0.787495    224    512 43.7500 0.058329
  75 0.790823    224    512 43.7500 0.057967
  76 0.785639    224    512 43.7500 0.055773
  77 0.789641    224    512 43.7500 0.057147
  78 0.787182    224    512 43.7500 0.057099
  79 0.788725    224    512 43.7500 0.057075
  80 0.788074    224    512 43.7500 0.055676
  81 0.786916    224    512 43.7500 0.054760
  82 0.789014    224    512 43.7500 0.058063
  83 0.787037    224    512 43.7500 0.057051
  84 0.787399    224    512 43.7500 0.055773
  85 0.788436    224    512 43.7500 0.056617
  86 0.788194    224    512 43.7500 0.056785
  87 0.786748    224    512 43.7500 0.056665
  88 0.786748    224    512 43.7500 0.056641
  89 0.787736    224    512 43.7500 0.056592
  90 0.788725    224    512 43.7500 0.056641
  91 0.787664    224    512 43.7500 0.057147
  92 0.788484    224    512 43.7500 0.056062
  93 0.786651    224    512 43.7500 0.055797
  94 0.786772    224    512 43.7500 0.058087
  95 0.788122    224    512 43.7500 0.057075
  96 0.787375    224    512 43.7500 0.059269
  97 0.787712    224    512 43.7500 0.058618
  98 0.786193    224    512 43.7500 0.057051
  99 0.787230    224    512 43.7500 0.057243
 100 0.788460    224    512 43.7500 0.056399
 101 0.787471    224    512 43.7500 0.058280
 102 0.786941    224    512 43.7500 0.057485
 103 0.788026    224    512 43.7500 0.057726
 104 0.786555    224    512 43.7500 0.057075
 105 0.788773    224    512 43.7500 0.059341
 106 0.787254    224    512 43.7500 0.058208
 107 0.787037    224    512 43.7500 0.060354
 108 0.788580    224    512 43.7500 0.055990
 109 0.787230    224    512 43.7500 0.056038
 110 0.790702    224    512 43.7500 0.057822
 111 0.787664    224    512 43.7500 0.056255
 112 0.787688    224    512 43.7500 0.057195
 113 0.787037    224    512 43.7500 0.056737
 114 0.790075    225    512 43.9453 0.057436
 115 0.789448    225    512 43.9453 0.057677
 116 0.788797    225    512 43.9453 0.059076
 117 0.787447    225    512 43.9453 0.057075
 118 0.789593    225    512 43.9453 0.058594
 119 0.789521    225    512 43.9453 0.057460
 120 0.787399    225    512 43.9453 0.056809
 121 0.787592    225    512 43.9453 0.057533
 122 0.790823    225    512 43.9453 0.056086
 123 0.789738    225    512 43.9453 0.058883
 124 0.788821    225    512 43.9453 0.055266
 125 0.787977    225    512 43.9453 0.056424
 126 0.787953    225    512 43.9453 0.056134
 127 0.788243    225    512 43.9453 0.057268
 128 0.787109    225    512 43.9453 0.058256

# train: seg16 acc=0.780671 exact=205/512 (40.0391%) churn=0.065900
# best_acc [same n=512]: seg122 acc=0.790823 exact=225/512 (43.9453%) churn=0.056086
# best_exact [same n=512]: seg114 acc=0.790075 exact=225/512 (43.9453%) churn=0.057436
# final: seg128 acc=0.787109 exact=225/512 (43.9453%) churn=0.058256
# best-train: exact=+20 percentage_points=+3.9062
[EXTRAP] step 100000 weights=raw -> /workspace/something/runs/pairangle_unrotated_dca1_swiglu_bf16fused_20261010/diagnostics/extrap_step100000_raw_n512_seg128.txt, /workspace/something/runs/pairangle_unrotated_dca1_swiglu_bf16fused_20261010/diagnostics/extrap_step100000_raw_n512_seg128.json, /workspace/something/runs/pairangle_unrotated_dca1_swiglu_bf16fused_20261010/diagnostics/extrap_results.jsonl
WROTE /workspace/something/runs/pairangle_unrotated_dca1_swiglu_bf16fused_20261010/diagnostics/extrap_step100000_raw_n512_seg128.txt (raw)
[EXTRAP] start step=100000 weights=raw segs=128 global_n=2048
# step=100000 weights=raw segs=128 global_n=2048 elapsed=81.9s partial=False
# lt-kv-stdp-fast-weight-v1:research-pairangle_phase_tau2_r2_unrotated_dca1_swiglu_bf16_qkl2_sum; per segment 0+8 blocks (no-grad+grad); train segments=16
# seg acc exact n exact_percent churn
   1 0.704047     53   2048 2.5879 0.000000
   2 0.746606    241   2048 11.7676 0.189773
   3 0.766252    519   2048 25.3418 0.113299
   4 0.775897    678   2048 33.1055 0.086197
   5 0.782691    744   2048 36.3281 0.077763
   6 0.785403    790   2048 38.5742 0.071681
   7 0.786886    826   2048 40.3320 0.068160
   8 0.789949    841   2048 41.0645 0.066364
   9 0.791124    860   2048 41.9922 0.066581
  10 0.791142    864   2048 42.1875 0.064706
  11 0.793367    872   2048 42.5781 0.064007
  12 0.792716    875   2048 42.7246 0.063808
  13 0.792884    883   2048 43.1152 0.062584
  14 0.794036    887   2048 43.3105 0.062259
  15 0.793433    889   2048 43.4082 0.060511
  16 0.794295    892   2048 43.5547 0.060981  <-train
  17 0.794602    898   2048 43.8477 0.059299
  18 0.795760    906   2048 44.2383 0.059661
  19 0.795338    907   2048 44.2871 0.059227
  20 0.796730    909   2048 44.3848 0.059341
  21 0.795838    911   2048 44.4824 0.058919
  22 0.795700    912   2048 44.5312 0.057991
  23 0.795284    914   2048 44.6289 0.058913
  24 0.795796    917   2048 44.7754 0.058913
  25 0.795706    917   2048 44.7754 0.058907
  26 0.796013    920   2048 44.9219 0.057762
  27 0.796507    923   2048 45.0684 0.057569
  28 0.797478    926   2048 45.2148 0.056381
  29 0.796513    926   2048 45.2148 0.057503
  30 0.797333    926   2048 45.2148 0.057774
  31 0.797767    926   2048 45.2148 0.057901
  32 0.796537    926   2048 45.2148 0.057732
  33 0.796803    926   2048 45.2148 0.055308
  34 0.797146    926   2048 45.2148 0.057032
  35 0.797484    926   2048 45.2148 0.056610
  36 0.797580    926   2048 45.2148 0.055122
  37 0.797767    926   2048 45.2148 0.056954
  38 0.797574    929   2048 45.3613 0.056966
  39 0.799172    931   2048 45.4590 0.056659
  40 0.799286    935   2048 45.6543 0.056430
  41 0.798563    935   2048 45.6543 0.057087
  42 0.798683    936   2048 45.7031 0.056195
  43 0.798370    936   2048 45.7031 0.056803
  44 0.798882    936   2048 45.7031 0.056538
  45 0.798780    937   2048 45.7520 0.056333
  46 0.798509    937   2048 45.7520 0.055483
  47 0.799371    938   2048 45.8008 0.055556
  48 0.798147    938   2048 45.8008 0.056598
  49 0.799130    938   2048 45.8008 0.056984
  50 0.799443    938   2048 45.8008 0.056158
  51 0.798864    938   2048 45.8008 0.056122
  52 0.798894    938   2048 45.8008 0.056815
  53 0.799570    938   2048 45.8008 0.056357
  54 0.798539    938   2048 45.8008 0.057744
  55 0.798708    938   2048 45.8008 0.056737
  56 0.799268    938   2048 45.8008 0.057593
  57 0.799443    939   2048 45.8496 0.056743
  58 0.799612    940   2048 45.8984 0.056315
  59 0.799853    941   2048 45.9473 0.055851
  60 0.799992    941   2048 45.9473 0.055827
  61 0.799811    941   2048 45.9473 0.056357
  62 0.799081    942   2048 45.9961 0.055905
  63 0.798557    943   2048 46.0449 0.056442
  64 0.799570    943   2048 46.0449 0.055869
  65 0.799980    943   2048 46.0449 0.056195
  66 0.800450    943   2048 46.0449 0.056948
  67 0.799762    944   2048 46.0938 0.056285
  68 0.799744    944   2048 46.0938 0.056460
  69 0.799612    945   2048 46.1426 0.055447
  70 0.800715    945   2048 46.1426 0.055628
  71 0.800142    945   2048 46.1426 0.055658
  72 0.799087    946   2048 46.1914 0.056050
  73 0.799654    946   2048 46.1914 0.056508
  74 0.800052    947   2048 46.2402 0.055688
  75 0.800793    947   2048 46.2402 0.055887
  76 0.798708    947   2048 46.2402 0.055537
  77 0.800275    947   2048 46.2402 0.056743
  78 0.798665    947   2048 46.2402 0.055001
  79 0.799582    947   2048 46.2402 0.055586
  80 0.799630    947   2048 46.2402 0.055525
  81 0.798846    947   2048 46.2402 0.054706
  82 0.799304    947   2048 46.2402 0.056737
  83 0.799756    947   2048 46.2402 0.056490
  84 0.799762    947   2048 46.2402 0.055146
  85 0.800058    948   2048 46.2891 0.055109
  86 0.799413    948   2048 46.2891 0.055061
  87 0.799895    948   2048 46.2891 0.055507
  88 0.800040    948   2048 46.2891 0.055761
  89 0.799811    948   2048 46.2891 0.057159
  90 0.800287    948   2048 46.2891 0.054989
  91 0.800239    948   2048 46.2891 0.055622
  92 0.800618    949   2048 46.3379 0.055351
  93 0.798436    949   2048 46.3379 0.055682
  94 0.799775    949   2048 46.3379 0.054935
  95 0.800534    949   2048 46.3379 0.054416
  96 0.800558    949   2048 46.3379 0.055767
  97 0.799612    949   2048 46.3379 0.056580
  98 0.799160    949   2048 46.3379 0.055887
  99 0.800371    949   2048 46.3379 0.056176
 100 0.799829    949   2048 46.3379 0.054796
 101 0.800275    949   2048 46.3379 0.056008
 102 0.800516    949   2048 46.3379 0.055706
 103 0.800377    950   2048 46.3867 0.054935
 104 0.800745    950   2048 46.3867 0.056267
 105 0.800414    950   2048 46.3867 0.055736
 106 0.800359    950   2048 46.3867 0.055525
 107 0.799925    950   2048 46.3867 0.056659
 108 0.800878    950   2048 46.3867 0.055706
 109 0.800564    950   2048 46.3867 0.056182
 110 0.799992    950   2048 46.3867 0.056448
 111 0.799684    950   2048 46.3867 0.055182
 112 0.800504    950   2048 46.3867 0.054531
 113 0.799672    950   2048 46.3867 0.056062
 114 0.800576    951   2048 46.4355 0.055652
 115 0.801625    951   2048 46.4355 0.055785
 116 0.801046    952   2048 46.4844 0.055417
 117 0.800408    952   2048 46.4844 0.055079
 118 0.801016    952   2048 46.4844 0.055712
 119 0.801143    952   2048 46.4844 0.056315
 120 0.799310    952   2048 46.4844 0.055640
 121 0.799606    952   2048 46.4844 0.055537
 122 0.801474    952   2048 46.4844 0.054730
 123 0.800600    952   2048 46.4844 0.055067
 124 0.800329    952   2048 46.4844 0.054030
 125 0.799865    952   2048 46.4844 0.055339
 126 0.801209    953   2048 46.5332 0.056038
 127 0.800811    954   2048 46.5820 0.054513
 128 0.801270    954   2048 46.5820 0.055658

# train: seg16 acc=0.794295 exact=892/2048 (43.5547%) churn=0.060981
# best_acc [same n=2048]: seg115 acc=0.801625 exact=951/2048 (46.4355%) churn=0.055785
# best_exact [same n=2048]: seg127 acc=0.800811 exact=954/2048 (46.5820%) churn=0.054513
# final: seg128 acc=0.801270 exact=954/2048 (46.5820%) churn=0.055658
# best-train: exact=+62 percentage_points=+3.0273
[EXTRAP] step 100000 weights=raw -> /workspace/something/runs/pairangle_unrotated_dca1_swiglu_bf16fused_20261010/diagnostics/extrap_step100000_raw_n2048_seg128.txt, /workspace/something/runs/pairangle_unrotated_dca1_swiglu_bf16fused_20261010/diagnostics/extrap_step100000_raw_n2048_seg128.json, /workspace/something/runs/pairangle_unrotated_dca1_swiglu_bf16fused_20261010/diagnostics/extrap_results.jsonl
WROTE /workspace/something/runs/pairangle_unrotated_dca1_swiglu_bf16fused_20261010/diagnostics/extrap_step100000_raw_n2048_seg128.txt (raw)
EXTRAP_DONE
