[ARC-S] canvas 10×10 = 100 tokens; model=v3 encoding=frame stdp=True; coupling carry 39.1 MiB (train_arc's own line below assumes 900)
[ARC] device=cuda tokens=900 IDs=2647 batch=128 loops=16 blocks=8 stop_step=20000
[ARC] coupling carry alone=3164.1 MiB; activations/gradients require extra memory
[ARC train] {"step": 1, "loss": 2.7577514679887956, "halted": 0, "seconds": 1.1881730183959007}
[ARC train] {"step": 100, "loss": 1.9775266406831689, "halted": 0, "seconds": 55.91344759333879}
[ARC train] {"step": 200, "loss": 1.405073011748276, "halted": 0, "seconds": 111.19728155247867}
[ARC train] {"step": 300, "loss": 0.910461808901679, "halted": 0, "seconds": 166.44582783803344}
[ARC train] {"step": 400, "loss": 0.7142883506582711, "halted": 128, "seconds": 221.7837787894532, "exact": 0.0078125}
[ARC train] {"step": 500, "loss": 0.8499706640594227, "halted": 0, "seconds": 277.10234513133764}
[ARC train] {"step": 600, "loss": 0.5179124032728984, "halted": 0, "seconds": 332.36076150182635}
[ARC train] {"step": 700, "loss": 0.42246196688314236, "halted": 0, "seconds": 387.64147368911654}
[ARC train] {"step": 800, "loss": 0.3759054561920002, "halted": 128, "seconds": 442.90017111226916, "exact": 0.1640625}
[ARC train] {"step": 900, "loss": 0.6563875389585462, "halted": 0, "seconds": 498.1516281319782}
[ARC train] {"step": 1000, "loss": 0.4253177802720446, "halted": 0, "seconds": 553.4277260722592}
[ARC train] {"step": 1100, "loss": 0.4097849598559047, "halted": 0, "seconds": 608.9504663199186}
[ARC train] {"step": 1200, "loss": 0.35740668416389176, "halted": 128, "seconds": 664.2096362505108, "exact": 0.0859375}
[ARC train] {"step": 1300, "loss": 0.6077079493060749, "halted": 0, "seconds": 719.4669141611084}
[ARC train] {"step": 1400, "loss": 0.3580149993068116, "halted": 0, "seconds": 774.7620413471013}
[ARC train] {"step": 1500, "loss": 0.5149554188459249, "halted": 0, "seconds": 830.0549101233482}
[ARC train] {"step": 1600, "loss": 0.3517606338677654, "halted": 128, "seconds": 885.3331869011745, "exact": 0.0703125}
[ARC train] {"step": 1700, "loss": 0.5413124979460083, "halted": 0, "seconds": 940.6170930722728}
[ARC train] {"step": 1800, "loss": 0.3400433327687081, "halted": 0, "seconds": 995.9286890532821}
[ARC train] {"step": 1900, "loss": 0.23710468845501503, "halted": 0, "seconds": 1051.1915815072134}
[ARC train] {"step": 2000, "loss": 0.25081699754179676, "halted": 128, "seconds": 1106.462698158808, "exact": 0.296875}
[ARC eval] {"ARC/pass@1": 0.0, "ARC/pass@2": 0.0, "ARC/pass@5": 0.0, "ARC/pass@10": 0.0, "ARC/tasks": 77, "ARC/queries": 88, "token_accuracy": 0.5680823422441579, "sequence_exact": 0.0, "evaluated_augmented_examples": 792, "eval_segments": 16, "max_augmentations_per_task": 32, "total_available_tasks": 77, "seconds": 20.092635236680508, "exact_hit_count": 0, "exact_hits": [], "step": 2000, "weights": "ema_parameters_raw_puzzle_embeddings"}
[ARC train] {"step": 2100, "loss": 0.5532922977233536, "halted": 0, "seconds": 1182.0271113142371}
[ARC train] {"step": 2200, "loss": 0.27165501338049025, "halted": 0, "seconds": 1237.2865658383816}
[ARC train] {"step": 2300, "loss": 0.29671879163537995, "halted": 0, "seconds": 1292.5601335344836}
[ARC train] {"step": 2400, "loss": 0.24266407874250567, "halted": 128, "seconds": 1347.872043279931, "exact": 0.1640625}
[ARC train] {"step": 2500, "loss": 0.41039751332678787, "halted": 0, "seconds": 1403.1622269582003}
[ARC train] {"step": 2600, "loss": 0.3787341202934882, "halted": 0, "seconds": 1458.4407202722505}
[ARC train] {"step": 2700, "loss": 0.2276274470047743, "halted": 0, "seconds": 1513.692476018332}
[ARC train] {"step": 2800, "loss": 0.22476080388816913, "halted": 128, "seconds": 1568.9747713003308, "exact": 0.203125}
[ARC train] {"step": 2900, "loss": 0.49333706421189527, "halted": 0, "seconds": 1624.2234890563414}
[ARC train] {"step": 3000, "loss": 0.34151575438552817, "halted": 0, "seconds": 1679.467539422214}
[ARC train] {"step": 3100, "loss": 0.27060896932438383, "halted": 0, "seconds": 1734.9272670941427}
[ARC train] {"step": 3200, "loss": 0.20485572895109866, "halted": 128, "seconds": 1790.2078253943473, "exact": 0.3125}
[ARC train] {"step": 3300, "loss": 0.47379327279270356, "halted": 0, "seconds": 1845.476066547446}
[ARC train] {"step": 3400, "loss": 0.3265495452540356, "halted": 0, "seconds": 1900.7527194637805}
[ARC train] {"step": 3500, "loss": 0.2413341402565459, "halted": 0, "seconds": 1956.0099528580904}
[ARC train] {"step": 3600, "loss": 0.180900351117055, "halted": 128, "seconds": 2011.288398760371, "exact": 0.3203125}
[ARC train] {"step": 3700, "loss": 0.3853079983134142, "halted": 0, "seconds": 2066.5785786891356}
[ARC train] {"step": 3800, "loss": 0.21251028879350795, "halted": 0, "seconds": 2121.859605913982}
[ARC train] {"step": 3900, "loss": 0.16760927687046417, "halted": 0, "seconds": 2177.143247459084}
[ARC train] {"step": 4000, "loss": 0.26097049645262954, "halted": 128, "seconds": 2232.3850789312273, "exact": 0.234375}
[ARC eval] {"ARC/pass@1": 0.0, "ARC/pass@2": 0.0, "ARC/pass@5": 0.0, "ARC/pass@10": 0.0, "ARC/tasks": 77, "ARC/queries": 88, "token_accuracy": 0.6390803510492499, "sequence_exact": 0.0, "evaluated_augmented_examples": 792, "eval_segments": 16, "max_augmentations_per_task": 32, "total_available_tasks": 77, "seconds": 20.140734827145934, "exact_hit_count": 0, "exact_hits": [], "step": 4000, "weights": "ema_parameters_raw_puzzle_embeddings"}
[ARC train] {"step": 4100, "loss": 0.35427552860158285, "halted": 0, "seconds": 2309.2906112913042}
[ARC train] {"step": 4200, "loss": 0.26346057700895054, "halted": 0, "seconds": 2376.0892159780487}
[ARC train] {"step": 4300, "loss": 0.1814896466452835, "halted": 0, "seconds": 2442.988807595335}
[ARC train] {"step": 4400, "loss": 0.18461905963568265, "halted": 128, "seconds": 2509.1890950985253, "exact": 0.3203125}
[ARC train] {"step": 4500, "loss": 0.31294691604411184, "halted": 0, "seconds": 2574.1891771005467}
[ARC train] {"step": 4600, "loss": 0.2144137807229184, "halted": 0, "seconds": 2640.388937014155}
[ARC train] {"step": 4700, "loss": 0.17845197135680746, "halted": 0, "seconds": 2707.9897210514173}
[ARC train] {"step": 4800, "loss": 0.14472307101813647, "halted": 128, "seconds": 2774.6894576270133, "exact": 0.3671875}
[ARC train] {"step": 4900, "loss": 0.4657397954189178, "halted": 0, "seconds": 2842.1906974986196}
[ARC train] {"step": 5000, "loss": 0.20859096173798264, "halted": 0, "seconds": 2908.989174648188}
[ARC train] {"step": 5100, "loss": 0.21462719159763344, "halted": 0, "seconds": 2976.0895425258204}
[ARC train] {"step": 5200, "loss": 0.1948213910128806, "halted": 128, "seconds": 3043.189425024204, "exact": 0.296875}
[ARC train] {"step": 5300, "loss": 0.29641147883966135, "halted": 0, "seconds": 3110.4927790043876}
[ARC train] {"step": 5400, "loss": 0.262299326540284, "halted": 0, "seconds": 3176.9893352156505}
[ARC train] {"step": 5500, "loss": 0.13761745487667396, "halted": 0, "seconds": 3243.2900280151516}
[ARC train] {"step": 5600, "loss": 0.10368040416003653, "halted": 128, "seconds": 3312.596316963434, "exact": 0.4375}
[ARC train] {"step": 5700, "loss": 0.2960329560501408, "halted": 0, "seconds": 3389.5887962970883}
[ARC train] {"step": 5800, "loss": 0.16760240772777066, "halted": 0, "seconds": 3476.8900269875303}
[ARC train] {"step": 5900, "loss": 0.19271844626730755, "halted": 0, "seconds": 3545.28917786479}
[ARC train] {"step": 6000, "loss": 0.1168483819667417, "halted": 128, "seconds": 3610.7914864551276, "exact": 0.5625}
[ARC eval] {"ARC/pass@1": 0.006493506493506494, "ARC/pass@2": 0.006493506493506494, "ARC/pass@5": 0.012987012987012988, "ARC/pass@10": 0.025974025974025976, "ARC/tasks": 77, "ARC/queries": 88, "token_accuracy": 0.682041428305886, "sequence_exact": 0.005050505050505051, "evaluated_augmented_examples": 792, "eval_segments": 16, "max_augmentations_per_task": 32, "total_available_tasks": 77, "seconds": 23.604094559326768, "exact_hit_count": 4, "exact_hits": [{"identifier": "6ea4a07e", "input": [5, 2, 2, 1, 0, 0, 0, 0, 0, 0, 5, 5, 5, 1, 0, 0, 0, 0, 0, 0, 2, 2, 5, 1, 0, 0, 0, 0, 0, 0, 1, 1, 1, 1, 0, 0, 0, 0, 0, 0, 0, 0, 0, 0, 0, 0, 0, 0, 0, 0, 0, 0, 0, 0, 0, 0, 0, 0, 0, 0, 0, 0, 0, 0, 0, 0, 0, 0, 0, 0, 0, 0, 0, 0, 0, 0, 0, 0, 0, 0, 0, 0, 0, 0, 0, 0, 0, 0, 0, 0, 0, 0, 0, 0, 0, 0, 0, 0, 0, 0], "prediction": [2, 3, 3, 1, 6, 2, 2, 2, 2, 2, 2, 2, 2, 1, 6, 2, 2, 2, 2, 2, 3, 3, 2, 1, 1, 1, 2, 2, 2, 2, 1, 1, 1, 1, 1, 1, 1, 5, 5, 2, 2, 2, 2, 1, 1, 5, 5, 5, 5, 5, 1, 1, 1, 1, 5, 5, 5, 5, 2, 2, 1, 1, 1, 1, 5, 2, 2, 2, 2, 2, 1, 1, 1, 5, 2, 2, 2, 2, 3, 3, 2, 2, 2, 2, 2, 2, 3, 3, 3, 3, 2, 2, 2, 2, 2, 3, 3, 3, 3, 3]}, {"identifier": "6ea4a07e|||t0|||0834617295", "input": [6, 2, 2, 1, 0, 0, 0, 0, 0, 0, 6, 6, 6, 1, 0, 0, 0, 0, 0, 0, 2, 2, 6, 1, 0, 0, 0, 0, 0, 0, 1, 1, 1, 1, 0, 0, 0, 0, 0, 0, 0, 0, 0, 0, 0, 0, 0, 0, 0, 0, 0, 0, 0, 0, 0, 0, 0, 0, 0, 0, 0, 0, 0, 0, 0, 0, 0, 0, 0, 0, 0, 0, 0, 0, 0, 0, 0, 0, 0, 0, 0, 0, 0, 0, 0, 0, 0, 0, 0, 0, 0, 0, 0, 0, 0, 0, 0, 0, 0, 0], "prediction": [2, 10, 10, 1, 2, 2, 2, 2, 2, 2, 2, 2, 2, 1, 2, 2, 2, 2, 1, 1, 10, 10, 2, 1, 2, 2, 2, 2, 1, 1, 1, 1, 1, 1, 2, 2, 2, 1, 1, 1, 2, 2, 2, 2, 2, 2, 2, 1, 1, 2, 2, 2, 2, 2, 2, 2, 2, 1, 1, 2, 2, 2, 2, 2, 2, 2, 2, 1, 1, 2, 2, 2, 2, 2, 2, 1, 1, 1, 2, 2, 2, 2, 2, 1, 2, 2, 1, 2, 2, 2, 2, 2, 1, 1, 2, 2, 2, 2, 2, 2]}, {"identifier": "6ea4a07e|||t4|||0736825419", "input": [2, 4, 2, 1, 0, 0, 0, 0, 0, 0, 2, 4, 4, 1, 0, 0, 0, 0, 0, 0, 4, 2, 2, 1, 0, 0, 0, 0, 0, 0, 1, 1, 1, 1, 0, 0, 0, 0, 0, 0, 0, 0, 0, 0, 0, 0, 0, 0, 0, 0, 0, 0, 0, 0, 0, 0, 0, 0, 0, 0, 0, 0, 0, 0, 0, 0, 0, 0, 0, 0, 0, 0, 0, 0, 0, 0, 0, 0, 0, 0, 0, 0, 0, 0, 0, 0, 0, 0, 0, 0, 0, 0, 0, 0, 0, 0, 0, 0, 0, 0], "prediction": [10, 2, 10, 1, 2, 2, 2, 1, 1, 1, 10, 2, 2, 1, 2, 2, 2, 1, 1, 1, 2, 10, 10, 1, 6, 10, 2, 1, 1, 1, 1, 1, 1, 1, 10, 10, 1, 1, 1, 10, 2, 10, 10, 1, 10, 10, 1, 1, 1, 10, 2, 10, 10, 1, 1, 10, 1, 1, 10, 10, 2, 2, 1, 1, 1, 2, 2, 1, 2, 10, 2, 2, 1, 1, 1, 2, 2, 2, 1, 10, 1, 1, 1, 1, 10, 10, 10, 1, 10, 10, 1, 10, 1, 1, 10, 10, 10, 1, 10, 10]}, {"identifier": "4cd1b7b2|||t7|||0928461357", "input": [4, 11, 2, 10, 1, 0, 0, 0, 0, 0, 2, 6, 11, 4, 1, 0, 0, 0, 0, 0, 6, 2, 10, 11, 1, 0, 0, 0, 0, 0, 2, 10, 2, 2, 1, 0, 0, 0, 0, 0, 1, 1, 1, 1, 1, 0, 0, 0, 0, 0, 0, 0, 0, 0, 0, 0, 0, 0, 0, 0, 0, 0, 0, 0, 0, 0, 0, 0, 0, 0, 0, 0, 0, 0, 0, 0, 0, 0, 0, 0, 0, 0, 0, 0, 0, 0, 0, 0, 0, 0, 0, 0, 0, 0, 0, 0, 0, 0, 0, 0], "prediction": [4, 11, 6, 10, 1, 4, 11, 6, 1, 10, 10, 6, 11, 4, 1, 6, 6, 11, 1, 1, 6, 4, 10, 11, 1, 6, 10, 11, 11, 1, 11, 10, 4, 6, 1, 11, 10, 1, 11, 1, 1, 1, 1, 1, 1, 11, 1, 1, 10, 11, 4, 11, 6, 6, 10, 10, 11, 6, 10, 10, 11, 6, 11, 4, 10, 6, 6, 11, 10, 10, 6, 6, 10, 1, 1, 6, 10, 10, 11, 4, 1, 10, 10, 1, 1, 11, 10, 10, 4, 11, 10, 10, 11, 6, 10, 4, 11, 6, 10, 4]}], "step": 6000, "weights": "ema_parameters_raw_puzzle_embeddings"}
[ARC] stop requested; completing the current step before checkpointing
[ARC] checkpoint -> runs/arc_s10/v3sheaf_aug8/latest.pt
[ARC-S] canvas 10×10 = 100 tokens; model=v3 encoding=frame stdp=True; coupling carry 0.6 MiB (train_arc's own line below assumes 900)
[ARC] resumed step 6016; model/optimizer/sampler/carry restored
[ARC] device=cuda tokens=900 IDs=2647 batch=128 loops=16 blocks=8 stop_step=20000
[ARC] coupling carry alone=3164.1 MiB; activations/gradients require extra memory
[ARC train] {"step": 6100, "loss": 0.2802930728711458, "halted": 0, "seconds": 47.08698389772326}
[ARC train] {"step": 6200, "loss": 0.21208025589272017, "halted": 0, "seconds": 102.42847884446383}
[ARC train] {"step": 6300, "loss": 0.14176536711445387, "halted": 0, "seconds": 157.71203652676195}
[ARC train] {"step": 6400, "loss": 0.10154285810219268, "halted": 128, "seconds": 213.01208825223148, "exact": 0.3828125}
[ARC train] {"step": 6500, "loss": 0.31850690734359166, "halted": 0, "seconds": 268.3001972986385}
[ARC train] {"step": 6600, "loss": 0.1880771483665264, "halted": 0, "seconds": 323.6350256288424}
[ARC train] {"step": 6700, "loss": 0.15505697371091454, "halted": 0, "seconds": 378.994130208157}
[ARC train] {"step": 6800, "loss": 0.07193431967122835, "halted": 128, "seconds": 434.330183012411, "exact": 0.546875}
[ARC train] {"step": 6900, "loss": 0.331950305452427, "halted": 0, "seconds": 489.59306991659105}
[ARC] stop requested; completing the current step before checkpointing
[ARC] checkpoint -> runs/arc_s10/v3sheaf_aug8/latest.pt
[ARC-S] canvas 10×10 = 100 tokens; model=v3 encoding=frame stdp=True; coupling carry 0.6 MiB (train_arc's own line below assumes 900)
[ARC] resumed step 6921; model/optimizer/sampler/carry restored
[ARC] device=cuda tokens=900 IDs=2647 batch=128 loops=16 blocks=8 stop_step=20000
[ARC] coupling carry alone=3164.1 MiB; activations/gradients require extra memory
[ARC train] {"step": 7000, "loss": 0.15101559938324238, "halted": 0, "seconds": 44.28005230613053}
[ARC train] {"step": 7100, "loss": 0.14330213975111153, "halted": 0, "seconds": 99.74433305766433}
[ARC train] {"step": 7200, "loss": 0.10498568738368153, "halted": 128, "seconds": 154.95438157767057, "exact": 0.515625}
[ARC train] {"step": 7300, "loss": 0.26112849981998854, "halted": 0, "seconds": 210.22330187261105}
[ARC train] {"step": 7400, "loss": 0.14719158124094792, "halted": 0, "seconds": 265.4409077130258}
[ARC train] {"step": 7500, "loss": 0.09845551774280434, "halted": 0, "seconds": 320.7003858862445}
[ARC train] {"step": 7600, "loss": 0.11408802806593275, "halted": 128, "seconds": 375.9955968717113, "exact": 0.5625}
[ARC train] {"step": 7700, "loss": 0.2887322908122769, "halted": 0, "seconds": 431.22991368640214}
[ARC train] {"step": 7800, "loss": 0.18687133761552077, "halted": 0, "seconds": 486.49405428301543}
[ARC train] {"step": 7900, "loss": 0.11832194999882242, "halted": 0, "seconds": 541.7711386634037}
[ARC train] {"step": 8000, "loss": 0.11076128454313779, "halted": 128, "seconds": 597.0509569337592, "exact": 0.453125}
[ARC eval] {"ARC/pass@1": 0.006493506493506494, "ARC/pass@2": 0.006493506493506494, "ARC/pass@5": 0.006493506493506494, "ARC/pass@10": 0.012987012987012988, "ARC/tasks": 77, "ARC/queries": 88, "token_accuracy": 0.7099085504358466, "sequence_exact": 0.003787878787878788, "evaluated_augmented_examples": 792, "eval_segments": 16, "max_augmentations_per_task": 32, "total_available_tasks": 77, "seconds": 20.108806331641972, "exact_hit_count": 3, "exact_hits": [{"identifier": "6ea4a07e|||t1|||0176439825", "input": [2, 8, 8, 1, 0, 0, 0, 0, 0, 0, 2, 8, 2, 1, 0, 0, 0, 0, 0, 0, 8, 8, 2, 1, 0, 0, 0, 0, 0, 0, 1, 1, 1, 1, 0, 0, 0, 0, 0, 0, 0, 0, 0, 0, 0, 0, 0, 0, 0, 0, 0, 0, 0, 0, 0, 0, 0, 0, 0, 0, 0, 0, 0, 0, 0, 0, 0, 0, 0, 0, 0, 0, 0, 0, 0, 0, 0, 0, 0, 0, 0, 0, 0, 0, 0, 0, 0, 0, 0, 0, 0, 0, 0, 0, 0, 0, 0, 0, 0, 0], "prediction": [3, 2, 2, 1, 2, 2, 2, 2, 2, 1, 3, 2, 3, 1, 2, 2, 2, 2, 2, 1, 2, 2, 3, 1, 2, 2, 2, 2, 1, 1, 1, 1, 1, 1, 2, 2, 2, 1, 1, 1, 2, 2, 2, 2, 2, 2, 2, 1, 1, 1, 1, 6, 3, 2, 2, 2, 1, 1, 1, 1, 1, 6, 2, 2, 2, 2, 1, 1, 1, 1, 1, 2, 2, 1, 1, 6, 1, 1, 1, 1, 2, 3, 3, 2, 2, 3, 3, 2, 2, 1, 6, 6, 3, 3, 3, 3, 3, 2, 1, 1]}, {"identifier": "6ea4a07e|||t0|||0834617295", "input": [6, 2, 2, 1, 0, 0, 0, 0, 0, 0, 6, 6, 6, 1, 0, 0, 0, 0, 0, 0, 2, 2, 6, 1, 0, 0, 0, 0, 0, 0, 1, 1, 1, 1, 0, 0, 0, 0, 0, 0, 0, 0, 0, 0, 0, 0, 0, 0, 0, 0, 0, 0, 0, 0, 0, 0, 0, 0, 0, 0, 0, 0, 0, 0, 0, 0, 0, 0, 0, 0, 0, 0, 0, 0, 0, 0, 0, 0, 0, 0, 0, 0, 0, 0, 0, 0, 0, 0, 0, 0, 0, 0, 0, 0, 0, 0, 0, 0, 0, 0], "prediction": [2, 10, 10, 1, 2, 2, 2, 2, 2, 2, 2, 2, 2, 1, 2, 2, 1, 1, 1, 1, 10, 10, 2, 1, 2, 2, 2, 1, 1, 1, 1, 1, 1, 1, 2, 2, 2, 1, 1, 1, 2, 2, 2, 2, 2, 2, 2, 1, 2, 2, 2, 2, 2, 2, 2, 2, 1, 1, 2, 2, 2, 2, 2, 2, 2, 2, 1, 1, 2, 2, 2, 2, 2, 2, 2, 2, 1, 2, 2, 2, 2, 2, 2, 1, 2, 2, 2, 2, 2, 2, 2, 2, 1, 1, 2, 2, 2, 2, 2, 2]}, {"identifier": "bbb1b8b6|||t5|||0198263574", "input": [2, 3, 3, 3, 8, 10, 2, 2, 2, 1, 2, 2, 2, 3, 8, 10, 10, 10, 2, 1, 3, 2, 2, 3, 8, 2, 10, 10, 2, 1, 3, 3, 2, 2, 8, 2, 2, 10, 10, 1, 1, 1, 1, 1, 1, 1, 1, 1, 1, 1, 0, 0, 0, 0, 0, 0, 0, 0, 0, 0, 0, 0, 0, 0, 0, 0, 0, 0, 0, 0, 0, 0, 0, 0, 0, 0, 0, 0, 0, 0, 0, 0, 0, 0, 0, 0, 0, 0, 0, 0, 0, 0, 0, 0, 0, 0, 0, 0, 0, 0], "prediction": [10, 3, 3, 3, 1, 1, 1, 3, 3, 1, 10, 10, 10, 3, 1, 1, 10, 10, 3, 1, 3, 10, 10, 3, 1, 1, 10, 10, 3, 1, 3, 3, 10, 10, 1, 1, 3, 10, 10, 1, 1, 1, 1, 1, 1, 1, 1, 1, 1, 1, 1, 1, 3, 3, 1, 1, 1, 3, 3, 1, 1, 1, 3, 3, 1, 1, 1, 3, 3, 1, 1, 1, 3, 3, 1, 1, 1, 1, 3, 1, 1, 1, 3, 3, 1, 1, 1, 1, 3, 1, 1, 1, 1, 3, 1, 1, 1, 1, 3, 3]}], "step": 8000, "weights": "ema_parameters_raw_puzzle_embeddings"}
[ARC train] {"step": 8100, "loss": 0.20162331125469368, "halted": 0, "seconds": 672.6745853638276}
[ARC train] {"step": 8200, "loss": 0.21472195856749185, "halted": 0, "seconds": 727.9496127478778}
[ARC train] {"step": 8300, "loss": 0.07096964762015048, "halted": 0, "seconds": 783.2421068716794}
[ARC train] {"step": 8400, "loss": 0.05823714503530612, "halted": 128, "seconds": 838.4952553892508, "exact": 0.640625}
[ARC train] {"step": 8500, "loss": 0.31083213331656223, "halted": 0, "seconds": 893.7567649176344}
[ARC train] {"step": 8600, "loss": 0.12176644452859078, "halted": 0, "seconds": 949.0048808567226}
[ARC train] {"step": 8700, "loss": 0.14060511165067818, "halted": 0, "seconds": 1004.2730730539188}
[ARC train] {"step": 8800, "loss": 0.10441347720801109, "halted": 128, "seconds": 1059.528185964562, "exact": 0.5234375}
[ARC train] {"step": 8900, "loss": 0.333465921872286, "halted": 0, "seconds": 1114.7397340098396}
[ARC train] {"step": 9000, "loss": 0.12543399015964463, "halted": 0, "seconds": 1170.0283326590434}
[ARC train] {"step": 9100, "loss": 0.08947147630423063, "halted": 0, "seconds": 1225.4884757967666}
[ARC train] {"step": 9200, "loss": 0.10028521660372226, "halted": 128, "seconds": 1280.7608775217086, "exact": 0.4140625}
[ARC train] {"step": 9300, "loss": 0.24733326056952992, "halted": 0, "seconds": 1336.0655576307327}
[ARC train] {"step": 9400, "loss": 0.14950341892682617, "halted": 0, "seconds": 1391.3199822483584}
[ARC train] {"step": 9500, "loss": 0.09325958786047181, "halted": 0, "seconds": 1446.591602546163}
