/venv/main/lib/python3.12/site-packages/torch/_inductor/compile_fx.py:322: UserWarning: TensorFloat32 tensor cores for float32 matrix multiplication available but not enabled. Consider setting `torch.set_float32_matmul_precision('high')` for better performance.
  warnings.warn(
PREFLIGHT {'step': 1, 'seconds': 63.6652814662084, 'accuracy': 0.0, 'count': 0.0, 'exact_accuracy': 0.0, 'lm_loss': 2.4812827110290527, 'q_halt_accuracy': 0.0, 'q_halt_loss': 0.006715297698974609, 'steps': 0.0, 'lr': 0.0, '_count_raw': 0.0}
PREFLIGHT {'step': 2, 'seconds': 10.834648770280182, 'accuracy': 0.0, 'count': 0.0, 'exact_accuracy': 0.0, 'lm_loss': 2.4815616607666016, 'q_halt_accuracy': 0.0, 'q_halt_loss': 0.006715297698974609, 'steps': 0.0, 'lr': 5.0000000000000004e-08, '_count_raw': 0.0}
PREFLIGHT {'step': 3, 'seconds': 0.10618486534804106, 'accuracy': 0.0, 'count': 0.0, 'exact_accuracy': 0.0, 'lm_loss': 2.4814484119415283, 'q_halt_accuracy': 0.0, 'q_halt_loss': 0.006715297698974609, 'steps': 0.0, 'lr': 1.0000000000000001e-07, '_count_raw': 0.0}
PREFLIGHT {'step': 4, 'seconds': 0.10553189553320408, 'accuracy': 0.0, 'count': 0.0, 'exact_accuracy': 0.0, 'lm_loss': 2.4813232421875, 'q_halt_accuracy': 0.0, 'q_halt_loss': 0.006715297698974609, 'steps': 0.0, 'lr': 1.5000000000000002e-07, '_count_raw': 0.0}
PREFLIGHT {'step': 5, 'seconds': 0.10515221394598484, 'accuracy': 0.0, 'count': 0.0, 'exact_accuracy': 0.0, 'lm_loss': 2.481081247329712, 'q_halt_accuracy': 0.0, 'q_halt_loss': 0.006715297698974609, 'steps': 0.0, 'lr': 2.0000000000000002e-07, '_count_raw': 0.0}
PREFLIGHT {'step': 6, 'seconds': 0.10509340465068817, 'accuracy': 0.0, 'count': 0.0, 'exact_accuracy': 0.0, 'lm_loss': 2.4807193279266357, 'q_halt_accuracy': 0.0, 'q_halt_loss': 0.006715297698974609, 'steps': 0.0, 'lr': 2.5e-07, '_count_raw': 0.0}
PREFLIGHT {'step': 7, 'seconds': 0.10494631435722113, 'accuracy': 0.0, 'count': 0.0, 'exact_accuracy': 0.0, 'lm_loss': 2.480325222015381, 'q_halt_accuracy': 0.0, 'q_halt_loss': 0.006715297698974609, 'steps': 0.0, 'lr': 3.0000000000000004e-07, '_count_raw': 0.0}
PREFLIGHT {'step': 8, 'seconds': 0.10518513526767492, 'accuracy': 0.0, 'count': 0.0, 'exact_accuracy': 0.0, 'lm_loss': 2.4798452854156494, 'q_halt_accuracy': 0.0, 'q_halt_loss': 0.006715297698974609, 'steps': 0.0, 'lr': 3.5e-07, '_count_raw': 0.0}
PREFLIGHT {'step': 9, 'seconds': 0.10514421481639147, 'accuracy': 0.0, 'count': 0.0, 'exact_accuracy': 0.0, 'lm_loss': 2.479261636734009, 'q_halt_accuracy': 0.0, 'q_halt_loss': 0.006715297698974609, 'steps': 0.0, 'lr': 4.0000000000000003e-07, '_count_raw': 0.0}
PREFLIGHT {'step': 10, 'seconds': 0.10486080404371023, 'accuracy': 0.0, 'count': 0.0, 'exact_accuracy': 0.0, 'lm_loss': 2.478625535964966, 'q_halt_accuracy': 0.0, 'q_halt_loss': 0.006715297698974609, 'steps': 0.0, 'lr': 4.5000000000000003e-07, '_count_raw': 0.0}
PREFLIGHT {'step': 11, 'seconds': 0.10531853511929512, 'accuracy': 0.0, 'count': 0.0, 'exact_accuracy': 0.0, 'lm_loss': 2.4778943061828613, 'q_halt_accuracy': 0.0, 'q_halt_loss': 0.006715297698974609, 'steps': 0.0, 'lr': 5e-07, '_count_raw': 0.0}
PREFLIGHT {'step': 12, 'seconds': 0.10511076543480158, 'accuracy': 0.0, 'count': 0.0, 'exact_accuracy': 0.0, 'lm_loss': 2.477060317993164, 'q_halt_accuracy': 0.0, 'q_halt_loss': 0.006715297698974609, 'steps': 0.0, 'lr': 5.5e-07, '_count_raw': 0.0}
PREFLIGHT {'step': 13, 'seconds': 0.10608654469251633, 'accuracy': 0.0, 'count': 0.0, 'exact_accuracy': 0.0, 'lm_loss': 2.476167678833008, 'q_halt_accuracy': 0.0, 'q_halt_loss': 0.006715297698974609, 'steps': 0.0, 'lr': 6.000000000000001e-07, '_count_raw': 0.0}
PREFLIGHT {'step': 14, 'seconds': 0.10549815464764833, 'accuracy': 0.0, 'count': 0.0, 'exact_accuracy': 0.0, 'lm_loss': 2.475189685821533, 'q_halt_accuracy': 0.0, 'q_halt_loss': 0.006715297698974609, 'steps': 0.0, 'lr': 6.500000000000001e-07, '_count_raw': 0.0}
PREFLIGHT {'step': 15, 'seconds': 0.10527357459068298, 'accuracy': 0.0, 'count': 0.0, 'exact_accuracy': 0.0, 'lm_loss': 2.4741735458374023, 'q_halt_accuracy': 0.0, 'q_halt_loss': 0.006715297698974609, 'steps': 0.0, 'lr': 7e-07, '_count_raw': 0.0}
PREFLIGHT {'step': 16, 'seconds': 0.10519789531826973, 'accuracy': 0.10869985073804855, 'count': 1.0, 'exact_accuracy': 0.0, 'lm_loss': 2.4730255603790283, 'q_halt_accuracy': 1.0, 'q_halt_loss': 0.006715297698974609, 'steps': 16.0, 'lr': 7.5e-07, '_count_raw': 128.0}
PREFLIGHT {'step': 17, 'seconds': 0.1051886547356844, 'accuracy': 0.0, 'count': 0.0, 'exact_accuracy': 0.0, 'lm_loss': 2.471505641937256, 'q_halt_accuracy': 0.0, 'q_halt_loss': 0.006715297698974609, 'steps': 0.0, 'lr': 8.000000000000001e-07, '_count_raw': 0.0}
PREFLIGHT {'step': 18, 'seconds': 0.10501858498901129, 'accuracy': 0.0, 'count': 0.0, 'exact_accuracy': 0.0, 'lm_loss': 2.470487117767334, 'q_halt_accuracy': 0.0, 'q_halt_loss': 0.006715297698974609, 'steps': 0.0, 'lr': 8.5e-07, '_count_raw': 0.0}
PREFLIGHT {'step': 19, 'seconds': 0.10525856539607048, 'accuracy': 0.0, 'count': 0.0, 'exact_accuracy': 0.0, 'lm_loss': 2.469066858291626, 'q_halt_accuracy': 0.0, 'q_halt_loss': 0.006715297698974609, 'steps': 0.0, 'lr': 9.000000000000001e-07, '_count_raw': 0.0}
PREFLIGHT {'step': 20, 'seconds': 0.10500072315335274, 'accuracy': 0.0, 'count': 0.0, 'exact_accuracy': 0.0, 'lm_loss': 2.467637300491333, 'q_halt_accuracy': 0.0, 'q_halt_loss': 0.006715297698974609, 'steps': 0.0, 'lr': 9.5e-07, '_count_raw': 0.0}
PREFLIGHT {'step': 21, 'seconds': 0.10556849371641874, 'accuracy': 0.0, 'count': 0.0, 'exact_accuracy': 0.0, 'lm_loss': 2.466071605682373, 'q_halt_accuracy': 0.0, 'q_halt_loss': 0.006715297698974609, 'steps': 0.0, 'lr': 1e-06, '_count_raw': 0.0}
PREFLIGHT {'step': 22, 'seconds': 0.10573962517082691, 'accuracy': 0.0, 'count': 0.0, 'exact_accuracy': 0.0, 'lm_loss': 2.464501142501831, 'q_halt_accuracy': 0.0, 'q_halt_loss': 0.006715297698974609, 'steps': 0.0, 'lr': 1.0500000000000001e-06, '_count_raw': 0.0}
PREFLIGHT {'step': 23, 'seconds': 0.10525806434452534, 'accuracy': 0.0, 'count': 0.0, 'exact_accuracy': 0.0, 'lm_loss': 2.4627630710601807, 'q_halt_accuracy': 0.0, 'q_halt_loss': 0.006715297698974609, 'steps': 0.0, 'lr': 1.1e-06, '_count_raw': 0.0}
PREFLIGHT {'step': 24, 'seconds': 0.10496813524514437, 'accuracy': 0.0, 'count': 0.0, 'exact_accuracy': 0.0, 'lm_loss': 2.4609556198120117, 'q_halt_accuracy': 0.0, 'q_halt_loss': 0.006715297698974609, 'steps': 0.0, 'lr': 1.15e-06, '_count_raw': 0.0}
PREFLIGHT {'step': 25, 'seconds': 0.10523534473031759, 'accuracy': 0.0, 'count': 0.0, 'exact_accuracy': 0.0, 'lm_loss': 2.4590952396392822, 'q_halt_accuracy': 0.0, 'q_halt_loss': 0.006715297698974609, 'steps': 0.0, 'lr': 1.2000000000000002e-06, '_count_raw': 0.0}
PREFLIGHT {'step': 26, 'seconds': 0.10501005500555038, 'accuracy': 0.0, 'count': 0.0, 'exact_accuracy': 0.0, 'lm_loss': 2.4571805000305176, 'q_halt_accuracy': 0.0, 'q_halt_loss': 0.006715297698974609, 'steps': 0.0, 'lr': 1.25e-06, '_count_raw': 0.0}
PREFLIGHT {'step': 27, 'seconds': 0.10514399502426386, 'accuracy': 0.0, 'count': 0.0, 'exact_accuracy': 0.0, 'lm_loss': 2.4551422595977783, 'q_halt_accuracy': 0.0, 'q_halt_loss': 0.006715297698974609, 'steps': 0.0, 'lr': 1.3000000000000003e-06, '_count_raw': 0.0}
PREFLIGHT {'step': 28, 'seconds': 0.1049527246505022, 'accuracy': 0.0, 'count': 0.0, 'exact_accuracy': 0.0, 'lm_loss': 2.4530184268951416, 'q_halt_accuracy': 0.0, 'q_halt_loss': 0.006715297698974609, 'steps': 0.0, 'lr': 1.35e-06, '_count_raw': 0.0}
PREFLIGHT {'step': 29, 'seconds': 0.10573151521384716, 'accuracy': 0.0, 'count': 0.0, 'exact_accuracy': 0.0, 'lm_loss': 2.4508111476898193, 'q_halt_accuracy': 0.0, 'q_halt_loss': 0.006715297698974609, 'steps': 0.0, 'lr': 1.4e-06, '_count_raw': 0.0}
PREFLIGHT {'step': 30, 'seconds': 0.10580023657530546, 'accuracy': 0.0, 'count': 0.0, 'exact_accuracy': 0.0, 'lm_loss': 2.448554277420044, 'q_halt_accuracy': 0.0, 'q_halt_loss': 0.006715297698974609, 'steps': 0.0, 'lr': 1.45e-06, '_count_raw': 0.0}
PREFLIGHT {'step': 31, 'seconds': 0.10547918360680342, 'accuracy': 0.0, 'count': 0.0, 'exact_accuracy': 0.0, 'lm_loss': 2.4462392330169678, 'q_halt_accuracy': 0.0, 'q_halt_loss': 0.006715297698974609, 'steps': 0.0, 'lr': 1.5e-06, '_count_raw': 0.0}
PREFLIGHT {'step': 32, 'seconds': 0.10576820466667414, 'accuracy': 0.11660879850387573, 'count': 1.0, 'exact_accuracy': 0.0, 'lm_loss': 2.4437320232391357, 'q_halt_accuracy': 1.0, 'q_halt_loss': 0.006715297698974609, 'steps': 16.0, 'lr': 1.5500000000000002e-06, '_count_raw': 128.0}
