/venv/main/lib/python3.12/site-packages/torch/_inductor/compile_fx.py:322: UserWarning: TensorFloat32 tensor cores for float32 matrix multiplication available but not enabled. Consider setting `torch.set_float32_matmul_precision('high')` for better performance.
  warnings.warn(
PREFLIGHT {'step': 1, 'seconds': 39.204898439347744, 'accuracy': 0.0, 'count': 0.0, 'exact_accuracy': 0.0, 'lm_loss': 2.48913311958313, 'q_halt_accuracy': 0.0, 'q_halt_loss': 0.006715297698974609, 'steps': 0.0, 'lr': 0.0, '_count_raw': 0.0}
PREFLIGHT {'step': 2, 'seconds': 2.5980092054232955, 'accuracy': 0.0, 'count': 0.0, 'exact_accuracy': 0.0, 'lm_loss': 2.490078926086426, 'q_halt_accuracy': 0.0, 'q_halt_loss': 0.006715297698974609, 'steps': 0.0, 'lr': 5.0000000000000004e-08, '_count_raw': 0.0}
PREFLIGHT {'step': 3, 'seconds': 0.24511950928717852, 'accuracy': 0.0, 'count': 0.0, 'exact_accuracy': 0.0, 'lm_loss': 2.4900410175323486, 'q_halt_accuracy': 0.0, 'q_halt_loss': 0.006715297698974609, 'steps': 0.0, 'lr': 1.0000000000000001e-07, '_count_raw': 0.0}
PREFLIGHT {'step': 4, 'seconds': 0.24558724649250507, 'accuracy': 0.0, 'count': 0.0, 'exact_accuracy': 0.0, 'lm_loss': 2.489901304244995, 'q_halt_accuracy': 0.0, 'q_halt_loss': 0.006715297698974609, 'steps': 0.0, 'lr': 1.5000000000000002e-07, '_count_raw': 0.0}
PREFLIGHT {'step': 5, 'seconds': 0.24498917814344168, 'accuracy': 0.0, 'count': 0.0, 'exact_accuracy': 0.0, 'lm_loss': 2.4896020889282227, 'q_halt_accuracy': 0.0, 'q_halt_loss': 0.006715297698974609, 'steps': 0.0, 'lr': 2.0000000000000002e-07, '_count_raw': 0.0}
PREFLIGHT {'step': 6, 'seconds': 0.2448331881314516, 'accuracy': 0.0, 'count': 0.0, 'exact_accuracy': 0.0, 'lm_loss': 2.489215850830078, 'q_halt_accuracy': 0.0, 'q_halt_loss': 0.006715297698974609, 'steps': 0.0, 'lr': 2.5e-07, '_count_raw': 0.0}
PREFLIGHT {'step': 7, 'seconds': 0.24528810754418373, 'accuracy': 0.0, 'count': 0.0, 'exact_accuracy': 0.0, 'lm_loss': 2.488776445388794, 'q_halt_accuracy': 0.0, 'q_halt_loss': 0.006715297698974609, 'steps': 0.0, 'lr': 3.0000000000000004e-07, '_count_raw': 0.0}
PREFLIGHT {'step': 8, 'seconds': 0.24498562794178724, 'accuracy': 0.0, 'count': 0.0, 'exact_accuracy': 0.0, 'lm_loss': 2.4882125854492188, 'q_halt_accuracy': 0.0, 'q_halt_loss': 0.006715297698974609, 'steps': 0.0, 'lr': 3.5e-07, '_count_raw': 0.0}
PREFLIGHT {'step': 9, 'seconds': 0.24496142752468586, 'accuracy': 0.0, 'count': 0.0, 'exact_accuracy': 0.0, 'lm_loss': 2.487609386444092, 'q_halt_accuracy': 0.0, 'q_halt_loss': 0.006715297698974609, 'steps': 0.0, 'lr': 4.0000000000000003e-07, '_count_raw': 0.0}
PREFLIGHT {'step': 10, 'seconds': 0.24623046815395355, 'accuracy': 0.0, 'count': 0.0, 'exact_accuracy': 0.0, 'lm_loss': 2.4868721961975098, 'q_halt_accuracy': 0.0, 'q_halt_loss': 0.006715297698974609, 'steps': 0.0, 'lr': 4.5000000000000003e-07, '_count_raw': 0.0}
PREFLIGHT {'step': 11, 'seconds': 0.24667138792574406, 'accuracy': 0.0, 'count': 0.0, 'exact_accuracy': 0.0, 'lm_loss': 2.4860928058624268, 'q_halt_accuracy': 0.0, 'q_halt_loss': 0.006715297698974609, 'steps': 0.0, 'lr': 5e-07, '_count_raw': 0.0}
PREFLIGHT {'step': 12, 'seconds': 0.24638552777469158, 'accuracy': 0.0, 'count': 0.0, 'exact_accuracy': 0.0, 'lm_loss': 2.485227346420288, 'q_halt_accuracy': 0.0, 'q_halt_loss': 0.006715297698974609, 'steps': 0.0, 'lr': 5.5e-07, '_count_raw': 0.0}
PREFLIGHT {'step': 13, 'seconds': 0.24536166805773973, 'accuracy': 0.0, 'count': 0.0, 'exact_accuracy': 0.0, 'lm_loss': 2.4842259883880615, 'q_halt_accuracy': 0.0, 'q_halt_loss': 0.006715297698974609, 'steps': 0.0, 'lr': 6.000000000000001e-07, '_count_raw': 0.0}
PREFLIGHT {'step': 14, 'seconds': 0.2449935982003808, 'accuracy': 0.0, 'count': 0.0, 'exact_accuracy': 0.0, 'lm_loss': 2.48319411277771, 'q_halt_accuracy': 0.0, 'q_halt_loss': 0.006715297698974609, 'steps': 0.0, 'lr': 6.500000000000001e-07, '_count_raw': 0.0}
PREFLIGHT {'step': 15, 'seconds': 0.2449739882722497, 'accuracy': 0.0, 'count': 0.0, 'exact_accuracy': 0.0, 'lm_loss': 2.482079267501831, 'q_halt_accuracy': 0.0, 'q_halt_loss': 0.006715297698974609, 'steps': 0.0, 'lr': 7e-07, '_count_raw': 0.0}
PREFLIGHT {'step': 16, 'seconds': 0.24483222793787718, 'accuracy': 0.10146605223417282, 'count': 1.0, 'exact_accuracy': 0.0, 'lm_loss': 2.4808242321014404, 'q_halt_accuracy': 1.0, 'q_halt_loss': 0.006715297698974609, 'steps': 16.0, 'lr': 7.5e-07, '_count_raw': 128.0}
PREFLIGHT {'step': 17, 'seconds': 0.24512944743037224, 'accuracy': 0.0, 'count': 0.0, 'exact_accuracy': 0.0, 'lm_loss': 2.4784963130950928, 'q_halt_accuracy': 0.0, 'q_halt_loss': 0.006715297698974609, 'steps': 0.0, 'lr': 8.000000000000001e-07, '_count_raw': 0.0}
PREFLIGHT {'step': 18, 'seconds': 0.24504305887967348, 'accuracy': 0.0, 'count': 0.0, 'exact_accuracy': 0.0, 'lm_loss': 2.4780006408691406, 'q_halt_accuracy': 0.0, 'q_halt_loss': 0.006715297698974609, 'steps': 0.0, 'lr': 8.5e-07, '_count_raw': 0.0}
PREFLIGHT {'step': 19, 'seconds': 0.24598555825650692, 'accuracy': 0.0, 'count': 0.0, 'exact_accuracy': 0.0, 'lm_loss': 2.4766957759857178, 'q_halt_accuracy': 0.0, 'q_halt_loss': 0.006715297698974609, 'steps': 0.0, 'lr': 9.000000000000001e-07, '_count_raw': 0.0}
PREFLIGHT {'step': 20, 'seconds': 0.24544484820216894, 'accuracy': 0.0, 'count': 0.0, 'exact_accuracy': 0.0, 'lm_loss': 2.475269317626953, 'q_halt_accuracy': 0.0, 'q_halt_loss': 0.006715297698974609, 'steps': 0.0, 'lr': 9.5e-07, '_count_raw': 0.0}
