RESEARCH {"variant": "local_free_exponential_r4_e0.5_diagonal_float32", "window": "exponential", "modes": 4, "epsilon": 0.5, "generator": "diagonal", "precision": "highest", "feature_precision": "float32", "torch": "2.11.0+cu128", "gpu": "NVIDIA GeForce RTX 4090", "phase": "phiK=(pi/2)*tanh(thetaK+aK*RoPE(K_n)); phiV=(pi/2)*tanh(thetaV+aV*V_n)", "phase_input": "token-local own-channel activity, learned zero-initialized gain per head/channel/role", "phase_dynamic": true, "ordering": "free to reverse for dynamic controls", "phase_initialization": "same original theta and other parameter draws; zero correction", "write": "G_ij=mean_n V_ni K_nj L(phiV_ni-phiK_nj); read=RoPE(Q)@G.T", "normalization": "RMSNorm immediately after each attention/FFN residual; FP32 mean square, eps1e-5, no affine; count=2", "window_note": "Fourier is exact for its chosen bounded-domain surrogate; not the original exponential. Frozen frequencies and coefficients.", "scope": "Short controlled research experiment; max_steps applies only to this new diagnostic run", "checkpoints": "Only trainer terminal save; keep_last=3; all step logs retained", "original_training": "local_warp_exp stopped by user at step 30550; not resumed", "limitation": "Phase and activity projections are tied by channel gains; free ordering, but less phase expressivity than an independent dense projection", "experiment_free_phase_windows.py_sha256": "1088ac97b2441dc02c055b433ba83599f6d34a56ce3000e6e30236f100967e9f", "research_free_phase_windows.py_sha256": "26aaba181936ca9bda30f15c9584e3225dc44a13f19a1e428daf7d46afb8f42a"}
[LT] lt-kv-stdp-fast-weight-v1:research-local_free_exponential_r4_e0.5_diagonal_float32 torch=2.11.0+cu128 device=cuda:0 ranks=1 local_bs=128
[LT] params=8,542,571 amp=bfloat16 activation_checkpoint=True compile=True
[LT] data=/workspace/something/data/sudoku_lt_1k.npz train=1000 test=2048
[LT] planned steps=390625; actual steps=390600; 1 step=8 blocks; loops=16 segments
[LT] KV-STDP: heads=8 head_dim=104 trace_lambda_init=0.1 (learned pair, shared K/V; lambda_shape=(8, 52)); memory_update=additive memory_decay=1 write_scale=1 token_reduction=mean; learned real joint 2D RoPE theta=[head,pair,row/col] init=U[-pi/2,pi/2]; inject -> memory -> bilinear FFN -> fixed Phi; FP32 memory/traces
[LT] KV-STDP projection precision: K/V=AMP; Q/out_proj/FFN follow configured AMP
[LT] KV-STDP trace activity detach=False; eligibility values unchanged; lambda explicit gradient retained; current signed write/read unchanged
[LT] KV-STDP optimizer: Q/K/V weight_decay=1; out_proj/FFN weight_decay=1; lambda/theta weight_decay=0
[LT] lr=0.0001 min_ratio=1.0 rewarm_start=None rewarm_steps=10000 rewarm_from_ratio=0.1 late_sup_prob=0.0 nograd_fixed=0 nograd_every=0 nograd_start=0 nograd_max=16 late_sup_extra=[16,112]
[LT] NEW RUN step=0 next_iter=0 consumed_batches=0 out=/workspace/something/runs/research_free_phase_free_exact_exp_20261005
/venv/main/lib/python3.12/site-packages/torch/_inductor/compile_fx.py:322: UserWarning: TensorFloat32 tensor cores for float32 matrix multiplication available but not enabled. Consider setting `torch.set_float32_matmul_precision('high')` for better performance.
  warnings.warn(
[LT] step 16 lm_loss 2.48866 lr 7.5e-07 acc 0.1024 exact 0.0000 [halt step 16]
[LT] step 32 lm_loss 2.48175 lr 1.55e-06 acc 0.0982 exact 0.0000 [halt step 32]
[LT] step 48 lm_loss 2.47535 lr 2.35e-06 acc 0.1069 exact 0.0000 [halt step 48]
[LT] step 64 lm_loss 2.47646 lr 3.15e-06 acc 0.1081 exact 0.0000 [halt step 64]
[LT] step 80 lm_loss 2.46313 lr 3.95e-06 acc 0.1050 exact 0.0000 [halt step 80]
[LT] step 96 lm_loss 2.45829 lr 4.75e-06 acc 0.1117 exact 0.0000 [halt step 96]
[LT] step 112 lm_loss 2.44660 lr 5.55e-06 acc 0.1174 exact 0.0000 [halt step 112]
[LT] step 128 lm_loss 2.43399 lr 6.35e-06 acc 0.1155 exact 0.0000 [halt step 128]
[LT] step 144 lm_loss 2.42330 lr 7.15e-06 acc 0.1166 exact 0.0000 [halt step 144]
[LT] step 160 lm_loss 2.41667 lr 7.95e-06 acc 0.1162 exact 0.0000 [halt step 160]
[LT] step 176 lm_loss 2.40023 lr 8.75e-06 acc 0.1205 exact 0.0000 [halt step 176]
[LT] step 192 lm_loss 2.37366 lr 9.55e-06 acc 0.1390 exact 0.0000 [halt step 192]
[LT] step 208 lm_loss 2.35385 lr 1.03e-05 acc 0.1470 exact 0.0000 [halt step 208]
[LT] step 224 lm_loss 2.33474 lr 1.11e-05 acc 0.1571 exact 0.0000 [halt step 224]
[LT] step 240 lm_loss 2.31687 lr 1.2e-05 acc 0.1675 exact 0.0000 [halt step 240]
[LT] step 256 lm_loss 2.30299 lr 1.28e-05 acc 0.1800 exact 0.0000 [halt step 256]
[LT] step 272 lm_loss 2.29235 lr 1.36e-05 acc 0.1913 exact 0.0000 [halt step 272]
[LT] step 288 lm_loss 2.28296 lr 1.43e-05 acc 0.2050 exact 0.0000 [halt step 288]
[LT] step 304 lm_loss 2.27532 lr 1.52e-05 acc 0.2012 exact 0.0000 [halt step 304]
[LT] step 320 lm_loss 2.26446 lr 1.6e-05 acc 0.2027 exact 0.0000 [halt step 320]
[LT] step 336 lm_loss 2.25848 lr 1.68e-05 acc 0.1975 exact 0.0000 [halt step 336]
[LT] step 352 lm_loss 2.24637 lr 1.75e-05 acc 0.1977 exact 0.0000 [halt step 352]
[LT] step 368 lm_loss 2.24219 lr 1.84e-05 acc 0.1985 exact 0.0000 [halt step 368]
[LT] step 384 lm_loss 2.23795 lr 1.92e-05 acc 0.1991 exact 0.0000 [halt step 384]
[LT] step 400 lm_loss 2.22876 lr 2e-05 acc 0.1998 exact 0.0000 [halt step 400]
[LT] step 416 lm_loss 2.22439 lr 2.07e-05 acc 0.2015 exact 0.0000 [halt step 416]
[LT] step 432 lm_loss 2.22497 lr 2.15e-05 acc 0.1985 exact 0.0000 [halt step 432]
[LT] step 448 lm_loss 2.21500 lr 2.24e-05 acc 0.2057 exact 0.0000 [halt step 448]
[LT] step 464 lm_loss 2.21640 lr 2.32e-05 acc 0.2010 exact 0.0000 [halt step 464]
[LT] step 480 lm_loss 2.21563 lr 2.4e-05 acc 0.2025 exact 0.0000 [halt step 480]
[LT] step 496 lm_loss 2.20814 lr 2.48e-05 acc 0.2245 exact 0.0000 [halt step 496]
[LT] step 512 lm_loss 2.20461 lr 2.56e-05 acc 0.2247 exact 0.0000 [halt step 512]
[LT] step 528 lm_loss 2.20046 lr 2.64e-05 acc 0.2339 exact 0.0000 [halt step 528]
[LT] step 544 lm_loss 2.20315 lr 2.71e-05 acc 0.2198 exact 0.0000 [halt step 544]
[LT] step 560 lm_loss 2.20020 lr 2.8e-05 acc 0.2157 exact 0.0000 [halt step 560]
[LT] step 576 lm_loss 2.20359 lr 2.88e-05 acc 0.2300 exact 0.0000 [halt step 576]
[LT] step 592 lm_loss 2.19450 lr 2.95e-05 acc 0.2415 exact 0.0000 [halt step 592]
[LT] step 608 lm_loss 2.20103 lr 3.04e-05 acc 0.2190 exact 0.0000 [halt step 608]
[LT] step 624 lm_loss 2.19661 lr 3.11e-05 acc 0.2310 exact 0.0000 [halt step 624]
[LT] step 640 lm_loss 2.19597 lr 3.19e-05 acc 0.2190 exact 0.0000 [halt step 640]
[LT] step 656 lm_loss 2.19572 lr 3.28e-05 acc 0.2309 exact 0.0000 [halt step 656]
[LT] step 672 lm_loss 2.19511 lr 3.36e-05 acc 0.2159 exact 0.0000 [halt step 672]
[LT] step 688 lm_loss 2.19229 lr 3.44e-05 acc 0.2153 exact 0.0000 [halt step 688]
[LT] step 704 lm_loss 2.19170 lr 3.52e-05 acc 0.2207 exact 0.0000 [halt step 704]
[LT] step 720 lm_loss 2.18958 lr 3.59e-05 acc 0.2269 exact 0.0000 [halt step 720]
[LT] step 736 lm_loss 2.19018 lr 3.68e-05 acc 0.2062 exact 0.0000 [halt step 736]
[LT] step 752 lm_loss 2.19142 lr 3.75e-05 acc 0.2121 exact 0.0000 [halt step 752]
[LT] step 768 lm_loss 2.19298 lr 3.84e-05 acc 0.2139 exact 0.0000 [halt step 768]
[LT] step 784 lm_loss 2.19503 lr 3.92e-05 acc 0.2030 exact 0.0000 [halt step 784]
[LT] step 800 lm_loss 2.19849 lr 4e-05 acc 0.1981 exact 0.0000 [halt step 800]
[LT] step 816 lm_loss 2.19516 lr 4.08e-05 acc 0.1896 exact 0.0000 [halt step 816]
[LT] step 832 lm_loss 2.19596 lr 4.16e-05 acc 0.1949 exact 0.0000 [halt step 832]
[LT] step 848 lm_loss 2.19927 lr 4.23e-05 acc 0.1774 exact 0.0000 [halt step 848]
[LT] step 864 lm_loss 2.20007 lr 4.31e-05 acc 0.1605 exact 0.0000 [halt step 864]
[LT] step 880 lm_loss 2.20192 lr 4.4e-05 acc 0.1605 exact 0.0000 [halt step 880]
[LT] step 896 lm_loss 2.19940 lr 4.48e-05 acc 0.1583 exact 0.0000 [halt step 896]
[LT] step 912 lm_loss 2.20241 lr 4.56e-05 acc 0.1495 exact 0.0000 [halt step 912]
[LT] step 928 lm_loss 2.20244 lr 4.64e-05 acc 0.1476 exact 0.0000 [halt step 928]
[LT] step 944 lm_loss 2.20209 lr 4.72e-05 acc 0.1468 exact 0.0000 [halt step 944]
[LT] step 960 lm_loss 2.20255 lr 4.8e-05 acc 0.1399 exact 0.0000 [halt step 960]
[LT] step 976 lm_loss 2.20251 lr 4.87e-05 acc 0.1259 exact 0.0000 [halt step 976]
[LT] step 992 lm_loss 2.20214 lr 4.96e-05 acc 0.1362 exact 0.0000 [halt step 992]
[LT] step 1008 lm_loss 2.20119 lr 5.04e-05 acc 0.1288 exact 0.0000 [halt step 1008]
[LT] step 1024 lm_loss 2.20163 lr 5.12e-05 acc 0.1296 exact 0.0000 [halt step 1024]
[LT] step 1040 lm_loss 2.20197 lr 5.2e-05 acc 0.1326 exact 0.0000 [halt step 1040]
[LT] step 1056 lm_loss 2.20117 lr 5.28e-05 acc 0.1346 exact 0.0000 [halt step 1056]
[LT] step 1072 lm_loss 2.19981 lr 5.36e-05 acc 0.1322 exact 0.0000 [halt step 1072]
[LT] step 1088 lm_loss 2.20058 lr 5.43e-05 acc 0.1350 exact 0.0000 [halt step 1088]
[LT] step 1104 lm_loss 2.19977 lr 5.52e-05 acc 0.1277 exact 0.0000 [halt step 1104]
[LT] step 1120 lm_loss 2.19984 lr 5.59e-05 acc 0.1268 exact 0.0000 [halt step 1120]
[LT] step 1136 lm_loss 2.19984 lr 5.68e-05 acc 0.1290 exact 0.0000 [halt step 1136]
[LT] step 1152 lm_loss 2.19974 lr 5.76e-05 acc 0.1292 exact 0.0000 [halt step 1152]
[LT] step 1168 lm_loss 2.19982 lr 5.84e-05 acc 0.1249 exact 0.0000 [halt step 1168]
[LT] step 1184 lm_loss 2.20022 lr 5.92e-05 acc 0.1257 exact 0.0000 [halt step 1184]
[LT] step 1200 lm_loss 2.20073 lr 6e-05 acc 0.1232 exact 0.0000 [halt step 1200]
[LT] step 1216 lm_loss 2.20104 lr 6.08e-05 acc 0.1177 exact 0.0000 [halt step 1216]
[LT] step 1232 lm_loss 2.20317 lr 6.16e-05 acc 0.1252 exact 0.0000 [halt step 1232]
[LT] step 1248 lm_loss 2.20144 lr 6.23e-05 acc 0.1299 exact 0.0000 [halt step 1248]
[LT] step 1264 lm_loss 2.20124 lr 6.32e-05 acc 0.1176 exact 0.0000 [halt step 1264]
[LT] step 1280 lm_loss 2.22137 lr 6.4e-05 acc 0.1231 exact 0.0000 [halt step 1280]
[LT] step 1296 lm_loss 2.25730 lr 6.48e-05 acc 0.1179 exact 0.0000 [halt step 1296]
[LT] step 1312 lm_loss 2.25098 lr 6.55e-05 acc 0.1143 exact 0.0000 [halt step 1312]
[LT] step 1328 lm_loss 2.23942 lr 6.64e-05 acc 0.1130 exact 0.0000 [halt step 1328]
[LT] step 1344 lm_loss 2.23438 lr 6.72e-05 acc 0.1176 exact 0.0000 [halt step 1344]
[LT] step 1360 lm_loss 2.21500 lr 6.79e-05 acc 0.1162 exact 0.0000 [halt step 1360]
[LT] step 1376 lm_loss 2.20206 lr 6.88e-05 acc 0.1198 exact 0.0000 [halt step 1376]
[LT] step 1392 lm_loss 2.20221 lr 6.95e-05 acc 0.1231 exact 0.0000 [halt step 1392]
[LT] step 1408 lm_loss 2.20212 lr 7.04e-05 acc 0.1156 exact 0.0000 [halt step 1408]
[LT] step 1424 lm_loss 2.20238 lr 7.12e-05 acc 0.1191 exact 0.0000 [halt step 1424]
[LT] step 1440 lm_loss 2.20099 lr 7.2e-05 acc 0.1221 exact 0.0000 [halt step 1440]
[LT] step 1456 lm_loss 2.19976 lr 7.28e-05 acc 0.1254 exact 0.0000 [halt step 1456]
[LT] step 1472 lm_loss 2.19905 lr 7.35e-05 acc 0.1280 exact 0.0000 [halt step 1472]
[LT] step 1488 lm_loss 2.19888 lr 7.44e-05 acc 0.1215 exact 0.0000 [halt step 1488]
[LT] step 1504 lm_loss 2.19860 lr 7.52e-05 acc 0.1255 exact 0.0000 [halt step 1504]
[LT] step 1520 lm_loss 2.19782 lr 7.6e-05 acc 0.1258 exact 0.0000 [halt step 1520]
[LT] step 1536 lm_loss 2.19825 lr 7.67e-05 acc 0.1218 exact 0.0000 [halt step 1536]
[LT] step 1552 lm_loss 2.19801 lr 7.76e-05 acc 0.1252 exact 0.0000 [halt step 1552]
[LT] step 1568 lm_loss 2.19762 lr 7.84e-05 acc 0.1246 exact 0.0000 [halt step 1568]
[LT] step 1584 lm_loss 2.19735 lr 7.91e-05 acc 0.1285 exact 0.0000 [halt step 1584]
[LT] step 1600 lm_loss 2.19766 lr 8e-05 acc 0.1216 exact 0.0000 [halt step 1600]
[LT] step 1616 lm_loss 2.19688 lr 8.07e-05 acc 0.1293 exact 0.0000 [halt step 1616]
[LT] step 1632 lm_loss 2.19674 lr 8.16e-05 acc 0.1322 exact 0.0000 [halt step 1632]
[LT] step 1648 lm_loss 2.19669 lr 8.24e-05 acc 0.1288 exact 0.0000 [halt step 1648]
[LT] step 1664 lm_loss 2.19598 lr 8.32e-05 acc 0.1388 exact 0.0000 [halt step 1664]
[LT] step 1680 lm_loss 2.19566 lr 8.4e-05 acc 0.1297 exact 0.0000 [halt step 1680]
[LT] step 1696 lm_loss 2.19578 lr 8.48e-05 acc 0.1283 exact 0.0000 [halt step 1696]
[LT] step 1712 lm_loss 2.19633 lr 8.56e-05 acc 0.1265 exact 0.0000 [halt step 1712]
[LT] step 1728 lm_loss 2.19557 lr 8.64e-05 acc 0.1328 exact 0.0000 [halt step 1728]
[LT] step 1744 lm_loss 2.19532 lr 8.72e-05 acc 0.1274 exact 0.0000 [halt step 1744]
[LT] step 1760 lm_loss 2.19640 lr 8.79e-05 acc 0.1281 exact 0.0000 [halt step 1760]
[LT] step 1776 lm_loss 2.19500 lr 8.88e-05 acc 0.1327 exact 0.0000 [halt step 1776]
[LT] step 1792 lm_loss 2.19497 lr 8.96e-05 acc 0.1297 exact 0.0000 [halt step 1792]
[LT] step 1808 lm_loss 2.19514 lr 9.04e-05 acc 0.1289 exact 0.0000 [halt step 1808]
[LT] step 1824 lm_loss 2.19556 lr 9.12e-05 acc 0.1229 exact 0.0000 [halt step 1824]
[LT] step 1840 lm_loss 2.19458 lr 9.19e-05 acc 0.1279 exact 0.0000 [halt step 1840]
[LT] step 1856 lm_loss 2.19493 lr 9.28e-05 acc 0.1253 exact 0.0000 [halt step 1856]
[LT] step 1872 lm_loss 2.19427 lr 9.36e-05 acc 0.1381 exact 0.0000 [halt step 1872]
[LT] step 1888 lm_loss 2.19423 lr 9.44e-05 acc 0.1399 exact 0.0000 [halt step 1888]
[LT] step 1904 lm_loss 2.19345 lr 9.51e-05 acc 0.1326 exact 0.0000 [halt step 1904]
[LT] step 1920 lm_loss 2.19341 lr 9.6e-05 acc 0.1367 exact 0.0000 [halt step 1920]
[LT] step 1936 lm_loss 2.19383 lr 9.68e-05 acc 0.1308 exact 0.0000 [halt step 1936]
[LT] step 1952 lm_loss 2.19244 lr 9.75e-05 acc 0.1415 exact 0.0000 [halt step 1952]
[EVAL] step 1953 blocks/seg 0+8 acc 0.1345 exact 0/2048
[LT] step 1968 lm_loss 2.19310 lr 9.84e-05 acc 0.1377 exact 0.0000 [halt step 1968]
[LT] step 1984 lm_loss 2.19295 lr 9.91e-05 acc 0.1370 exact 0.0000 [halt step 1984]
[LT] step 2000 lm_loss 2.19320 lr 0.0001 acc 0.1338 exact 0.0000 [halt step 2000]
[LT] step 2016 lm_loss 2.19333 lr 0.0001 acc 0.1353 exact 0.0000 [halt step 2016]
[LT] step 2032 lm_loss 2.19172 lr 0.0001 acc 0.1391 exact 0.0000 [halt step 2032]
[LT] step 2048 lm_loss 2.19232 lr 0.0001 acc 0.1443 exact 0.0000 [halt step 2048]
[LT] step 2064 lm_loss 2.19221 lr 0.0001 acc 0.1399 exact 0.0000 [halt step 2064]
[LT] step 2080 lm_loss 2.19123 lr 0.0001 acc 0.1473 exact 0.0000 [halt step 2080]
[LT] step 2096 lm_loss 2.19110 lr 0.0001 acc 0.1368 exact 0.0000 [halt step 2096]
[LT] step 2112 lm_loss 2.19146 lr 0.0001 acc 0.1431 exact 0.0000 [halt step 2112]
[LT] step 2128 lm_loss 2.19057 lr 0.0001 acc 0.1459 exact 0.0000 [halt step 2128]
[LT] step 2144 lm_loss 2.18967 lr 0.0001 acc 0.1411 exact 0.0000 [halt step 2144]
[LT] step 2160 lm_loss 2.18955 lr 0.0001 acc 0.1467 exact 0.0000 [halt step 2160]
[LT] step 2176 lm_loss 2.18919 lr 0.0001 acc 0.1421 exact 0.0000 [halt step 2176]
[LT] step 2192 lm_loss 2.19036 lr 0.0001 acc 0.1354 exact 0.0000 [halt step 2192]
[LT] step 2208 lm_loss 2.18986 lr 0.0001 acc 0.1414 exact 0.0000 [halt step 2208]
[LT] step 2224 lm_loss 2.18727 lr 0.0001 acc 0.1478 exact 0.0000 [halt step 2224]
[LT] step 2240 lm_loss 2.18722 lr 0.0001 acc 0.1472 exact 0.0000 [halt step 2240]
[LT] step 2256 lm_loss 2.18540 lr 0.0001 acc 0.1531 exact 0.0000 [halt step 2256]
[LT] step 2272 lm_loss 2.18597 lr 0.0001 acc 0.1536 exact 0.0000 [halt step 2272]
[LT] step 2288 lm_loss 2.18224 lr 0.0001 acc 0.1520 exact 0.0000 [halt step 2288]
[LT] step 2304 lm_loss 2.18608 lr 0.0001 acc 0.1448 exact 0.0000 [halt step 2304]
[LT] step 2320 lm_loss 2.18227 lr 0.0001 acc 0.1506 exact 0.0000 [halt step 2320]
[LT] step 2336 lm_loss 2.18387 lr 0.0001 acc 0.1509 exact 0.0000 [halt step 2336]
[LT] step 2352 lm_loss 2.18255 lr 0.0001 acc 0.1582 exact 0.0000 [halt step 2352]
[LT] step 2368 lm_loss 2.18272 lr 0.0001 acc 0.1568 exact 0.0000 [halt step 2368]
[LT] step 2384 lm_loss 2.18532 lr 0.0001 acc 0.1532 exact 0.0000 [halt step 2384]
[LT] step 2400 lm_loss 2.17821 lr 0.0001 acc 0.1675 exact 0.0000 [halt step 2400]
[LT] step 2416 lm_loss 2.17923 lr 0.0001 acc 0.1689 exact 0.0000 [halt step 2416]
[LT] step 2432 lm_loss 2.17674 lr 0.0001 acc 0.1708 exact 0.0000 [halt step 2432]
[LT] step 2448 lm_loss 2.17839 lr 0.0001 acc 0.1645 exact 0.0000 [halt step 2448]
[LT] step 2464 lm_loss 2.17839 lr 0.0001 acc 0.1639 exact 0.0000 [halt step 2464]
[LT] step 2480 lm_loss 2.17852 lr 0.0001 acc 0.1727 exact 0.0000 [halt step 2480]
[LT] step 2496 lm_loss 2.17635 lr 0.0001 acc 0.1723 exact 0.0000 [halt step 2496]
[LT] step 2512 lm_loss 2.17684 lr 0.0001 acc 0.1689 exact 0.0000 [halt step 2512]
[LT] step 2528 lm_loss 2.17478 lr 0.0001 acc 0.1770 exact 0.0000 [halt step 2528]
[LT] step 2544 lm_loss 2.17468 lr 0.0001 acc 0.1773 exact 0.0000 [halt step 2544]
[LT] step 2560 lm_loss 2.17265 lr 0.0001 acc 0.1745 exact 0.0000 [halt step 2560]
[LT] step 2576 lm_loss 2.17707 lr 0.0001 acc 0.1795 exact 0.0000 [halt step 2576]
[LT] step 2592 lm_loss 2.17291 lr 0.0001 acc 0.1849 exact 0.0000 [halt step 2592]
[LT] step 2608 lm_loss 2.17394 lr 0.0001 acc 0.1765 exact 0.0000 [halt step 2608]
[LT] step 2624 lm_loss 2.17148 lr 0.0001 acc 0.1853 exact 0.0000 [halt step 2624]
[LT] step 2640 lm_loss 2.17095 lr 0.0001 acc 0.1915 exact 0.0000 [halt step 2640]
[LT] step 2656 lm_loss 2.16922 lr 0.0001 acc 0.1934 exact 0.0000 [halt step 2656]
[LT] step 2672 lm_loss 2.17087 lr 0.0001 acc 0.1845 exact 0.0000 [halt step 2672]
[LT] step 2688 lm_loss 2.16979 lr 0.0001 acc 0.1873 exact 0.0000 [halt step 2688]
[LT] step 2704 lm_loss 2.16969 lr 0.0001 acc 0.1834 exact 0.0000 [halt step 2704]
[LT] step 2720 lm_loss 2.16965 lr 0.0001 acc 0.1901 exact 0.0000 [halt step 2720]
[LT] step 2736 lm_loss 2.16928 lr 0.0001 acc 0.1916 exact 0.0000 [halt step 2736]
[LT] step 2752 lm_loss 2.16813 lr 0.0001 acc 0.1910 exact 0.0000 [halt step 2752]
[LT] step 2768 lm_loss 2.16950 lr 0.0001 acc 0.1894 exact 0.0000 [halt step 2768]
[LT] step 2784 lm_loss 2.16945 lr 0.0001 acc 0.2012 exact 0.0000 [halt step 2784]
[LT] step 2800 lm_loss 2.16774 lr 0.0001 acc 0.1980 exact 0.0000 [halt step 2800]
[LT] step 2816 lm_loss 2.16682 lr 0.0001 acc 0.1971 exact 0.0000 [halt step 2816]
[LT] step 2832 lm_loss 2.16846 lr 0.0001 acc 0.1919 exact 0.0000 [halt step 2832]
[LT] step 2848 lm_loss 2.16784 lr 0.0001 acc 0.1908 exact 0.0000 [halt step 2848]
[LT] step 2864 lm_loss 2.16804 lr 0.0001 acc 0.1990 exact 0.0000 [halt step 2864]
[LT] step 2880 lm_loss 2.16725 lr 0.0001 acc 0.1947 exact 0.0000 [halt step 2880]
[LT] step 2896 lm_loss 2.16709 lr 0.0001 acc 0.1899 exact 0.0000 [halt step 2896]
[LT] step 2912 lm_loss 2.16998 lr 0.0001 acc 0.1939 exact 0.0000 [halt step 2912]
[LT] step 2928 lm_loss 2.16934 lr 0.0001 acc 0.1915 exact 0.0000 [halt step 2928]
[LT] step 2944 lm_loss 2.17099 lr 0.0001 acc 0.1922 exact 0.0000 [halt step 2944]
[LT] step 2960 lm_loss 2.16927 lr 0.0001 acc 0.1987 exact 0.0000 [halt step 2960]
[LT] step 2976 lm_loss 2.17035 lr 0.0001 acc 0.1914 exact 0.0000 [halt step 2976]
[LT] step 2992 lm_loss 2.17109 lr 0.0001 acc 0.1812 exact 0.0000 [halt step 2992]
[LT] step 3008 lm_loss 2.17155 lr 0.0001 acc 0.1889 exact 0.0000 [halt step 3008]
[EVAL] step 3008 blocks/seg 0+8 acc 0.1433 exact 0/2048
[LT] saved step=3008: /workspace/something/runs/research_free_phase_free_exact_exp_20261005/step_3008.pt
