RESEARCH {"variant": "local_free_fourier_r4_e0.5_diagonal_float32", "window": "fourier", "modes": 4, "epsilon": 0.5, "generator": "diagonal", "precision": "highest", "feature_precision": "float32", "torch": "2.11.0+cu128", "gpu": "NVIDIA GeForce RTX 4090", "phase": "phiK=(pi/2)*tanh(thetaK+aK*RoPE(K_n)); phiV=(pi/2)*tanh(thetaV+aV*V_n)", "phase_input": "token-local own-channel activity, learned zero-initialized gain per head/channel/role", "phase_dynamic": true, "ordering": "free to reverse for dynamic controls", "phase_initialization": "same original theta and other parameter draws; zero correction", "write": "G_ij=mean_n V_ni K_nj L(phiV_ni-phiK_nj); read=RoPE(Q)@G.T", "normalization": "RMSNorm immediately after each attention/FFN residual; FP32 mean square, eps1e-5, no affine; count=2", "window_note": "Fourier is exact for its chosen bounded-domain surrogate; not the original exponential. Frozen frequencies and coefficients.", "scope": "Short controlled research experiment; max_steps applies only to this new diagnostic run", "checkpoints": "Only trainer terminal save; keep_last=3; all step logs retained", "original_training": "local_warp_exp stopped by user at step 30550; not resumed", "limitation": "Phase and activity projections are tied by channel gains; free ordering, but less phase expressivity than an independent dense projection", "experiment_free_phase_windows.py_sha256": "d0bb0384a3b912aa3437dacbb6c2d285be1f4dd702485e88d89524f8a88c6136", "research_free_phase_windows.py_sha256": "26aaba181936ca9bda30f15c9584e3225dc44a13f19a1e428daf7d46afb8f42a"}
[LT] lt-kv-stdp-fast-weight-v1:research-local_free_fourier_r4_e0.5_diagonal_float32 torch=2.11.0+cu128 device=cuda:0 ranks=1 local_bs=128
[LT] params=8,542,571 amp=bfloat16 activation_checkpoint=True compile=True
[LT] data=/workspace/something/data/sudoku_lt_1k.npz train=1000 test=2048
[LT] planned steps=390625; actual steps=390600; 1 step=8 blocks; loops=16 segments
[LT] KV-STDP: heads=8 head_dim=104 trace_lambda_init=0.1 (learned pair, shared K/V; lambda_shape=(8, 52)); memory_update=additive memory_decay=1 write_scale=1 token_reduction=mean; learned real joint 2D RoPE theta=[head,pair,row/col] init=U[-pi/2,pi/2]; inject -> memory -> bilinear FFN -> fixed Phi; FP32 memory/traces
[LT] KV-STDP projection precision: K/V=AMP; Q/out_proj/FFN follow configured AMP
[LT] KV-STDP trace activity detach=False; eligibility values unchanged; lambda explicit gradient retained; current signed write/read unchanged
[LT] KV-STDP optimizer: Q/K/V weight_decay=1; out_proj/FFN weight_decay=1; lambda/theta weight_decay=0
[LT] lr=0.0001 min_ratio=1.0 rewarm_start=None rewarm_steps=10000 rewarm_from_ratio=0.1 late_sup_prob=0.0 nograd_fixed=0 nograd_every=0 nograd_start=0 nograd_max=16 late_sup_extra=[16,112]
[LT] NEW RUN step=0 next_iter=0 consumed_batches=0 out=/workspace/something/runs/research_free_phase_free_fourier4_e05_20261005
/venv/main/lib/python3.12/site-packages/torch/_inductor/compile_fx.py:322: UserWarning: TensorFloat32 tensor cores for float32 matrix multiplication available but not enabled. Consider setting `torch.set_float32_matmul_precision('high')` for better performance.
  warnings.warn(
[LT] step 16 lm_loss 2.46956 lr 7.5e-07 acc 0.1061 exact 0.0000 [halt step 16]
[LT] step 32 lm_loss 2.43951 lr 1.55e-06 acc 0.1171 exact 0.0000 [halt step 32]
[LT] step 48 lm_loss 2.38854 lr 2.35e-06 acc 0.1351 exact 0.0000 [halt step 48]
[LT] step 64 lm_loss 2.33415 lr 3.15e-06 acc 0.1599 exact 0.0000 [halt step 64]
[LT] step 80 lm_loss 2.24538 lr 3.95e-06 acc 0.1988 exact 0.0000 [halt step 80]
[LT] step 96 lm_loss 2.15618 lr 4.75e-06 acc 0.2529 exact 0.0000 [halt step 96]
[LT] step 112 lm_loss 2.07169 lr 5.55e-06 acc 0.3305 exact 0.0000 [halt step 112]
[LT] step 128 lm_loss 1.98805 lr 6.35e-06 acc 0.3773 exact 0.0000 [halt step 128]
[LT] step 144 lm_loss 1.91774 lr 7.15e-06 acc 0.3921 exact 0.0000 [halt step 144]
[LT] step 160 lm_loss 1.85463 lr 7.95e-06 acc 0.3937 exact 0.0000 [halt step 160]
[LT] step 176 lm_loss 1.78754 lr 8.75e-06 acc 0.3985 exact 0.0000 [halt step 176]
[LT] step 192 lm_loss 1.72905 lr 9.55e-06 acc 0.4085 exact 0.0000 [halt step 192]
[LT] step 208 lm_loss 1.68730 lr 1.03e-05 acc 0.4136 exact 0.0000 [halt step 208]
[LT] step 224 lm_loss 1.65359 lr 1.11e-05 acc 0.4209 exact 0.0000 [halt step 224]
[LT] step 240 lm_loss 1.60342 lr 1.2e-05 acc 0.4320 exact 0.0000 [halt step 240]
[LT] step 256 lm_loss 1.57028 lr 1.28e-05 acc 0.4392 exact 0.0000 [halt step 256]
[LT] step 272 lm_loss 1.52431 lr 1.36e-05 acc 0.4507 exact 0.0000 [halt step 272]
[LT] step 288 lm_loss 1.48439 lr 1.43e-05 acc 0.4580 exact 0.0000 [halt step 288]
[LT] step 304 lm_loss 1.44212 lr 1.52e-05 acc 0.4680 exact 0.0000 [halt step 304]
[LT] step 320 lm_loss 1.40840 lr 1.6e-05 acc 0.4760 exact 0.0000 [halt step 320]
[LT] step 336 lm_loss 1.38925 lr 1.68e-05 acc 0.4768 exact 0.0000 [halt step 336]
[LT] step 352 lm_loss 1.35972 lr 1.75e-05 acc 0.4850 exact 0.0000 [halt step 352]
[LT] step 368 lm_loss 1.34021 lr 1.84e-05 acc 0.4810 exact 0.0000 [halt step 368]
[LT] step 384 lm_loss 1.32604 lr 1.92e-05 acc 0.4850 exact 0.0000 [halt step 384]
[LT] step 400 lm_loss 1.30955 lr 2e-05 acc 0.4929 exact 0.0000 [halt step 400]
[LT] step 416 lm_loss 1.30258 lr 2.07e-05 acc 0.4836 exact 0.0000 [halt step 416]
[LT] step 432 lm_loss 1.29012 lr 2.15e-05 acc 0.4857 exact 0.0000 [halt step 432]
[LT] step 448 lm_loss 1.27151 lr 2.24e-05 acc 0.4967 exact 0.0000 [halt step 448]
[LT] step 464 lm_loss 1.25813 lr 2.32e-05 acc 0.4973 exact 0.0000 [halt step 464]
[LT] step 480 lm_loss 1.26957 lr 2.4e-05 acc 0.4975 exact 0.0000 [halt step 480]
[LT] step 496 lm_loss 1.24806 lr 2.48e-05 acc 0.5009 exact 0.0000 [halt step 496]
[LT] step 512 lm_loss 1.25153 lr 2.56e-05 acc 0.5006 exact 0.0000 [halt step 512]
[LT] step 528 lm_loss 1.23752 lr 2.64e-05 acc 0.5090 exact 0.0000 [halt step 528]
[LT] step 544 lm_loss 1.22443 lr 2.71e-05 acc 0.5119 exact 0.0000 [halt step 544]
[LT] step 560 lm_loss 1.20923 lr 2.8e-05 acc 0.5143 exact 0.0000 [halt step 560]
[LT] step 576 lm_loss 1.21939 lr 2.88e-05 acc 0.5093 exact 0.0000 [halt step 576]
[LT] step 592 lm_loss 1.19870 lr 2.95e-05 acc 0.5195 exact 0.0000 [halt step 592]
[LT] step 608 lm_loss 1.20454 lr 3.04e-05 acc 0.5146 exact 0.0000 [halt step 608]
[LT] step 624 lm_loss 1.18109 lr 3.11e-05 acc 0.5266 exact 0.0000 [halt step 624]
[LT] step 640 lm_loss 1.16574 lr 3.19e-05 acc 0.5320 exact 0.0000 [halt step 640]
[LT] step 656 lm_loss 1.15743 lr 3.28e-05 acc 0.5334 exact 0.0000 [halt step 656]
[LT] step 672 lm_loss 1.17055 lr 3.36e-05 acc 0.5294 exact 0.0000 [halt step 672]
[LT] step 688 lm_loss 1.14463 lr 3.44e-05 acc 0.5415 exact 0.0000 [halt step 688]
[LT] step 704 lm_loss 1.14338 lr 3.52e-05 acc 0.5336 exact 0.0000 [halt step 704]
[LT] step 720 lm_loss 1.14020 lr 3.59e-05 acc 0.5437 exact 0.0000 [halt step 720]
[LT] step 736 lm_loss 1.13780 lr 3.68e-05 acc 0.5377 exact 0.0000 [halt step 736]
[LT] step 752 lm_loss 1.12140 lr 3.75e-05 acc 0.5498 exact 0.0000 [halt step 752]
[LT] step 768 lm_loss 1.12245 lr 3.84e-05 acc 0.5493 exact 0.0000 [halt step 768]
[LT] step 784 lm_loss 1.10884 lr 3.92e-05 acc 0.5558 exact 0.0000 [halt step 784]
[LT] step 800 lm_loss 1.10580 lr 4e-05 acc 0.5543 exact 0.0000 [halt step 800]
[LT] step 816 lm_loss 1.11548 lr 4.08e-05 acc 0.5497 exact 0.0000 [halt step 816]
[LT] step 832 lm_loss 1.11192 lr 4.16e-05 acc 0.5525 exact 0.0000 [halt step 832]
[LT] step 848 lm_loss 1.07804 lr 4.23e-05 acc 0.5650 exact 0.0000 [halt step 848]
[LT] step 864 lm_loss 1.08644 lr 4.31e-05 acc 0.5643 exact 0.0000 [halt step 864]
[LT] step 880 lm_loss 1.07463 lr 4.4e-05 acc 0.5635 exact 0.0000 [halt step 880]
[LT] step 896 lm_loss 1.07205 lr 4.48e-05 acc 0.5711 exact 0.0000 [halt step 896]
[LT] step 912 lm_loss 1.05031 lr 4.56e-05 acc 0.5779 exact 0.0000 [halt step 912]
[LT] step 928 lm_loss 1.06159 lr 4.64e-05 acc 0.5732 exact 0.0000 [halt step 928]
[LT] step 944 lm_loss 1.02866 lr 4.72e-05 acc 0.5872 exact 0.0000 [halt step 944]
[LT] step 960 lm_loss 1.02591 lr 4.8e-05 acc 0.5926 exact 0.0000 [halt step 960]
[LT] step 976 lm_loss 1.02466 lr 4.87e-05 acc 0.5938 exact 0.0000 [halt step 976]
[LT] step 992 lm_loss 1.02357 lr 4.96e-05 acc 0.5892 exact 0.0000 [halt step 992]
[LT] step 1008 lm_loss 1.02906 lr 5.04e-05 acc 0.5892 exact 0.0000 [halt step 1008]
[LT] step 1024 lm_loss 0.99296 lr 5.12e-05 acc 0.6042 exact 0.0000 [halt step 1024]
[LT] step 1040 lm_loss 1.00818 lr 5.2e-05 acc 0.6011 exact 0.0000 [halt step 1040]
[LT] step 1056 lm_loss 0.98244 lr 5.28e-05 acc 0.6111 exact 0.0000 [halt step 1056]
[LT] step 1072 lm_loss 1.00262 lr 5.36e-05 acc 0.6060 exact 0.0000 [halt step 1072]
[LT] step 1088 lm_loss 0.94784 lr 5.43e-05 acc 0.6263 exact 0.0000 [halt step 1088]
[LT] step 1104 lm_loss 0.97940 lr 5.52e-05 acc 0.6181 exact 0.0000 [halt step 1104]
[LT] step 1120 lm_loss 0.94735 lr 5.59e-05 acc 0.6310 exact 0.0000 [halt step 1120]
[LT] step 1136 lm_loss 0.96663 lr 5.68e-05 acc 0.6243 exact 0.0000 [halt step 1136]
[LT] step 1152 lm_loss 0.91898 lr 5.76e-05 acc 0.6433 exact 0.0000 [halt step 1152]
[LT] step 1168 lm_loss 0.93877 lr 5.84e-05 acc 0.6465 exact 0.0000 [halt step 1168]
[LT] step 1184 lm_loss 0.87925 lr 5.92e-05 acc 0.6659 exact 0.0000 [halt step 1184]
[LT] step 1200 lm_loss 0.94636 lr 6e-05 acc 0.6373 exact 0.0000 [halt step 1200]
[LT] step 1216 lm_loss 0.92992 lr 6.08e-05 acc 0.6436 exact 0.0000 [halt step 1216]
[LT] step 1232 lm_loss 0.84727 lr 6.16e-05 acc 0.6875 exact 0.0000 [halt step 1232]
[LT] step 1248 lm_loss 0.85693 lr 6.23e-05 acc 0.6879 exact 0.0000 [halt step 1248]
[LT] step 1264 lm_loss 0.88445 lr 6.32e-05 acc 0.6691 exact 0.0000 [halt step 1264]
[LT] step 1280 lm_loss 0.89374 lr 6.4e-05 acc 0.6615 exact 0.0000 [halt step 1280]
[LT] step 1296 lm_loss 0.85317 lr 6.48e-05 acc 0.6842 exact 0.0000 [halt step 1296]
[LT] step 1312 lm_loss 0.82041 lr 6.55e-05 acc 0.6986 exact 0.0000 [halt step 1312]
[LT] step 1328 lm_loss 0.82272 lr 6.64e-05 acc 0.7080 exact 0.0000 [halt step 1328]
[LT] step 1344 lm_loss 0.84951 lr 6.72e-05 acc 0.6880 exact 0.0000 [halt step 1344]
[LT] step 1360 lm_loss 0.82420 lr 6.79e-05 acc 0.7057 exact 0.0000 [halt step 1360]
[LT] step 1376 lm_loss 0.81343 lr 6.88e-05 acc 0.7067 exact 0.0000 [halt step 1376]
[LT] step 1392 lm_loss 0.76694 lr 6.95e-05 acc 0.7299 exact 0.0000 [halt step 1392]
[LT] step 1408 lm_loss 0.80812 lr 7.04e-05 acc 0.7094 exact 0.0000 [halt step 1408]
[LT] step 1424 lm_loss 0.74049 lr 7.12e-05 acc 0.7368 exact 0.0000 [halt step 1424]
[LT] step 1440 lm_loss 0.83020 lr 7.2e-05 acc 0.7017 exact 0.0000 [halt step 1440]
[LT] step 1456 lm_loss 0.77646 lr 7.28e-05 acc 0.7227 exact 0.0000 [halt step 1456]
[LT] step 1472 lm_loss 0.72656 lr 7.35e-05 acc 0.7495 exact 0.0000 [halt step 1472]
[LT] step 1488 lm_loss 0.73582 lr 7.44e-05 acc 0.7469 exact 0.0000 [halt step 1488]
[LT] step 1504 lm_loss 0.78917 lr 7.52e-05 acc 0.7269 exact 0.0000 [halt step 1504]
[LT] step 1520 lm_loss 0.68630 lr 7.6e-05 acc 0.7729 exact 0.0000 [halt step 1520]
[LT] step 1536 lm_loss 0.69980 lr 7.67e-05 acc 0.7703 exact 0.0000 [halt step 1536]
[LT] step 1552 lm_loss 0.65628 lr 7.76e-05 acc 0.7849 exact 0.0000 [halt step 1552]
[LT] step 1568 lm_loss 0.63388 lr 7.84e-05 acc 0.8038 exact 0.0156 [halt step 1568]
[LT] step 1584 lm_loss 0.69493 lr 7.91e-05 acc 0.7761 exact 0.0000 [halt step 1584]
[LT] step 1600 lm_loss 0.60279 lr 8e-05 acc 0.8165 exact 0.0000 [halt step 1600]
[LT] step 1616 lm_loss 0.62134 lr 8.07e-05 acc 0.8084 exact 0.0000 [halt step 1616]
[LT] step 1632 lm_loss 0.63200 lr 8.16e-05 acc 0.8007 exact 0.0000 [halt step 1632]
[LT] step 1648 lm_loss 0.62618 lr 8.24e-05 acc 0.8039 exact 0.0000 [halt step 1648]
[LT] step 1664 lm_loss 0.50232 lr 8.32e-05 acc 0.8603 exact 0.0078 [halt step 1664]
[LT] step 1680 lm_loss 0.68129 lr 8.4e-05 acc 0.7815 exact 0.0078 [halt step 1680]
[LT] step 1696 lm_loss 0.47271 lr 8.48e-05 acc 0.8630 exact 0.0078 [halt step 1696]
[LT] step 1712 lm_loss 0.56089 lr 8.56e-05 acc 0.8416 exact 0.0000 [halt step 1712]
[LT] step 1728 lm_loss 0.48108 lr 8.64e-05 acc 0.8740 exact 0.0312 [halt step 1728]
[LT] step 1744 lm_loss 0.50686 lr 8.72e-05 acc 0.8583 exact 0.0078 [halt step 1744]
[LT] step 1760 lm_loss 0.50519 lr 8.79e-05 acc 0.8671 exact 0.0156 [halt step 1760]
[LT] step 1776 lm_loss 0.53685 lr 8.88e-05 acc 0.8535 exact 0.0156 [halt step 1776]
[LT] step 1792 lm_loss 0.48276 lr 8.96e-05 acc 0.8723 exact 0.0156 [halt step 1792]
[LT] step 1808 lm_loss 0.54065 lr 9.04e-05 acc 0.8499 exact 0.0078 [halt step 1808]
[LT] step 1824 lm_loss 0.42057 lr 9.12e-05 acc 0.9005 exact 0.0469 [halt step 1824]
[LT] step 1840 lm_loss 0.53176 lr 9.19e-05 acc 0.8543 exact 0.0156 [halt step 1840]
[LT] step 1856 lm_loss 0.47406 lr 9.28e-05 acc 0.8763 exact 0.0312 [halt step 1856]
[LT] step 1872 lm_loss 0.46969 lr 9.36e-05 acc 0.8770 exact 0.0234 [halt step 1872]
[LT] step 1888 lm_loss 0.58850 lr 9.44e-05 acc 0.8317 exact 0.0000 [halt step 1888]
[LT] step 1904 lm_loss 0.37179 lr 9.51e-05 acc 0.9208 exact 0.0938 [halt step 1904]
[LT] step 1920 lm_loss 0.49504 lr 9.6e-05 acc 0.8648 exact 0.0234 [halt step 1920]
[LT] step 1936 lm_loss 0.51922 lr 9.68e-05 acc 0.8621 exact 0.0000 [halt step 1936]
[LT] step 1952 lm_loss 0.46433 lr 9.75e-05 acc 0.8819 exact 0.0156 [halt step 1952]
[EVAL] step 1953 blocks/seg 0+8 acc 0.5288 exact 0/2048
[LT] step 1968 lm_loss 0.41647 lr 9.84e-05 acc 0.8972 exact 0.0391 [halt step 1968]
[LT] step 1984 lm_loss 0.51090 lr 9.91e-05 acc 0.8611 exact 0.0000 [halt step 1984]
[LT] step 2000 lm_loss 0.39543 lr 0.0001 acc 0.9090 exact 0.0312 [halt step 2000]
[LT] step 2016 lm_loss 0.49444 lr 0.0001 acc 0.8679 exact 0.0078 [halt step 2016]
[LT] step 2032 lm_loss 0.41349 lr 0.0001 acc 0.8909 exact 0.0547 [halt step 2032]
[LT] step 2048 lm_loss 0.47206 lr 0.0001 acc 0.8798 exact 0.0234 [halt step 2048]
[LT] step 2064 lm_loss 0.39815 lr 0.0001 acc 0.9067 exact 0.0391 [halt step 2064]
[LT] step 2080 lm_loss 0.40005 lr 0.0001 acc 0.8936 exact 0.0391 [halt step 2080]
[LT] step 2096 lm_loss 0.45177 lr 0.0001 acc 0.8963 exact 0.0234 [halt step 2096]
[LT] step 2112 lm_loss 0.35955 lr 0.0001 acc 0.9249 exact 0.0938 [halt step 2112]
[LT] step 2128 lm_loss 0.42495 lr 0.0001 acc 0.9067 exact 0.0312 [halt step 2128]
[LT] step 2144 lm_loss 0.34228 lr 0.0001 acc 0.9333 exact 0.1484 [halt step 2144]
[LT] step 2160 lm_loss 0.42097 lr 0.0001 acc 0.9061 exact 0.0234 [halt step 2160]
[LT] step 2176 lm_loss 0.38509 lr 0.0001 acc 0.9162 exact 0.0703 [halt step 2176]
[LT] step 2192 lm_loss 0.46369 lr 0.0001 acc 0.8814 exact 0.0234 [halt step 2192]
[LT] step 2208 lm_loss 0.35850 lr 0.0001 acc 0.9243 exact 0.1016 [halt step 2208]
[LT] step 2224 lm_loss 0.40608 lr 0.0001 acc 0.9105 exact 0.0391 [halt step 2224]
[LT] step 2240 lm_loss 0.37093 lr 0.0001 acc 0.9171 exact 0.0781 [halt step 2240]
[LT] step 2256 lm_loss 0.36121 lr 0.0001 acc 0.9126 exact 0.0938 [halt step 2256]
[LT] step 2272 lm_loss 0.51192 lr 0.0001 acc 0.8642 exact 0.0234 [halt step 2272]
[LT] step 2288 lm_loss 0.35685 lr 0.0001 acc 0.9268 exact 0.0938 [halt step 2288]
[LT] step 2304 lm_loss 0.38821 lr 0.0001 acc 0.8897 exact 0.0547 [halt step 2304]
[LT] step 2320 lm_loss 0.40734 lr 0.0001 acc 0.9130 exact 0.0781 [halt step 2320]
[LT] step 2336 lm_loss 0.34975 lr 0.0001 acc 0.9366 exact 0.1016 [halt step 2336]
[LT] step 2352 lm_loss 0.39159 lr 0.0001 acc 0.9193 exact 0.0625 [halt step 2352]
[LT] step 2368 lm_loss 0.34319 lr 0.0001 acc 0.9407 exact 0.1172 [halt step 2368]
[LT] step 2384 lm_loss 0.36095 lr 0.0001 acc 0.9286 exact 0.1016 [halt step 2384]
[LT] step 2400 lm_loss 0.36293 lr 0.0001 acc 0.9273 exact 0.1484 [halt step 2400]
[LT] step 2416 lm_loss 0.37236 lr 0.0001 acc 0.9282 exact 0.1719 [halt step 2416]
[LT] step 2432 lm_loss 0.37831 lr 0.0001 acc 0.9266 exact 0.0859 [halt step 2432]
[LT] step 2448 lm_loss 0.34774 lr 0.0001 acc 0.9381 exact 0.1875 [halt step 2448]
[LT] step 2464 lm_loss 0.34852 lr 0.0001 acc 0.9361 exact 0.1641 [halt step 2464]
[LT] step 2480 lm_loss 0.35152 lr 0.0001 acc 0.9308 exact 0.1094 [halt step 2480]
[LT] step 2496 lm_loss 0.37491 lr 0.0001 acc 0.9302 exact 0.1094 [halt step 2496]
[LT] step 2512 lm_loss 0.34045 lr 0.0001 acc 0.9291 exact 0.1562 [halt step 2512]
[LT] step 2528 lm_loss 0.45285 lr 0.0001 acc 0.8957 exact 0.0156 [halt step 2528]
[LT] step 2544 lm_loss 0.28767 lr 0.0001 acc 0.9549 exact 0.2812 [halt step 2544]
[LT] step 2560 lm_loss 0.39449 lr 0.0001 acc 0.9037 exact 0.0859 [halt step 2560]
[LT] step 2576 lm_loss 0.41941 lr 0.0001 acc 0.9117 exact 0.0469 [halt step 2576]
[LT] step 2592 lm_loss 0.30935 lr 0.0001 acc 0.9468 exact 0.2734 [halt step 2592]
[LT] step 2608 lm_loss 0.37587 lr 0.0001 acc 0.9198 exact 0.1016 [halt step 2608]
[LT] step 2624 lm_loss 0.38112 lr 0.0001 acc 0.9095 exact 0.1016 [halt step 2624]
[LT] step 2640 lm_loss 0.38447 lr 0.0001 acc 0.9232 exact 0.0703 [halt step 2640]
[LT] step 2656 lm_loss 0.34867 lr 0.0001 acc 0.9380 exact 0.1641 [halt step 2656]
[LT] step 2672 lm_loss 0.30105 lr 0.0001 acc 0.9525 exact 0.2734 [halt step 2672]
[LT] step 2688 lm_loss 0.38590 lr 0.0001 acc 0.9195 exact 0.1250 [halt step 2688]
[LT] step 2704 lm_loss 0.37964 lr 0.0001 acc 0.9201 exact 0.1484 [halt step 2704]
[LT] step 2720 lm_loss 0.39872 lr 0.0001 acc 0.9182 exact 0.1016 [halt step 2720]
[LT] step 2736 lm_loss 0.30416 lr 0.0001 acc 0.9514 exact 0.2188 [halt step 2736]
[LT] step 2752 lm_loss 0.42800 lr 0.0001 acc 0.8853 exact 0.0234 [halt step 2752]
[LT] step 2768 lm_loss 0.30935 lr 0.0001 acc 0.9491 exact 0.2969 [halt step 2768]
[LT] step 2784 lm_loss 0.45473 lr 0.0001 acc 0.9012 exact 0.0547 [halt step 2784]
[LT] step 2800 lm_loss 0.29850 lr 0.0001 acc 0.9494 exact 0.2656 [halt step 2800]
[LT] step 2816 lm_loss 0.40493 lr 0.0001 acc 0.9074 exact 0.0859 [halt step 2816]
[LT] step 2832 lm_loss 0.35403 lr 0.0001 acc 0.9301 exact 0.1797 [halt step 2832]
[LT] step 2848 lm_loss 0.38910 lr 0.0001 acc 0.9179 exact 0.1094 [halt step 2848]
[LT] step 2864 lm_loss 0.33921 lr 0.0001 acc 0.9443 exact 0.1641 [halt step 2864]
[LT] step 2880 lm_loss 0.31013 lr 0.0001 acc 0.9489 exact 0.1953 [halt step 2880]
[LT] step 2896 lm_loss 0.38416 lr 0.0001 acc 0.8910 exact 0.1484 [halt step 2896]
[LT] step 2912 lm_loss 0.45064 lr 0.0001 acc 0.8967 exact 0.0469 [halt step 2912]
[LT] step 2928 lm_loss 0.29215 lr 0.0001 acc 0.9497 exact 0.3047 [halt step 2928]
[LT] step 2944 lm_loss 0.33239 lr 0.0001 acc 0.9350 exact 0.1484 [halt step 2944]
[LT] step 2960 lm_loss 0.40342 lr 0.0001 acc 0.8998 exact 0.1094 [halt step 2960]
[LT] step 2976 lm_loss 0.31341 lr 0.0001 acc 0.9425 exact 0.2422 [halt step 2976]
[LT] step 2992 lm_loss 0.33333 lr 0.0001 acc 0.9428 exact 0.2266 [halt step 2992]
[LT] step 3008 lm_loss 0.33796 lr 0.0001 acc 0.9371 exact 0.2500 [halt step 3008]
[EVAL] step 3008 blocks/seg 0+8 acc 0.6091 exact 45/2048
[LT] saved step=3008: /workspace/something/runs/research_free_phase_free_fourier4_e05_20261005/step_3008.pt
