RESEARCH {"variant": "fixed_fourier_r4_e0.5_diagonal", "window": "fourier", "modes": 4, "epsilon": 0.5, "generator": "diagonal", "precision": "highest", "torch": "2.11.0+cu128", "gpu": "NVIDIA GeForce RTX 4090", "phase": "phiK=(pi/2)*tanh(thetaK+aK*RoPE(K_n)); phiV=(pi/2)*tanh(thetaV+aV*V_n)", "phase_input": "token-local own-channel activity, learned zero-initialized gain per head/channel/role", "phase_dynamic": false, "ordering": "free to reverse for dynamic controls", "phase_initialization": "same original theta and other parameter draws; zero correction", "write": "G_ij=mean_n V_ni K_ni[j] L(phiV_ni-phiK_nj); read=RoPE(Q)@G.T", "normalization": "RMSNorm immediately after each attention/FFN residual; FP32 mean square, eps1e-5, no affine; count=2", "window_note": "Fourier is exact for its chosen bounded-domain surrogate; not the original exponential. Frozen frequencies and coefficients.", "scope": "Short controlled research experiment; max_steps applies only to this new diagnostic run", "checkpoints": "Only trainer terminal save; keep_last=3; all step logs retained", "original_training": "local_warp_exp stopped by user at step 30550; not resumed", "limitation": "Phase and activity projections are tied by channel gains; free ordering, but less phase expressivity than an independent dense projection", "experiment_free_phase_windows.py_sha256": "0a7aea4bec066ce791fe672eb089d50f1a9328501ec236d8e909412b395b3193", "research_free_phase_windows.py_sha256": "26aaba181936ca9bda30f15c9584e3225dc44a13f19a1e428daf7d46afb8f42a"}
[LT] lt-kv-stdp-fast-weight-v1:research-fixed_fourier_r4_e0.5_diagonal torch=2.11.0+cu128 device=cuda:0 ranks=1 local_bs=128
[LT] params=8,540,907 amp=bfloat16 activation_checkpoint=True compile=True
[LT] data=/workspace/something/data/sudoku_lt_1k.npz train=1000 test=2048
[LT] planned steps=390625; actual steps=390600; 1 step=8 blocks; loops=16 segments
[LT] KV-STDP: heads=8 head_dim=104 trace_lambda_init=0.1 (learned pair, shared K/V; lambda_shape=(8, 52)); memory_update=additive memory_decay=1 write_scale=1 token_reduction=mean; learned real joint 2D RoPE theta=[head,pair,row/col] init=U[-pi/2,pi/2]; inject -> memory -> bilinear FFN -> fixed Phi; FP32 memory/traces
[LT] KV-STDP projection precision: K/V=AMP; Q/out_proj/FFN follow configured AMP
[LT] KV-STDP trace activity detach=False; eligibility values unchanged; lambda explicit gradient retained; current signed write/read unchanged
[LT] KV-STDP optimizer: Q/K/V weight_decay=1; out_proj/FFN weight_decay=1; lambda/theta weight_decay=0
[LT] lr=0.0001 min_ratio=1.0 rewarm_start=None rewarm_steps=10000 rewarm_from_ratio=0.1 late_sup_prob=0.0 nograd_fixed=0 nograd_every=0 nograd_start=0 nograd_max=16 late_sup_extra=[16,112]
[LT] NEW RUN step=0 next_iter=0 consumed_batches=0 out=/workspace/something/runs/research_free_phase_fixed_fourier4_e05_20261005
/venv/main/lib/python3.12/site-packages/torch/_inductor/compile_fx.py:322: UserWarning: TensorFloat32 tensor cores for float32 matrix multiplication available but not enabled. Consider setting `torch.set_float32_matmul_precision('high')` for better performance.
  warnings.warn(
[LT] step 16 lm_loss 2.46954 lr 7.5e-07 acc 0.1061 exact 0.0000 [halt step 16]
[LT] step 32 lm_loss 2.43961 lr 1.55e-06 acc 0.1171 exact 0.0000 [halt step 32]
[LT] step 48 lm_loss 2.38866 lr 2.35e-06 acc 0.1352 exact 0.0000 [halt step 48]
[LT] step 64 lm_loss 2.33436 lr 3.15e-06 acc 0.1590 exact 0.0000 [halt step 64]
[LT] step 80 lm_loss 2.24564 lr 3.95e-06 acc 0.1990 exact 0.0000 [halt step 80]
[LT] step 96 lm_loss 2.15648 lr 4.75e-06 acc 0.2527 exact 0.0000 [halt step 96]
[LT] step 112 lm_loss 2.07203 lr 5.55e-06 acc 0.3300 exact 0.0000 [halt step 112]
[LT] step 128 lm_loss 1.98836 lr 6.35e-06 acc 0.3779 exact 0.0000 [halt step 128]
[LT] step 144 lm_loss 1.91802 lr 7.15e-06 acc 0.3924 exact 0.0000 [halt step 144]
[LT] step 160 lm_loss 1.85496 lr 7.95e-06 acc 0.3940 exact 0.0000 [halt step 160]
[LT] step 176 lm_loss 1.78780 lr 8.75e-06 acc 0.3986 exact 0.0000 [halt step 176]
[LT] step 192 lm_loss 1.72931 lr 9.55e-06 acc 0.4082 exact 0.0000 [halt step 192]
[LT] step 208 lm_loss 1.68750 lr 1.03e-05 acc 0.4136 exact 0.0000 [halt step 208]
[LT] step 224 lm_loss 1.65382 lr 1.11e-05 acc 0.4214 exact 0.0000 [halt step 224]
[LT] step 240 lm_loss 1.60365 lr 1.2e-05 acc 0.4323 exact 0.0000 [halt step 240]
[LT] step 256 lm_loss 1.57046 lr 1.28e-05 acc 0.4392 exact 0.0000 [halt step 256]
[LT] step 272 lm_loss 1.52457 lr 1.36e-05 acc 0.4510 exact 0.0000 [halt step 272]
[LT] step 288 lm_loss 1.48458 lr 1.43e-05 acc 0.4582 exact 0.0000 [halt step 288]
[LT] step 304 lm_loss 1.44226 lr 1.52e-05 acc 0.4682 exact 0.0000 [halt step 304]
[LT] step 320 lm_loss 1.40853 lr 1.6e-05 acc 0.4757 exact 0.0000 [halt step 320]
[LT] step 336 lm_loss 1.38939 lr 1.68e-05 acc 0.4757 exact 0.0000 [halt step 336]
[LT] step 352 lm_loss 1.35986 lr 1.75e-05 acc 0.4839 exact 0.0000 [halt step 352]
[LT] step 368 lm_loss 1.34030 lr 1.84e-05 acc 0.4816 exact 0.0000 [halt step 368]
[LT] step 384 lm_loss 1.32635 lr 1.92e-05 acc 0.4850 exact 0.0000 [halt step 384]
[LT] step 400 lm_loss 1.30960 lr 2e-05 acc 0.4928 exact 0.0000 [halt step 400]
[LT] step 416 lm_loss 1.30265 lr 2.07e-05 acc 0.4837 exact 0.0000 [halt step 416]
[LT] step 432 lm_loss 1.29045 lr 2.15e-05 acc 0.4865 exact 0.0000 [halt step 432]
[LT] step 448 lm_loss 1.27175 lr 2.24e-05 acc 0.4959 exact 0.0000 [halt step 448]
[LT] step 464 lm_loss 1.25819 lr 2.32e-05 acc 0.4970 exact 0.0000 [halt step 464]
[LT] step 480 lm_loss 1.26996 lr 2.4e-05 acc 0.4963 exact 0.0000 [halt step 480]
[LT] step 496 lm_loss 1.24833 lr 2.48e-05 acc 0.5012 exact 0.0000 [halt step 496]
[LT] step 512 lm_loss 1.25181 lr 2.56e-05 acc 0.5007 exact 0.0000 [halt step 512]
[LT] step 528 lm_loss 1.23791 lr 2.64e-05 acc 0.5095 exact 0.0000 [halt step 528]
[LT] step 544 lm_loss 1.22476 lr 2.71e-05 acc 0.5131 exact 0.0000 [halt step 544]
[LT] step 560 lm_loss 1.20931 lr 2.8e-05 acc 0.5142 exact 0.0000 [halt step 560]
[LT] step 576 lm_loss 1.21933 lr 2.88e-05 acc 0.5095 exact 0.0000 [halt step 576]
[LT] step 592 lm_loss 1.19865 lr 2.95e-05 acc 0.5200 exact 0.0000 [halt step 592]
[LT] step 608 lm_loss 1.20493 lr 3.04e-05 acc 0.5144 exact 0.0000 [halt step 608]
[LT] step 624 lm_loss 1.18139 lr 3.11e-05 acc 0.5258 exact 0.0000 [halt step 624]
[LT] step 640 lm_loss 1.16552 lr 3.19e-05 acc 0.5331 exact 0.0000 [halt step 640]
[LT] step 656 lm_loss 1.15741 lr 3.28e-05 acc 0.5344 exact 0.0000 [halt step 656]
[LT] step 672 lm_loss 1.17087 lr 3.36e-05 acc 0.5287 exact 0.0000 [halt step 672]
[LT] step 688 lm_loss 1.14558 lr 3.44e-05 acc 0.5404 exact 0.0000 [halt step 688]
[LT] step 704 lm_loss 1.14421 lr 3.52e-05 acc 0.5342 exact 0.0000 [halt step 704]
[LT] step 720 lm_loss 1.14003 lr 3.59e-05 acc 0.5446 exact 0.0000 [halt step 720]
[LT] step 736 lm_loss 1.13750 lr 3.68e-05 acc 0.5389 exact 0.0000 [halt step 736]
[LT] step 752 lm_loss 1.12189 lr 3.75e-05 acc 0.5495 exact 0.0000 [halt step 752]
[LT] step 768 lm_loss 1.12341 lr 3.84e-05 acc 0.5490 exact 0.0000 [halt step 768]
[LT] step 784 lm_loss 1.11009 lr 3.92e-05 acc 0.5535 exact 0.0000 [halt step 784]
[LT] step 800 lm_loss 1.10702 lr 4e-05 acc 0.5538 exact 0.0000 [halt step 800]
[LT] step 816 lm_loss 1.11212 lr 4.08e-05 acc 0.5524 exact 0.0000 [halt step 816]
[LT] step 832 lm_loss 1.10929 lr 4.16e-05 acc 0.5534 exact 0.0000 [halt step 832]
[LT] step 848 lm_loss 1.07778 lr 4.23e-05 acc 0.5662 exact 0.0000 [halt step 848]
[LT] step 864 lm_loss 1.08636 lr 4.31e-05 acc 0.5626 exact 0.0000 [halt step 864]
[LT] step 880 lm_loss 1.07584 lr 4.4e-05 acc 0.5629 exact 0.0000 [halt step 880]
[LT] step 896 lm_loss 1.07116 lr 4.48e-05 acc 0.5720 exact 0.0000 [halt step 896]
[LT] step 912 lm_loss 1.05526 lr 4.56e-05 acc 0.5758 exact 0.0000 [halt step 912]
[LT] step 928 lm_loss 1.05847 lr 4.64e-05 acc 0.5758 exact 0.0000 [halt step 928]
[LT] step 944 lm_loss 1.03123 lr 4.72e-05 acc 0.5868 exact 0.0000 [halt step 944]
[LT] step 960 lm_loss 1.03003 lr 4.8e-05 acc 0.5917 exact 0.0000 [halt step 960]
[LT] step 976 lm_loss 1.01865 lr 4.87e-05 acc 0.5942 exact 0.0000 [halt step 976]
[LT] step 992 lm_loss 1.02547 lr 4.96e-05 acc 0.5890 exact 0.0000 [halt step 992]
[LT] step 1008 lm_loss 1.03241 lr 5.04e-05 acc 0.5928 exact 0.0000 [halt step 1008]
[LT] step 1024 lm_loss 0.99798 lr 5.12e-05 acc 0.6038 exact 0.0000 [halt step 1024]
[LT] step 1040 lm_loss 1.00914 lr 5.2e-05 acc 0.5998 exact 0.0000 [halt step 1040]
[LT] step 1056 lm_loss 0.98417 lr 5.28e-05 acc 0.6081 exact 0.0000 [halt step 1056]
[LT] step 1072 lm_loss 1.00952 lr 5.36e-05 acc 0.6054 exact 0.0000 [halt step 1072]
[LT] step 1088 lm_loss 0.96081 lr 5.43e-05 acc 0.6224 exact 0.0000 [halt step 1088]
[LT] step 1104 lm_loss 0.98831 lr 5.52e-05 acc 0.6159 exact 0.0000 [halt step 1104]
[LT] step 1120 lm_loss 0.94921 lr 5.59e-05 acc 0.6316 exact 0.0000 [halt step 1120]
[LT] step 1136 lm_loss 0.96256 lr 5.68e-05 acc 0.6217 exact 0.0000 [halt step 1136]
[LT] step 1152 lm_loss 0.92419 lr 5.76e-05 acc 0.6394 exact 0.0000 [halt step 1152]
[LT] step 1168 lm_loss 0.94746 lr 5.84e-05 acc 0.6371 exact 0.0000 [halt step 1168]
[LT] step 1184 lm_loss 0.88965 lr 5.92e-05 acc 0.6608 exact 0.0000 [halt step 1184]
[LT] step 1200 lm_loss 0.94643 lr 6e-05 acc 0.6425 exact 0.0000 [halt step 1200]
[LT] step 1216 lm_loss 0.93878 lr 6.08e-05 acc 0.6400 exact 0.0000 [halt step 1216]
[LT] step 1232 lm_loss 0.86793 lr 6.16e-05 acc 0.6743 exact 0.0000 [halt step 1232]
[LT] step 1248 lm_loss 0.86955 lr 6.23e-05 acc 0.6832 exact 0.0000 [halt step 1248]
[LT] step 1264 lm_loss 0.89542 lr 6.32e-05 acc 0.6628 exact 0.0000 [halt step 1264]
[LT] step 1280 lm_loss 0.91213 lr 6.4e-05 acc 0.6493 exact 0.0000 [halt step 1280]
[LT] step 1296 lm_loss 0.86863 lr 6.48e-05 acc 0.6754 exact 0.0000 [halt step 1296]
[LT] step 1312 lm_loss 0.82653 lr 6.55e-05 acc 0.6990 exact 0.0000 [halt step 1312]
[LT] step 1328 lm_loss 0.85277 lr 6.64e-05 acc 0.6893 exact 0.0000 [halt step 1328]
[LT] step 1344 lm_loss 0.85122 lr 6.72e-05 acc 0.6892 exact 0.0000 [halt step 1344]
[LT] step 1360 lm_loss 0.86921 lr 6.79e-05 acc 0.6843 exact 0.0000 [halt step 1360]
[LT] step 1376 lm_loss 0.82820 lr 6.88e-05 acc 0.6940 exact 0.0000 [halt step 1376]
[LT] step 1392 lm_loss 0.82433 lr 6.95e-05 acc 0.7002 exact 0.0000 [halt step 1392]
[LT] step 1408 lm_loss 0.79781 lr 7.04e-05 acc 0.7140 exact 0.0000 [halt step 1408]
[LT] step 1424 lm_loss 0.75073 lr 7.12e-05 acc 0.7402 exact 0.0000 [halt step 1424]
[LT] step 1440 lm_loss 0.83342 lr 7.2e-05 acc 0.7103 exact 0.0000 [halt step 1440]
[LT] step 1456 lm_loss 0.80427 lr 7.28e-05 acc 0.7113 exact 0.0000 [halt step 1456]
[LT] step 1472 lm_loss 0.73916 lr 7.35e-05 acc 0.7419 exact 0.0000 [halt step 1472]
[LT] step 1488 lm_loss 0.78356 lr 7.44e-05 acc 0.7261 exact 0.0000 [halt step 1488]
[LT] step 1504 lm_loss 0.78808 lr 7.52e-05 acc 0.7269 exact 0.0000 [halt step 1504]
[LT] step 1520 lm_loss 0.74471 lr 7.6e-05 acc 0.7473 exact 0.0000 [halt step 1520]
[LT] step 1536 lm_loss 0.72949 lr 7.67e-05 acc 0.7492 exact 0.0000 [halt step 1536]
[LT] step 1552 lm_loss 0.68808 lr 7.76e-05 acc 0.7717 exact 0.0000 [halt step 1552]
[LT] step 1568 lm_loss 0.66507 lr 7.84e-05 acc 0.7870 exact 0.0078 [halt step 1568]
[LT] step 1584 lm_loss 0.72811 lr 7.91e-05 acc 0.7599 exact 0.0000 [halt step 1584]
[LT] step 1600 lm_loss 0.64378 lr 8e-05 acc 0.7897 exact 0.0000 [halt step 1600]
[LT] step 1616 lm_loss 0.64520 lr 8.07e-05 acc 0.7985 exact 0.0000 [halt step 1616]
[LT] step 1632 lm_loss 0.65234 lr 8.16e-05 acc 0.7867 exact 0.0000 [halt step 1632]
[LT] step 1648 lm_loss 0.66004 lr 8.24e-05 acc 0.7882 exact 0.0000 [halt step 1648]
[LT] step 1664 lm_loss 0.58843 lr 8.32e-05 acc 0.8203 exact 0.0078 [halt step 1664]
[LT] step 1680 lm_loss 0.66137 lr 8.4e-05 acc 0.7886 exact 0.0078 [halt step 1680]
[LT] step 1696 lm_loss 0.56244 lr 8.48e-05 acc 0.8274 exact 0.0078 [halt step 1696]
[LT] step 1712 lm_loss 0.57595 lr 8.56e-05 acc 0.8276 exact 0.0000 [halt step 1712]
[LT] step 1728 lm_loss 0.56808 lr 8.64e-05 acc 0.8298 exact 0.0234 [halt step 1728]
[LT] step 1744 lm_loss 0.58355 lr 8.72e-05 acc 0.8167 exact 0.0234 [halt step 1744]
[LT] step 1760 lm_loss 0.48319 lr 8.79e-05 acc 0.8616 exact 0.0234 [halt step 1760]
[LT] step 1776 lm_loss 0.63136 lr 8.88e-05 acc 0.8120 exact 0.0000 [halt step 1776]
[LT] step 1792 lm_loss 0.52087 lr 8.96e-05 acc 0.8511 exact 0.0078 [halt step 1792]
[LT] step 1808 lm_loss 0.52174 lr 9.04e-05 acc 0.8493 exact 0.0078 [halt step 1808]
[LT] step 1824 lm_loss 0.52269 lr 9.12e-05 acc 0.8491 exact 0.0078 [halt step 1824]
[LT] step 1840 lm_loss 0.55052 lr 9.19e-05 acc 0.8463 exact 0.0078 [halt step 1840]
[LT] step 1856 lm_loss 0.46864 lr 9.28e-05 acc 0.8761 exact 0.0156 [halt step 1856]
[LT] step 1872 lm_loss 0.49590 lr 9.36e-05 acc 0.8684 exact 0.0312 [halt step 1872]
[LT] step 1888 lm_loss 0.52814 lr 9.44e-05 acc 0.8546 exact 0.0000 [halt step 1888]
[LT] step 1904 lm_loss 0.38971 lr 9.51e-05 acc 0.9045 exact 0.0469 [halt step 1904]
[LT] step 1920 lm_loss 0.68029 lr 9.6e-05 acc 0.7759 exact 0.0000 [halt step 1920]
[LT] step 1936 lm_loss 0.43831 lr 9.68e-05 acc 0.8844 exact 0.0156 [halt step 1936]
[LT] step 1952 lm_loss 0.50531 lr 9.75e-05 acc 0.8700 exact 0.0078 [halt step 1952]
[EVAL] step 1953 blocks/seg 0+8 acc 0.5345 exact 0/2048
[LT] step 1968 lm_loss 0.41843 lr 9.84e-05 acc 0.8974 exact 0.0391 [halt step 1968]
[LT] step 1984 lm_loss 0.54202 lr 9.91e-05 acc 0.8437 exact 0.0078 [halt step 1984]
[LT] step 2000 lm_loss 0.39187 lr 0.0001 acc 0.9104 exact 0.0469 [halt step 2000]
[LT] step 2016 lm_loss 0.46045 lr 0.0001 acc 0.8898 exact 0.0000 [halt step 2016]
[LT] step 2032 lm_loss 0.44803 lr 0.0001 acc 0.8922 exact 0.0078 [halt step 2032]
[LT] step 2048 lm_loss 0.37219 lr 0.0001 acc 0.9226 exact 0.0312 [halt step 2048]
[LT] step 2064 lm_loss 0.43158 lr 0.0001 acc 0.9058 exact 0.0703 [halt step 2064]
[LT] step 2080 lm_loss 0.37197 lr 0.0001 acc 0.9195 exact 0.0703 [halt step 2080]
[LT] step 2096 lm_loss 0.44900 lr 0.0001 acc 0.8941 exact 0.0234 [halt step 2096]
[LT] step 2112 lm_loss 0.41147 lr 0.0001 acc 0.9075 exact 0.0547 [halt step 2112]
[LT] step 2128 lm_loss 0.43250 lr 0.0001 acc 0.9019 exact 0.0156 [halt step 2128]
[LT] step 2144 lm_loss 0.36961 lr 0.0001 acc 0.9228 exact 0.1094 [halt step 2144]
[LT] step 2160 lm_loss 0.42486 lr 0.0001 acc 0.8988 exact 0.0469 [halt step 2160]
[LT] step 2176 lm_loss 0.44990 lr 0.0001 acc 0.8722 exact 0.0156 [halt step 2176]
[LT] step 2192 lm_loss 0.45871 lr 0.0001 acc 0.8925 exact 0.0312 [halt step 2192]
[LT] step 2208 lm_loss 0.44210 lr 0.0001 acc 0.8933 exact 0.0469 [halt step 2208]
[LT] step 2224 lm_loss 0.41884 lr 0.0001 acc 0.9095 exact 0.0234 [halt step 2224]
[LT] step 2240 lm_loss 0.36571 lr 0.0001 acc 0.9298 exact 0.1172 [halt step 2240]
[LT] step 2256 lm_loss 0.36752 lr 0.0001 acc 0.9031 exact 0.1016 [halt step 2256]
[LT] step 2272 lm_loss 0.46085 lr 0.0001 acc 0.8887 exact 0.0391 [halt step 2272]
[LT] step 2288 lm_loss 0.35791 lr 0.0001 acc 0.9284 exact 0.0781 [halt step 2288]
[LT] step 2304 lm_loss 0.41785 lr 0.0001 acc 0.9142 exact 0.0234 [halt step 2304]
[LT] step 2320 lm_loss 0.37439 lr 0.0001 acc 0.9138 exact 0.1016 [halt step 2320]
[LT] step 2336 lm_loss 0.40488 lr 0.0001 acc 0.9109 exact 0.0391 [halt step 2336]
[LT] step 2352 lm_loss 0.38697 lr 0.0001 acc 0.9231 exact 0.0781 [halt step 2352]
[LT] step 2368 lm_loss 0.39021 lr 0.0001 acc 0.9131 exact 0.0859 [halt step 2368]
[LT] step 2384 lm_loss 0.40125 lr 0.0001 acc 0.8935 exact 0.0312 [halt step 2384]
[LT] step 2400 lm_loss 0.46743 lr 0.0001 acc 0.8866 exact 0.0234 [halt step 2400]
[LT] step 2416 lm_loss 0.31241 lr 0.0001 acc 0.9455 exact 0.2031 [halt step 2416]
[LT] step 2432 lm_loss 0.44211 lr 0.0001 acc 0.9026 exact 0.0312 [halt step 2432]
[LT] step 2448 lm_loss 0.32201 lr 0.0001 acc 0.9429 exact 0.1875 [halt step 2448]
[LT] step 2464 lm_loss 0.39069 lr 0.0001 acc 0.9171 exact 0.0703 [halt step 2464]
[LT] step 2480 lm_loss 0.37045 lr 0.0001 acc 0.9208 exact 0.0859 [halt step 2480]
[LT] step 2496 lm_loss 0.43555 lr 0.0001 acc 0.8973 exact 0.0156 [halt step 2496]
[LT] step 2512 lm_loss 0.35369 lr 0.0001 acc 0.9277 exact 0.1406 [halt step 2512]
[LT] step 2528 lm_loss 0.39809 lr 0.0001 acc 0.9160 exact 0.0625 [halt step 2528]
[LT] step 2544 lm_loss 0.37820 lr 0.0001 acc 0.9129 exact 0.0938 [halt step 2544]
[LT] step 2560 lm_loss 0.34412 lr 0.0001 acc 0.9330 exact 0.0938 [halt step 2560]
[LT] step 2576 lm_loss 0.36298 lr 0.0001 acc 0.9367 exact 0.1406 [halt step 2576]
[LT] step 2592 lm_loss 0.37099 lr 0.0001 acc 0.9307 exact 0.1484 [halt step 2592]
[LT] step 2608 lm_loss 0.34336 lr 0.0001 acc 0.9194 exact 0.1953 [halt step 2608]
[LT] step 2624 lm_loss 0.43597 lr 0.0001 acc 0.9024 exact 0.0469 [halt step 2624]
[LT] step 2640 lm_loss 0.34415 lr 0.0001 acc 0.9353 exact 0.2031 [halt step 2640]
[LT] step 2656 lm_loss 0.37452 lr 0.0001 acc 0.9273 exact 0.0938 [halt step 2656]
[LT] step 2672 lm_loss 0.38279 lr 0.0001 acc 0.9178 exact 0.1406 [halt step 2672]
[LT] step 2688 lm_loss 0.30208 lr 0.0001 acc 0.9408 exact 0.2344 [halt step 2688]
[LT] step 2704 lm_loss 0.43911 lr 0.0001 acc 0.8955 exact 0.0938 [halt step 2704]
[LT] step 2720 lm_loss 0.42965 lr 0.0001 acc 0.9077 exact 0.0781 [halt step 2720]
[LT] step 2736 lm_loss 0.24945 lr 0.0001 acc 0.9609 exact 0.3828 [halt step 2736]
[LT] step 2752 lm_loss 0.47720 lr 0.0001 acc 0.8845 exact 0.0391 [halt step 2752]
[LT] step 2768 lm_loss 0.36136 lr 0.0001 acc 0.9299 exact 0.1406 [halt step 2768]
[LT] step 2784 lm_loss 0.33778 lr 0.0001 acc 0.9409 exact 0.2266 [halt step 2784]
[LT] step 2800 lm_loss 0.36166 lr 0.0001 acc 0.9352 exact 0.1719 [halt step 2800]
[LT] step 2816 lm_loss 0.35110 lr 0.0001 acc 0.9350 exact 0.1875 [halt step 2816]
[LT] step 2832 lm_loss 0.35146 lr 0.0001 acc 0.9355 exact 0.1562 [halt step 2832]
[LT] step 2848 lm_loss 0.42897 lr 0.0001 acc 0.8974 exact 0.0703 [halt step 2848]
[LT] step 2864 lm_loss 0.31250 lr 0.0001 acc 0.9492 exact 0.2266 [halt step 2864]
[LT] step 2880 lm_loss 0.40022 lr 0.0001 acc 0.9171 exact 0.0625 [halt step 2880]
[LT] step 2896 lm_loss 0.33479 lr 0.0001 acc 0.9284 exact 0.1406 [halt step 2896]
[LT] step 2912 lm_loss 0.44287 lr 0.0001 acc 0.9000 exact 0.0625 [halt step 2912]
[LT] step 2928 lm_loss 0.28361 lr 0.0001 acc 0.9569 exact 0.2969 [halt step 2928]
[LT] step 2944 lm_loss 0.36087 lr 0.0001 acc 0.9316 exact 0.1250 [halt step 2944]
[LT] step 2960 lm_loss 0.37634 lr 0.0001 acc 0.9105 exact 0.1484 [halt step 2960]
[LT] step 2976 lm_loss 0.34929 lr 0.0001 acc 0.9361 exact 0.1562 [halt step 2976]
[LT] step 2992 lm_loss 0.33236 lr 0.0001 acc 0.9415 exact 0.2266 [halt step 2992]
[LT] step 3008 lm_loss 0.28929 lr 0.0001 acc 0.9561 exact 0.3750 [halt step 3008]
[EVAL] step 3008 blocks/seg 0+8 acc 0.6023 exact 38/2048
[LT] saved step=3008: /workspace/something/runs/research_free_phase_fixed_fourier4_e05_20261005/step_3008.pt
