
===== train: /usr/local/bin/python /workspace/LinearTuring/arc_analysis/train_arc_s.py --data /workspace/LinearTuring/data/arc_s10_aug1000 --out-dir /workspace/LinearTuring/runs/arc_s10/d4_aug1000 --model d4 --max-steps 20000 --encoding frame --batch-size 128 --seed 0 --eval-every 2000 --eval-max-augmentations 32 --save-every 1000 --log-every 100 --lr-warmup-steps 2000
[ARC-S] canvas 10×10 = 100 tokens; model=d4 encoding=frame; coupling carry 39.1 MiB (train_arc's own line below assumes 900)
[ARC] device=cuda tokens=900 IDs=260699 batch=128 loops=16 blocks=8 stop_step=20000
[ARC] coupling carry alone=3164.1 MiB; activations/gradients require extra memory
[ARC train] {"step": 1, "loss": 3.5305400160272256, "halted": 0, "seconds": 0.8790925927460194}
[ARC train] {"step": 100, "loss": 2.5898901369308884, "halted": 0, "seconds": 36.19290227815509}
[ARC train] {"step": 200, "loss": 1.2858103984711147, "halted": 0, "seconds": 72.03234436642379}
[ARC train] {"step": 300, "loss": 0.7061915106946242, "halted": 0, "seconds": 107.79331842064857}
[ARC train] {"step": 400, "loss": 0.505565174395672, "halted": 128, "seconds": 143.56788292247802, "exact": 0.1015625}
[ARC train] {"step": 500, "loss": 0.9191680429141975, "halted": 0, "seconds": 179.36700940784067}
[ARC train] {"step": 600, "loss": 0.5768565728403308, "halted": 0, "seconds": 215.31277346611023}
[ARC train] {"step": 700, "loss": 0.4085656842889994, "halted": 0, "seconds": 254.40776724275202}
[ARC train] {"step": 800, "loss": 0.3445063372120878, "halted": 128, "seconds": 290.23038301896304, "exact": 0.203125}
[ARC train] {"step": 900, "loss": 0.687184361860297, "halted": 0, "seconds": 326.05581479985267}
[ARC train] {"step": 1000, "loss": 0.4353225299298684, "halted": 0, "seconds": 361.0713404621929}
[ARC train] {"step": 1100, "loss": 0.3901494349323319, "halted": 0, "seconds": 398.02260513138026}
[ARC train] {"step": 1200, "loss": 0.2760841026947473, "halted": 128, "seconds": 433.7970435731113, "exact": 0.2421875}
[ARC train] {"step": 1300, "loss": 0.5064326723522661, "halted": 0, "seconds": 469.56743095535785}
[ARC train] {"step": 1400, "loss": 0.33403731072054144, "halted": 0, "seconds": 505.3351656580344}
[ARC train] {"step": 1500, "loss": 0.3191987494543388, "halted": 0, "seconds": 540.9988467665389}
[ARC train] {"step": 1600, "loss": 0.18424909629685898, "halted": 128, "seconds": 576.7529281508178, "exact": 0.375}
[ARC train] {"step": 1700, "loss": 0.4914966546658972, "halted": 0, "seconds": 612.5575429368764}
[ARC train] {"step": 1800, "loss": 0.36674635489697444, "halted": 0, "seconds": 648.3881187494844}
[ARC train] {"step": 1900, "loss": 0.26807093406027027, "halted": 0, "seconds": 684.1549965906888}
[ARC train] {"step": 2000, "loss": 0.21489615071257084, "halted": 128, "seconds": 718.529126117006, "exact": 0.375}
[ARC eval] {"ARC/pass@1": 0.0, "ARC/pass@2": 0.006493506493506494, "ARC/pass@5": 0.006493506493506494, "ARC/pass@10": 0.006493506493506494, "ARC/tasks": 77, "ARC/queries": 88, "token_accuracy": 0.5213287784294649, "sequence_exact": 0.0, "evaluated_augmented_examples": 2816, "eval_segments": 16, "max_augmentations_per_task": 32, "total_available_tasks": 77, "seconds": 39.64754573814571, "step": 2000, "weights": "ema_parameters_raw_puzzle_embeddings"}
[ARC train] {"step": 2100, "loss": 0.43591018199218207, "halted": 0, "seconds": 795.0032510291785}
[ARC train] {"step": 2200, "loss": 0.3151607275801366, "halted": 0, "seconds": 830.8169841784984}
[ARC train] {"step": 2300, "loss": 0.22664446302029703, "halted": 0, "seconds": 866.6084767086431}
[ARC train] {"step": 2400, "loss": 0.17810077757901274, "halted": 128, "seconds": 908.9579285038635, "exact": 0.4140625}
[ARC train] {"step": 2500, "loss": 0.4239171812750624, "halted": 0, "seconds": 944.6898075668141}
[ARC train] {"step": 2600, "loss": 0.2852761809130172, "halted": 0, "seconds": 980.4211365897208}
[ARC train] {"step": 2700, "loss": 0.19587326369394376, "halted": 0, "seconds": 1021.1624985989183}
[ARC train] {"step": 2800, "loss": 0.1532692006725477, "halted": 128, "seconds": 1066.5573201738298, "exact": 0.3046875}
[ARC train] {"step": 2900, "loss": 0.45803502445643207, "halted": 0, "seconds": 1116.6556968083605}
[ARC train] {"step": 3000, "loss": 0.24944281218448316, "halted": 0, "seconds": 1161.2379197310656}
[ARC train] {"step": 3100, "loss": 0.19063058623531898, "halted": 0, "seconds": 1198.0522559322417}
[ARC train] {"step": 3200, "loss": 0.08073174474310726, "halted": 128, "seconds": 1233.7699017766863, "exact": 0.65625}
[ARC train] {"step": 3300, "loss": 0.4794391808427946, "halted": 0, "seconds": 1269.5030419435352}
[ARC train] {"step": 3400, "loss": 0.22094445837739213, "halted": 0, "seconds": 1305.7902473192662}
[ARC train] {"step": 3500, "loss": 0.16920308935593614, "halted": 0, "seconds": 1342.5409360742196}
[ARC train] {"step": 3600, "loss": 0.14462317548931253, "halted": 128, "seconds": 1378.301800193265, "exact": 0.46875}
[ARC train] {"step": 3700, "loss": 0.3784143899562252, "halted": 0, "seconds": 1414.122072743252}
[ARC train] {"step": 3800, "loss": 0.2565982796133876, "halted": 0, "seconds": 1449.8724903836846}
[ARC train] {"step": 3900, "loss": 0.18540124469750024, "halted": 0, "seconds": 1485.6337007656693}
[ARC train] {"step": 4000, "loss": 0.07858710739847818, "halted": 128, "seconds": 1520.093268849887, "exact": 0.609375}
[ARC eval] {"ARC/pass@1": 0.0, "ARC/pass@2": 0.0, "ARC/pass@5": 0.006493506493506494, "ARC/pass@10": 0.006493506493506494, "ARC/tasks": 77, "ARC/queries": 88, "token_accuracy": 0.5356543226675554, "sequence_exact": 0.0007102272727272727, "evaluated_augmented_examples": 2816, "eval_segments": 16, "max_augmentations_per_task": 32, "total_available_tasks": 77, "seconds": 39.49556961003691, "step": 4000, "weights": "ema_parameters_raw_puzzle_embeddings"}
[ARC train] {"step": 4100, "loss": 0.3621985697999044, "halted": 0, "seconds": 1596.4686755398288}
[ARC train] {"step": 4200, "loss": 0.19552256548383112, "halted": 0, "seconds": 1632.2519522430375}
[ARC train] {"step": 4300, "loss": 0.15308702686673278, "halted": 0, "seconds": 1668.0702065778896}
[ARC train] {"step": 4400, "loss": 0.08277457001871413, "halted": 128, "seconds": 1703.7838729815558, "exact": 0.5859375}
[ARC train] {"step": 4500, "loss": 0.40638387371899165, "halted": 0, "seconds": 1739.6608460815623}
[ARC train] {"step": 4600, "loss": 0.1715486722612894, "halted": 0, "seconds": 1775.8223906708881}
[ARC train] {"step": 4700, "loss": 0.15566501339752437, "halted": 0, "seconds": 1812.4847670281306}
[ARC train] {"step": 4800, "loss": 0.12993764612988756, "halted": 128, "seconds": 1848.7579886140302, "exact": 0.453125}
[ARC train] {"step": 4900, "loss": 0.39473740375533495, "halted": 0, "seconds": 1888.5212689563632}
[ARC train] {"step": 5000, "loss": 0.2025175772609326, "halted": 0, "seconds": 1931.1381223676726}
[ARC train] {"step": 5100, "loss": 0.17215616724480765, "halted": 0, "seconds": 1976.208281846717}
[ARC train] {"step": 5200, "loss": 0.05761683379155927, "halted": 128, "seconds": 2019.9224928868935, "exact": 0.8046875}
[ARC train] {"step": 5300, "loss": 0.4144669649389039, "halted": 0, "seconds": 2063.631564585492}
[ARC train] {"step": 5400, "loss": 0.20716863945393804, "halted": 0, "seconds": 2107.076608767733}
[ARC train] {"step": 5500, "loss": 0.09959046565207803, "halted": 0, "seconds": 2150.4431626200676}
[ARC train] {"step": 5600, "loss": 0.09925705989543164, "halted": 128, "seconds": 2193.8383303368464, "exact": 0.5859375}
[ARC train] {"step": 5700, "loss": 0.3627003471660508, "halted": 0, "seconds": 2236.5168973868713}
[ARC train] {"step": 5800, "loss": 0.23965907671701814, "halted": 0, "seconds": 2279.0257058599964}
[ARC train] {"step": 5900, "loss": 0.12496468147632944, "halted": 0, "seconds": 2320.2849552817643}
[ARC train] {"step": 6000, "loss": 0.04082367109962297, "halted": 128, "seconds": 2370.965918147005, "exact": 0.7890625}
[ARC eval] {"ARC/pass@1": 0.0, "ARC/pass@2": 0.0, "ARC/pass@5": 0.0, "ARC/pass@10": 0.0, "ARC/tasks": 77, "ARC/queries": 88, "token_accuracy": 0.5273944464596835, "sequence_exact": 0.0, "evaluated_augmented_examples": 2816, "eval_segments": 16, "max_augmentations_per_task": 32, "total_available_tasks": 77, "seconds": 50.03657644428313, "step": 6000, "weights": "ema_parameters_raw_puzzle_embeddings"}
[ARC train] {"step": 6100, "loss": 0.28142070381349393, "halted": 0, "seconds": 2463.172840909101}
[ARC train] {"step": 6200, "loss": 0.15612260895925328, "halted": 0, "seconds": 2499.1048115864396}
[ARC train] {"step": 6300, "loss": 0.09950629479934463, "halted": 0, "seconds": 2534.9568567201495}
[ARC train] {"step": 6400, "loss": 0.050822879149719585, "halted": 128, "seconds": 2570.7867721682414, "exact": 0.7734375}
[ARC train] {"step": 6500, "loss": 0.2745728069172706, "halted": 0, "seconds": 2606.6871188282967}
[ARC train] {"step": 6600, "loss": 0.15195877800409036, "halted": 0, "seconds": 2642.52932334505}
[ARC] stop requested; completing the current step before checkpointing
[ARC] checkpoint -> /workspace/LinearTuring/runs/arc_s10/d4_aug1000/latest.pt
