  0%|          | 400/390625 [01:22<18:25:06,  5.89it/s][LT] step 400  lm_loss 1.9683  acc 0.4694  exact 0.0000 (~0/128)
  0%|          | 800/390625 [02:30<18:23:30,  5.89it/s][LT] step 800  lm_loss 1.7158  acc 0.5276  exact 0.0000 (~0/128)
  0%|          | 1200/390625 [03:38<18:23:01,  5.88it/s][LT] step 1200  lm_loss 1.5124  acc 0.5598  exact 0.0000 (~0/128)
  0%|          | 1600/390625 [04:46<18:24:44,  5.87it/s][LT] step 1600  lm_loss 1.3169  acc 0.5971  exact 0.0000 (~0/128)
[EVAL] step 1953  set all  acc 0.5092  exact 0/2048
[EVAL] step 1953  set all  acc 0.5090  exact 0/2048
  1%|          | 2000/390625 [06:39<18:24:24,  5.86it/s][LT] step 2000  lm_loss 1.1671  acc 0.6187  exact 0.0000 (~0/128)
  1%|          | 2400/390625 [07:48<18:20:55,  5.88it/s][LT] step 2400  lm_loss 1.0495  acc 0.6425  exact 0.0000 (~0/128)
  1%|          | 2800/390625 [08:56<18:21:28,  5.87it/s][LT] step 2800  lm_loss 0.9581  acc 0.6666  exact 0.0000 (~0/128)
  1%|          | 3200/390625 [10:04<18:21:02,  5.86it/s][LT] step 3200  lm_loss 0.8852  acc 0.6901  exact 0.0000 (~0/128)
  1%|          | 3600/390625 [11:12<18:20:24,  5.86it/s][LT] step 3600  lm_loss 0.8551  acc 0.6914  exact 0.0000 (~0/128)
[EVAL] step 3906  set all  acc 0.5989  exact 0/2048
  1%|          | 4000/390625 [12:37<18:21:28,  5.85it/s][LT] step 4000  lm_loss 0.7475  acc 0.7441  exact 0.0156 (~2/128)
  1%|          | 4400/390625 [13:45<18:16:12,  5.87it/s][LT] step 4400  lm_loss 0.7143  acc 0.7574  exact 0.0234 (~3/128)
  1%|          | 4800/390625 [14:53<18:16:11,  5.87it/s][LT] step 4800  lm_loss 0.7091  acc 0.7502  exact 0.0156 (~2/128)
  1%|▏         | 5200/390625 [15:46<8:33:55, 12.50it/s][LT] step 5200  lm_loss 0.7477  acc 0.7287  exact 0.0000 (~0/128)
  1%|▏         | 5600/390625 [16:19<8:46:35, 12.19it/s][LT] step 5600  lm_loss 0.7204  acc 0.7423  exact 0.0078 (~1/128)
[EVAL] step 5859  set all  acc 0.6613  exact 48/2048
  2%|▏         | 6000/390625 [17:06<8:43:26, 12.25it/s][LT] step 6000  lm_loss 0.5960  acc 0.8084  exact 0.0625 (~8/128)
  2%|▏         | 6400/390625 [17:39<8:43:39, 12.23it/s][LT] step 6400  lm_loss 0.6233  acc 0.7864  exact 0.0234 (~3/128)
  2%|▏         | 6800/390625 [18:11<8:32:37, 12.48it/s][LT] step 6800  lm_loss 0.6872  acc 0.7486  exact 0.0234 (~3/128)
  2%|▏         | 7200/390625 [18:43<8:38:27, 12.33it/s][LT] step 7200  lm_loss 0.6500  acc 0.7687  exact 0.0000 (~0/128)
  2%|▏         | 7600/390625 [19:16<8:37:06, 12.34it/s][LT] step 7600  lm_loss 0.7295  acc 0.7242  exact 0.0391 (~5/128)
[EVAL] step 7812  set all  acc 0.6773  exact 53/2048
  2%|▏         | 8000/390625 [20:03<8:39:42, 12.27it/s][LT] step 8000  lm_loss 0.7615  acc 0.7112  exact 0.0156 (~2/128)
  2%|▏         | 8399/390625 [20:39<8:30:36, 12.48it/s][LT] step 8400  lm_loss 0.6024  acc 0.7852  exact 0.0703 (~9/128)
  2%|▏         | 8799/390625 [21:11<8:18:41, 12.76it/s][LT] step 8800  lm_loss 0.6952  acc 0.7475  exact 0.0156 (~2/128)
  2%|▏         | 9199/390625 [21:43<8:31:34, 12.43it/s][LT] step 9200  lm_loss 0.6235  acc 0.7790  exact 0.0625 (~8/128)
  2%|▏         | 9599/390625 [22:15<8:31:04, 12.43it/s][LT] step 9600  lm_loss 0.7854  acc 0.6935  exact 0.0312 (~4/128)
[EVAL] step 9765  set all  acc 0.6900  exact 119/2048
  3%|▎         | 10000/390625 [23:02<8:19:31, 12.70it/s][LT] step 10000  lm_loss 0.6904  acc 0.7395  exact 0.0234 (~3/128)
  3%|▎         | 10400/390625 [23:34<8:21:58, 12.62it/s][LT] step 10400  lm_loss 0.6572  acc 0.7590  exact 0.0703 (~9/128)
  3%|▎         | 10800/390625 [24:05<8:20:16, 12.65it/s][LT] step 10800  lm_loss 0.7232  acc 0.7329  exact 0.0234 (~3/128)
  3%|▎         | 11200/390625 [24:37<8:25:51, 12.50it/s][LT] step 11200  lm_loss 0.6483  acc 0.7823  exact 0.1953 (~25/128)
  3%|▎         | 11600/390625 [25:09<8:24:54, 12.51it/s][LT] step 11600  lm_loss 0.6927  acc 0.7442  exact 0.0469 (~6/128)
[EVAL] step 11718  set all  acc 0.6949  exact 257/2048
  3%|▎         | 11999/390625 [25:55<8:21:25, 12.58it/s][LT] step 12000  lm_loss 0.6070  acc 0.7740  exact 0.1953 (~25/128)
  3%|▎         | 12399/390625 [26:27<8:13:20, 12.78it/s][LT] step 12400  lm_loss 0.5953  acc 0.7778  exact 0.2031 (~26/128)
  3%|▎         | 12799/390625 [26:58<8:13:55, 12.75it/s][LT] step 12800  lm_loss 0.6789  acc 0.7514  exact 0.0547 (~7/128)
  3%|▎         | 13199/390625 [27:30<8:14:43, 12.71it/s][LT] step 13200  lm_loss 0.6972  acc 0.7258  exact 0.0312 (~4/128)
  3%|▎         | 13599/390625 [28:01<8:13:31, 12.73it/s][LT] step 13600  lm_loss 0.6151  acc 0.7724  exact 0.1641 (~21/128)
[EVAL] step 13671  set all  acc 0.7002  exact 315/2048
  4%|▎         | 14000/390625 [28:48<8:17:53, 12.61it/s][LT] step 14000  lm_loss 0.6030  acc 0.7731  exact 0.1719 (~22/128)
  4%|▎         | 14400/390625 [29:20<8:20:29, 12.53it/s][LT] step 14400  lm_loss 0.6974  acc 0.7302  exact 0.0859 (~11/128)
  4%|▍         | 14800/390625 [29:51<8:11:43, 12.74it/s][LT] step 14800  lm_loss 0.5965  acc 0.7767  exact 0.1875 (~24/128)
  4%|▍         | 15200/390625 [30:23<8:20:42, 12.50it/s][LT] step 15200  lm_loss 0.6174  acc 0.7728  exact 0.1562 (~20/128)
  4%|▍         | 15600/390625 [30:55<8:16:53, 12.58it/s][LT] step 15600  lm_loss 0.6489  acc 0.7577  exact 0.1094 (~14/128)
[EVAL] step 15624  set all  acc 0.7050  exact 342/2048
  4%|▍         | 15999/390625 [31:41<8:18:29, 12.53it/s][LT] step 16000  lm_loss 0.5986  acc 0.7775  exact 0.1250 (~16/128)
  4%|▍         | 16399/390625 [32:12<8:17:52, 12.53it/s][LT] step 16400  lm_loss 0.6719  acc 0.7459  exact 0.0859 (~11/128)
  4%|▍         | 16799/390625 [32:44<8:18:00, 12.51it/s][LT] step 16800  lm_loss 0.6170  acc 0.7650  exact 0.1719 (~22/128)
  4%|▍         | 17199/390625 [33:16<8:17:31, 12.51it/s][LT] step 17200  lm_loss 0.6038  acc 0.7750  exact 0.1562 (~20/128)
[EVAL] step 17577  set all  acc 0.7085  exact 358/2048
  5%|▍         | 17600/390625 [34:02<12:34:34,  8.24it/s][LT] step 17600  lm_loss 0.7401  acc 0.7120  exact 0.0234 (~3/128)
  5%|▍         | 18000/390625 [34:34<8:12:41, 12.61it/s][LT] step 18000  lm_loss 0.6030  acc 0.7793  exact 0.1250 (~16/128)
  5%|▍         | 18400/390625 [35:06<8:15:49, 12.51it/s][LT] step 18400  lm_loss 0.6278  acc 0.7657  exact 0.1719 (~22/128)
  5%|▍         | 18800/390625 [35:38<8:15:23, 12.51it/s][LT] step 18800  lm_loss 0.5742  acc 0.7895  exact 0.1797 (~23/128)
  5%|▍         | 19200/390625 [36:10<8:15:46, 12.49it/s][LT] step 19200  lm_loss 0.6809  acc 0.7387  exact 0.0859 (~11/128)
[EVAL] step 19530  set all  acc 0.7096  exact 369/2048
  5%|▌         | 19599/390625 [36:59<8:10:38, 12.60it/s][LT] step 19600  lm_loss 0.6346  acc 0.7684  exact 0.1016 (~13/128)
  5%|▌         | 19999/390625 [37:31<8:10:51, 12.58it/s][LT] step 20000  lm_loss 0.6285  acc 0.7617  exact 0.1172 (~15/128)
  5%|▌         | 20399/390625 [38:02<8:02:23, 12.79it/s][LT] step 20400  lm_loss 0.5818  acc 0.7809  exact 0.1875 (~24/128)
  5%|▌         | 20799/390625 [38:34<8:12:40, 12.51it/s][LT] step 20800  lm_loss 0.5847  acc 0.7772  exact 0.1875 (~24/128)
  5%|▌         | 21199/390625 [39:06<8:13:04, 12.49it/s][LT] step 21200  lm_loss 0.6027  acc 0.7722  exact 0.1562 (~20/128)
[EVAL] step 21483  set all  acc 0.7116  exact 380/2048
  6%|▌         | 21600/390625 [39:55<8:08:56, 12.58it/s][LT] step 21600  lm_loss 0.6302  acc 0.7595  exact 0.1641 (~21/128)
  6%|▌         | 22000/390625 [40:27<8:10:48, 12.52it/s][LT] step 22000  lm_loss 0.5997  acc 0.7677  exact 0.1875 (~24/128)
  6%|▌         | 22400/390625 [40:59<8:09:07, 12.55it/s][LT] step 22400  lm_loss 0.5921  acc 0.7760  exact 0.1953 (~25/128)
  6%|▌         | 22800/390625 [41:31<8:10:34, 12.50it/s][LT] step 22800  lm_loss 0.6076  acc 0.7655  exact 0.1719 (~22/128)
  6%|▌         | 23200/390625 [42:02<8:09:24, 12.51it/s][LT] step 23200  lm_loss 0.6232  acc 0.7568  exact 0.1641 (~21/128)
[EVAL] step 23436  set all  acc 0.7136  exact 387/2048
  6%|▌         | 23600/390625 [42:48<8:03:03, 12.66it/s][LT] step 23600  lm_loss 0.5572  acc 0.7925  exact 0.2109 (~27/128)
  6%|▌         | 24000/390625 [43:20<8:04:26, 12.61it/s][LT] step 24000  lm_loss 0.6199  acc 0.7645  exact 0.1406 (~18/128)
  6%|▌         | 24400/390625 [43:51<7:56:24, 12.81it/s][LT] step 24400  lm_loss 0.5922  acc 0.7770  exact 0.1719 (~22/128)
  6%|▋         | 24800/390625 [44:23<8:07:18, 12.51it/s][LT] step 24800  lm_loss 0.5448  acc 0.7986  exact 0.2500 (~32/128)
  6%|▋         | 25200/390625 [44:55<8:02:20, 12.63it/s][LT] step 25200  lm_loss 0.5895  acc 0.7829  exact 0.1484 (~19/128)
[EVAL] step 25389  set all  acc 0.7135  exact 377/2048
  7%|▋         | 25600/390625 [45:40<8:01:16, 12.64it/s][LT] step 25600  lm_loss 0.6164  acc 0.7675  exact 0.1406 (~18/128)
  7%|▋         | 26000/390625 [46:12<8:03:15, 12.58it/s][LT] step 26000  lm_loss 0.5631  acc 0.7870  exact 0.2031 (~26/128)
  7%|▋         | 26400/390625 [46:44<8:01:21, 12.61it/s][LT] step 26400  lm_loss 0.6182  acc 0.7636  exact 0.1484 (~19/128)
  7%|▋         | 26800/390625 [47:16<7:54:00, 12.79it/s][LT] step 26800  lm_loss 0.6617  acc 0.7462  exact 0.1016 (~13/128)
  7%|▋         | 27200/390625 [47:47<8:00:25, 12.61it/s][LT] step 27200  lm_loss 0.5510  acc 0.7975  exact 0.2031 (~26/128)
[EVAL] step 27342  set all  acc 0.7201  exact 397/2048
  7%|▋         | 27599/390625 [48:32<8:00:31, 12.59it/s][LT] step 27600  lm_loss 0.5433  acc 0.8045  exact 0.2031 (~26/128)
  7%|▋         | 27999/390625 [49:04<8:03:21, 12.50it/s][LT] step 28000  lm_loss 0.5852  acc 0.7876  exact 0.1328 (~17/128)
  7%|▋         | 28399/390625 [49:36<8:04:46, 12.45it/s][LT] step 28400  lm_loss 0.5918  acc 0.7784  exact 0.1406 (~18/128)
  7%|▋         | 28799/390625 [50:07<7:48:10, 12.88it/s][LT] step 28800  lm_loss 0.5147  acc 0.8084  exact 0.2422 (~31/128)
  7%|▋         | 29199/390625 [50:39<7:56:48, 12.63it/s][LT] step 29200  lm_loss 0.6469  acc 0.7479  exact 0.1094 (~14/128)
[EVAL] step 29295  set all  acc 0.7192  exact 388/2048
  8%|▊         | 29600/390625 [51:24<7:48:48, 12.84it/s][LT] step 29600  lm_loss 0.5562  acc 0.7953  exact 0.2031 (~26/128)
  8%|▊         | 30000/390625 [51:55<7:47:09, 12.87it/s][LT] step 30000  lm_loss 0.5702  acc 0.7866  exact 0.1875 (~24/128)
  8%|▊         | 30400/390625 [52:27<7:47:09, 12.85it/s][LT] step 30400  lm_loss 0.6866  acc 0.7425  exact 0.0859 (~11/128)
  8%|▊         | 30800/390625 [52:58<7:47:06, 12.84it/s][LT] step 30800  lm_loss 0.6594  acc 0.7438  exact 0.1172 (~15/128)
  8%|▊         | 31200/390625 [53:30<7:53:12, 12.66it/s][LT] step 31200  lm_loss 0.5588  acc 0.7877  exact 0.1875 (~24/128)
[EVAL] step 31248  set all  acc 0.7228  exact 400/2048
  8%|▊         | 31600/390625 [54:14<7:55:12, 12.59it/s][LT] step 31600  lm_loss 0.5579  acc 0.7945  exact 0.1875 (~24/128)
  8%|▊         | 32000/390625 [54:45<7:51:32, 12.68it/s][LT] step 32000  lm_loss 0.5346  acc 0.7958  exact 0.2656 (~34/128)
  8%|▊         | 32400/390625 [55:17<7:52:38, 12.63it/s][LT] step 32400  lm_loss 0.6331  acc 0.7636  exact 0.0859 (~11/128)
  8%|▊         | 32800/390625 [55:48<7:52:09, 12.63it/s][LT] step 32800  lm_loss 0.6585  acc 0.7480  exact 0.0859 (~11/128)
  8%|▊         | 33200/390625 [56:20<7:50:44, 12.65it/s][LT] step 33200  lm_loss 0.6421  acc 0.7533  exact 0.1406 (~18/128)
[EVAL] step 33201  set all  acc 0.7251  exact 396/2048
  9%|▊         | 33600/390625 [57:05<7:55:17, 12.52it/s][LT] step 33600  lm_loss 0.5747  acc 0.7972  exact 0.2109 (~27/128)
  9%|▊         | 34000/390625 [57:37<7:49:24, 12.66it/s][LT] step 34000  lm_loss 0.5401  acc 0.7959  exact 0.2422 (~31/128)
  9%|▉         | 34400/390625 [58:08<7:50:17, 12.62it/s][LT] step 34400  lm_loss 0.4952  acc 0.8215  exact 0.2812 (~36/128)
  9%|▉         | 34800/390625 [58:40<7:49:14, 12.64it/s][LT] step 34800  lm_loss 0.5403  acc 0.8086  exact 0.1875 (~24/128)
[EVAL] step 35154  set all  acc 0.7310  exact 420/2048
  9%|▉         | 35199/390625 [59:25<8:02:16, 12.28it/s][LT] step 35200  lm_loss 0.5385  acc 0.8027  exact 0.1953 (~25/128)
  9%|▉         | 35599/390625 [59:57<7:54:25, 12.47it/s][LT] step 35600  lm_loss 0.5047  acc 0.8144  exact 0.2422 (~31/128)
  9%|▉         | 35999/390625 [1:00:29<7:45:37, 12.69it/s][LT] step 36000  lm_loss 0.5946  acc 0.7794  exact 0.1484 (~19/128)
  9%|▉         | 36399/390625 [1:01:00<7:50:51, 12.54it/s][LT] step 36400  lm_loss 0.6348  acc 0.7503  exact 0.1328 (~17/128)
  9%|▉         | 36799/390625 [1:01:32<7:53:06, 12.46it/s][LT] step 36800  lm_loss 0.5690  acc 0.8006  exact 0.1484 (~19/128)
[EVAL] step 37107  set all  acc 0.7368  exact 442/2048
 10%|▉         | 37200/390625 [1:02:19<7:55:16, 12.39it/s][LT] step 37200  lm_loss 0.4992  acc 0.8241  exact 0.3438 (~44/128)
 10%|▉         | 37600/390625 [1:02:52<7:57:17, 12.33it/s][LT] step 37600  lm_loss 0.5460  acc 0.8046  exact 0.1875 (~24/128)
 10%|▉         | 38000/390625 [1:03:24<7:52:29, 12.44it/s][LT] step 38000  lm_loss 0.6075  acc 0.7691  exact 0.1250 (~16/128)
 10%|▉         | 38400/390625 [1:03:56<7:58:53, 12.26it/s][LT] step 38400  lm_loss 0.4799  acc 0.8315  exact 0.2656 (~34/128)
 10%|▉         | 38800/390625 [1:04:28<7:52:42, 12.40it/s][LT] step 38800  lm_loss 0.5000  acc 0.8203  exact 0.3281 (~42/128)
[EVAL] step 39060  set all  acc 0.7430  exact 452/2048
 10%|█         | 39199/390625 [1:05:13<7:47:32, 12.53it/s][LT] step 39200  lm_loss 0.4884  acc 0.8250  exact 0.2656 (~34/128)
 10%|█         | 39599/390625 [1:05:45<7:48:34, 12.49it/s][LT] step 39600  lm_loss 0.5723  acc 0.7889  exact 0.1875 (~24/128)
 10%|█         | 39999/390625 [1:06:18<7:51:13, 12.40it/s][LT] step 40000  lm_loss 0.4736  acc 0.8296  exact 0.3359 (~43/128)
 10%|█         | 40399/390625 [1:06:50<7:48:33, 12.46it/s][LT] step 40400  lm_loss 0.4881  acc 0.8331  exact 0.2734 (~35/128)
 10%|█         | 40799/390625 [1:07:22<7:43:40, 12.57it/s][LT] step 40800  lm_loss 0.4858  acc 0.8219  exact 0.3359 (~43/128)
[EVAL] step 41013  set all  acc 0.7485  exact 468/2048
 11%|█         | 41200/390625 [1:08:08<7:47:19, 12.46it/s][LT] step 41200  lm_loss 0.4678  acc 0.8302  exact 0.2891 (~37/128)
 11%|█         | 41600/390625 [1:08:41<7:47:56, 12.43it/s][LT] step 41600  lm_loss 0.6011  acc 0.7679  exact 0.1719 (~22/128)
 11%|█         | 42000/390625 [1:09:13<7:44:33, 12.51it/s][LT] step 42000  lm_loss 0.5176  acc 0.8174  exact 0.2734 (~35/128)
 11%|█         | 42400/390625 [1:09:45<7:48:32, 12.39it/s][LT] step 42400  lm_loss 0.4973  acc 0.8368  exact 0.2266 (~29/128)
 11%|█         | 42800/390625 [1:10:17<7:42:49, 12.53it/s][LT] step 42800  lm_loss 0.4970  acc 0.8133  exact 0.2578 (~33/128)
[EVAL] step 42966  set all  acc 0.7560  exact 510/2048
 11%|█         | 43200/390625 [1:11:02<7:43:01, 12.51it/s][LT] step 43200  lm_loss 0.4672  acc 0.8357  exact 0.3516 (~45/128)
 11%|█         | 43600/390625 [1:11:34<7:43:00, 12.49it/s][LT] step 43600  lm_loss 0.4682  acc 0.8364  exact 0.2969 (~38/128)
 11%|█▏        | 44000/390625 [1:12:07<7:46:35, 12.38it/s][LT] step 44000  lm_loss 0.5149  acc 0.8134  exact 0.2500 (~32/128)
 11%|█▏        | 44400/390625 [1:12:39<7:52:37, 12.21it/s][LT] step 44400  lm_loss 0.5097  acc 0.8168  exact 0.2500 (~32/128)
 11%|█▏        | 44800/390625 [1:13:11<7:42:56, 12.45it/s][LT] step 44800  lm_loss 0.5132  acc 0.8208  exact 0.2031 (~26/128)
[EVAL] step 44919  set all  acc 0.7655  exact 586/2048
 12%|█▏        | 45200/390625 [1:13:55<7:39:56, 12.52it/s][LT] step 45200  lm_loss 0.4235  acc 0.8525  exact 0.4141 (~53/128)
 12%|█▏        | 45600/390625 [1:14:27<7:46:40, 12.32it/s][LT] step 45600  lm_loss 0.5465  acc 0.8038  exact 0.1797 (~23/128)
 12%|█▏        | 46000/390625 [1:15:00<7:44:04, 12.38it/s][LT] step 46000  lm_loss 0.4727  acc 0.8311  exact 0.2422 (~31/128)
 12%|█▏        | 46400/390625 [1:15:32<7:43:19, 12.38it/s][LT] step 46400  lm_loss 0.5240  acc 0.8055  exact 0.2344 (~30/128)
 12%|█▏        | 46800/390625 [1:16:04<7:34:34, 12.61it/s][LT] step 46800  lm_loss 0.5147  acc 0.8274  exact 0.2578 (~33/128)
[EVAL] step 46872  set all  acc 0.7650  exact 587/2048
 12%|█▏        | 47200/390625 [1:16:49<7:50:33, 12.16it/s][LT] step 47200  lm_loss 0.5534  acc 0.7959  exact 0.2109 (~27/128)
 12%|█▏        | 47600/390625 [1:17:21<7:37:07, 12.51it/s][LT] step 47600  lm_loss 0.4472  acc 0.8473  exact 0.3359 (~43/128)
 12%|█▏        | 48000/390625 [1:17:59<17:47:57,  5.35it/s][LT] step 48000  lm_loss 0.7059  acc 0.7382  exact 0.0312 (~4/128)
 12%|█▏        | 48400/390625 [1:19:13<17:17:54,  5.50it/s][LT] step 48400  lm_loss 0.4179  acc 0.8562  exact 0.4141 (~53/128)
 12%|█▏        | 48800/390625 [1:20:13<7:33:15, 12.57it/s][LT] step 48800  lm_loss 0.4762  acc 0.8250  exact 0.3359 (~43/128)
[EVAL] step 48825  set all  acc 0.7750  exact 666/2048
 13%|█▎        | 49200/390625 [1:20:58<7:44:00, 12.26it/s][LT] step 49200  lm_loss 0.4509  acc 0.8438  exact 0.3047 (~39/128)
 13%|█▎        | 49600/390625 [1:21:31<7:41:24, 12.32it/s][LT] step 49600  lm_loss 0.5284  acc 0.8012  exact 0.2969 (~38/128)
 13%|█▎        | 50000/390625 [1:22:03<7:35:27, 12.46it/s][LT] step 50000  lm_loss 0.5105  acc 0.8146  exact 0.2578 (~33/128)
 13%|█▎        | 50400/390625 [1:22:36<7:41:27, 12.29it/s][LT] step 50400  lm_loss 0.3946  acc 0.8567  exact 0.4531 (~58/128)
[EVAL] step 50778  set all  acc 0.7811  exact 710/2048
 13%|█▎        | 50799/390625 [1:23:22<13:08:24,  7.18it/s][LT] step 50800  lm_loss 0.5071  acc 0.8308  exact 0.2266 (~29/128)
 13%|█▎        | 51199/390625 [1:24:15<7:16:12, 12.97it/s][LT] step 51200  lm_loss 0.5107  acc 0.8120  exact 0.2891 (~37/128)
 13%|█▎        | 51599/390625 [1:24:46<7:26:37, 12.65it/s][LT] step 51600  lm_loss 0.3727  acc 0.8665  exact 0.4453 (~57/128)
 13%|█▎        | 51999/390625 [1:25:18<7:25:50, 12.66it/s][LT] step 52000  lm_loss 0.5336  acc 0.7943  exact 0.2734 (~35/128)
 13%|█▎        | 52399/390625 [1:25:50<7:30:32, 12.51it/s][LT] step 52400  lm_loss 0.4688  acc 0.8376  exact 0.3281 (~42/128)
[EVAL] step 52731  set all  acc 0.7884  exact 757/2048
 14%|█▎        | 52799/390625 [1:26:34<7:26:54, 12.60it/s][LT] step 52800  lm_loss 0.4558  acc 0.8316  exact 0.3594 (~46/128)
 14%|█▎        | 53199/390625 [1:27:05<7:28:27, 12.54it/s][LT] step 53200  lm_loss 0.6111  acc 0.7797  exact 0.1719 (~22/128)
 14%|█▎        | 53599/390625 [1:27:37<7:31:24, 12.44it/s][LT] step 53600  lm_loss 0.4331  acc 0.8496  exact 0.3828 (~49/128)
 14%|█▍        | 53999/390625 [1:28:09<7:31:02, 12.44it/s][LT] step 54000  lm_loss 0.4243  acc 0.8485  exact 0.4219 (~54/128)
 14%|█▍        | 54399/390625 [1:28:41<7:25:14, 12.59it/s][LT] step 54400  lm_loss 0.5021  acc 0.8314  exact 0.2656 (~34/128)
[EVAL] step 54684  set all  acc 0.7876  exact 765/2048
 14%|█▍        | 54799/390625 [1:29:27<7:27:54, 12.50it/s][LT] step 54800  lm_loss 0.5307  acc 0.8175  exact 0.2812 (~36/128)
 14%|█▍        | 55199/390625 [1:29:59<7:13:52, 12.88it/s][LT] step 55200  lm_loss 0.4922  acc 0.8194  exact 0.3359 (~43/128)
 14%|█▍        | 55599/390625 [1:30:31<7:34:28, 12.29it/s][LT] step 55600  lm_loss 0.4891  acc 0.8324  exact 0.2891 (~37/128)
 14%|█▍        | 55999/390625 [1:31:03<7:25:51, 12.51it/s][LT] step 56000  lm_loss 0.4225  acc 0.8499  exact 0.4062 (~52/128)
 14%|█▍        | 56399/390625 [1:31:35<7:24:13, 12.54it/s][LT] step 56400  lm_loss 0.4030  acc 0.8536  exact 0.4297 (~55/128)
[EVAL] step 56637  set all  acc 0.7894  exact 770/2048
 15%|█▍        | 56799/390625 [1:32:21<7:32:33, 12.29it/s][LT] step 56800  lm_loss 0.4869  acc 0.8295  exact 0.3125 (~40/128)
 15%|█▍        | 57199/390625 [1:32:53<7:20:44, 12.61it/s][LT] step 57200  lm_loss 0.3985  acc 0.8575  exact 0.4375 (~56/128)
 15%|█▍        | 57600/390625 [1:33:34<16:33:04,  5.59it/s][LT] step 57600  lm_loss 0.5158  acc 0.8156  exact 0.3047 (~39/128)
 15%|█▍        | 58000/390625 [1:34:26<16:39:57,  5.54it/s][LT] step 58000  lm_loss 0.5011  acc 0.8193  exact 0.3203 (~41/128)
 15%|█▍        | 58400/390625 [1:35:11<7:26:02, 12.41it/s][LT] step 58400  lm_loss 0.4472  acc 0.8418  exact 0.4062 (~52/128)
[EVAL] step 58590  set all  acc 0.7918  exact 778/2048
 15%|█▌        | 58800/390625 [1:35:55<7:35:16, 12.15it/s][LT] step 58800  lm_loss 0.3772  acc 0.8702  exact 0.4688 (~60/128)
 15%|█▌        | 59200/390625 [1:36:27<7:23:49, 12.45it/s][LT] step 59200  lm_loss 0.5422  acc 0.7894  exact 0.3125 (~40/128)
 15%|█▌        | 59600/390625 [1:37:00<7:22:43, 12.46it/s][LT] step 59600  lm_loss 0.5172  acc 0.8117  exact 0.3047 (~39/128)
 15%|█▌        | 60000/390625 [1:37:32<7:27:59, 12.30it/s][LT] step 60000  lm_loss 0.5138  acc 0.8073  exact 0.2734 (~35/128)
 15%|█▌        | 60400/390625 [1:38:04<7:28:35, 12.27it/s][LT] step 60400  lm_loss 0.4736  acc 0.8349  exact 0.3047 (~39/128)
[EVAL] step 60543  set all  acc 0.7901  exact 783/2048
 16%|█▌        | 60800/390625 [1:38:47<7:19:55, 12.50it/s][LT] step 60800  lm_loss 0.4501  acc 0.8334  exact 0.3672 (~47/128)
 16%|█▌        | 61200/390625 [1:39:19<7:29:57, 12.20it/s][LT] step 61200  lm_loss 0.4463  acc 0.8426  exact 0.3906 (~50/128)
 16%|█▌        | 61600/390625 [1:39:52<7:22:22, 12.40it/s][LT] step 61600  lm_loss 0.4085  acc 0.8566  exact 0.3984 (~51/128)
 16%|█▌        | 62000/390625 [1:40:24<7:20:46, 12.43it/s][LT] step 62000  lm_loss 0.4215  acc 0.8547  exact 0.4219 (~54/128)
 16%|█▌        | 62400/390625 [1:40:56<7:15:55, 12.55it/s][LT] step 62400  lm_loss 0.4391  acc 0.8404  exact 0.3672 (~47/128)
[EVAL] step 62496  set all  acc 0.7920  exact 772/2048
 16%|█▌        | 62800/390625 [1:41:42<7:12:32, 12.63it/s][LT] step 62800  lm_loss 0.4342  acc 0.8454  exact 0.3984 (~51/128)
 16%|█▌        | 63200/390625 [1:42:13<7:13:09, 12.60it/s][LT] step 63200  lm_loss 0.3666  acc 0.8723  exact 0.4531 (~58/128)
 16%|█▋        | 63600/390625 [1:42:48<7:11:11, 12.64it/s][LT] step 63600  lm_loss 0.4329  acc 0.8546  exact 0.3516 (~45/128)
 16%|█▋        | 64000/390625 [1:43:20<7:17:30, 12.44it/s][LT] step 64000  lm_loss 0.3841  acc 0.8653  exact 0.4531 (~58/128)
 16%|█▋        | 64400/390625 [1:43:52<7:15:55, 12.47it/s][LT] step 64400  lm_loss 0.4309  acc 0.8458  exact 0.4141 (~53/128)
[EVAL] step 64449  set all  acc 0.7919  exact 789/2048
 17%|█▋        | 64800/390625 [1:44:36<7:15:34, 12.47it/s][LT] step 64800  lm_loss 0.3914  acc 0.8627  exact 0.4453 (~57/128)
 17%|█▋        | 65200/390625 [1:45:09<7:19:32, 12.34it/s][LT] step 65200  lm_loss 0.4058  acc 0.8593  exact 0.3672 (~47/128)
 17%|█▋        | 65600/390625 [1:45:41<7:11:18, 12.56it/s][LT] step 65600  lm_loss 0.5071  acc 0.8124  exact 0.2500 (~32/128)
 17%|█▋        | 66000/390625 [1:46:13<7:19:54, 12.30it/s][LT] step 66000  lm_loss 0.3586  acc 0.8767  exact 0.4688 (~60/128)
 17%|█▋        | 66400/390625 [1:46:45<7:17:26, 12.35it/s][LT] step 66400  lm_loss 0.4927  acc 0.8323  exact 0.2656 (~34/128)
[EVAL] step 66402  set all  acc 0.7993  exact 831/2048
 17%|█▋        | 66800/390625 [1:47:31<7:16:22, 12.37it/s][LT] step 66800  lm_loss 0.3529  acc 0.8779  exact 0.4609 (~59/128)
 17%|█▋        | 67200/390625 [1:48:03<7:13:56, 12.42it/s][LT] step 67200  lm_loss 0.4305  acc 0.8361  exact 0.4141 (~53/128)
 17%|█▋        | 67600/390625 [1:48:35<7:15:41, 12.36it/s][LT] step 67600  lm_loss 0.4943  acc 0.8248  exact 0.2969 (~38/128)
 17%|█▋        | 68000/390625 [1:49:07<7:05:37, 12.63it/s][LT] step 68000  lm_loss 0.4722  acc 0.8283  exact 0.3672 (~47/128)
[EVAL] step 68355  set all  acc 0.7995  exact 821/2048
 18%|█▊        | 68400/390625 [1:49:53<7:07:22, 12.57it/s][LT] step 68400  lm_loss 0.4468  acc 0.8451  exact 0.3984 (~51/128)
 18%|█▊        | 68800/390625 [1:50:25<7:11:02, 12.44it/s][LT] step 68800  lm_loss 0.3694  acc 0.8699  exact 0.4688 (~60/128)
 18%|█▊        | 69200/390625 [1:50:58<7:11:04, 12.43it/s][LT] step 69200  lm_loss 0.3724  acc 0.8753  exact 0.4453 (~57/128)
 18%|█▊        | 69600/390625 [1:51:30<7:10:00, 12.44it/s][LT] step 69600  lm_loss 0.3600  acc 0.8734  exact 0.4766 (~61/128)
 18%|█▊        | 70000/390625 [1:52:02<7:10:45, 12.41it/s][LT] step 70000  lm_loss 0.4073  acc 0.8585  exact 0.4141 (~53/128)
[EVAL] step 70308  set all  acc 0.7994  exact 826/2048
 18%|█▊        | 70399/390625 [1:52:50<7:06:53, 12.50it/s][LT] step 70400  lm_loss 0.4468  acc 0.8473  exact 0.3438 (~44/128)
 18%|█▊        | 70799/390625 [1:53:22<7:10:44, 12.38it/s][LT] step 70800  lm_loss 0.4229  acc 0.8537  exact 0.4297 (~55/128)
 18%|█▊        | 71199/390625 [1:53:54<7:08:54, 12.41it/s][LT] step 71200  lm_loss 0.4785  acc 0.8263  exact 0.3203 (~41/128)
 18%|█▊        | 71599/390625 [1:54:27<7:08:17, 12.41it/s][LT] step 71600  lm_loss 0.4271  acc 0.8457  exact 0.4062 (~52/128)
 18%|█▊        | 71999/390625 [1:54:59<6:58:28, 12.69it/s][LT] step 72000  lm_loss 0.3928  acc 0.8563  exact 0.4141 (~53/128)
[EVAL] step 72261  set all  acc 0.7996  exact 829/2048
 19%|█▊        | 72399/390625 [1:55:43<7:04:59, 12.48it/s][LT] step 72400  lm_loss 0.4546  acc 0.8376  exact 0.3359 (~43/128)
 19%|█▊        | 72799/390625 [1:56:15<7:01:23, 12.57it/s][LT] step 72800  lm_loss 0.5000  acc 0.8273  exact 0.3125 (~40/128)
 19%|█▊        | 73199/390625 [1:56:47<7:03:39, 12.49it/s][LT] step 73200  lm_loss 0.3619  acc 0.8740  exact 0.4844 (~62/128)
 19%|█▉        | 73599/390625 [1:57:20<7:05:00, 12.43it/s][LT] step 73600  lm_loss 0.3535  acc 0.8800  exact 0.4922 (~63/128)
 19%|█▉        | 73999/390625 [1:57:52<7:04:44, 12.42it/s][LT] step 74000  lm_loss 0.4690  acc 0.8433  exact 0.2578 (~33/128)
[EVAL] step 74214  set all  acc 0.8053  exact 859/2048
 19%|█▉        | 74399/390625 [1:58:36<6:44:47, 13.02it/s][LT] step 74400  lm_loss 0.3003  acc 0.9016  exact 0.5547 (~71/128)
 19%|█▉        | 74799/390625 [1:59:08<6:55:43, 12.66it/s][LT] step 74800  lm_loss 0.4573  acc 0.8333  exact 0.3516 (~45/128)
 19%|█▉        | 75199/390625 [1:59:39<6:52:53, 12.73it/s][LT] step 75200  lm_loss 0.3953  acc 0.8595  exact 0.4531 (~58/128)
 19%|█▉        | 75599/390625 [2:00:10<6:43:47, 13.00it/s][LT] step 75600  lm_loss 0.4192  acc 0.8496  exact 0.4141 (~53/128)
 19%|█▉        | 75999/390625 [2:00:42<7:01:10, 12.45it/s][LT] step 76000  lm_loss 0.4237  acc 0.8493  exact 0.4141 (~53/128)
[EVAL] step 76167  set all  acc 0.8002  exact 835/2048
 20%|█▉        | 76399/390625 [2:01:25<6:53:02, 12.68it/s][LT] step 76400  lm_loss 0.3746  acc 0.8711  exact 0.4844 (~62/128)
 20%|█▉        | 76799/390625 [2:01:57<6:52:04, 12.69it/s][LT] step 76800  lm_loss 0.3381  acc 0.8827  exact 0.5625 (~72/128)
 20%|█▉        | 77199/390625 [2:02:29<6:57:59, 12.50it/s][LT] step 77200  lm_loss 0.4034  acc 0.8552  exact 0.4219 (~54/128)
 20%|█▉        | 77599/390625 [2:03:01<6:57:43, 12.49it/s][LT] step 77600  lm_loss 0.4850  acc 0.8355  exact 0.2500 (~32/128)
Traceback (most recent call last):
