FD negative_gradient 1e-06 pred -3.057023203394415e-08 true -3.057021569219387e-08 replay -3.057021569219387e-08
FD negative_gradient 0.1 pred -0.003057023203394415 true -0.0006307144733268544 replay -0.0024873275622172564
FD negative_gradient 1.0 pred -0.03057023203394415 true 0.005937260683702705 replay -0.010936625325114635
FD adam_with_saved_moments 1e-06 pred -6.672126621732977e-09 true -6.672126184881222e-09 replay -6.672126184881222e-09
FD adam_with_saved_moments 0.1 pred -0.0006672126621732978 true -0.0030659562323018807 replay -0.0006636582008741065
FD adam_with_saved_moments 1.0 pred -0.006672126621732977 true -0.003468874346256534 replay -0.0062880560337297275
FD negative_gradient 1e-06 pred -1.7362643990737126e-08 true -1.7362639992413165e-08 replay -1.7362639992413165e-08
FD negative_gradient 0.1 pred -0.0017362643990737128 true -0.0017683531470629177 replay -0.001629863990154412
FD negative_gradient 1.0 pred -0.01736264399073713 true 0.005742448718884852 replay -0.010638488476495622
FD adam_with_saved_moments 1e-06 pred -5.142232549104321e-09 true -5.142232417654213e-09 replay -5.142232417654213e-09
FD adam_with_saved_moments 0.1 pred -0.0005142232549104321 true -0.0017133036204730612 replay -0.0005142766020007628
FD adam_with_saved_moments 1.0 pred -0.005142232549104321 true 0.0029158594820803962 replay -0.00498622539455007
FD negative_gradient 1e-06 pred -1.9558325933951564e-08 true -1.9558312969181202e-08 replay -1.9558312969181202e-08
FD negative_gradient 0.1 pred -0.0019558325933951566 true 0.007063926255028052 replay -0.0014828184085218243
FD negative_gradient 1.0 pred -0.019558325933951563 true -3.168209297865765e-05 replay -0.007067737517020722
FD adam_with_saved_moments 1e-06 pred -6.402545757689422e-09 true -6.402545604800025e-09 replay -6.402545604800025e-09
FD adam_with_saved_moments 0.1 pred -0.0006402545757689422 true 0.0044594516042946175 replay -0.0006368533715528368
FD adam_with_saved_moments 1.0 pred -0.0064025457576894216 true 0.0006721513433511905 replay -0.006145481128891905
BF16 negative_gradient 0.1 pred -0.0030829746488706144 true 0.0016243674123204155 replay -0.0025640434580254112
BF16 negative_gradient 1.0 pred -0.030829746488706143 true 0.00402958815620158 replay -0.01058185635244735
BF16 adam_with_saved_moments 0.1 pred -0.0006644188343178456 true -0.002193891902464884 replay -0.000642632991026737
BF16 adam_with_saved_moments 1.0 pred -0.006644188343178455 true -0.0025799556562808856 replay -0.006007246863191984
BF16 negative_gradient 0.1 pred -0.0017597782536023033 true -0.0005887309975427524 replay -0.0018342673298448187
BF16 negative_gradient 1.0 pred -0.01759778253602303 true 0.005065363846978865 replay -0.010788273124503256
BF16 adam_with_saved_moments 0.1 pred -0.000520492988428168 true -0.0018940386264436615 replay -0.0004952913590403618
BF16 adam_with_saved_moments 1.0 pred -0.00520492988428168 true 0.0029866303016898854 replay -0.005117043743891436
BF16 negative_gradient 0.1 pred -0.0018551091751703237 true -0.004608462371325839 replay -0.0015906931220399656
BF16 negative_gradient 1.0 pred -0.018551091751703237 true -0.011648388903685358 replay -0.011646820167364957
BF16 adam_with_saved_moments 0.1 pred -0.0006652699880519296 true 0.0015584699615629471 replay -0.0006383528941180661
BF16 adam_with_saved_moments 1.0 pred -0.006652699880519295 true -0.002886655410508032 replay -0.006445361460680754
Saved docs/research/2026-10-05/phase_gradient_audit/replication.json seconds 26.024728131480515
