[EVAL] step 20000 blocks/seg 0+8 acc 0.7216 exact 194/1000
[EVAL] step 20000 blocks/seg 0+8 acc 0.7146 exact 182/1000
{"condition": "alpha x1", "train": {"acc": 0.7215802536010743, "exact": 194, "n": 1000}, "held_out": {"acc": 0.7146172790527344, "exact": 182, "n": 1000}}
[EVAL] step 20000 blocks/seg 0+8 acc 0.7112 exact 152/1000
[EVAL] step 20000 blocks/seg 0+8 acc 0.7011 exact 146/1000
{"condition": "alpha x0.75", "train": {"acc": 0.7112345733642578, "exact": 152, "n": 1000}, "held_out": {"acc": 0.7010740737915039, "exact": 146, "n": 1000}}
[EVAL] step 20000 blocks/seg 0+8 acc 0.6840 exact 59/1000
[EVAL] step 20000 blocks/seg 0+8 acc 0.6766 exact 51/1000
{"condition": "alpha x0.5", "train": {"acc": 0.6840000076293945, "exact": 59, "n": 1000}, "held_out": {"acc": 0.6765679168701172, "exact": 51, "n": 1000}}
[EVAL] step 20000 blocks/seg 0+8 acc 0.6207 exact 8/1000
[EVAL] step 20000 blocks/seg 0+8 acc 0.6187 exact 2/1000
{"condition": "alpha x0.25", "train": {"acc": 0.6207407569885254, "exact": 8, "n": 1000}, "held_out": {"acc": 0.6186790313720704, "exact": 2, "n": 1000}}
[EVAL] step 20000 blocks/seg 0+8 acc 0.5172 exact 0/1000
[EVAL] step 20000 blocks/seg 0+8 acc 0.5139 exact 0/1000
{"condition": "alpha x0", "train": {"acc": 0.5171604995727539, "exact": 0, "n": 1000}, "held_out": {"acc": 0.5139259414672852, "exact": 0, "n": 1000}}
[EVAL] step 20000 blocks/seg 0+8 acc 0.7229 exact 191/1000
[EVAL] step 20000 blocks/seg 0+8 acc 0.7130 exact 180/1000
{"condition": "no 2nd harmonic", "train": {"acc": 0.7229382629394532, "exact": 191, "n": 1000}, "held_out": {"acc": 0.7130123672485351, "exact": 180, "n": 1000}}
[EVAL] step 20000 blocks/seg 0+8 acc 0.4896 exact 0/1000
[EVAL] step 20000 blocks/seg 0+8 acc 0.4921 exact 0/1000
{"condition": "phases shuffled across cells", "train": {"acc": 0.48964198684692384, "exact": 0, "n": 1000}, "held_out": {"acc": 0.49211112976074217, "exact": 0, "n": 1000}}

step 20000 (ema); exact solved / 1000, cell accuracy; drop relative to alpha x1
condition                                   train         held-out   train drop  held-out drop
alpha x1                           194 ( 72.2%)   182 ( 71.5%)         0.0%           0.0%
alpha x0.75                        152 ( 71.1%)   146 ( 70.1%)        21.6%          19.8%
alpha x0.5                          59 ( 68.4%)    51 ( 67.7%)        69.6%          72.0%
alpha x0.25                          8 ( 62.1%)     2 ( 61.9%)        95.9%          98.9%
alpha x0                             0 ( 51.7%)     0 ( 51.4%)       100.0%         100.0%
no 2nd harmonic                    191 ( 72.3%)   180 ( 71.3%)         1.5%           1.1%
phases shuffled across cells         0 ( 49.0%)     0 ( 49.2%)       100.0%         100.0%
